<html>
<body>
<pre>
<h1>µVision Build Log</h1>
<h2>Tool Versions:</h2>
IDE-Version: ¦ÌVision V5.43.1.0
Copyright (C) 2025 ARM Ltd and ARM Germany GmbH. All rights reserved.
License Information: 111 dlx, 111, LIC=47GU5-GSEBZ-30MNC-7C2K6-2RW7L-IBXCN
 
Tool Versions:
Toolchain:       MDK-ARM Plus  Version: 5.43.0.0
Toolchain Path:  D:\Software\Keil MDK\ARM\ARMCC\Bin
C Compiler:      Armcc.exe V5.06 update 6 (build 750)
Assembler:       Armasm.exe V5.06 update 6 (build 750)
Linker/Locator:  ArmLink.exe V5.06 update 6 (build 750)
Library Manager: ArmAr.exe V5.06 update 6 (build 750)
Hex Converter:   FromElf.exe V5.06 update 6 (build 750)
CPU DLL:         SARMCM3.DLL V5.43.0.0
Dialog DLL:      DCM.DLL V1.17.5.0
Target DLL:      Segger\JL2CM3.dll V2.99.45.0
Dialog DLL:      TCM.DLL V1.56.6.0
 
<h2>Project:</h2>
D:\MyProject\XHSC\test\HC32F460JETA\projects\ev_hc32f460_lqfp100_v2\template\MDK\template.uvprojx
Project File Date:  01/14/2026

<h2>Output:</h2>
*** Using Compiler 'V5.06 update 6 (build 750)', folder: 'D:\Software\Keil MDK\ARM\ARMCC\Bin'
Build target 'template_Debug'
compiling hc32_ll_adc.c...
compiling DA213.c...
compiling lcd_init.c...
compiling main.c...
.\picture\picture_def.h(11): warning:  #1-D: last line of file ends without a newline
  extern const uint8_t __attribute__((section(".ex_rom"))) pic_tree[];
..\source\main.c(215): warning:  #177-D: variable "acc_x"  was declared but never referenced
  		short acc_x, acc_y, acc_z;
..\source\main.c(215): warning:  #177-D: variable "acc_y"  was declared but never referenced
  		short acc_x, acc_y, acc_z;
..\source\main.c(215): warning:  #177-D: variable "acc_z"  was declared but never referenced
  		short acc_x, acc_y, acc_z;
..\source\main.c(216): warning:  #177-D: variable "temp_buff"  was declared but never referenced
  		char temp_buff[21];
..\source\main.c: 5 warnings, 0 errors
compiling lcd.c...
linking...
Program Size: Code=27608 RO-data=1383104 RW-data=52 ZI-data=8844  
FromELF: creating hex file...
".\output\debug\template.axf" - 0 Error(s), 5 Warning(s).

<h2>Software Packages used:</h2>

Package Vendor: HDSC
                https://raw.githubusercontent.com/hdscmcu/pack/master/HDSC.HC32F460.1.0.11.pack
                HDSC::HC32F460@1.0.11
                HC32F460 ARM Cortex-M4 Device Family Pack

<h2>Collection of Component include folders:</h2>
  D:/Software/Keil MDK/Pack/HDSC/HC32F460/1.0.11/Device/Include

<h2>Collection of Component Files used:</h2>
Build Time Elapsed:  00:00:00
</pre>
</body>
</html>
