Component: ARM Compiler 5.06 update 6 (build 750) Tool: armlink [4d35ed]

==============================================================================

Section Cross References

    startup_hc32f460.o(RESET) refers to startup_hc32f460.o(STACK) for __initial_sp
    startup_hc32f460.o(RESET) refers to startup_hc32f460.o(.text) for Reset_Handler
    startup_hc32f460.o(RESET) refers to main.o(i.SysTick_Handler) for SysTick_Handler
    startup_hc32f460.o(RESET) refers to hc32_ll_interrupts.o(i.IRQ000_Handler) for IRQ000_Handler
    startup_hc32f460.o(RESET) refers to hc32_ll_interrupts.o(i.IRQ001_Handler) for IRQ001_Handler
    startup_hc32f460.o(RESET) refers to hc32_ll_interrupts.o(i.IRQ002_Handler) for IRQ002_Handler
    startup_hc32f460.o(RESET) refers to hc32_ll_interrupts.o(i.IRQ003_Handler) for IRQ003_Handler
    startup_hc32f460.o(RESET) refers to hc32_ll_interrupts.o(i.IRQ004_Handler) for IRQ004_Handler
    startup_hc32f460.o(RESET) refers to hc32_ll_interrupts.o(i.IRQ005_Handler) for IRQ005_Handler
    startup_hc32f460.o(RESET) refers to hc32_ll_interrupts.o(i.IRQ006_Handler) for IRQ006_Handler
    startup_hc32f460.o(RESET) refers to hc32_ll_interrupts.o(i.IRQ007_Handler) for IRQ007_Handler
    startup_hc32f460.o(RESET) refers to hc32_ll_interrupts.o(i.IRQ008_Handler) for IRQ008_Handler
    startup_hc32f460.o(RESET) refers to hc32_ll_interrupts.o(i.IRQ009_Handler) for IRQ009_Handler
    startup_hc32f460.o(RESET) refers to hc32_ll_interrupts.o(i.IRQ010_Handler) for IRQ010_Handler
    startup_hc32f460.o(RESET) refers to hc32_ll_interrupts.o(i.IRQ011_Handler) for IRQ011_Handler
    startup_hc32f460.o(RESET) refers to hc32_ll_interrupts.o(i.IRQ012_Handler) for IRQ012_Handler
    startup_hc32f460.o(RESET) refers to hc32_ll_interrupts.o(i.IRQ013_Handler) for IRQ013_Handler
    startup_hc32f460.o(RESET) refers to hc32_ll_interrupts.o(i.IRQ014_Handler) for IRQ014_Handler
    startup_hc32f460.o(RESET) refers to hc32_ll_interrupts.o(i.IRQ015_Handler) for IRQ015_Handler
    startup_hc32f460.o(RESET) refers to hc32_ll_interrupts.o(i.IRQ016_Handler) for IRQ016_Handler
    startup_hc32f460.o(RESET) refers to hc32_ll_interrupts.o(i.IRQ017_Handler) for IRQ017_Handler
    startup_hc32f460.o(RESET) refers to hc32_ll_interrupts.o(i.IRQ018_Handler) for IRQ018_Handler
    startup_hc32f460.o(RESET) refers to hc32_ll_interrupts.o(i.IRQ019_Handler) for IRQ019_Handler
    startup_hc32f460.o(RESET) refers to hc32_ll_interrupts.o(i.IRQ020_Handler) for IRQ020_Handler
    startup_hc32f460.o(RESET) refers to hc32_ll_interrupts.o(i.IRQ021_Handler) for IRQ021_Handler
    startup_hc32f460.o(RESET) refers to hc32_ll_interrupts.o(i.IRQ022_Handler) for IRQ022_Handler
    startup_hc32f460.o(RESET) refers to hc32_ll_interrupts.o(i.IRQ023_Handler) for IRQ023_Handler
    startup_hc32f460.o(RESET) refers to hc32_ll_interrupts.o(i.IRQ024_Handler) for IRQ024_Handler
    startup_hc32f460.o(RESET) refers to hc32_ll_interrupts.o(i.IRQ025_Handler) for IRQ025_Handler
    startup_hc32f460.o(RESET) refers to hc32_ll_interrupts.o(i.IRQ026_Handler) for IRQ026_Handler
    startup_hc32f460.o(RESET) refers to hc32_ll_interrupts.o(i.IRQ027_Handler) for IRQ027_Handler
    startup_hc32f460.o(RESET) refers to hc32_ll_interrupts.o(i.IRQ028_Handler) for IRQ028_Handler
    startup_hc32f460.o(RESET) refers to hc32_ll_interrupts.o(i.IRQ029_Handler) for IRQ029_Handler
    startup_hc32f460.o(RESET) refers to hc32_ll_interrupts.o(i.IRQ030_Handler) for IRQ030_Handler
    startup_hc32f460.o(RESET) refers to hc32_ll_interrupts.o(i.IRQ031_Handler) for IRQ031_Handler
    startup_hc32f460.o(RESET) refers to hc32_ll_interrupts.o(i.IRQ032_Handler) for IRQ032_Handler
    startup_hc32f460.o(RESET) refers to hc32_ll_interrupts.o(i.IRQ033_Handler) for IRQ033_Handler
    startup_hc32f460.o(RESET) refers to hc32_ll_interrupts.o(i.IRQ034_Handler) for IRQ034_Handler
    startup_hc32f460.o(RESET) refers to hc32_ll_interrupts.o(i.IRQ035_Handler) for IRQ035_Handler
    startup_hc32f460.o(RESET) refers to hc32_ll_interrupts.o(i.IRQ036_Handler) for IRQ036_Handler
    startup_hc32f460.o(RESET) refers to hc32_ll_interrupts.o(i.IRQ037_Handler) for IRQ037_Handler
    startup_hc32f460.o(RESET) refers to hc32_ll_interrupts.o(i.IRQ038_Handler) for IRQ038_Handler
    startup_hc32f460.o(RESET) refers to hc32_ll_interrupts.o(i.IRQ039_Handler) for IRQ039_Handler
    startup_hc32f460.o(RESET) refers to hc32_ll_interrupts.o(i.IRQ040_Handler) for IRQ040_Handler
    startup_hc32f460.o(RESET) refers to hc32_ll_interrupts.o(i.IRQ041_Handler) for IRQ041_Handler
    startup_hc32f460.o(RESET) refers to hc32_ll_interrupts.o(i.IRQ042_Handler) for IRQ042_Handler
    startup_hc32f460.o(RESET) refers to hc32_ll_interrupts.o(i.IRQ043_Handler) for IRQ043_Handler
    startup_hc32f460.o(RESET) refers to hc32_ll_interrupts.o(i.IRQ044_Handler) for IRQ044_Handler
    startup_hc32f460.o(RESET) refers to hc32_ll_interrupts.o(i.IRQ045_Handler) for IRQ045_Handler
[...]
    IRQ102_Handler                           0x0000353d   Thumb Code    16  hc32_ll_interrupts.o(i.IRQ102_Handler)
    IRQ103_Handler                           0x00003551   Thumb Code    16  hc32_ll_interrupts.o(i.IRQ103_Handler)
    IRQ104_Handler                           0x00003565   Thumb Code    16  hc32_ll_interrupts.o(i.IRQ104_Handler)
    IRQ105_Handler                           0x00003579   Thumb Code    16  hc32_ll_interrupts.o(i.IRQ105_Handler)
    IRQ106_Handler                           0x0000358d   Thumb Code    16  hc32_ll_interrupts.o(i.IRQ106_Handler)
    IRQ107_Handler                           0x000035a1   Thumb Code    16  hc32_ll_interrupts.o(i.IRQ107_Handler)
    IRQ108_Handler                           0x000035b5   Thumb Code    16  hc32_ll_interrupts.o(i.IRQ108_Handler)
    IRQ109_Handler                           0x000035c9   Thumb Code    16  hc32_ll_interrupts.o(i.IRQ109_Handler)
    IRQ110_Handler                           0x000035dd   Thumb Code    16  hc32_ll_interrupts.o(i.IRQ110_Handler)
    IRQ111_Handler                           0x000035f1   Thumb Code    16  hc32_ll_interrupts.o(i.IRQ111_Handler)
    IRQ112_Handler                           0x00003605   Thumb Code    16  hc32_ll_interrupts.o(i.IRQ112_Handler)
    IRQ113_Handler                           0x00003619   Thumb Code    16  hc32_ll_interrupts.o(i.IRQ113_Handler)
    IRQ114_Handler                           0x0000362d   Thumb Code    16  hc32_ll_interrupts.o(i.IRQ114_Handler)
    IRQ115_Handler                           0x00003641   Thumb Code    16  hc32_ll_interrupts.o(i.IRQ115_Handler)
    IRQ116_Handler                           0x00003655   Thumb Code    16  hc32_ll_interrupts.o(i.IRQ116_Handler)
    IRQ117_Handler                           0x00003669   Thumb Code    16  hc32_ll_interrupts.o(i.IRQ117_Handler)
    IRQ118_Handler                           0x0000367d   Thumb Code    16  hc32_ll_interrupts.o(i.IRQ118_Handler)
    IRQ119_Handler                           0x00003691   Thumb Code    16  hc32_ll_interrupts.o(i.IRQ119_Handler)
    IRQ120_Handler                           0x000036a5   Thumb Code    16  hc32_ll_interrupts.o(i.IRQ120_Handler)
    IRQ121_Handler                           0x000036b9   Thumb Code    16  hc32_ll_interrupts.o(i.IRQ121_Handler)
    IRQ122_Handler                           0x000036cd   Thumb Code    16  hc32_ll_interrupts.o(i.IRQ122_Handler)
    IRQ123_Handler                           0x000036e1   Thumb Code    16  hc32_ll_interrupts.o(i.IRQ123_Handler)
    IRQ124_Handler                           0x000036f5   Thumb Code    16  hc32_ll_interrupts.o(i.IRQ124_Handler)
    IRQ125_Handler                           0x00003709   Thumb Code    16  hc32_ll_interrupts.o(i.IRQ125_Handler)
    IRQ126_Handler                           0x0000371d   Thumb Code    16  hc32_ll_interrupts.o(i.IRQ126_Handler)
    IRQ127_Handler                           0x00003731   Thumb Code    16  hc32_ll_interrupts.o(i.IRQ127_Handler)
    IRQ128_Handler                           0x00003745   Thumb Code   330  hc32f460_ll_interrupts_share.o(i.IRQ128_Handler)
    IRQ129_Handler                           0x00003899   Thumb Code  1168  hc32f460_ll_interrupts_share.o(i.IRQ129_Handler)
    IRQ130_Handler                           0x00003d31   Thumb Code   204  hc32f460_ll_interrupts_share.o(i.IRQ130_Handler)
    IRQ131_Handler                           0x00003e19   Thumb Code   684  hc32f460_ll_interrupts_share.o(i.IRQ131_Handler)
    IRQ132_Handler                           0x000040e1   Thumb Code   366  hc32f460_ll_interrupts_share.o(i.IRQ132_Handler)
    IRQ136_Handler                           0x00004261   Thumb Code   762  hc32f460_ll_interrupts_share.o(i.IRQ136_Handler)
    IRQ137_Handler                           0x000045a5   Thumb Code   620  hc32f460_ll_interrupts_share.o(i.IRQ137_Handler)
    IRQ138_Handler                           0x0000482d   Thumb Code   548  hc32f460_ll_interrupts_share.o(i.IRQ138_Handler)
    IRQ139_Handler                           0x00004a5d   Thumb Code   282  hc32f460_ll_interrupts_share.o(i.IRQ139_Handler)
    IRQ140_Handler                           0x00004b81   Thumb Code   490  hc32f460_ll_interrupts_share.o(i.IRQ140_Handler)
    IRQ141_Handler                           0x00004d95   Thumb Code   554  hc32f460_ll_interrupts_share.o(i.IRQ141_Handler)
    IRQ142_Handler                           0x00004ffd   Thumb Code   240  hc32f460_ll_interrupts_share.o(i.IRQ142_Handler)
    IRQ143_Handler                           0x00005109   Thumb Code   252  hc32f460_ll_interrupts_share.o(i.IRQ143_Handler)
    LCD_Address_Set                          0x00005215   Thumb Code    58  lcd_init.o(i.LCD_Address_Set)
    LCD_Fill                                 0x00005251   Thumb Code   164  lcd.o(i.LCD_Fill)
    LCD_GPIO_Init                            0x000052f9   Thumb Code   114  lcd_init.o(i.LCD_GPIO_Init)
    LCD_Init                                 0x0000536b   Thumb Code   438  lcd_init.o(i.LCD_Init)
    LCD_WR_DATA                              0x00005685   Thumb Code    46  lcd_init.o(i.LCD_WR_DATA)
    LCD_WR_DATA8                             0x000056b3   Thumb Code    36  lcd_init.o(i.LCD_WR_DATA8)
    LCD_WR_REG                               0x000056d7   Thumb Code    36  lcd_init.o(i.LCD_WR_REG)
    LCD_Writ_Bus                             0x000056fd   Thumb Code    16  lcd_init.o(i.LCD_Writ_Bus)
    LL_PERIPH_WE                             0x00005711   Thumb Code   122  hc32_ll.o(i.LL_PERIPH_WE)
    LL_PERIPH_WP                             0x000057a1   Thumb Code   114  hc32_ll.o(i.LL_PERIPH_WP)
    On_Borad_Peripheral_Init                 0x00005829   Thumb Code   118  main.o(i.On_Borad_Peripheral_Init)
    PWC_HighSpeedToHighPerformance           0x000058a1   Thumb Code    68  hc32_ll_pwc.o(i.PWC_HighSpeedToHighPerformance)
    PWC_LVD1_IrqHandler                      0x00005921   Thumb Code     2  hc32f460_ll_interrupts_share.o(i.PWC_LVD1_IrqHandler)
    PWC_LVD2_IrqHandler                      0x00005923   Thumb Code     2  hc32f460_ll_interrupts_share.o(i.PWC_LVD2_IrqHandler)
    PWC_WakeupTimer_IrqHandler               0x00005959   Thumb Code     2  hc32f460_ll_interrupts_share.o(i.PWC_WakeupTimer_IrqHandler)
    QSPI_Error_IrqHandler                    0x0000595b   Thumb Code     2  hc32f460_ll_interrupts_share.o(i.QSPI_Error_IrqHandler)
    SDIOC1_IrqHandler                        0x0000595d   Thumb Code     2  hc32f460_ll_interrupts_share.o(i.SDIOC1_IrqHandler)
    SDIOC2_IrqHandler                        0x0000595f   Thumb Code     2  hc32f460_ll_interrupts_share.o(i.SDIOC2_IrqHandler)
    SPI1_Error_IrqHandler                    0x00005961   Thumb Code     2  hc32f460_ll_interrupts_share.o(i.SPI1_Error_IrqHandler)
    SPI1_Idle_IrqHandler                     0x00005963   Thumb Code     2  hc32f460_ll_interrupts_share.o(i.SPI1_Idle_IrqHandler)
    SPI1_RxFull_IrqHandler                   0x00005965   Thumb Code     2  hc32f460_ll_interrupts_share.o(i.SPI1_RxFull_IrqHandler)
    SPI1_TxEmpty_IrqHandler                  0x00005967   Thumb Code     2  hc32f460_ll_interrupts_share.o(i.SPI1_TxEmpty_IrqHandler)
    SPI2_Error_IrqHandler                    0x00005969   Thumb Code     2  hc32f460_ll_interrupts_share.o(i.SPI2_Error_IrqHandler)
    SPI2_Idle_IrqHandler                     0x0000596b   Thumb Code     2  hc32f460_ll_interrupts_share.o(i.SPI2_Idle_IrqHandler)
    SPI2_RxFull_IrqHandler                   0x0000596d   Thumb Code     2  hc32f460_ll_interrupts_share.o(i.SPI2_RxFull_IrqHandler)
    SPI2_TxEmpty_IrqHandler                  0x0000596f   Thumb Code     2  hc32f460_ll_interrupts_share.o(i.SPI2_TxEmpty_IrqHandler)
    SPI3_Error_IrqHandler                    0x00005971   Thumb Code     2  hc32f460_ll_interrupts_share.o(i.SPI3_Error_IrqHandler)
    SPI3_Idle_IrqHandler                     0x00005973   Thumb Code     2  hc32f460_ll_interrupts_share.o(i.SPI3_Idle_IrqHandler)
    SPI3_RxFull_IrqHandler                   0x00005975   Thumb Code     2  hc32f460_ll_interrupts_share.o(i.SPI3_RxFull_IrqHandler)
    SPI3_TxEmpty_IrqHandler                  0x00005977   Thumb Code     2  hc32f460_ll_interrupts_share.o(i.SPI3_TxEmpty_IrqHandler)
    SPI4_Error_IrqHandler                    0x00005979   Thumb Code     2  hc32f460_ll_interrupts_share.o(i.SPI4_Error_IrqHandler)
    SPI4_Idle_IrqHandler                     0x0000597b   Thumb Code     2  hc32f460_ll_interrupts_share.o(i.SPI4_Idle_IrqHandler)
    SPI4_RxFull_IrqHandler                   0x0000597d   Thumb Code     2  hc32f460_ll_interrupts_share.o(i.SPI4_RxFull_IrqHandler)
    SPI4_TxEmpty_IrqHandler                  0x0000597f   Thumb Code     2  hc32f460_ll_interrupts_share.o(i.SPI4_TxEmpty_IrqHandler)
    SPI_Cmd                                  0x00005981   Thumb Code   118  hc32_ll_spi.o(i.SPI_Cmd)
    SPI_DelayStructInit                      0x00005a41   Thumb Code    20  hc32_ll_spi.o(i.SPI_DelayStructInit)
    SPI_GetStatus                            0x00005a55   Thumb Code   112  hc32_ll_spi.o(i.SPI_GetStatus)
    SPI_Init                                 0x00005b0d   Thumb Code   642  hc32_ll_spi.o(i.SPI_Init)
    SPI_StructInit                           0x00005dd9   Thumb Code    46  hc32_ll_spi.o(i.SPI_StructInit)
    SPI_Trans                                0x00005e07   Thumb Code    70  hc32_ll_spi.o(i.SPI_Trans)
    SPI_WriteData                            0x00006139   Thumb Code    50  hc32_ll_spi.o(i.SPI_WriteData)
    SRAM_SetWaitCycle                        0x000061b5   Thumb Code   182  hc32_ll_sram.o(i.SRAM_SetWaitCycle)
    SWDT_IrqHandler                          0x000062a9   Thumb Code     2  hc32f460_ll_interrupts_share.o(i.SWDT_IrqHandler)
    SysTick_Handler                          0x000066f5   Thumb Code    38  main.o(i.SysTick_Handler)
    SysTick_IncTick                          0x00006721   Thumb Code    16  hc32_ll_utility.o(i.SysTick_IncTick)
    SysTick_Init                             0x00006739   Thumb Code   122  hc32_ll_utility.o(i.SysTick_Init)
    SystemCoreClockUpdate                    0x000067c9   Thumb Code   174  system_hc32f460.o(i.SystemCoreClockUpdate)
    SystemInit                               0x00006899   Thumb Code    18  system_hc32f460.o(i.SystemInit)
    SystemInit_QspiMem                       0x000068b1   Thumb Code   106  main.o(i.SystemInit_QspiMem)
    TMR0_1_CmpA_IrqHandler                   0x00006929   Thumb Code     2  hc32f460_ll_interrupts_share.o(i.TMR0_1_CmpA_IrqHandler)
    TMR0_1_CmpB_IrqHandler                   0x0000692b   Thumb Code     2  hc32f460_ll_interrupts_share.o(i.TMR0_1_CmpB_IrqHandler)
    TMR0_2_CmpA_IrqHandler                   0x0000692d   Thumb Code     2  hc32f460_ll_interrupts_share.o(i.TMR0_2_CmpA_IrqHandler)
    TMR0_2_CmpB_IrqHandler                   0x0000692f   Thumb Code     2  hc32f460_ll_interrupts_share.o(i.TMR0_2_CmpB_IrqHandler)
    TMR4_1_GCmpUH_IrqHandler                 0x00006931   Thumb Code     2  hc32f460_ll_interrupts_share.o(i.TMR4_1_GCmpUH_IrqHandler)
    TMR4_1_GCmpUL_IrqHandler                 0x00006933   Thumb Code     2  hc32f460_ll_interrupts_share.o(i.TMR4_1_GCmpUL_IrqHandler)
    TMR4_1_GCmpVH_IrqHandler                 0x00006935   Thumb Code     2  hc32f460_ll_interrupts_share.o(i.TMR4_1_GCmpVH_IrqHandler)
    TMR4_1_GCmpVL_IrqHandler                 0x00006937   Thumb Code     2  hc32f460_ll_interrupts_share.o(i.TMR4_1_GCmpVL_IrqHandler)
    TMR4_1_GCmpWH_IrqHandler                 0x00006939   Thumb Code     2  hc32f460_ll_interrupts_share.o(i.TMR4_1_GCmpWH_IrqHandler)
    TMR4_1_GCmpWL_IrqHandler                 0x0000693b   Thumb Code     2  hc32f460_ll_interrupts_share.o(i.TMR4_1_GCmpWL_IrqHandler)
    TMR4_1_GOvf_IrqHandler                   0x0000693d   Thumb Code     2  hc32f460_ll_interrupts_share.o(i.TMR4_1_GOvf_IrqHandler)
    TMR4_1_GUdf_IrqHandler                   0x0000693f   Thumb Code     2  hc32f460_ll_interrupts_share.o(i.TMR4_1_GUdf_IrqHandler)
    TMR4_1_ReloadU_IrqHandler                0x00006941   Thumb Code     2  hc32f460_ll_interrupts_share.o(i.TMR4_1_ReloadU_IrqHandler)
    TMR4_1_ReloadV_IrqHandler                0x00006943   Thumb Code     2  hc32f460_ll_interrupts_share.o(i.TMR4_1_ReloadV_IrqHandler)
    TMR4_1_ReloadW_IrqHandler                0x00006945   Thumb Code     2  hc32f460_ll_interrupts_share.o(i.TMR4_1_ReloadW_IrqHandler)
    TMR4_2_GCmpUH_IrqHandler                 0x00006947   Thumb Code     2  hc32f460_ll_interrupts_share.o(i.TMR4_2_GCmpUH_IrqHandler)
    TMR4_2_GCmpUL_IrqHandler                 0x00006949   Thumb Code     2  hc32f460_ll_interrupts_share.o(i.TMR4_2_GCmpUL_IrqHandler)
    TMR4_2_GCmpVH_IrqHandler                 0x0000694b   Thumb Code     2  hc32f460_ll_interrupts_share.o(i.TMR4_2_GCmpVH_IrqHandler)
    TMR4_2_GCmpVL_IrqHandler                 0x0000694d   Thumb Code     2  hc32f460_ll_interrupts_share.o(i.TMR4_2_GCmpVL_IrqHandler)
    TMR4_2_GCmpWH_IrqHandler                 0x0000694f   Thumb Code     2  hc32f460_ll_interrupts_share.o(i.TMR4_2_GCmpWH_IrqHandler)
    TMR4_2_GCmpWL_IrqHandler                 0x00006951   Thumb Code     2  hc32f460_ll_interrupts_share.o(i.TMR4_2_GCmpWL_IrqHandler)
    TMR4_2_GOvf_IrqHandler                   0x00006953   Thumb Code     2  hc32f460_ll_interrupts_share.o(i.TMR4_2_GOvf_IrqHandler)
    TMR4_2_GUdf_IrqHandler                   0x00006955   Thumb Code     2  hc32f460_ll_interrupts_share.o(i.TMR4_2_GUdf_IrqHandler)
    TMR4_2_ReloadU_IrqHandler                0x00006957   Thumb Code     2  hc32f460_ll_interrupts_share.o(i.TMR4_2_ReloadU_IrqHandler)
    TMR4_2_ReloadV_IrqHandler                0x00006959   Thumb Code     2  hc32f460_ll_interrupts_share.o(i.TMR4_2_ReloadV_IrqHandler)
    TMR4_2_ReloadW_IrqHandler                0x0000695b   Thumb Code     2  hc32f460_ll_interrupts_share.o(i.TMR4_2_ReloadW_IrqHandler)
    TMR4_3_GCmpUH_IrqHandler                 0x0000695d   Thumb Code     2  hc32f460_ll_interrupts_share.o(i.TMR4_3_GCmpUH_IrqHandler)
    TMR4_3_GCmpUL_IrqHandler                 0x0000695f   Thumb Code     2  hc32f460_ll_interrupts_share.o(i.TMR4_3_GCmpUL_IrqHandler)
    TMR4_3_GCmpVH_IrqHandler                 0x00006961   Thumb Code     2  hc32f460_ll_interrupts_share.o(i.TMR4_3_GCmpVH_IrqHandler)
    TMR4_3_GCmpVL_IrqHandler                 0x00006963   Thumb Code     2  hc32f460_ll_interrupts_share.o(i.TMR4_3_GCmpVL_IrqHandler)
    TMR4_3_GCmpWH_IrqHandler                 0x00006965   Thumb Code     2  hc32f460_ll_interrupts_share.o(i.TMR4_3_GCmpWH_IrqHandler)
    TMR4_3_GCmpWL_IrqHandler                 0x00006967   Thumb Code     2  hc32f460_ll_interrupts_share.o(i.TMR4_3_GCmpWL_IrqHandler)
    TMR4_3_GOvf_IrqHandler                   0x00006969   Thumb Code     2  hc32f460_ll_interrupts_share.o(i.TMR4_3_GOvf_IrqHandler)
    TMR4_3_GUdf_IrqHandler                   0x0000696b   Thumb Code     2  hc32f460_ll_interrupts_share.o(i.TMR4_3_GUdf_IrqHandler)
    TMR4_3_ReloadU_IrqHandler                0x0000696d   Thumb Code     2  hc32f460_ll_interrupts_share.o(i.TMR4_3_ReloadU_IrqHandler)
    TMR4_3_ReloadV_IrqHandler                0x0000696f   Thumb Code     2  hc32f460_ll_interrupts_share.o(i.TMR4_3_ReloadV_IrqHandler)
    TMR4_3_ReloadW_IrqHandler                0x00006971   Thumb Code     2  hc32f460_ll_interrupts_share.o(i.TMR4_3_ReloadW_IrqHandler)
    TMR6_1_GCmpA_IrqHandler                  0x00006973   Thumb Code     2  hc32f460_ll_interrupts_share.o(i.TMR6_1_GCmpA_IrqHandler)
    TMR6_1_GCmpB_IrqHandler                  0x00006975   Thumb Code     2  hc32f460_ll_interrupts_share.o(i.TMR6_1_GCmpB_IrqHandler)
    TMR6_1_GCmpC_IrqHandler                  0x00006977   Thumb Code     2  hc32f460_ll_interrupts_share.o(i.TMR6_1_GCmpC_IrqHandler)
    TMR6_1_GCmpD_IrqHandler                  0x00006979   Thumb Code     2  hc32f460_ll_interrupts_share.o(i.TMR6_1_GCmpD_IrqHandler)
    TMR6_1_GCmpE_IrqHandler                  0x0000697b   Thumb Code     2  hc32f460_ll_interrupts_share.o(i.TMR6_1_GCmpE_IrqHandler)
    TMR6_1_GCmpF_IrqHandler                  0x0000697d   Thumb Code     2  hc32f460_ll_interrupts_share.o(i.TMR6_1_GCmpF_IrqHandler)
    TMR6_1_GDte_IrqHandler                   0x0000697f   Thumb Code     2  hc32f460_ll_interrupts_share.o(i.TMR6_1_GDte_IrqHandler)
    TMR6_1_GOvf_IrqHandler                   0x00006981   Thumb Code     2  hc32f460_ll_interrupts_share.o(i.TMR6_1_GOvf_IrqHandler)
    TMR6_1_GUdf_IrqHandler                   0x00006983   Thumb Code     2  hc32f460_ll_interrupts_share.o(i.TMR6_1_GUdf_IrqHandler)
    TMR6_1_SCmpA_IrqHandler                  0x00006985   Thumb Code     2  hc32f460_ll_interrupts_share.o(i.TMR6_1_SCmpA_IrqHandler)
    TMR6_1_SCmpB_IrqHandler                  0x00006987   Thumb Code     2  hc32f460_ll_interrupts_share.o(i.TMR6_1_SCmpB_IrqHandler)
    TMR6_2_GCmpA_IrqHandler                  0x00006989   Thumb Code     2  hc32f460_ll_interrupts_share.o(i.TMR6_2_GCmpA_IrqHandler)
    TMR6_2_GCmpB_IrqHandler                  0x0000698b   Thumb Code     2  hc32f460_ll_interrupts_share.o(i.TMR6_2_GCmpB_IrqHandler)
    TMR6_2_GCmpC_IrqHandler                  0x0000698d   Thumb Code     2  hc32f460_ll_interrupts_share.o(i.TMR6_2_GCmpC_IrqHandler)
    TMR6_2_GCmpD_IrqHandler                  0x0000698f   Thumb Code     2  hc32f460_ll_interrupts_share.o(i.TMR6_2_GCmpD_IrqHandler)
    TMR6_2_GCmpE_IrqHandler                  0x00006991   Thumb Code     2  hc32f460_ll_interrupts_share.o(i.TMR6_2_GCmpE_IrqHandler)
    TMR6_2_GCmpF_IrqHandler                  0x00006993   Thumb Code     2  hc32f460_ll_interrupts_share.o(i.TMR6_2_GCmpF_IrqHandler)
    TMR6_2_GDte_IrqHandler                   0x00006995   Thumb Code     2  hc32f460_ll_interrupts_share.o(i.TMR6_2_GDte_IrqHandler)
    TMR6_2_GOvf_IrqHandler                   0x00006997   Thumb Code     2  hc32f460_ll_interrupts_share.o(i.TMR6_2_GOvf_IrqHandler)
    TMR6_2_GUdf_IrqHandler                   0x00006999   Thumb Code     2  hc32f460_ll_interrupts_share.o(i.TMR6_2_GUdf_IrqHandler)
    TMR6_2_SCmpA_IrqHandler                  0x0000699b   Thumb Code     2  hc32f460_ll_interrupts_share.o(i.TMR6_2_SCmpA_IrqHandler)
    TMR6_2_SCmpB_IrqHandler                  0x0000699d   Thumb Code     2  hc32f460_ll_interrupts_share.o(i.TMR6_2_SCmpB_IrqHandler)
    TMR6_3_GCmpA_IrqHandler                  0x0000699f   Thumb Code     2  hc32f460_ll_interrupts_share.o(i.TMR6_3_GCmpA_IrqHandler)
    TMR6_3_GCmpB_IrqHandler                  0x000069a1   Thumb Code     2  hc32f460_ll_interrupts_share.o(i.TMR6_3_GCmpB_IrqHandler)
    TMR6_3_GCmpC_IrqHandler                  0x000069a3   Thumb Code     2  hc32f460_ll_interrupts_share.o(i.TMR6_3_GCmpC_IrqHandler)
    TMR6_3_GCmpD_IrqHandler                  0x000069a5   Thumb Code     2  hc32f460_ll_interrupts_share.o(i.TMR6_3_GCmpD_IrqHandler)
    TMR6_3_GCmpE_IrqHandler                  0x000069a7   Thumb Code     2  hc32f460_ll_interrupts_share.o(i.TMR6_3_GCmpE_IrqHandler)
    TMR6_3_GCmpF_IrqHandler                  0x000069a9   Thumb Code     2  hc32f460_ll_interrupts_share.o(i.TMR6_3_GCmpF_IrqHandler)
    TMR6_3_GDte_IrqHandler                   0x000069ab   Thumb Code     2  hc32f460_ll_interrupts_share.o(i.TMR6_3_GDte_IrqHandler)
    TMR6_3_GOvf_IrqHandler                   0x000069ad   Thumb Code     2  hc32f460_ll_interrupts_share.o(i.TMR6_3_GOvf_IrqHandler)
    TMR6_3_GUdf_IrqHandler                   0x000069af   Thumb Code     2  hc32f460_ll_interrupts_share.o(i.TMR6_3_GUdf_IrqHandler)
    TMR6_3_SCmpA_IrqHandler                  0x000069b1   Thumb Code     2  hc32f460_ll_interrupts_share.o(i.TMR6_3_SCmpA_IrqHandler)
    TMR6_3_SCmpB_IrqHandler                  0x000069b3   Thumb Code     2  hc32f460_ll_interrupts_share.o(i.TMR6_3_SCmpB_IrqHandler)
    TMRA_1_Cmp_IrqHandler                    0x000069b5   Thumb Code     2  hc32f460_ll_interrupts_share.o(i.TMRA_1_Cmp_IrqHandler)
    TMRA_1_Ovf_IrqHandler                    0x000069b7   Thumb Code     2  hc32f460_ll_interrupts_share.o(i.TMRA_1_Ovf_IrqHandler)
    TMRA_1_Udf_IrqHandler                    0x000069b9   Thumb Code     2  hc32f460_ll_interrupts_share.o(i.TMRA_1_Udf_IrqHandler)
    TMRA_2_Cmp_IrqHandler                    0x000069bb   Thumb Code     2  hc32f460_ll_interrupts_share.o(i.TMRA_2_Cmp_IrqHandler)
    TMRA_2_Ovf_IrqHandler                    0x000069bd   Thumb Code     2  hc32f460_ll_interrupts_share.o(i.TMRA_2_Ovf_IrqHandler)
    TMRA_2_Udf_IrqHandler                    0x000069bf   Thumb Code     2  hc32f460_ll_interrupts_share.o(i.TMRA_2_Udf_IrqHandler)
    TMRA_3_Cmp_IrqHandler                    0x000069c1   Thumb Code     2  hc32f460_ll_interrupts_share.o(i.TMRA_3_Cmp_IrqHandler)
    TMRA_3_Ovf_IrqHandler                    0x000069c3   Thumb Code     2  hc32f460_ll_interrupts_share.o(i.TMRA_3_Ovf_IrqHandler)
    TMRA_3_Udf_IrqHandler                    0x000069c5   Thumb Code     2  hc32f460_ll_interrupts_share.o(i.TMRA_3_Udf_IrqHandler)
    TMRA_4_Cmp_IrqHandler                    0x000069c7   Thumb Code     2  hc32f460_ll_interrupts_share.o(i.TMRA_4_Cmp_IrqHandler)
    TMRA_4_Ovf_IrqHandler                    0x000069c9   Thumb Code     2  hc32f460_ll_interrupts_share.o(i.TMRA_4_Ovf_IrqHandler)
    TMRA_4_Udf_IrqHandler                    0x000069cb   Thumb Code     2  hc32f460_ll_interrupts_share.o(i.TMRA_4_Udf_IrqHandler)
    TMRA_5_Cmp_IrqHandler                    0x000069cd   Thumb Code     2  hc32f460_ll_interrupts_share.o(i.TMRA_5_Cmp_IrqHandler)
    TMRA_5_Ovf_IrqHandler                    0x000069cf   Thumb Code     2  hc32f460_ll_interrupts_share.o(i.TMRA_5_Ovf_IrqHandler)
    TMRA_5_Udf_IrqHandler                    0x000069d1   Thumb Code     2  hc32f460_ll_interrupts_share.o(i.TMRA_5_Udf_IrqHandler)
    TMRA_6_Cmp_IrqHandler                    0x000069d3   Thumb Code     2  hc32f460_ll_interrupts_share.o(i.TMRA_6_Cmp_IrqHandler)
    TMRA_6_Ovf_IrqHandler                    0x000069d5   Thumb Code     2  hc32f460_ll_interrupts_share.o(i.TMRA_6_Ovf_IrqHandler)
    TMRA_6_Udf_IrqHandler                    0x000069d7   Thumb Code     2  hc32f460_ll_interrupts_share.o(i.TMRA_6_Udf_IrqHandler)
    USART1_RxError_IrqHandler                0x000069d9   Thumb Code     2  hc32f460_ll_interrupts_share.o(i.USART1_RxError_IrqHandler)
    USART1_RxFull_IrqHandler                 0x000069db   Thumb Code     2  hc32f460_ll_interrupts_share.o(i.USART1_RxFull_IrqHandler)
    USART1_RxTO_IrqHandler                   0x000069dd   Thumb Code     2  hc32f460_ll_interrupts_share.o(i.USART1_RxTO_IrqHandler)
    USART1_TxComplete_IrqHandler             0x000069df   Thumb Code     2  hc32f460_ll_interrupts_share.o(i.USART1_TxComplete_IrqHandler)
    USART1_TxEmpty_IrqHandler                0x000069e1   Thumb Code     2  hc32f460_ll_interrupts_share.o(i.USART1_TxEmpty_IrqHandler)
    USART2_RxError_IrqHandler                0x000069e3   Thumb Code     2  hc32f460_ll_interrupts_share.o(i.USART2_RxError_IrqHandler)
    USART2_RxFull_IrqHandler                 0x000069e5   Thumb Code     2  hc32f460_ll_interrupts_share.o(i.USART2_RxFull_IrqHandler)
    USART2_RxTO_IrqHandler                   0x000069e7   Thumb Code     2  hc32f460_ll_interrupts_share.o(i.USART2_RxTO_IrqHandler)
    USART2_TxComplete_IrqHandler             0x000069e9   Thumb Code     2  hc32f460_ll_interrupts_share.o(i.USART2_TxComplete_IrqHandler)
    USART2_TxEmpty_IrqHandler                0x000069eb   Thumb Code     2  hc32f460_ll_interrupts_share.o(i.USART2_TxEmpty_IrqHandler)
    USART3_RxError_IrqHandler                0x000069ed   Thumb Code     2  hc32f460_ll_interrupts_share.o(i.USART3_RxError_IrqHandler)
    USART3_RxFull_IrqHandler                 0x000069ef   Thumb Code     2  hc32f460_ll_interrupts_share.o(i.USART3_RxFull_IrqHandler)
    USART3_RxTO_IrqHandler                   0x000069f1   Thumb Code     2  hc32f460_ll_interrupts_share.o(i.USART3_RxTO_IrqHandler)
    USART3_TxComplete_IrqHandler             0x000069f3   Thumb Code     2  hc32f460_ll_interrupts_share.o(i.USART3_TxComplete_IrqHandler)
    USART3_TxEmpty_IrqHandler                0x000069f5   Thumb Code     2  hc32f460_ll_interrupts_share.o(i.USART3_TxEmpty_IrqHandler)
    USART4_RxError_IrqHandler                0x000069f7   Thumb Code     2  hc32f460_ll_interrupts_share.o(i.USART4_RxError_IrqHandler)
    USART4_RxFull_IrqHandler                 0x000069f9   Thumb Code     2  hc32f460_ll_interrupts_share.o(i.USART4_RxFull_IrqHandler)
    USART4_RxTO_IrqHandler                   0x000069fb   Thumb Code     2  hc32f460_ll_interrupts_share.o(i.USART4_RxTO_IrqHandler)
    USART4_TxComplete_IrqHandler             0x000069fd   Thumb Code     2  hc32f460_ll_interrupts_share.o(i.USART4_TxComplete_IrqHandler)
    USART4_TxEmpty_IrqHandler                0x000069ff   Thumb Code     2  hc32f460_ll_interrupts_share.o(i.USART4_TxEmpty_IrqHandler)
    USBFS_Global_IrqHandler                  0x00006a01   Thumb Code     2  hc32f460_ll_interrupts_share.o(i.USBFS_Global_IrqHandler)
    WDT_IrqHandler                           0x00006a03   Thumb Code     2  hc32f460_ll_interrupts_share.o(i.WDT_IrqHandler)
    __scatterload_copy                       0x00006a05   Thumb Code    14  handlers.o(i.__scatterload_copy)
    __scatterload_null                       0x00006a13   Thumb Code     2  handlers.o(i.__scatterload_null)
    __scatterload_zeroinit                   0x00006a15   Thumb Code    14  handlers.o(i.__scatterload_zeroinit)
    button_attach                            0x00006a23   Thumb Code    20  multi_button.o(i.button_attach)
    button_init                              0x00006ca7   Thumb Code    78  multi_button.o(i.button_init)
    button_start                             0x00006cf5   Thumb Code    46  multi_button.o(i.button_start)
    button_ticks                             0x00006d29   Thumb Code    22  multi_button.o(i.button_ticks)
    left1_btn_double_click_callback          0x00006d45   Thumb Code    16  main.o(i.left1_btn_double_click_callback)
    left1_btn_single_click_callback          0x00006d55   Thumb Code    16  main.o(i.left1_btn_single_click_callback)
    main                                     0x00006d65   Thumb Code   170  main.o(i.main)
    read_button_gpio                         0x00006e2d   Thumb Code    76  main.o(i.read_button_gpio)
    Region$$Table$$Base                      0x00006e78   Number         0  anon$$obj.o(Region$$Table)
    Region$$Table$$Limit                     0x00006e98   Number         0  anon$$obj.o(Region$$Table)
    SystemCoreClock                          0x1fff8000   Data           4  system_hc32f460.o(.bss.noinit)
    HRC_VALUE                                0x1fff8004   Data           4  system_hc32f460.o(.bss.noinit)
    picture_ptr                              0x1fff8008   Data          36  main.o(.data)
    chip_id                                  0x1fff802c   Data           1  main.o(.data)
    __initial_sp                             0x1fffa2c0   Data           0  startup_hc32f460.o(STACK)
    test_pic                                 0x98000000   Data       153600  test_pic.o(.ex_rom)
    micu_board_map                           0x98025800   Data       153600  micu_board.o(.ex_rom)
    pic_bear                                 0x9804b000   Data       153600  bear.o(.ex_rom)
    pic_cute_girl                            0x98070800   Data       153600  cute_girl.o(.ex_rom)
    pic_dog                                  0x98096000   Data       153600  dog.o(.ex_rom)
    pic_dragon                               0x980bb800   Data       153600  dragon.o(.ex_rom)
    pic_monster                              0x980e1000   Data       153600  monster.o(.ex_rom)
    pic_mouse                                0x98106800   Data       153600  mouse.o(.ex_rom)
    pic_tree                                 0x9812c000   Data       153600  tree.o(.ex_rom)



==============================================================================

Memory Map of the image

  Image Entry point : 0x00000281

  Load Region LR_IROM1 (Base: 0x00000000, Size: 0x00006ecc, Max: 0x00080000, ABSOLUTE)

    Execution Region ER_IROM1 (Exec base: 0x00000000, Load base: 0x00000000, Size: 0x00006e98, Max: 0x00080000, ABSOLUTE)

    Exec Addr    Load Addr    Size         Type   Attr      Idx    E Section Name        Object

    0x00000000   0x00000000   0x00000280   Data   RO            3    RESET               startup_hc32f460.o
    0x00000280   0x00000280   0x00000000   Code   RO         5449  * .ARM.Collect$$$$00000000  mc_w.l(entry.o)
    0x00000280   0x00000280   0x00000004   Code   RO         5468    .ARM.Collect$$$$00000001  mc_w.l(entry2.o)
    0x00000284   0x00000284   0x00000004   Code   RO         5471    .ARM.Collect$$$$00000004  mc_w.l(entry5.o)
    0x00000288   0x00000288   0x00000000   Code   RO         5473    .ARM.Collect$$$$00000008  mc_w.l(entry7b.o)
    0x00000288   0x00000288   0x00000000   Code   RO         5475    .ARM.Collect$$$$0000000A  mc_w.l(entry8b.o)
    0x00000288   0x00000288   0x00000008   Code   RO         5476    .ARM.Collect$$$$0000000B  mc_w.l(entry9a.o)
    0x00000290   0x00000290   0x00000000   Code   RO         5478    .ARM.Collect$$$$0000000D  mc_w.l(entry10a.o)
    0x00000290   0x00000290   0x00000000   Code   RO         5480    .ARM.Collect$$$$0000000F  mc_w.l(entry11a.o)
    0x00000290   0x00000290   0x00000004   Code   RO         5469    .ARM.Collect$$$$00002712  mc_w.l(entry2.o)
    0x00000294   0x00000294   0x00000064   Code   RO            4    .text               startup_hc32f460.o
    0x000002f8   0x000002f8   0x00000024   Code   RO         5452    .text               mc_w.l(memseta.o)
    0x0000031c   0x0000031c   0x000000b0   Code   RO         5454    .text               mf_w.l(fadd.o)
    0x000003cc   0x000003cc   0x0000000a   Code   RO         5460    .text               mf_w.l(ffltui.o)
    0x000003d6   0x000003d6   0x00000028   Code   RO         5462    .text               mf_w.l(ffixui.o)
    0x000003fe   0x000003fe   0x00000000   Code   RO         5482    .text               mc_w.l(iusefp.o)
    0x000003fe   0x000003fe   0x00000002   Code   RO         2897    i.ADC1_ChCmp_IrqHandler  hc32f460_ll_interrupts_share.o
    0x00000400   0x00000400   0x00000020   Data   RO          317    .ARM.__AT_0x00000400  hc32_ll_icg.o
    0x00000420   0x00000420   0x00000064   Code   RO         5456    .text               mf_w.l(fmul.o)
    0x00000484   0x00000484   0x0000007c   Code   RO         5458    .text               mf_w.l(fdiv.o)
    0x00000500   0x00000500   0x00000014   Code   RO         5464    .text               mf_w.l(cfcmple.o)
    0x00000514   0x00000514   0x00000014   Code   RO         5466    .text               mf_w.l(cfrcmple.o)
    0x00000528   0x00000528   0x0000006e   Code   RO         5483    .text               mf_w.l(fepilogue.o)
    0x00000596   0x00000596   0x00000002   PAD
    0x00000598   0x00000598   0x00000024   Code   RO         5485    .text               mc_w.l(init.o)
    0x000005bc   0x000005bc   0x00000002   Code   RO         2898    i.ADC1_SeqA_IrqHandler  hc32f460_ll_interrupts_share.o
    0x000005be   0x000005be   0x00000002   Code   RO         2899    i.ADC1_SeqB_IrqHandler  hc32f460_ll_interrupts_share.o
    0x000005c0   0x000005c0   0x00000002   Code   RO         2900    i.ADC1_SeqCmp_IrqHandler  hc32f460_ll_interrupts_share.o
    0x000005c2   0x000005c2   0x00000002   Code   RO         2901    i.ADC2_ChCmp_IrqHandler  hc32f460_ll_interrupts_share.o
    0x000005c4   0x000005c4   0x00000002   Code   RO         2902    i.ADC2_SeqA_IrqHandler  hc32f460_ll_interrupts_share.o
    0x000005c6   0x000005c6   0x00000002   Code   RO         2903    i.ADC2_SeqB_IrqHandler  hc32f460_ll_interrupts_share.o
    0x000005c8   0x000005c8   0x00000002   Code   RO         2904    i.ADC2_SeqCmp_IrqHandler  hc32f460_ll_interrupts_share.o
    0x000005ca   0x000005ca   0x00000002   PAD
    0x000005cc   0x000005cc   0x00000070   Code   RO         1984    i.AOS_SetTriggerEventSrc  hc32_ll_aos.o
    0x0000063c   0x0000063c   0x000000e4   Code   RO           90    i.BSP_CLK_Init      main.o
    0x00000720   0x00000720   0x00000002   Code   RO         2905    i.CAN_IrqHandler    hc32f460_ll_interrupts_share.o
    0x00000722   0x00000722   0x00000002   PAD
    0x00000724   0x00000724   0x0000006c   Code   RO          560    i.CLK_GetStableStatus  hc32_ll_clk.o
    0x00000790   0x00000790   0x000000d4   Code   RO          570    i.CLK_PLLCmd        hc32_ll_clk.o
    0x00000864   0x00000864   0x000002b0   Code   RO          571    i.CLK_PLLInit       hc32_ll_clk.o
    0x00000b14   0x00000b14   0x00000052   Code   RO          572    i.CLK_PLLStructInit  hc32_ll_clk.o
    0x00000b66   0x00000b66   0x00000014   Code   RO          576    i.CLK_SetClockDiv   hc32_ll_clk.o
    0x00000b7a   0x00000b7a   0x00000010   Code   RO          580    i.CLK_SetSysClockSrc  hc32_ll_clk.o
    0x00000b8a   0x00000b8a   0x00000030   Code   RO          585    i.CLK_WaitStable    hc32_ll_clk.o
    0x00000bba   0x00000bba   0x00000002   PAD
    0x00000bbc   0x00000bbc   0x000000d0   Code   RO          589    i.CLK_XtalCmd       hc32_ll_clk.o
    0x00000c8c   0x00000c8c   0x00000150   Code   RO          590    i.CLK_XtalInit      hc32_ll_clk.o
    0x00000ddc   0x00000ddc   0x00000002   Code   RO         2906    i.CLK_XtalStop_IrqHandler  hc32f460_ll_interrupts_share.o
    0x00000dde   0x00000dde   0x0000001e   Code   RO          593    i.CLK_XtalStructInit  hc32_ll_clk.o
    0x00000dfc   0x00000dfc   0x00000024   Code   RO         5194    i.DA213_Init        da213.o
    0x00000e20   0x00000e20   0x00000016   Code   RO         5195    i.DA213_ReadID      da213.o
    0x00000e36   0x00000e36   0x00000002   PAD
    0x00000e38   0x00000e38   0x00000078   Code   RO         5196    i.DA213_Read_Buffer  da213.o
    0x00000eb0   0x00000eb0   0x0000004c   Code   RO         5198    i.DA213_Write_Reg   da213.o
    0x00000efc   0x00000efc   0x00000002   Code   RO         2907    i.DCU1_IrqHandler   hc32f460_ll_interrupts_share.o
    0x00000efe   0x00000efe   0x00000002   Code   RO         2908    i.DCU2_IrqHandler   hc32f460_ll_interrupts_share.o
    0x00000f00   0x00000f00   0x00000002   Code   RO         2909    i.DCU3_IrqHandler   hc32f460_ll_interrupts_share.o
    0x00000f02   0x00000f02   0x00000002   Code   RO         2910    i.DCU4_IrqHandler   hc32f460_ll_interrupts_share.o
    0x00000f04   0x00000f04   0x00000004   Code   RO          478    i.DDL_AssertHandler  hc32_ll_utility.o
    0x00000f08   0x00000f08   0x00000040   Code   RO          479    i.DDL_DelayMS       hc32_ll_utility.o
    0x00000f48   0x00000f48   0x00000040   Code   RO          480    i.DDL_DelayUS       hc32_ll_utility.o
    0x00000f88   0x00000f88   0x00000002   Code   RO         2911    i.DMA1_BTC0_IrqHandler  hc32f460_ll_interrupts_share.o
    0x00000f8a   0x00000f8a   0x00000002   Code   RO         2912    i.DMA1_BTC1_IrqHandler  hc32f460_ll_interrupts_share.o
    0x00000f8c   0x00000f8c   0x00000002   Code   RO         2913    i.DMA1_BTC2_IrqHandler  hc32f460_ll_interrupts_share.o
    0x00000f8e   0x00000f8e   0x00000002   Code   RO         2914    i.DMA1_BTC3_IrqHandler  hc32f460_ll_interrupts_share.o
    0x00000f90   0x00000f90   0x00000002   Code   RO         2915    i.DMA1_Error0_IrqHandler  hc32f460_ll_interrupts_share.o
    0x00000f92   0x00000f92   0x00000002   Code   RO         2916    i.DMA1_Error1_IrqHandler  hc32f460_ll_interrupts_share.o
    0x00000f94   0x00000f94   0x00000002   Code   RO         2917    i.DMA1_Error2_IrqHandler  hc32f460_ll_interrupts_share.o
    0x00000f96   0x00000f96   0x00000002   Code   RO         2918    i.DMA1_Error3_IrqHandler  hc32f460_ll_interrupts_share.o
    0x00000f98   0x00000f98   0x00000002   Code   RO         2919    i.DMA1_TC0_IrqHandler  hc32f460_ll_interrupts_share.o
    0x00000f9a   0x00000f9a   0x00000002   Code   RO         2920    i.DMA1_TC1_IrqHandler  hc32f460_ll_interrupts_share.o
    0x00000f9c   0x00000f9c   0x00000002   Code   RO         2921    i.DMA1_TC2_IrqHandler  hc32f460_ll_interrupts_share.o
    0x00000f9e   0x00000f9e   0x00000002   Code   RO         2922    i.DMA1_TC3_IrqHandler  hc32f460_ll_interrupts_share.o
    0x00000fa0   0x00000fa0   0x00000002   Code   RO         2923    i.DMA2_BTC0_IrqHandler  hc32f460_ll_interrupts_share.o
    0x00000fa2   0x00000fa2   0x00000002   Code   RO         2924    i.DMA2_BTC1_IrqHandler  hc32f460_ll_interrupts_share.o
    0x00000fa4   0x00000fa4   0x00000002   Code   RO         2925    i.DMA2_BTC2_IrqHandler  hc32f460_ll_interrupts_share.o
    0x00000fa6   0x00000fa6   0x00000002   Code   RO         2926    i.DMA2_BTC3_IrqHandler  hc32f460_ll_interrupts_share.o
    0x00000fa8   0x00000fa8   0x00000002   Code   RO         2927    i.DMA2_Error0_IrqHandler  hc32f460_ll_interrupts_share.o
    0x00000faa   0x00000faa   0x00000002   Code   RO         2928    i.DMA2_Error1_IrqHandler  hc32f460_ll_interrupts_share.o
    0x00000fac   0x00000fac   0x00000002   Code   RO         2929    i.DMA2_Error2_IrqHandler  hc32f460_ll_interrupts_share.o
    0x00000fae   0x00000fae   0x00000002   Code   RO         2930    i.DMA2_Error3_IrqHandler  hc32f460_ll_interrupts_share.o
    0x00000fb0   0x00000fb0   0x00000002   Code   RO         2931    i.DMA2_TC0_IrqHandler  hc32f460_ll_interrupts_share.o
    0x00000fb2   0x00000fb2   0x00000002   Code   RO         2932    i.DMA2_TC1_IrqHandler  hc32f460_ll_interrupts_share.o
    0x00000fb4   0x00000fb4   0x00000002   Code   RO         2933    i.DMA2_TC2_IrqHandler  hc32f460_ll_interrupts_share.o
    0x00000fb6   0x00000fb6   0x00000002   Code   RO         2934    i.DMA2_TC3_IrqHandler  hc32f460_ll_interrupts_share.o
    0x00000fb8   0x00000fb8   0x00000084   Code   RO         1666    i.DMA_ClearTransCompleteStatus  hc32_ll_dma.o
    0x0000103c   0x0000103c   0x000001c0   Code   RO         1684    i.DMA_Init          hc32_ll_dma.o
    0x000011fc   0x000011fc   0x00000022   Code   RO         1712    i.DMA_StructInit    hc32_ll_dma.o
    0x0000121e   0x0000121e   0x00000002   PAD
    0x00001220   0x00001220   0x00000010   Code   RO           91    i.DMA_TransCompleteCallback  main.o
    0x00001230   0x00001230   0x00000078   Code   RO          822    i.EFM_CacheCmd      hc32_ll_efm.o
    0x000012a8   0x000012a8   0x00000078   Code   RO          823    i.EFM_CacheRamReset  hc32_ll_efm.o
    0x00001320   0x00001320   0x00000002   Code   RO         2935    i.EFM_ColError_IrqHandler  hc32f460_ll_interrupts_share.o
    0x00001322   0x00001322   0x00000002   Code   RO         2936    i.EFM_OpEnd_IrqHandler  hc32f460_ll_interrupts_share.o
    0x00001324   0x00001324   0x00000002   Code   RO         2937    i.EFM_ProgramEraseError_IrqHandler  hc32f460_ll_interrupts_share.o
    0x00001326   0x00001326   0x00000002   PAD
    0x00001328   0x00001328   0x000000c4   Code   RO          849    i.EFM_SetWaitCycle  hc32_ll_efm.o
    0x000013ec   0x000013ec   0x00000002   Code   RO         2938    i.EMB_GR0_IrqHandler  hc32f460_ll_interrupts_share.o
    0x000013ee   0x000013ee   0x00000002   Code   RO         2939    i.EMB_GR1_IrqHandler  hc32f460_ll_interrupts_share.o
    0x000013f0   0x000013f0   0x00000002   Code   RO         2940    i.EMB_GR2_IrqHandler  hc32f460_ll_interrupts_share.o
    0x000013f2   0x000013f2   0x00000002   Code   RO         2941    i.EMB_GR3_IrqHandler  hc32f460_ll_interrupts_share.o
    0x000013f4   0x000013f4   0x00000002   Code   RO         2942    i.EXTINT00_IrqHandler  hc32f460_ll_interrupts_share.o
    0x000013f6   0x000013f6   0x00000002   Code   RO         2943    i.EXTINT01_IrqHandler  hc32f460_ll_interrupts_share.o
    0x000013f8   0x000013f8   0x00000002   Code   RO         2944    i.EXTINT02_IrqHandler  hc32f460_ll_interrupts_share.o
    0x000013fa   0x000013fa   0x00000002   Code   RO         2945    i.EXTINT03_IrqHandler  hc32f460_ll_interrupts_share.o
    0x000013fc   0x000013fc   0x00000002   Code   RO         2946    i.EXTINT04_IrqHandler  hc32f460_ll_interrupts_share.o
    0x000013fe   0x000013fe   0x00000002   Code   RO         2947    i.EXTINT05_IrqHandler  hc32f460_ll_interrupts_share.o
    0x00001400   0x00001400   0x00000002   Code   RO         2948    i.EXTINT06_IrqHandler  hc32f460_ll_interrupts_share.o
    0x00001402   0x00001402   0x00000002   Code   RO         2949    i.EXTINT07_IrqHandler  hc32f460_ll_interrupts_share.o
    0x00001404   0x00001404   0x00000002   Code   RO         2950    i.EXTINT08_IrqHandler  hc32f460_ll_interrupts_share.o
    0x00001406   0x00001406   0x00000002   Code   RO         2951    i.EXTINT09_IrqHandler  hc32f460_ll_interrupts_share.o
    0x00001408   0x00001408   0x00000002   Code   RO         2952    i.EXTINT10_IrqHandler  hc32f460_ll_interrupts_share.o
    0x0000140a   0x0000140a   0x00000002   Code   RO         2953    i.EXTINT11_IrqHandler  hc32f460_ll_interrupts_share.o
    0x0000140c   0x0000140c   0x00000002   Code   RO         2954    i.EXTINT12_IrqHandler  hc32f460_ll_interrupts_share.o
    0x0000140e   0x0000140e   0x00000002   Code   RO         2955    i.EXTINT13_IrqHandler  hc32f460_ll_interrupts_share.o
    0x00001410   0x00001410   0x00000002   Code   RO         2956    i.EXTINT14_IrqHandler  hc32f460_ll_interrupts_share.o
    0x00001412   0x00001412   0x00000002   Code   RO         2957    i.EXTINT15_IrqHandler  hc32f460_ll_interrupts_share.o
    0x00001414   0x00001414   0x000000a8   Code   RO         1622    i.FCG_Fcg0PeriphClockCmd  hc32_ll_fcg.o
    0x000014bc   0x000014bc   0x00000090   Code   RO         1623    i.FCG_Fcg1PeriphClockCmd  hc32_ll_fcg.o
    0x0000154c   0x0000154c   0x00000002   Code   RO         2958    i.FCM_End_IrqHandler  hc32f460_ll_interrupts_share.o
    0x0000154e   0x0000154e   0x00000002   Code   RO         2959    i.FCM_Error_IrqHandler  hc32f460_ll_interrupts_share.o
    0x00001550   0x00001550   0x00000002   Code   RO         2960    i.FCM_Ovf_IrqHandler  hc32f460_ll_interrupts_share.o
    0x00001552   0x00001552   0x00000002   PAD
    0x00001554   0x00001554   0x000000e0   Code   RO          338    i.GPIO_AnalogCmd    hc32_ll_gpio.o
    0x00001634   0x00001634   0x0000020c   Code   RO          341    i.GPIO_Init         hc32_ll_gpio.o
    0x00001840   0x00001840   0x00000094   Code   RO          344    i.GPIO_ReadInputPins  hc32_ll_gpio.o
    0x000018d4   0x000018d4   0x00000090   Code   RO          348    i.GPIO_ResetPins    hc32_ll_gpio.o
    0x00001964   0x00001964   0x000000b8   Code   RO          349    i.GPIO_SetDebugPort  hc32_ll_gpio.o
    0x00001a1c   0x00001a1c   0x000000f8   Code   RO          350    i.GPIO_SetFunc      hc32_ll_gpio.o
    0x00001b14   0x00001b14   0x00000090   Code   RO          351    i.GPIO_SetPins      hc32_ll_gpio.o
    0x00001ba4   0x00001ba4   0x00000098   Code   RO          352    i.GPIO_SetReadWaitCycle  hc32_ll_gpio.o
    0x00001c3c   0x00001c3c   0x00000020   Code   RO          354    i.GPIO_StructInit   hc32_ll_gpio.o
    0x00001c5c   0x00001c5c   0x00000090   Code   RO          356    i.GPIO_TogglePins   hc32_ll_gpio.o
    0x00001cec   0x00001cec   0x00000002   Code   RO         2961    i.I2C1_EE_IrqHandler  hc32f460_ll_interrupts_share.o
    0x00001cee   0x00001cee   0x00000002   Code   RO         2962    i.I2C1_RxFull_IrqHandler  hc32f460_ll_interrupts_share.o
    0x00001cf0   0x00001cf0   0x00000002   Code   RO         2963    i.I2C1_TxComplete_IrqHandler  hc32f460_ll_interrupts_share.o
    0x00001cf2   0x00001cf2   0x00000002   Code   RO         2964    i.I2C1_TxEmpty_IrqHandler  hc32f460_ll_interrupts_share.o
    0x00001cf4   0x00001cf4   0x00000002   Code   RO         2965    i.I2C2_EE_IrqHandler  hc32f460_ll_interrupts_share.o
    0x00001cf6   0x00001cf6   0x00000002   Code   RO         2966    i.I2C2_RxFull_IrqHandler  hc32f460_ll_interrupts_share.o
    0x00001cf8   0x00001cf8   0x00000002   Code   RO         2967    i.I2C2_TxComplete_IrqHandler  hc32f460_ll_interrupts_share.o
    0x00001cfa   0x00001cfa   0x00000002   Code   RO         2968    i.I2C2_TxEmpty_IrqHandler  hc32f460_ll_interrupts_share.o
    0x00001cfc   0x00001cfc   0x00000002   Code   RO         2969    i.I2C3_EE_IrqHandler  hc32f460_ll_interrupts_share.o
    0x00001cfe   0x00001cfe   0x00000002   Code   RO         2970    i.I2C3_RxFull_IrqHandler  hc32f460_ll_interrupts_share.o
    0x00001d00   0x00001d00   0x00000002   Code   RO         2971    i.I2C3_TxComplete_IrqHandler  hc32f460_ll_interrupts_share.o
    0x00001d02   0x00001d02   0x00000002   Code   RO         2972    i.I2C3_TxEmpty_IrqHandler  hc32f460_ll_interrupts_share.o
    0x00001d04   0x00001d04   0x00000094   Code   RO         4326    i.I2C_AckConfig     hc32_ll_i2c.o
    0x00001d98   0x00001d98   0x0000025c   Code   RO         4328    i.I2C_BaudrateConfig  hc32_ll_i2c.o
    0x00001ff4   0x00001ff4   0x0000009c   Code   RO         4329    i.I2C_BusWaitCmd    hc32_ll_i2c.o
    0x00002090   0x00002090   0x00000090   Code   RO         4330    i.I2C_ClearStatus   hc32_ll_i2c.o
    0x00002120   0x00002120   0x0000008c   Code   RO         4331    i.I2C_Cmd           hc32_ll_i2c.o
    0x000021ac   0x000021ac   0x00000080   Code   RO         4332    i.I2C_DeInit        hc32_ll_i2c.o
    0x0000222c   0x0000222c   0x00000074   Code   RO         4337    i.I2C_GenerateRestart  hc32_ll_i2c.o
    0x000022a0   0x000022a0   0x00000074   Code   RO         4338    i.I2C_GenerateStart  hc32_ll_i2c.o
    0x00002314   0x00002314   0x00000074   Code   RO         4339    i.I2C_GenerateStop  hc32_ll_i2c.o
    0x00002388   0x00002388   0x0000009c   Code   RO         4340    i.I2C_GetStatus     hc32_ll_i2c.o
    0x00002424   0x00002424   0x00000090   Code   RO         5199    i.I2C_Hardware_Init  da213.o
    0x000024b4   0x000024b4   0x000000f8   Code   RO         4341    i.I2C_Init          hc32_ll_i2c.o
    0x000025ac   0x000025ac   0x00000120   Code   RO         4343    i.I2C_MasterReceiveDataAndStop  hc32_ll_i2c.o
    0x000026cc   0x000026cc   0x00000070   Code   RO         4344    i.I2C_ReadData      hc32_ll_i2c.o
    0x0000273c   0x0000273c   0x000000a0   Code   RO         4346    i.I2C_Restart       hc32_ll_i2c.o
    0x000027dc   0x000027dc   0x0000009c   Code   RO         4357    i.I2C_Start         hc32_ll_i2c.o
    0x00002878   0x00002878   0x000000a0   Code   RO         4358    i.I2C_Stop          hc32_ll_i2c.o
    0x00002918   0x00002918   0x00000018   Code   RO         4359    i.I2C_StructInit    hc32_ll_i2c.o
    0x00002930   0x00002930   0x000000f4   Code   RO         4361    i.I2C_TransAddr     hc32_ll_i2c.o
    0x00002a24   0x00002a24   0x000000d0   Code   RO         4362    i.I2C_TransData     hc32_ll_i2c.o
    0x00002af4   0x00002af4   0x000000d8   Code   RO         4363    i.I2C_WaitStatus    hc32_ll_i2c.o
    0x00002bcc   0x00002bcc   0x00000074   Code   RO         4364    i.I2C_WriteData     hc32_ll_i2c.o
    0x00002c40   0x00002c40   0x00000002   Code   RO         2973    i.I2S1_Error_IrqHandler  hc32f460_ll_interrupts_share.o
    0x00002c42   0x00002c42   0x00000002   Code   RO         2974    i.I2S1_Rx_IrqHandler  hc32f460_ll_interrupts_share.o
    0x00002c44   0x00002c44   0x00000002   Code   RO         2975    i.I2S1_Tx_IrqHandler  hc32f460_ll_interrupts_share.o
    0x00002c46   0x00002c46   0x00000002   Code   RO         2976    i.I2S2_Error_IrqHandler  hc32f460_ll_interrupts_share.o
    0x00002c48   0x00002c48   0x00000002   Code   RO         2977    i.I2S2_Rx_IrqHandler  hc32f460_ll_interrupts_share.o
    0x00002c4a   0x00002c4a   0x00000002   Code   RO         2978    i.I2S2_Tx_IrqHandler  hc32f460_ll_interrupts_share.o
    0x00002c4c   0x00002c4c   0x00000002   Code   RO         2979    i.I2S3_Error_IrqHandler  hc32f460_ll_interrupts_share.o
    0x00002c4e   0x00002c4e   0x00000002   Code   RO         2980    i.I2S3_Rx_IrqHandler  hc32f460_ll_interrupts_share.o
    0x00002c50   0x00002c50   0x00000002   Code   RO         2981    i.I2S3_Tx_IrqHandler  hc32f460_ll_interrupts_share.o
    0x00002c52   0x00002c52   0x00000002   Code   RO         2982    i.I2S4_Error_IrqHandler  hc32f460_ll_interrupts_share.o
    0x00002c54   0x00002c54   0x00000002   Code   RO         2983    i.I2S4_Rx_IrqHandler  hc32f460_ll_interrupts_share.o
    0x00002c56   0x00002c56   0x00000002   Code   RO         2984    i.I2S4_Tx_IrqHandler  hc32f460_ll_interrupts_share.o
    0x00002c58   0x00002c58   0x000000ec   Code   RO         2019    i.INTC_IrqSignIn    hc32_ll_interrupts.o
    0x00002d44   0x00002d44   0x00000014   Code   RO         2024    i.IRQ000_Handler    hc32_ll_interrupts.o
    0x00002d58   0x00002d58   0x00000014   Code   RO         2025    i.IRQ001_Handler    hc32_ll_interrupts.o
    0x00002d6c   0x00002d6c   0x00000014   Code   RO         2026    i.IRQ002_Handler    hc32_ll_interrupts.o
    0x00002d80   0x00002d80   0x00000014   Code   RO         2027    i.IRQ003_Handler    hc32_ll_interrupts.o
    0x00002d94   0x00002d94   0x00000014   Code   RO         2028    i.IRQ004_Handler    hc32_ll_interrupts.o
    0x00002da8   0x00002da8   0x00000014   Code   RO         2029    i.IRQ005_Handler    hc32_ll_interrupts.o
    0x00002dbc   0x00002dbc   0x00000014   Code   RO         2030    i.IRQ006_Handler    hc32_ll_interrupts.o
    0x00002dd0   0x00002dd0   0x00000014   Code   RO         2031    i.IRQ007_Handler    hc32_ll_interrupts.o
    0x00002de4   0x00002de4   0x00000014   Code   RO         2032    i.IRQ008_Handler    hc32_ll_interrupts.o
    0x00002df8   0x00002df8   0x00000014   Code   RO         2033    i.IRQ009_Handler    hc32_ll_interrupts.o
    0x00002e0c   0x00002e0c   0x00000014   Code   RO         2034    i.IRQ010_Handler    hc32_ll_interrupts.o
    0x00002e20   0x00002e20   0x00000014   Code   RO         2035    i.IRQ011_Handler    hc32_ll_interrupts.o
    0x00002e34   0x00002e34   0x00000014   Code   RO         2036    i.IRQ012_Handler    hc32_ll_interrupts.o
    0x00002e48   0x00002e48   0x00000014   Code   RO         2037    i.IRQ013_Handler    hc32_ll_interrupts.o
    0x00002e5c   0x00002e5c   0x00000014   Code   RO         2038    i.IRQ014_Handler    hc32_ll_interrupts.o
    0x00002e70   0x00002e70   0x00000014   Code   RO         2039    i.IRQ015_Handler    hc32_ll_interrupts.o
    0x00002e84   0x00002e84   0x00000014   Code   RO         2040    i.IRQ016_Handler    hc32_ll_interrupts.o
    0x00002e98   0x00002e98   0x00000014   Code   RO         2041    i.IRQ017_Handler    hc32_ll_interrupts.o
    0x00002eac   0x00002eac   0x00000014   Code   RO         2042    i.IRQ018_Handler    hc32_ll_interrupts.o
    0x00002ec0   0x00002ec0   0x00000014   Code   RO         2043    i.IRQ019_Handler    hc32_ll_interrupts.o
    0x00002ed4   0x00002ed4   0x00000014   Code   RO         2044    i.IRQ020_Handler    hc32_ll_interrupts.o
    0x00002ee8   0x00002ee8   0x00000014   Code   RO         2045    i.IRQ021_Handler    hc32_ll_interrupts.o
    0x00002efc   0x00002efc   0x00000014   Code   RO         2046    i.IRQ022_Handler    hc32_ll_interrupts.o
    0x00002f10   0x00002f10   0x00000014   Code   RO         2047    i.IRQ023_Handler    hc32_ll_interrupts.o
    0x00002f24   0x00002f24   0x00000014   Code   RO         2048    i.IRQ024_Handler    hc32_ll_interrupts.o
    0x00002f38   0x00002f38   0x00000014   Code   RO         2049    i.IRQ025_Handler    hc32_ll_interrupts.o
    0x00002f4c   0x00002f4c   0x00000014   Code   RO         2050    i.IRQ026_Handler    hc32_ll_interrupts.o
    0x00002f60   0x00002f60   0x00000014   Code   RO         2051    i.IRQ027_Handler    hc32_ll_interrupts.o
    0x00002f74   0x00002f74   0x00000014   Code   RO         2052    i.IRQ028_Handler    hc32_ll_interrupts.o
    0x00002f88   0x00002f88   0x00000014   Code   RO         2053    i.IRQ029_Handler    hc32_ll_interrupts.o
    0x00002f9c   0x00002f9c   0x00000014   Code   RO         2054    i.IRQ030_Handler    hc32_ll_interrupts.o
    0x00002fb0   0x00002fb0   0x00000014   Code   RO         2055    i.IRQ031_Handler    hc32_ll_interrupts.o
    0x00002fc4   0x00002fc4   0x00000014   Code   RO         2056    i.IRQ032_Handler    hc32_ll_interrupts.o
    0x00002fd8   0x00002fd8   0x00000014   Code   RO         2057    i.IRQ033_Handler    hc32_ll_interrupts.o
    0x00002fec   0x00002fec   0x00000014   Code   RO         2058    i.IRQ034_Handler    hc32_ll_interrupts.o
    0x00003000   0x00003000   0x00000014   Code   RO         2059    i.IRQ035_Handler    hc32_ll_interrupts.o
    0x00003014   0x00003014   0x00000014   Code   RO         2060    i.IRQ036_Handler    hc32_ll_interrupts.o
    0x00003028   0x00003028   0x00000014   Code   RO         2061    i.IRQ037_Handler    hc32_ll_interrupts.o
    0x0000303c   0x0000303c   0x00000014   Code   RO         2062    i.IRQ038_Handler    hc32_ll_interrupts.o
    0x00003050   0x00003050   0x00000014   Code   RO         2063    i.IRQ039_Handler    hc32_ll_interrupts.o
    0x00003064   0x00003064   0x00000014   Code   RO         2064    i.IRQ040_Handler    hc32_ll_interrupts.o
    0x00003078   0x00003078   0x00000014   Code   RO         2065    i.IRQ041_Handler    hc32_ll_interrupts.o
    0x0000308c   0x0000308c   0x00000014   Code   RO         2066    i.IRQ042_Handler    hc32_ll_interrupts.o
    0x000030a0   0x000030a0   0x00000014   Code   RO         2067    i.IRQ043_Handler    hc32_ll_interrupts.o
    0x000030b4   0x000030b4   0x00000014   Code   RO         2068    i.IRQ044_Handler    hc32_ll_interrupts.o
    0x000030c8   0x000030c8   0x00000014   Code   RO         2069    i.IRQ045_Handler    hc32_ll_interrupts.o
    0x000030dc   0x000030dc   0x00000014   Code   RO         2070    i.IRQ046_Handler    hc32_ll_interrupts.o
    0x000030f0   0x000030f0   0x00000014   Code   RO         2071    i.IRQ047_Handler    hc32_ll_interrupts.o
    0x00003104   0x00003104   0x00000014   Code   RO         2072    i.IRQ048_Handler    hc32_ll_interrupts.o
    0x00003118   0x00003118   0x00000014   Code   RO         2073    i.IRQ049_Handler    hc32_ll_interrupts.o
    0x0000312c   0x0000312c   0x00000014   Code   RO         2074    i.IRQ050_Handler    hc32_ll_interrupts.o
    0x00003140   0x00003140   0x00000014   Code   RO         2075    i.IRQ051_Handler    hc32_ll_interrupts.o
    0x00003154   0x00003154   0x00000014   Code   RO         2076    i.IRQ052_Handler    hc32_ll_interrupts.o
    0x00003168   0x00003168   0x00000014   Code   RO         2077    i.IRQ053_Handler    hc32_ll_interrupts.o
    0x0000317c   0x0000317c   0x00000014   Code   RO         2078    i.IRQ054_Handler    hc32_ll_interrupts.o
    0x00003190   0x00003190   0x00000014   Code   RO         2079    i.IRQ055_Handler    hc32_ll_interrupts.o
    0x000031a4   0x000031a4   0x00000014   Code   RO         2080    i.IRQ056_Handler    hc32_ll_interrupts.o
    0x000031b8   0x000031b8   0x00000014   Code   RO         2081    i.IRQ057_Handler    hc32_ll_interrupts.o
    0x000031cc   0x000031cc   0x00000014   Code   RO         2082    i.IRQ058_Handler    hc32_ll_interrupts.o
    0x000031e0   0x000031e0   0x00000014   Code   RO         2083    i.IRQ059_Handler    hc32_ll_interrupts.o
    0x000031f4   0x000031f4   0x00000014   Code   RO         2084    i.IRQ060_Handler    hc32_ll_interrupts.o
    0x00003208   0x00003208   0x00000014   Code   RO         2085    i.IRQ061_Handler    hc32_ll_interrupts.o
    0x0000321c   0x0000321c   0x00000014   Code   RO         2086    i.IRQ062_Handler    hc32_ll_interrupts.o
    0x00003230   0x00003230   0x00000014   Code   RO         2087    i.IRQ063_Handler    hc32_ll_interrupts.o
    0x00003244   0x00003244   0x00000014   Code   RO         2088    i.IRQ064_Handler    hc32_ll_interrupts.o
    0x00003258   0x00003258   0x00000014   Code   RO         2089    i.IRQ065_Handler    hc32_ll_interrupts.o
    0x0000326c   0x0000326c   0x00000014   Code   RO         2090    i.IRQ066_Handler    hc32_ll_interrupts.o
    0x00003280   0x00003280   0x00000014   Code   RO         2091    i.IRQ067_Handler    hc32_ll_interrupts.o
    0x00003294   0x00003294   0x00000014   Code   RO         2092    i.IRQ068_Handler    hc32_ll_interrupts.o
    0x000032a8   0x000032a8   0x00000014   Code   RO         2093    i.IRQ069_Handler    hc32_ll_interrupts.o
    0x000032bc   0x000032bc   0x00000014   Code   RO         2094    i.IRQ070_Handler    hc32_ll_interrupts.o
    0x000032d0   0x000032d0   0x00000014   Code   RO         2095    i.IRQ071_Handler    hc32_ll_interrupts.o
    0x000032e4   0x000032e4   0x00000014   Code   RO         2096    i.IRQ072_Handler    hc32_ll_interrupts.o
    0x000032f8   0x000032f8   0x00000014   Code   RO         2097    i.IRQ073_Handler    hc32_ll_interrupts.o
    0x0000330c   0x0000330c   0x00000014   Code   RO         2098    i.IRQ074_Handler    hc32_ll_interrupts.o
    0x00003320   0x00003320   0x00000014   Code   RO         2099    i.IRQ075_Handler    hc32_ll_interrupts.o
    0x00003334   0x00003334   0x00000014   Code   RO         2100    i.IRQ076_Handler    hc32_ll_interrupts.o
    0x00003348   0x00003348   0x00000014   Code   RO         2101    i.IRQ077_Handler    hc32_ll_interrupts.o
    0x0000335c   0x0000335c   0x00000014   Code   RO         2102    i.IRQ078_Handler    hc32_ll_interrupts.o
    0x00003370   0x00003370   0x00000014   Code   RO         2103    i.IRQ079_Handler    hc32_ll_interrupts.o
    0x00003384   0x00003384   0x00000014   Code   RO         2104    i.IRQ080_Handler    hc32_ll_interrupts.o
    0x00003398   0x00003398   0x00000014   Code   RO         2105    i.IRQ081_Handler    hc32_ll_interrupts.o
    0x000033ac   0x000033ac   0x00000014   Code   RO         2106    i.IRQ082_Handler    hc32_ll_interrupts.o
    0x000033c0   0x000033c0   0x00000014   Code   RO         2107    i.IRQ083_Handler    hc32_ll_interrupts.o
    0x000033d4   0x000033d4   0x00000014   Code   RO         2108    i.IRQ084_Handler    hc32_ll_interrupts.o
    0x000033e8   0x000033e8   0x00000014   Code   RO         2109    i.IRQ085_Handler    hc32_ll_interrupts.o
    0x000033fc   0x000033fc   0x00000014   Code   RO         2110    i.IRQ086_Handler    hc32_ll_interrupts.o
    0x00003410   0x00003410   0x00000014   Code   RO         2111    i.IRQ087_Handler    hc32_ll_interrupts.o
    0x00003424   0x00003424   0x00000014   Code   RO         2112    i.IRQ088_Handler    hc32_ll_interrupts.o
    0x00003438   0x00003438   0x00000014   Code   RO         2113    i.IRQ089_Handler    hc32_ll_interrupts.o
    0x0000344c   0x0000344c   0x00000014   Code   RO         2114    i.IRQ090_Handler    hc32_ll_interrupts.o
    0x00003460   0x00003460   0x00000014   Code   RO         2115    i.IRQ091_Handler    hc32_ll_interrupts.o
    0x00003474   0x00003474   0x00000014   Code   RO         2116    i.IRQ092_Handler    hc32_ll_interrupts.o
    0x00003488   0x00003488   0x00000014   Code   RO         2117    i.IRQ093_Handler    hc32_ll_interrupts.o
    0x0000349c   0x0000349c   0x00000014   Code   RO         2118    i.IRQ094_Handler    hc32_ll_interrupts.o
    0x000034b0   0x000034b0   0x00000014   Code   RO         2119    i.IRQ095_Handler    hc32_ll_interrupts.o
    0x000034c4   0x000034c4   0x00000014   Code   RO         2120    i.IRQ096_Handler    hc32_ll_interrupts.o
    0x000034d8   0x000034d8   0x00000014   Code   RO         2121    i.IRQ097_Handler    hc32_ll_interrupts.o
    0x000034ec   0x000034ec   0x00000014   Code   RO         2122    i.IRQ098_Handler    hc32_ll_interrupts.o
    0x00003500   0x00003500   0x00000014   Code   RO         2123    i.IRQ099_Handler    hc32_ll_interrupts.o
    0x00003514   0x00003514   0x00000014   Code   RO         2124    i.IRQ100_Handler    hc32_ll_interrupts.o
    0x00003528   0x00003528   0x00000014   Code   RO         2125    i.IRQ101_Handler    hc32_ll_interrupts.o
    0x0000353c   0x0000353c   0x00000014   Code   RO         2126    i.IRQ102_Handler    hc32_ll_interrupts.o
    0x00003550   0x00003550   0x00000014   Code   RO         2127    i.IRQ103_Handler    hc32_ll_interrupts.o
    0x00003564   0x00003564   0x00000014   Code   RO         2128    i.IRQ104_Handler    hc32_ll_interrupts.o
    0x00003578   0x00003578   0x00000014   Code   RO         2129    i.IRQ105_Handler    hc32_ll_interrupts.o
    0x0000358c   0x0000358c   0x00000014   Code   RO         2130    i.IRQ106_Handler    hc32_ll_interrupts.o
    0x000035a0   0x000035a0   0x00000014   Code   RO         2131    i.IRQ107_Handler    hc32_ll_interrupts.o
    0x000035b4   0x000035b4   0x00000014   Code   RO         2132    i.IRQ108_Handler    hc32_ll_interrupts.o
    0x000035c8   0x000035c8   0x00000014   Code   RO         2133    i.IRQ109_Handler    hc32_ll_interrupts.o
    0x000035dc   0x000035dc   0x00000014   Code   RO         2134    i.IRQ110_Handler    hc32_ll_interrupts.o
    0x000035f0   0x000035f0   0x00000014   Code   RO         2135    i.IRQ111_Handler    hc32_ll_interrupts.o
    0x00003604   0x00003604   0x00000014   Code   RO         2136    i.IRQ112_Handler    hc32_ll_interrupts.o
    0x00003618   0x00003618   0x00000014   Code   RO         2137    i.IRQ113_Handler    hc32_ll_interrupts.o
    0x0000362c   0x0000362c   0x00000014   Code   RO         2138    i.IRQ114_Handler    hc32_ll_interrupts.o
    0x00003640   0x00003640   0x00000014   Code   RO         2139    i.IRQ115_Handler    hc32_ll_interrupts.o
    0x00003654   0x00003654   0x00000014   Code   RO         2140    i.IRQ116_Handler    hc32_ll_interrupts.o
    0x00003668   0x00003668   0x00000014   Code   RO         2141    i.IRQ117_Handler    hc32_ll_interrupts.o
    0x0000367c   0x0000367c   0x00000014   Code   RO         2142    i.IRQ118_Handler    hc32_ll_interrupts.o
    0x00003690   0x00003690   0x00000014   Code   RO         2143    i.IRQ119_Handler    hc32_ll_interrupts.o
    0x000036a4   0x000036a4   0x00000014   Code   RO         2144    i.IRQ120_Handler    hc32_ll_interrupts.o
    0x000036b8   0x000036b8   0x00000014   Code   RO         2145    i.IRQ121_Handler    hc32_ll_interrupts.o
    0x000036cc   0x000036cc   0x00000014   Code   RO         2146    i.IRQ122_Handler    hc32_ll_interrupts.o
    0x000036e0   0x000036e0   0x00000014   Code   RO         2147    i.IRQ123_Handler    hc32_ll_interrupts.o
    0x000036f4   0x000036f4   0x00000014   Code   RO         2148    i.IRQ124_Handler    hc32_ll_interrupts.o
    0x00003708   0x00003708   0x00000014   Code   RO         2149    i.IRQ125_Handler    hc32_ll_interrupts.o
    0x0000371c   0x0000371c   0x00000014   Code   RO         2150    i.IRQ126_Handler    hc32_ll_interrupts.o
    0x00003730   0x00003730   0x00000014   Code   RO         2151    i.IRQ127_Handler    hc32_ll_interrupts.o
    0x00003744   0x00003744   0x00000154   Code   RO         2986    i.IRQ128_Handler    hc32f460_ll_interrupts_share.o
    0x00003898   0x00003898   0x00000498   Code   RO         2987    i.IRQ129_Handler    hc32f460_ll_interrupts_share.o
    0x00003d30   0x00003d30   0x000000e8   Code   RO         2988    i.IRQ130_Handler    hc32f460_ll_interrupts_share.o
    0x00003e18   0x00003e18   0x000002c8   Code   RO         2989    i.IRQ131_Handler    hc32f460_ll_interrupts_share.o
    0x000040e0   0x000040e0   0x00000180   Code   RO         2990    i.IRQ132_Handler    hc32f460_ll_interrupts_share.o
    0x00004260   0x00004260   0x00000344   Code   RO         2991    i.IRQ136_Handler    hc32f460_ll_interrupts_share.o
    0x000045a4   0x000045a4   0x00000288   Code   RO         2992    i.IRQ137_Handler    hc32f460_ll_interrupts_share.o
    0x0000482c   0x0000482c   0x00000230   Code   RO         2993    i.IRQ138_Handler    hc32f460_ll_interrupts_share.o
    0x00004a5c   0x00004a5c   0x00000124   Code   RO         2994    i.IRQ139_Handler    hc32f460_ll_interrupts_share.o
    0x00004b80   0x00004b80   0x00000214   Code   RO         2995    i.IRQ140_Handler    hc32f460_ll_interrupts_share.o
    0x00004d94   0x00004d94   0x00000268   Code   RO         2996    i.IRQ141_Handler    hc32f460_ll_interrupts_share.o
    0x00004ffc   0x00004ffc   0x0000010c   Code   RO         2997    i.IRQ142_Handler    hc32f460_ll_interrupts_share.o
    0x00005108   0x00005108   0x0000010c   Code   RO         2998    i.IRQ143_Handler    hc32f460_ll_interrupts_share.o
    0x00005214   0x00005214   0x0000003a   Code   RO         5128    i.LCD_Address_Set   lcd_init.o
    0x0000524e   0x0000524e   0x00000002   PAD
    0x00005250   0x00005250   0x000000a8   Code   RO         4997    i.LCD_Fill          lcd.o
    0x000052f8   0x000052f8   0x00000072   Code   RO         5130    i.LCD_GPIO_Init     lcd_init.o
    0x0000536a   0x0000536a   0x000001b6   Code   RO         5131    i.LCD_Init          lcd_init.o
    0x00005520   0x00005520   0x00000164   Code   RO           92    i.LCD_SPI_Config    main.o
    0x00005684   0x00005684   0x0000002e   Code   RO         5132    i.LCD_WR_DATA       lcd_init.o
    0x000056b2   0x000056b2   0x00000024   Code   RO         5133    i.LCD_WR_DATA8      lcd_init.o
    0x000056d6   0x000056d6   0x00000024   Code   RO         5134    i.LCD_WR_REG        lcd_init.o
    0x000056fa   0x000056fa   0x00000002   PAD
    0x000056fc   0x000056fc   0x00000014   Code   RO         5135    i.LCD_Writ_Bus      lcd_init.o
    0x00005710   0x00005710   0x00000090   Code   RO          265    i.LL_PERIPH_WE      hc32_ll.o
    0x000057a0   0x000057a0   0x00000088   Code   RO          266    i.LL_PERIPH_WP      hc32_ll.o
    0x00005828   0x00005828   0x00000076   Code   RO           93    i.On_Borad_Peripheral_Init  main.o
    0x0000589e   0x0000589e   0x00000002   PAD
    0x000058a0   0x000058a0   0x00000080   Code   RO         1111    i.PWC_HighSpeedToHighPerformance  hc32_ll_pwc.o
    0x00005920   0x00005920   0x00000002   Code   RO         2999    i.PWC_LVD1_IrqHandler  hc32f460_ll_interrupts_share.o
    0x00005922   0x00005922   0x00000002   Code   RO         3000    i.PWC_LVD2_IrqHandler  hc32f460_ll_interrupts_share.o
    0x00005924   0x00005924   0x0000001c   Code   RO          267    i.PWC_REG_Lock      hc32_ll.o
    0x00005940   0x00005940   0x00000018   Code   RO          268    i.PWC_REG_Unlock    hc32_ll.o
    0x00005958   0x00005958   0x00000002   Code   RO         3001    i.PWC_WakeupTimer_IrqHandler  hc32f460_ll_interrupts_share.o
    0x0000595a   0x0000595a   0x00000002   Code   RO         3002    i.QSPI_Error_IrqHandler  hc32f460_ll_interrupts_share.o
    0x0000595c   0x0000595c   0x00000002   Code   RO         3003    i.SDIOC1_IrqHandler  hc32f460_ll_interrupts_share.o
    0x0000595e   0x0000595e   0x00000002   Code   RO         3004    i.SDIOC2_IrqHandler  hc32f460_ll_interrupts_share.o
    0x00005960   0x00005960   0x00000002   Code   RO         3005    i.SPI1_Error_IrqHandler  hc32f460_ll_interrupts_share.o
    0x00005962   0x00005962   0x00000002   Code   RO         3006    i.SPI1_Idle_IrqHandler  hc32f460_ll_interrupts_share.o
    0x00005964   0x00005964   0x00000002   Code   RO         3007    i.SPI1_RxFull_IrqHandler  hc32f460_ll_interrupts_share.o
    0x00005966   0x00005966   0x00000002   Code   RO         3008    i.SPI1_TxEmpty_IrqHandler  hc32f460_ll_interrupts_share.o
    0x00005968   0x00005968   0x00000002   Code   RO         3009    i.SPI2_Error_IrqHandler  hc32f460_ll_interrupts_share.o
    0x0000596a   0x0000596a   0x00000002   Code   RO         3010    i.SPI2_Idle_IrqHandler  hc32f460_ll_interrupts_share.o
    0x0000596c   0x0000596c   0x00000002   Code   RO         3011    i.SPI2_RxFull_IrqHandler  hc32f460_ll_interrupts_share.o
    0x0000596e   0x0000596e   0x00000002   Code   RO         3012    i.SPI2_TxEmpty_IrqHandler  hc32f460_ll_interrupts_share.o
    0x00005970   0x00005970   0x00000002   Code   RO         3013    i.SPI3_Error_IrqHandler  hc32f460_ll_interrupts_share.o
    0x00005972   0x00005972   0x00000002   Code   RO         3014    i.SPI3_Idle_IrqHandler  hc32f460_ll_interrupts_share.o
    0x00005974   0x00005974   0x00000002   Code   RO         3015    i.SPI3_RxFull_IrqHandler  hc32f460_ll_interrupts_share.o
    0x00005976   0x00005976   0x00000002   Code   RO         3016    i.SPI3_TxEmpty_IrqHandler  hc32f460_ll_interrupts_share.o
    0x00005978   0x00005978   0x00000002   Code   RO         3017    i.SPI4_Error_IrqHandler  hc32f460_ll_interrupts_share.o
    0x0000597a   0x0000597a   0x00000002   Code   RO         3018    i.SPI4_Idle_IrqHandler  hc32f460_ll_interrupts_share.o
    0x0000597c   0x0000597c   0x00000002   Code   RO         3019    i.SPI4_RxFull_IrqHandler  hc32f460_ll_interrupts_share.o
    0x0000597e   0x0000597e   0x00000002   Code   RO         3020    i.SPI4_TxEmpty_IrqHandler  hc32f460_ll_interrupts_share.o
    0x00005980   0x00005980   0x000000c0   Code   RO         1464    i.SPI_Cmd           hc32_ll_spi.o
    0x00005a40   0x00005a40   0x00000014   Code   RO         1466    i.SPI_DelayStructInit  hc32_ll_spi.o
    0x00005a54   0x00005a54   0x000000b8   Code   RO         1468    i.SPI_GetStatus     hc32_ll_spi.o
    0x00005b0c   0x00005b0c   0x000002cc   Code   RO         1469    i.SPI_Init          hc32_ll_spi.o
    0x00005dd8   0x00005dd8   0x0000002e   Code   RO         1480    i.SPI_StructInit    hc32_ll_spi.o
    0x00005e06   0x00005e06   0x00000046   Code   RO         1481    i.SPI_Trans         hc32_ll_spi.o
    0x00005e4c   0x00005e4c   0x000000f8   Code   RO         1483    i.SPI_Tx            hc32_ll_spi.o
    0x00005f44   0x00005f44   0x000001d4   Code   RO         1484    i.SPI_TxRx          hc32_ll_spi.o
    0x00006118   0x00006118   0x0000001e   Code   RO         1485    i.SPI_WaitStatus    hc32_ll_spi.o
    0x00006136   0x00006136   0x00000002   PAD
    0x00006138   0x00006138   0x0000007c   Code   RO         1486    i.SPI_WriteData     hc32_ll_spi.o
    0x000061b4   0x000061b4   0x000000f4   Code   RO         1052    i.SRAM_SetWaitCycle  hc32_ll_sram.o
    0x000062a8   0x000062a8   0x00000002   Code   RO         3021    i.SWDT_IrqHandler   hc32f460_ll_interrupts_share.o
    0x000062aa   0x000062aa   0x00000002   PAD
    0x000062ac   0x000062ac   0x00000338   Code   RO          596    i.SetSysClockDiv    hc32_ll_clk.o
    0x000065e4   0x000065e4   0x00000110   Code   RO          597    i.SetSysClockSrc    hc32_ll_clk.o
    0x000066f4   0x000066f4   0x0000002c   Code   RO           95    i.SysTick_Handler   main.o
    0x00006720   0x00006720   0x00000018   Code   RO          483    i.SysTick_IncTick   hc32_ll_utility.o
    0x00006738   0x00006738   0x00000090   Code   RO          484    i.SysTick_Init      hc32_ll_utility.o
    0x000067c8   0x000067c8   0x000000d0   Code   RO           13    i.SystemCoreClockUpdate  system_hc32f460.o
    0x00006898   0x00006898   0x00000018   Code   RO           14    i.SystemInit        system_hc32f460.o
    0x000068b0   0x000068b0   0x00000078   Code   RO           96    i.SystemInit_QspiMem  main.o
    0x00006928   0x00006928   0x00000002   Code   RO         3022    i.TMR0_1_CmpA_IrqHandler  hc32f460_ll_interrupts_share.o
    0x0000692a   0x0000692a   0x00000002   Code   RO         3023    i.TMR0_1_CmpB_IrqHandler  hc32f460_ll_interrupts_share.o
    0x0000692c   0x0000692c   0x00000002   Code   RO         3024    i.TMR0_2_CmpA_IrqHandler  hc32f460_ll_interrupts_share.o
    0x0000692e   0x0000692e   0x00000002   Code   RO         3025    i.TMR0_2_CmpB_IrqHandler  hc32f460_ll_interrupts_share.o
    0x00006930   0x00006930   0x00000002   Code   RO         3026    i.TMR4_1_GCmpUH_IrqHandler  hc32f460_ll_interrupts_share.o
    0x00006932   0x00006932   0x00000002   Code   RO         3027    i.TMR4_1_GCmpUL_IrqHandler  hc32f460_ll_interrupts_share.o
    0x00006934   0x00006934   0x00000002   Code   RO         3028    i.TMR4_1_GCmpVH_IrqHandler  hc32f460_ll_interrupts_share.o
    0x00006936   0x00006936   0x00000002   Code   RO         3029    i.TMR4_1_GCmpVL_IrqHandler  hc32f460_ll_interrupts_share.o
    0x00006938   0x00006938   0x00000002   Code   RO         3030    i.TMR4_1_GCmpWH_IrqHandler  hc32f460_ll_interrupts_share.o
    0x0000693a   0x0000693a   0x00000002   Code   RO         3031    i.TMR4_1_GCmpWL_IrqHandler  hc32f460_ll_interrupts_share.o
    0x0000693c   0x0000693c   0x00000002   Code   RO         3032    i.TMR4_1_GOvf_IrqHandler  hc32f460_ll_interrupts_share.o
    0x0000693e   0x0000693e   0x00000002   Code   RO         3033    i.TMR4_1_GUdf_IrqHandler  hc32f460_ll_interrupts_share.o
    0x00006940   0x00006940   0x00000002   Code   RO         3034    i.TMR4_1_ReloadU_IrqHandler  hc32f460_ll_interrupts_share.o
    0x00006942   0x00006942   0x00000002   Code   RO         3035    i.TMR4_1_ReloadV_IrqHandler  hc32f460_ll_interrupts_share.o
    0x00006944   0x00006944   0x00000002   Code   RO         3036    i.TMR4_1_ReloadW_IrqHandler  hc32f460_ll_interrupts_share.o
    0x00006946   0x00006946   0x00000002   Code   RO         3037    i.TMR4_2_GCmpUH_IrqHandler  hc32f460_ll_interrupts_share.o
    0x00006948   0x00006948   0x00000002   Code   RO         3038    i.TMR4_2_GCmpUL_IrqHandler  hc32f460_ll_interrupts_share.o
    0x0000694a   0x0000694a   0x00000002   Code   RO         3039    i.TMR4_2_GCmpVH_IrqHandler  hc32f460_ll_interrupts_share.o
    0x0000694c   0x0000694c   0x00000002   Code   RO         3040    i.TMR4_2_GCmpVL_IrqHandler  hc32f460_ll_interrupts_share.o
    0x0000694e   0x0000694e   0x00000002   Code   RO         3041    i.TMR4_2_GCmpWH_IrqHandler  hc32f460_ll_interrupts_share.o
    0x00006950   0x00006950   0x00000002   Code   RO         3042    i.TMR4_2_GCmpWL_IrqHandler  hc32f460_ll_interrupts_share.o
    0x00006952   0x00006952   0x00000002   Code   RO         3043    i.TMR4_2_GOvf_IrqHandler  hc32f460_ll_interrupts_share.o
    0x00006954   0x00006954   0x00000002   Code   RO         3044    i.TMR4_2_GUdf_IrqHandler  hc32f460_ll_interrupts_share.o
    0x00006956   0x00006956   0x00000002   Code   RO         3045    i.TMR4_2_ReloadU_IrqHandler  hc32f460_ll_interrupts_share.o
    0x00006958   0x00006958   0x00000002   Code   RO         3046    i.TMR4_2_ReloadV_IrqHandler  hc32f460_ll_interrupts_share.o
    0x0000695a   0x0000695a   0x00000002   Code   RO         3047    i.TMR4_2_ReloadW_IrqHandler  hc32f460_ll_interrupts_share.o
    0x0000695c   0x0000695c   0x00000002   Code   RO         3048    i.TMR4_3_GCmpUH_IrqHandler  hc32f460_ll_interrupts_share.o
    0x0000695e   0x0000695e   0x00000002   Code   RO         3049    i.TMR4_3_GCmpUL_IrqHandler  hc32f460_ll_interrupts_share.o
    0x00006960   0x00006960   0x00000002   Code   RO         3050    i.TMR4_3_GCmpVH_IrqHandler  hc32f460_ll_interrupts_share.o
    0x00006962   0x00006962   0x00000002   Code   RO         3051    i.TMR4_3_GCmpVL_IrqHandler  hc32f460_ll_interrupts_share.o
    0x00006964   0x00006964   0x00000002   Code   RO         3052    i.TMR4_3_GCmpWH_IrqHandler  hc32f460_ll_interrupts_share.o
    0x00006966   0x00006966   0x00000002   Code   RO         3053    i.TMR4_3_GCmpWL_IrqHandler  hc32f460_ll_interrupts_share.o
    0x00006968   0x00006968   0x00000002   Code   RO         3054    i.TMR4_3_GOvf_IrqHandler  hc32f460_ll_interrupts_share.o
    0x0000696a   0x0000696a   0x00000002   Code   RO         3055    i.TMR4_3_GUdf_IrqHandler  hc32f460_ll_interrupts_share.o
    0x0000696c   0x0000696c   0x00000002   Code   RO         3056    i.TMR4_3_ReloadU_IrqHandler  hc32f460_ll_interrupts_share.o
    0x0000696e   0x0000696e   0x00000002   Code   RO         3057    i.TMR4_3_ReloadV_IrqHandler  hc32f460_ll_interrupts_share.o
    0x00006970   0x00006970   0x00000002   Code   RO         3058    i.TMR4_3_ReloadW_IrqHandler  hc32f460_ll_interrupts_share.o
    0x00006972   0x00006972   0x00000002   Code   RO         3059    i.TMR6_1_GCmpA_IrqHandler  hc32f460_ll_interrupts_share.o
    0x00006974   0x00006974   0x00000002   Code   RO         3060    i.TMR6_1_GCmpB_IrqHandler  hc32f460_ll_interrupts_share.o
    0x00006976   0x00006976   0x00000002   Code   RO         3061    i.TMR6_1_GCmpC_IrqHandler  hc32f460_ll_interrupts_share.o
    0x00006978   0x00006978   0x00000002   Code   RO         3062    i.TMR6_1_GCmpD_IrqHandler  hc32f460_ll_interrupts_share.o
    0x0000697a   0x0000697a   0x00000002   Code   RO         3063    i.TMR6_1_GCmpE_IrqHandler  hc32f460_ll_interrupts_share.o
    0x0000697c   0x0000697c   0x00000002   Code   RO         3064    i.TMR6_1_GCmpF_IrqHandler  hc32f460_ll_interrupts_share.o
    0x0000697e   0x0000697e   0x00000002   Code   RO         3065    i.TMR6_1_GDte_IrqHandler  hc32f460_ll_interrupts_share.o
    0x00006980   0x00006980   0x00000002   Code   RO         3066    i.TMR6_1_GOvf_IrqHandler  hc32f460_ll_interrupts_share.o
    0x00006982   0x00006982   0x00000002   Code   RO         3067    i.TMR6_1_GUdf_IrqHandler  hc32f460_ll_interrupts_share.o
    0x00006984   0x00006984   0x00000002   Code   RO         3068    i.TMR6_1_SCmpA_IrqHandler  hc32f460_ll_interrupts_share.o
    0x00006986   0x00006986   0x00000002   Code   RO         3069    i.TMR6_1_SCmpB_IrqHandler  hc32f460_ll_interrupts_share.o
    0x00006988   0x00006988   0x00000002   Code   RO         3070    i.TMR6_2_GCmpA_IrqHandler  hc32f460_ll_interrupts_share.o
    0x0000698a   0x0000698a   0x00000002   Code   RO         3071    i.TMR6_2_GCmpB_IrqHandler  hc32f460_ll_interrupts_share.o
    0x0000698c   0x0000698c   0x00000002   Code   RO         3072    i.TMR6_2_GCmpC_IrqHandler  hc32f460_ll_interrupts_share.o
    0x0000698e   0x0000698e   0x00000002   Code   RO         3073    i.TMR6_2_GCmpD_IrqHandler  hc32f460_ll_interrupts_share.o
    0x00006990   0x00006990   0x00000002   Code   RO         3074    i.TMR6_2_GCmpE_IrqHandler  hc32f460_ll_interrupts_share.o
    0x00006992   0x00006992   0x00000002   Code   RO         3075    i.TMR6_2_GCmpF_IrqHandler  hc32f460_ll_interrupts_share.o
    0x00006994   0x00006994   0x00000002   Code   RO         3076    i.TMR6_2_GDte_IrqHandler  hc32f460_ll_interrupts_share.o
    0x00006996   0x00006996   0x00000002   Code   RO         3077    i.TMR6_2_GOvf_IrqHandler  hc32f460_ll_interrupts_share.o
    0x00006998   0x00006998   0x00000002   Code   RO         3078    i.TMR6_2_GUdf_IrqHandler  hc32f460_ll_interrupts_share.o
    0x0000699a   0x0000699a   0x00000002   Code   RO         3079    i.TMR6_2_SCmpA_IrqHandler  hc32f460_ll_interrupts_share.o
    0x0000699c   0x0000699c   0x00000002   Code   RO         3080    i.TMR6_2_SCmpB_IrqHandler  hc32f460_ll_interrupts_share.o
    0x0000699e   0x0000699e   0x00000002   Code   RO         3081    i.TMR6_3_GCmpA_IrqHandler  hc32f460_ll_interrupts_share.o
    0x000069a0   0x000069a0   0x00000002   Code   RO         3082    i.TMR6_3_GCmpB_IrqHandler  hc32f460_ll_interrupts_share.o
    0x000069a2   0x000069a2   0x00000002   Code   RO         3083    i.TMR6_3_GCmpC_IrqHandler  hc32f460_ll_interrupts_share.o
    0x000069a4   0x000069a4   0x00000002   Code   RO         3084    i.TMR6_3_GCmpD_IrqHandler  hc32f460_ll_interrupts_share.o
    0x000069a6   0x000069a6   0x00000002   Code   RO         3085    i.TMR6_3_GCmpE_IrqHandler  hc32f460_ll_interrupts_share.o
    0x000069a8   0x000069a8   0x00000002   Code   RO         3086    i.TMR6_3_GCmpF_IrqHandler  hc32f460_ll_interrupts_share.o
    0x000069aa   0x000069aa   0x00000002   Code   RO         3087    i.TMR6_3_GDte_IrqHandler  hc32f460_ll_interrupts_share.o
    0x000069ac   0x000069ac   0x00000002   Code   RO         3088    i.TMR6_3_GOvf_IrqHandler  hc32f460_ll_interrupts_share.o
    0x000069ae   0x000069ae   0x00000002   Code   RO         3089    i.TMR6_3_GUdf_IrqHandler  hc32f460_ll_interrupts_share.o
    0x000069b0   0x000069b0   0x00000002   Code   RO         3090    i.TMR6_3_SCmpA_IrqHandler  hc32f460_ll_interrupts_share.o
    0x000069b2   0x000069b2   0x00000002   Code   RO         3091    i.TMR6_3_SCmpB_IrqHandler  hc32f460_ll_interrupts_share.o
    0x000069b4   0x000069b4   0x00000002   Code   RO         3092    i.TMRA_1_Cmp_IrqHandler  hc32f460_ll_interrupts_share.o
    0x000069b6   0x000069b6   0x00000002   Code   RO         3093    i.TMRA_1_Ovf_IrqHandler  hc32f460_ll_interrupts_share.o
    0x000069b8   0x000069b8   0x00000002   Code   RO         3094    i.TMRA_1_Udf_IrqHandler  hc32f460_ll_interrupts_share.o
    0x000069ba   0x000069ba   0x00000002   Code   RO         3095    i.TMRA_2_Cmp_IrqHandler  hc32f460_ll_interrupts_share.o
    0x000069bc   0x000069bc   0x00000002   Code   RO         3096    i.TMRA_2_Ovf_IrqHandler  hc32f460_ll_interrupts_share.o
    0x000069be   0x000069be   0x00000002   Code   RO         3097    i.TMRA_2_Udf_IrqHandler  hc32f460_ll_interrupts_share.o
    0x000069c0   0x000069c0   0x00000002   Code   RO         3098    i.TMRA_3_Cmp_IrqHandler  hc32f460_ll_interrupts_share.o
    0x000069c2   0x000069c2   0x00000002   Code   RO         3099    i.TMRA_3_Ovf_IrqHandler  hc32f460_ll_interrupts_share.o
    0x000069c4   0x000069c4   0x00000002   Code   RO         3100    i.TMRA_3_Udf_IrqHandler  hc32f460_ll_interrupts_share.o
    0x000069c6   0x000069c6   0x00000002   Code   RO         3101    i.TMRA_4_Cmp_IrqHandler  hc32f460_ll_interrupts_share.o
    0x000069c8   0x000069c8   0x00000002   Code   RO         3102    i.TMRA_4_Ovf_IrqHandler  hc32f460_ll_interrupts_share.o
    0x000069ca   0x000069ca   0x00000002   Code   RO         3103    i.TMRA_4_Udf_IrqHandler  hc32f460_ll_interrupts_share.o
    0x000069cc   0x000069cc   0x00000002   Code   RO         3104    i.TMRA_5_Cmp_IrqHandler  hc32f460_ll_interrupts_share.o
    0x000069ce   0x000069ce   0x00000002   Code   RO         3105    i.TMRA_5_Ovf_IrqHandler  hc32f460_ll_interrupts_share.o
    0x000069d0   0x000069d0   0x00000002   Code   RO         3106    i.TMRA_5_Udf_IrqHandler  hc32f460_ll_interrupts_share.o
    0x000069d2   0x000069d2   0x00000002   Code   RO         3107    i.TMRA_6_Cmp_IrqHandler  hc32f460_ll_interrupts_share.o
    0x000069d4   0x000069d4   0x00000002   Code   RO         3108    i.TMRA_6_Ovf_IrqHandler  hc32f460_ll_interrupts_share.o
    0x000069d6   0x000069d6   0x00000002   Code   RO         3109    i.TMRA_6_Udf_IrqHandler  hc32f460_ll_interrupts_share.o
    0x000069d8   0x000069d8   0x00000002   Code   RO         3110    i.USART1_RxError_IrqHandler  hc32f460_ll_interrupts_share.o
    0x000069da   0x000069da   0x00000002   Code   RO         3111    i.USART1_RxFull_IrqHandler  hc32f460_ll_interrupts_share.o
    0x000069dc   0x000069dc   0x00000002   Code   RO         3112    i.USART1_RxTO_IrqHandler  hc32f460_ll_interrupts_share.o
    0x000069de   0x000069de   0x00000002   Code   RO         3113    i.USART1_TxComplete_IrqHandler  hc32f460_ll_interrupts_share.o
    0x000069e0   0x000069e0   0x00000002   Code   RO         3114    i.USART1_TxEmpty_IrqHandler  hc32f460_ll_interrupts_share.o
    0x000069e2   0x000069e2   0x00000002   Code   RO         3115    i.USART2_RxError_IrqHandler  hc32f460_ll_interrupts_share.o
    0x000069e4   0x000069e4   0x00000002   Code   RO         3116    i.USART2_RxFull_IrqHandler  hc32f460_ll_interrupts_share.o
    0x000069e6   0x000069e6   0x00000002   Code   RO         3117    i.USART2_RxTO_IrqHandler  hc32f460_ll_interrupts_share.o
    0x000069e8   0x000069e8   0x00000002   Code   RO         3118    i.USART2_TxComplete_IrqHandler  hc32f460_ll_interrupts_share.o
    0x000069ea   0x000069ea   0x00000002   Code   RO         3119    i.USART2_TxEmpty_IrqHandler  hc32f460_ll_interrupts_share.o
    0x000069ec   0x000069ec   0x00000002   Code   RO         3120    i.USART3_RxError_IrqHandler  hc32f460_ll_interrupts_share.o
    0x000069ee   0x000069ee   0x00000002   Code   RO         3121    i.USART3_RxFull_IrqHandler  hc32f460_ll_interrupts_share.o
    0x000069f0   0x000069f0   0x00000002   Code   RO         3122    i.USART3_RxTO_IrqHandler  hc32f460_ll_interrupts_share.o
    0x000069f2   0x000069f2   0x00000002   Code   RO         3123    i.USART3_TxComplete_IrqHandler  hc32f460_ll_interrupts_share.o
    0x000069f4   0x000069f4   0x00000002   Code   RO         3124    i.USART3_TxEmpty_IrqHandler  hc32f460_ll_interrupts_share.o
    0x000069f6   0x000069f6   0x00000002   Code   RO         3125    i.USART4_RxError_IrqHandler  hc32f460_ll_interrupts_share.o
    0x000069f8   0x000069f8   0x00000002   Code   RO         3126    i.USART4_RxFull_IrqHandler  hc32f460_ll_interrupts_share.o
    0x000069fa   0x000069fa   0x00000002   Code   RO         3127    i.USART4_RxTO_IrqHandler  hc32f460_ll_interrupts_share.o
    0x000069fc   0x000069fc   0x00000002   Code   RO         3128    i.USART4_TxComplete_IrqHandler  hc32f460_ll_interrupts_share.o
    0x000069fe   0x000069fe   0x00000002   Code   RO         3129    i.USART4_TxEmpty_IrqHandler  hc32f460_ll_interrupts_share.o
    0x00006a00   0x00006a00   0x00000002   Code   RO         3130    i.USBFS_Global_IrqHandler  hc32f460_ll_interrupts_share.o
    0x00006a02   0x00006a02   0x00000002   Code   RO         3131    i.WDT_IrqHandler    hc32f460_ll_interrupts_share.o
    0x00006a04   0x00006a04   0x0000000e   Code   RO         5489    i.__scatterload_copy  mc_w.l(handlers.o)
    0x00006a12   0x00006a12   0x00000002   Code   RO         5490    i.__scatterload_null  mc_w.l(handlers.o)
    0x00006a14   0x00006a14   0x0000000e   Code   RO         5491    i.__scatterload_zeroinit  mc_w.l(handlers.o)
    0x00006a22   0x00006a22   0x00000014   Code   RO         5326    i.button_attach     multi_button.o
    0x00006a36   0x00006a36   0x00000270   Code   RO         5330    i.button_handler    multi_button.o
    0x00006ca6   0x00006ca6   0x0000004e   Code   RO         5331    i.button_init       multi_button.o
    0x00006cf4   0x00006cf4   0x00000034   Code   RO         5334    i.button_start      multi_button.o
    0x00006d28   0x00006d28   0x0000001c   Code   RO         5336    i.button_ticks      multi_button.o
    0x00006d44   0x00006d44   0x00000010   Code   RO           97    i.left1_btn_double_click_callback  main.o
    0x00006d54   0x00006d54   0x00000010   Code   RO           98    i.left1_btn_single_click_callback  main.o
    0x00006d64   0x00006d64   0x000000c8   Code   RO           99    i.main              main.o
    0x00006e2c   0x00006e2c   0x0000004c   Code   RO          100    i.read_button_gpio  main.o
    0x00006e78   0x00006e78   0x00000020   Data   RO         5487    Region$$Table       anon$$obj.o


    Execution Region RW_IRAM1 (Exec base: 0x1fff8000, Load base: 0x00006e98, Size: 0x00000008, Max: 0x00000008, ABSOLUTE, UNINIT)

    Exec Addr    Load Addr    Size         Type   Attr      Idx    E Section Name        Object

    0x1fff8000        -       0x00000008   Zero   RW           16    .bss.noinit         system_hc32f460.o


    Execution Region RW_IRAM2 (Exec base: 0x1fff8008, Load base: 0x00006e98, Size: 0x000022b8, Max: 0x0002eff8, ABSOLUTE)

    Exec Addr    Load Addr    Size         Type   Attr      Idx    E Section Name        Object

    0x1fff8008   0x00006e98   0x00000027   Data   RW          103    .data               main.o
    0x1fff802f   0x00006ebf   0x00000001   PAD
    0x1fff8030   0x00006ec0   0x00000008   Data   RW          487    .data               hc32_ll_utility.o
    0x1fff8038   0x00006ec8   0x00000004   Data   RW         5337    .data               multi_button.o
    0x1fff803c        -       0x00000084   Zero   RW          101    .bss                main.o
    0x1fff80c0        -       0x00000200   Zero   RW         2157    .bss                hc32_ll_interrupts.o
    0x1fff82c0        -       0x00002000   Zero   RW            1    STACK               startup_hc32f460.o


    Execution Region RW_IRAMB (Exec base: 0x200f0000, Load base: 0x00006ecc, Size: 0x00000000, Max: 0x00001000, ABSOLUTE)

    **** No section assigned to this execution region ****



  Load Region EX_QSPI_ROM (Base: 0x98000000, Size: 0x00151800, Max: 0x00800000, ABSOLUTE)

    Execution Region QSPI_ROM (Exec base: 0x98000000, Load base: 0x98000000, Size: 0x00151800, Max: 0x00800000, ABSOLUTE)

    Exec Addr    Load Addr    Size         Type   Attr      Idx    E Section Name        Object

    0x98000000   0x98000000   0x00025800   Data   RO         5245    .ex_rom             test_pic.o
    0x98025800   0x98025800   0x00025800   Data   RO         5254    .ex_rom             micu_board.o
    0x9804b000   0x9804b000   0x00025800   Data   RO         5263    .ex_rom             bear.o
    0x98070800   0x98070800   0x00025800   Data   RO         5272    .ex_rom             cute_girl.o
    0x98096000   0x98096000   0x00025800   Data   RO         5281    .ex_rom             dog.o
    0x980bb800   0x980bb800   0x00025800   Data   RO         5290    .ex_rom             dragon.o
    0x980e1000   0x980e1000   0x00025800   Data   RO         5299    .ex_rom             monster.o
    0x98106800   0x98106800   0x00025800   Data   RO         5308    .ex_rom             mouse.o
    0x9812c000   0x9812c000   0x00025800   Data   RO         5317    .ex_rom             tree.o


==============================================================================

Image component sizes


      Code (inc. data)   RO Data    RW Data    ZI Data      Debug   Object Name

         0          0     153600          0          0        571   bear.o
         0          0     153600          0          0        596   cute_girl.o
       398         16          0          0          0       3180   da213.o
         0          0     153600          0          0        562   dog.o
         0          0     153600          0          0        581   dragon.o
       332         64          0          0          0      20422   hc32_ll.o
       112         62          0          0          0        669   hc32_ll_aos.o
      2844        500          0          0          0      17698   hc32_ll_clk.o
       614        132          0          0          0       5619   hc32_ll_dma.o
       436        198          0          0          0       1938   hc32_ll_efm.o
       312        128          0          0          0       1382   hc32_ll_fcg.o
      1944        552          0          0          0      10721   hc32_ll_gpio.o
      3756       1422          0          0          0      17252   hc32_ll_i2c.o
         0          0         32          0          0        746   hc32_ll_icg.o
      2796        644          0          0        512      72945   hc32_ll_interrupts.o
       128         60          0          0          0        605   hc32_ll_pwc.o
      2098        408          0          0          0      12524   hc32_ll_spi.o
       244         62          0          0          0        836   hc32_ll_sram.o
       300         52          0          8          0      34024   hc32_ll_utility.o
      7306        456          0          0          0     136049   hc32f460_ll_interrupts_share.o
       168          4          0          0          0        875   lcd.o
       748          4          0          0          0       4094   lcd_init.o
      1190         92          0         39        132      73884   main.o
         0          0     153600          0          0        601   micu_board.o
         0          0     153600          0          0        582   monster.o
         0          0     153600          0          0        576   mouse.o
       802         18          0          4          0       5336   multi_button.o
       100         24        640          0       8192        836   startup_hc32f460.o
       232         46          0          0          8     268541   system_hc32f460.o
         0          0     153600          0          0        583   test_pic.o
         0          0     153600          0          0        571   tree.o

    ----------------------------------------------------------------------
     26884       4944    1383104         52       8844     695399   Object Totals
         0          0         32          0          0          0   (incl. Generated)
        24          0          0          1          0          0   (incl. Padding)

    ----------------------------------------------------------------------

      Code (inc. data)   RO Data    RW Data    ZI Data      Debug   Library Member Name

         0          0          0          0          0          0   entry.o
         0          0          0          0          0          0   entry10a.o
         0          0          0          0          0          0   entry11a.o
         8          4          0          0          0          0   entry2.o
         4          0          0          0          0          0   entry5.o
         0          0          0          0          0          0   entry7b.o
         0          0          0          0          0          0   entry8b.o
         8          4          0          0          0          0   entry9a.o
        30          0          0          0          0          0   handlers.o
        36          8          0          0          0         68   init.o
         0          0          0          0          0          0   iusefp.o
        36          0          0          0          0        108   memseta.o
        20          0          0          0          0         68   cfcmple.o
        20          0          0          0          0         68   cfrcmple.o
       176          0          0          0          0        140   fadd.o
       124          0          0          0          0         88   fdiv.o
       110          0          0          0          0        168   fepilogue.o
        40          0          0          0          0         68   ffixui.o
        10          0          0          0          0         68   ffltui.o
       100          0          0          0          0         76   fmul.o

    ----------------------------------------------------------------------
       724         16          0          0          0        920   Library Totals
         2          0          0          0          0          0   (incl. Padding)

    ----------------------------------------------------------------------

      Code (inc. data)   RO Data    RW Data    ZI Data      Debug   Library Name

       122         16          0          0          0        176   mc_w.l
       600          0          0          0          0        744   mf_w.l

    ----------------------------------------------------------------------
       724         16          0          0          0        920   Library Totals

    ----------------------------------------------------------------------

==============================================================================


      Code (inc. data)   RO Data    RW Data    ZI Data      Debug   

     27608       4960    1383104         52       8844     671979   Grand Totals
     27608       4960    1383104         52       8844     671979   ELF Image Totals
     27608       4960    1383104         52          0          0   ROM Totals

==============================================================================

    Total RO  Size (Code + RO Data)              1410712 (1377.65kB)
    Total RW  Size (RW Data + ZI Data)              8896 (   8.69kB)
    Total ROM Size (Code + RO Data + RW Data)    1410764 (1377.70kB)

==============================================================================

