<!doctype html public "-//w3c//dtd html 4.0 transitional//en">
<html><head>
<title>Static Call Graph - [.\output\debug\template.axf]</title></head>
<body><HR>
<H1>Static Call Graph for image .\output\debug\template.axf</H1><HR>
<BR><P>#&#060CALLGRAPH&#062# ARM Linker, 5060750: Last Updated: Fri Jan 23 11:44:35 2026
<BR><P>
<H3>Maximum Stack Usage =        968 bytes + Unknown(Cycles, Untraceable Function Pointers)</H3><H3>
Call chain for Maximum Stack Depth:</H3>
lv_table_event &rArr; draw_main &rArr; lv_draw_label &rArr; lv_txt_get_size &rArr; _lv_txt_get_next_line &rArr; lv_txt_get_next_word &rArr; lv_font_get_glyph_width &rArr; lv_font_get_glyph_dsc
<P>
<H3>
Mutually Recursive functions
</H3> <LI><a href="#[8]">NMI_Handler</a>&nbsp;&nbsp;&nbsp;&rArr;&nbsp;&nbsp;&nbsp;<a href="#[8]">NMI_Handler</a><BR>
 <LI><a href="#[9]">HardFault_Handler</a>&nbsp;&nbsp;&nbsp;&rArr;&nbsp;&nbsp;&nbsp;<a href="#[9]">HardFault_Handler</a><BR>
 <LI><a href="#[a]">MemManage_Handler</a>&nbsp;&nbsp;&nbsp;&rArr;&nbsp;&nbsp;&nbsp;<a href="#[a]">MemManage_Handler</a><BR>
 <LI><a href="#[b]">BusFault_Handler</a>&nbsp;&nbsp;&nbsp;&rArr;&nbsp;&nbsp;&nbsp;<a href="#[b]">BusFault_Handler</a><BR>
 <LI><a href="#[c]">UsageFault_Handler</a>&nbsp;&nbsp;&nbsp;&rArr;&nbsp;&nbsp;&nbsp;<a href="#[c]">UsageFault_Handler</a><BR>
 <LI><a href="#[d]">SVC_Handler</a>&nbsp;&nbsp;&nbsp;&rArr;&nbsp;&nbsp;&nbsp;<a href="#[d]">SVC_Handler</a><BR>
 <LI><a href="#[e]">DebugMon_Handler</a>&nbsp;&nbsp;&nbsp;&rArr;&nbsp;&nbsp;&nbsp;<a href="#[e]">DebugMon_Handler</a><BR>
 <LI><a href="#[f]">PendSV_Handler</a>&nbsp;&nbsp;&nbsp;&rArr;&nbsp;&nbsp;&nbsp;<a href="#[f]">PendSV_Handler</a><BR>
 <LI><a href="#[96]">IRQ133_Handler</a>&nbsp;&nbsp;&nbsp;&rArr;&nbsp;&nbsp;&nbsp;<a href="#[96]">IRQ133_Handler</a><BR>
 <LI><a href="#[27a]">_lv_area_is_point_on</a>&nbsp;&nbsp;&nbsp;&rArr;&nbsp;&nbsp;&nbsp;<a href="#[27a]">_lv_area_is_point_on</a><BR>
 <LI><a href="#[4fe]">lv_obj_transform_point</a>&nbsp;&nbsp;&nbsp;&rArr;&nbsp;&nbsp;&nbsp;<a href="#[4fe]">lv_obj_transform_point</a><BR>
 <LI><a href="#[3c1]">event_send_core</a>&nbsp;&nbsp;&nbsp;&rArr;&nbsp;&nbsp;&nbsp;<a href="#[3c1]">event_send_core</a><BR>
 <LI><a href="#[505]">refresh_children_style</a>&nbsp;&nbsp;&nbsp;&rArr;&nbsp;&nbsp;&nbsp;<a href="#[505]">refresh_children_style</a><BR>
 <LI><a href="#[2e5]">apply_theme</a>&nbsp;&nbsp;&nbsp;&rArr;&nbsp;&nbsp;&nbsp;<a href="#[2e5]">apply_theme</a><BR>
 <LI><a href="#[4cb]">lv_obj_is_group_def</a>&nbsp;&nbsp;&nbsp;&rArr;&nbsp;&nbsp;&nbsp;<a href="#[4cb]">lv_obj_is_group_def</a><BR>
 <LI><a href="#[4c9]">lv_obj_construct</a>&nbsp;&nbsp;&nbsp;&rArr;&nbsp;&nbsp;&nbsp;<a href="#[4c9]">lv_obj_construct</a><BR>
 <LI><a href="#[2c5]">lv_obj_move_children_by</a>&nbsp;&nbsp;&nbsp;&rArr;&nbsp;&nbsp;&nbsp;<a href="#[2c5]">lv_obj_move_children_by</a><BR>
 <LI><a href="#[509]">lv_obj_scroll_by_bounded</a>&nbsp;&nbsp;&nbsp;&rArr;&nbsp;&nbsp;&nbsp;<a href="#[27f]">lv_obj_update_layout</a><BR>
 <LI><a href="#[404]">layout_update_core</a>&nbsp;&nbsp;&nbsp;&rArr;&nbsp;&nbsp;&nbsp;<a href="#[404]">layout_update_core</a><BR>
 <LI><a href="#[2de]">_vsnprintf</a>&nbsp;&nbsp;&nbsp;&rArr;&nbsp;&nbsp;&nbsp;<a href="#[2de]">_vsnprintf</a><BR>
 <LI><a href="#[500]">lv_obj_redraw</a>&nbsp;&nbsp;&nbsp;&rArr;&nbsp;&nbsp;&nbsp;<a href="#[501]">refr_obj</a><BR>
 <LI><a href="#[517]">lv_refr_get_top_obj</a>&nbsp;&nbsp;&nbsp;&rArr;&nbsp;&nbsp;&nbsp;<a href="#[517]">lv_refr_get_top_obj</a><BR>
 <LI><a href="#[11b]">DDL_AssertHandler</a>&nbsp;&nbsp;&nbsp;&rArr;&nbsp;&nbsp;&nbsp;<a href="#[11b]">DDL_AssertHandler</a><BR>
 <LI><a href="#[508]">report_style_change_core</a>&nbsp;&nbsp;&nbsp;&rArr;&nbsp;&nbsp;&nbsp;<a href="#[508]">report_style_change_core</a><BR>
 <LI><a href="#[4d9]">lv_obj_is_editable</a>&nbsp;&nbsp;&nbsp;&rArr;&nbsp;&nbsp;&nbsp;<a href="#[4d9]">lv_obj_is_editable</a><BR>
 <LI><a href="#[4cc]">obj_del_core</a>&nbsp;&nbsp;&nbsp;&rArr;&nbsp;&nbsp;&nbsp;<a href="#[4cc]">obj_del_core</a><BR>
 <LI><a href="#[3f0]">lv_textarea_add_text</a>&nbsp;&nbsp;&nbsp;&rArr;&nbsp;&nbsp;&nbsp;<a href="#[3ef]">insert_handler</a><BR>
 <LI><a href="#[553]">lv_textarea_add_char</a>&nbsp;&nbsp;&nbsp;&rArr;&nbsp;&nbsp;&nbsp;<a href="#[3ef]">insert_handler</a><BR>
</UL>
<P>
<H3>
Function Pointers
</H3><UL>
 <LI><a href="#[b]">BusFault_Handler</a> from startup_hc32f460.o(.text) referenced from startup_hc32f460.o(RESET)
 <LI><a href="#[a4]">DMA_TransCompleteCallback</a> from main.o(i.DMA_TransCompleteCallback) referenced from main.o(i.LCD_SPI_Config)
 <LI><a href="#[e]">DebugMon_Handler</a> from startup_hc32f460.o(.text) referenced from startup_hc32f460.o(RESET)
 <LI><a href="#[9]">HardFault_Handler</a> from startup_hc32f460.o(.text) referenced from startup_hc32f460.o(RESET)
 <LI><a href="#[11]">IRQ000_Handler</a> from hc32_ll_interrupts.o(i.IRQ000_Handler) referenced from startup_hc32f460.o(RESET)
 <LI><a href="#[12]">IRQ001_Handler</a> from hc32_ll_interrupts.o(i.IRQ001_Handler) referenced from startup_hc32f460.o(RESET)
 <LI><a href="#[13]">IRQ002_Handler</a> from hc32_ll_interrupts.o(i.IRQ002_Handler) referenced from startup_hc32f460.o(RESET)
 <LI><a href="#[14]">IRQ003_Handler</a> from hc32_ll_interrupts.o(i.IRQ003_Handler) referenced from startup_hc32f460.o(RESET)
 <LI><a href="#[15]">IRQ004_Handler</a> from hc32_ll_interrupts.o(i.IRQ004_Handler) referenced from startup_hc32f460.o(RESET)
 <LI><a href="#[16]">IRQ005_Handler</a> from hc32_ll_interrupts.o(i.IRQ005_Handler) referenced from startup_hc32f460.o(RESET)
 <LI><a href="#[17]">IRQ006_Handler</a> from hc32_ll_interrupts.o(i.IRQ006_Handler) referenced from startup_hc32f460.o(RESET)
 <LI><a href="#[18]">IRQ007_Handler</a> from hc32_ll_interrupts.o(i.IRQ007_Handler) referenced from startup_hc32f460.o(RESET)
 <LI><a href="#[19]">IRQ008_Handler</a> from hc32_ll_interrupts.o(i.IRQ008_Handler) referenced from startup_hc32f460.o(RESET)
 <LI><a href="#[1a]">IRQ009_Handler</a> from hc32_ll_interrupts.o(i.IRQ009_Handler) referenced from startup_hc32f460.o(RESET)
 <LI><a href="#[1b]">IRQ010_Handler</a> from hc32_ll_interrupts.o(i.IRQ010_Handler) referenced from startup_hc32f460.o(RESET)
 <LI><a href="#[1c]">IRQ011_Handler</a> from hc32_ll_interrupts.o(i.IRQ011_Handler) referenced from startup_hc32f460.o(RESET)
 <LI><a href="#[1d]">IRQ012_Handler</a> from hc32_ll_interrupts.o(i.IRQ012_Handler) referenced from startup_hc32f460.o(RESET)
 <LI><a href="#[1e]">IRQ013_Handler</a> from hc32_ll_interrupts.o(i.IRQ013_Handler) referenced from startup_hc32f460.o(RESET)
 <LI><a href="#[1f]">IRQ014_Handler</a> from hc32_ll_interrupts.o(i.IRQ014_Handler) referenced from startup_hc32f460.o(RESET)
 <LI><a href="#[20]">IRQ015_Handler</a> from hc32_ll_interrupts.o(i.IRQ015_Handler) referenced from startup_hc32f460.o(RESET)
 <LI><a href="#[21]">IRQ016_Handler</a> from hc32_ll_interrupts.o(i.IRQ016_Handler) referenced from startup_hc32f460.o(RESET)
 <LI><a href="#[22]">IRQ017_Handler</a> from hc32_ll_interrupts.o(i.IRQ017_Handler) referenced from startup_hc32f460.o(RESET)
 <LI><a href="#[23]">IRQ018_Handler</a> from hc32_ll_interrupts.o(i.IRQ018_Handler) referenced from startup_hc32f460.o(RESET)
 <LI><a href="#[24]">IRQ019_Handler</a> from hc32_ll_interrupts.o(i.IRQ019_Handler) referenced from startup_hc32f460.o(RESET)
 <LI><a href="#[25]">IRQ020_Handler</a> from hc32_ll_interrupts.o(i.IRQ020_Handler) referenced from startup_hc32f460.o(RESET)
 <LI><a href="#[26]">IRQ021_Handler</a> from hc32_ll_interrupts.o(i.IRQ021_Handler) referenced from startup_hc32f460.o(RESET)
 <LI><a href="#[27]">IRQ022_Handler</a> from hc32_ll_interrupts.o(i.IRQ022_Handler) referenced from startup_hc32f460.o(RESET)
 <LI><a href="#[28]">IRQ023_Handler</a> from hc32_ll_interrupts.o(i.IRQ023_Handler) referenced from startup_hc32f460.o(RESET)
 <LI><a href="#[29]">IRQ024_Handler</a> from hc32_ll_interrupts.o(i.IRQ024_Handler) referenced from startup_hc32f460.o(RESET)
 <LI><a href="#[2a]">IRQ025_Handler</a> from hc32_ll_interrupts.o(i.IRQ025_Handler) referenced from startup_hc32f460.o(RESET)
 <LI><a href="#[2b]">IRQ026_Handler</a> from hc32_ll_interrupts.o(i.IRQ026_Handler) referenced from startup_hc32f460.o(RESET)
 <LI><a href="#[2c]">IRQ027_Handler</a> from hc32_ll_interrupts.o(i.IRQ027_Handler) referenced from startup_hc32f460.o(RESET)
 <LI><a href="#[2d]">IRQ028_Handler</a> from hc32_ll_interrupts.o(i.IRQ028_Handler) referenced from startup_hc32f460.o(RESET)
 <LI><a href="#[2e]">IRQ029_Handler</a> from hc32_ll_interrupts.o(i.IRQ029_Handler) referenced from startup_hc32f460.o(RESET)
 <LI><a href="#[2f]">IRQ030_Handler</a> from hc32_ll_interrupts.o(i.IRQ030_Handler) referenced from startup_hc32f460.o(RESET)
 <LI><a href="#[30]">IRQ031_Handler</a> from hc32_ll_interrupts.o(i.IRQ031_Handler) referenced from startup_hc32f460.o(RESET)
 <LI><a href="#[31]">IRQ032_Handler</a> from hc32_ll_interrupts.o(i.IRQ032_Handler) referenced from startup_hc32f460.o(RESET)
 <LI><a href="#[32]">IRQ033_Handler</a> from hc32_ll_interrupts.o(i.IRQ033_Handler) referenced from startup_hc32f460.o(RESET)
 <LI><a href="#[33]">IRQ034_Handler</a> from hc32_ll_interrupts.o(i.IRQ034_Handler) referenced from startup_hc32f460.o(RESET)
 <LI><a href="#[34]">IRQ035_Handler</a> from hc32_ll_interrupts.o(i.IRQ035_Handler) referenced from startup_hc32f460.o(RESET)
 <LI><a href="#[35]">IRQ036_Handler</a> from hc32_ll_interrupts.o(i.IRQ036_Handler) referenced from startup_hc32f460.o(RESET)
 <LI><a href="#[36]">IRQ037_Handler</a> from hc32_ll_interrupts.o(i.IRQ037_Handler) referenced from startup_hc32f460.o(RESET)
 <LI><a href="#[37]">IRQ038_Handler</a> from hc32_ll_interrupts.o(i.IRQ038_Handler) referenced from startup_hc32f460.o(RESET)
 <LI><a href="#[38]">IRQ039_Handler</a> from hc32_ll_interrupts.o(i.IRQ039_Handler) referenced from startup_hc32f460.o(RESET)
 <LI><a href="#[39]">IRQ040_Handler</a> from hc32_ll_interrupts.o(i.IRQ040_Handler) referenced from startup_hc32f460.o(RESET)
 <LI><a href="#[3a]">IRQ041_Handler</a> from hc32_ll_interrupts.o(i.IRQ041_Handler) referenced from startup_hc32f460.o(RESET)
 <LI><a href="#[3b]">IRQ042_Handler</a> from hc32_ll_interrupts.o(i.IRQ042_Handler) referenced from startup_hc32f460.o(RESET)
 <LI><a href="#[3c]">IRQ043_Handler</a> from hc32_ll_interrupts.o(i.IRQ043_Handler) referenced from startup_hc32f460.o(RESET)
 <LI><a href="#[3d]">IRQ044_Handler</a> from hc32_ll_interrupts.o(i.IRQ044_Handler) referenced from startup_hc32f460.o(RESET)
 <LI><a href="#[3e]">IRQ045_Handler</a> from hc32_ll_interrupts.o(i.IRQ045_Handler) referenced from startup_hc32f460.o(RESET)
 <LI><a href="#[3f]">IRQ046_Handler</a> from hc32_ll_interrupts.o(i.IRQ046_Handler) referenced from startup_hc32f460.o(RESET)
 <LI><a href="#[40]">IRQ047_Handler</a> from hc32_ll_interrupts.o(i.IRQ047_Handler) referenced from startup_hc32f460.o(RESET)
 <LI><a href="#[41]">IRQ048_Handler</a> from hc32_ll_interrupts.o(i.IRQ048_Handler) referenced from startup_hc32f460.o(RESET)
 <LI><a href="#[42]">IRQ049_Handler</a> from hc32_ll_interrupts.o(i.IRQ049_Handler) referenced from startup_hc32f460.o(RESET)
 <LI><a href="#[43]">IRQ050_Handler</a> from hc32_ll_interrupts.o(i.IRQ050_Handler) referenced from startup_hc32f460.o(RESET)
 <LI><a href="#[44]">IRQ051_Handler</a> from hc32_ll_interrupts.o(i.IRQ051_Handler) referenced from startup_hc32f460.o(RESET)
 <LI><a href="#[45]">IRQ052_Handler</a> from hc32_ll_interrupts.o(i.IRQ052_Handler) referenced from startup_hc32f460.o(RESET)
 <LI><a href="#[46]">IRQ053_Handler</a> from hc32_ll_interrupts.o(i.IRQ053_Handler) referenced from startup_hc32f460.o(RESET)
 <LI><a href="#[47]">IRQ054_Handler</a> from hc32_ll_interrupts.o(i.IRQ054_Handler) referenced from startup_hc32f460.o(RESET)
 <LI><a href="#[48]">IRQ055_Handler</a> from hc32_ll_interrupts.o(i.IRQ055_Handler) referenced from startup_hc32f460.o(RESET)
 <LI><a href="#[49]">IRQ056_Handler</a> from hc32_ll_interrupts.o(i.IRQ056_Handler) referenced from startup_hc32f460.o(RESET)
 <LI><a href="#[4a]">IRQ057_Handler</a> from hc32_ll_interrupts.o(i.IRQ057_Handler) referenced from startup_hc32f460.o(RESET)
 <LI><a href="#[4b]">IRQ058_Handler</a> from hc32_ll_interrupts.o(i.IRQ058_Handler) referenced from startup_hc32f460.o(RESET)
 <LI><a href="#[4c]">IRQ059_Handler</a> from hc32_ll_interrupts.o(i.IRQ059_Handler) referenced from startup_hc32f460.o(RESET)
 <LI><a href="#[4d]">IRQ060_Handler</a> from hc32_ll_interrupts.o(i.IRQ060_Handler) referenced from startup_hc32f460.o(RESET)
 <LI><a href="#[4e]">IRQ061_Handler</a> from hc32_ll_interrupts.o(i.IRQ061_Handler) referenced from startup_hc32f460.o(RESET)
 <LI><a href="#[4f]">IRQ062_Handler</a> from hc32_ll_interrupts.o(i.IRQ062_Handler) referenced from startup_hc32f460.o(RESET)
 <LI><a href="#[50]">IRQ063_Handler</a> from hc32_ll_interrupts.o(i.IRQ063_Handler) referenced from startup_hc32f460.o(RESET)
 <LI><a href="#[51]">IRQ064_Handler</a> from hc32_ll_interrupts.o(i.IRQ064_Handler) referenced from startup_hc32f460.o(RESET)
 <LI><a href="#[52]">IRQ065_Handler</a> from hc32_ll_interrupts.o(i.IRQ065_Handler) referenced from startup_hc32f460.o(RESET)
 <LI><a href="#[53]">IRQ066_Handler</a> from hc32_ll_interrupts.o(i.IRQ066_Handler) referenced from startup_hc32f460.o(RESET)
 <LI><a href="#[54]">IRQ067_Handler</a> from hc32_ll_interrupts.o(i.IRQ067_Handler) referenced from startup_hc32f460.o(RESET)
 <LI><a href="#[55]">IRQ068_Handler</a> from hc32_ll_interrupts.o(i.IRQ068_Handler) referenced from startup_hc32f460.o(RESET)
 <LI><a href="#[56]">IRQ069_Handler</a> from hc32_ll_interrupts.o(i.IRQ069_Handler) referenced from startup_hc32f460.o(RESET)
 <LI><a href="#[57]">IRQ070_Handler</a> from hc32_ll_interrupts.o(i.IRQ070_Handler) referenced from startup_hc32f460.o(RESET)
 <LI><a href="#[58]">IRQ071_Handler</a> from hc32_ll_interrupts.o(i.IRQ071_Handler) referenced from startup_hc32f460.o(RESET)
 <LI><a href="#[59]">IRQ072_Handler</a> from hc32_ll_interrupts.o(i.IRQ072_Handler) referenced from startup_hc32f460.o(RESET)
 <LI><a href="#[5a]">IRQ073_Handler</a> from hc32_ll_interrupts.o(i.IRQ073_Handler) referenced from startup_hc32f460.o(RESET)
 <LI><a href="#[5b]">IRQ074_Handler</a> from hc32_ll_interrupts.o(i.IRQ074_Handler) referenced from startup_hc32f460.o(RESET)
 <LI><a href="#[5c]">IRQ075_Handler</a> from hc32_ll_interrupts.o(i.IRQ075_Handler) referenced from startup_hc32f460.o(RESET)
 <LI><a href="#[5d]">IRQ076_Handler</a> from hc32_ll_interrupts.o(i.IRQ076_Handler) referenced from startup_hc32f460.o(RESET)
 <LI><a href="#[5e]">IRQ077_Handler</a> from hc32_ll_interrupts.o(i.IRQ077_Handler) referenced from startup_hc32f460.o(RESET)
 <LI><a href="#[5f]">IRQ078_Handler</a> from hc32_ll_interrupts.o(i.IRQ078_Handler) referenced from startup_hc32f460.o(RESET)
 <LI><a href="#[60]">IRQ079_Handler</a> from hc32_ll_interrupts.o(i.IRQ079_Handler) referenced from startup_hc32f460.o(RESET)
 <LI><a href="#[61]">IRQ080_Handler</a> from hc32_ll_interrupts.o(i.IRQ080_Handler) referenced from startup_hc32f460.o(RESET)
 <LI><a href="#[62]">IRQ081_Handler</a> from hc32_ll_interrupts.o(i.IRQ081_Handler) referenced from startup_hc32f460.o(RESET)
 <LI><a href="#[63]">IRQ082_Handler</a> from hc32_ll_interrupts.o(i.IRQ082_Handler) referenced from startup_hc32f460.o(RESET)
 <LI><a href="#[64]">IRQ083_Handler</a> from hc32_ll_interrupts.o(i.IRQ083_Handler) referenced from startup_hc32f460.o(RESET)
 <LI><a href="#[65]">IRQ084_Handler</a> from hc32_ll_interrupts.o(i.IRQ084_Handler) referenced from startup_hc32f460.o(RESET)
 <LI><a href="#[66]">IRQ085_Handler</a> from hc32_ll_interrupts.o(i.IRQ085_Handler) referenced from startup_hc32f460.o(RESET)
 <LI><a href="#[67]">IRQ086_Handler</a> from hc32_ll_interrupts.o(i.IRQ086_Handler) referenced from startup_hc32f460.o(RESET)
 <LI><a href="#[68]">IRQ087_Handler</a> from hc32_ll_interrupts.o(i.IRQ087_Handler) referenced from startup_hc32f460.o(RESET)
 <LI><a href="#[69]">IRQ088_Handler</a> from hc32_ll_interrupts.o(i.IRQ088_Handler) referenced from startup_hc32f460.o(RESET)
 <LI><a href="#[6a]">IRQ089_Handler</a> from hc32_ll_interrupts.o(i.IRQ089_Handler) referenced from startup_hc32f460.o(RESET)
 <LI><a href="#[6b]">IRQ090_Handler</a> from hc32_ll_interrupts.o(i.IRQ090_Handler) referenced from startup_hc32f460.o(RESET)
 <LI><a href="#[6c]">IRQ091_Handler</a> from hc32_ll_interrupts.o(i.IRQ091_Handler) referenced from startup_hc32f460.o(RESET)
 <LI><a href="#[6d]">IRQ092_Handler</a> from hc32_ll_interrupts.o(i.IRQ092_Handler) referenced from startup_hc32f460.o(RESET)
 <LI><a href="#[6e]">IRQ093_Handler</a> from hc32_ll_interrupts.o(i.IRQ093_Handler) referenced from startup_hc32f460.o(RESET)
 <LI><a href="#[6f]">IRQ094_Handler</a> from hc32_ll_interrupts.o(i.IRQ094_Handler) referenced from startup_hc32f460.o(RESET)
 <LI><a href="#[70]">IRQ095_Handler</a> from hc32_ll_interrupts.o(i.IRQ095_Handler) referenced from startup_hc32f460.o(RESET)
 <LI><a href="#[71]">IRQ096_Handler</a> from hc32_ll_interrupts.o(i.IRQ096_Handler) referenced from startup_hc32f460.o(RESET)
 <LI><a href="#[72]">IRQ097_Handler</a> from hc32_ll_interrupts.o(i.IRQ097_Handler) referenced from startup_hc32f460.o(RESET)
 <LI><a href="#[73]">IRQ098_Handler</a> from hc32_ll_interrupts.o(i.IRQ098_Handler) referenced from startup_hc32f460.o(RESET)
 <LI><a href="#[74]">IRQ099_Handler</a> from hc32_ll_interrupts.o(i.IRQ099_Handler) referenced from startup_hc32f460.o(RESET)
 <LI><a href="#[75]">IRQ100_Handler</a> from hc32_ll_interrupts.o(i.IRQ100_Handler) referenced from startup_hc32f460.o(RESET)
 <LI><a href="#[76]">IRQ101_Handler</a> from hc32_ll_interrupts.o(i.IRQ101_Handler) referenced from startup_hc32f460.o(RESET)
 <LI><a href="#[77]">IRQ102_Handler</a> from hc32_ll_interrupts.o(i.IRQ102_Handler) referenced from startup_hc32f460.o(RESET)
 <LI><a href="#[78]">IRQ103_Handler</a> from hc32_ll_interrupts.o(i.IRQ103_Handler) referenced from startup_hc32f460.o(RESET)
 <LI><a href="#[79]">IRQ104_Handler</a> from hc32_ll_interrupts.o(i.IRQ104_Handler) referenced from startup_hc32f460.o(RESET)
 <LI><a href="#[7a]">IRQ105_Handler</a> from hc32_ll_interrupts.o(i.IRQ105_Handler) referenced from startup_hc32f460.o(RESET)
 <LI><a href="#[7b]">IRQ106_Handler</a> from hc32_ll_interrupts.o(i.IRQ106_Handler) referenced from startup_hc32f460.o(RESET)
 <LI><a href="#[7c]">IRQ107_Handler</a> from hc32_ll_interrupts.o(i.IRQ107_Handler) referenced from startup_hc32f460.o(RESET)
 <LI><a href="#[7d]">IRQ108_Handler</a> from hc32_ll_interrupts.o(i.IRQ108_Handler) referenced from startup_hc32f460.o(RESET)
 <LI><a href="#[7e]">IRQ109_Handler</a> from hc32_ll_interrupts.o(i.IRQ109_Handler) referenced from startup_hc32f460.o(RESET)
 <LI><a href="#[7f]">IRQ110_Handler</a> from hc32_ll_interrupts.o(i.IRQ110_Handler) referenced from startup_hc32f460.o(RESET)
 <LI><a href="#[80]">IRQ111_Handler</a> from hc32_ll_interrupts.o(i.IRQ111_Handler) referenced from startup_hc32f460.o(RESET)
 <LI><a href="#[81]">IRQ112_Handler</a> from hc32_ll_interrupts.o(i.IRQ112_Handler) referenced from startup_hc32f460.o(RESET)
 <LI><a href="#[82]">IRQ113_Handler</a> from hc32_ll_interrupts.o(i.IRQ113_Handler) referenced from startup_hc32f460.o(RESET)
 <LI><a href="#[83]">IRQ114_Handler</a> from hc32_ll_interrupts.o(i.IRQ114_Handler) referenced from startup_hc32f460.o(RESET)
 <LI><a href="#[84]">IRQ115_Handler</a> from hc32_ll_interrupts.o(i.IRQ115_Handler) referenced from startup_hc32f460.o(RESET)
 <LI><a href="#[85]">IRQ116_Handler</a> from hc32_ll_interrupts.o(i.IRQ116_Handler) referenced from startup_hc32f460.o(RESET)
 <LI><a href="#[86]">IRQ117_Handler</a> from hc32_ll_interrupts.o(i.IRQ117_Handler) referenced from startup_hc32f460.o(RESET)
 <LI><a href="#[87]">IRQ118_Handler</a> from hc32_ll_interrupts.o(i.IRQ118_Handler) referenced from startup_hc32f460.o(RESET)
 <LI><a href="#[88]">IRQ119_Handler</a> from hc32_ll_interrupts.o(i.IRQ119_Handler) referenced from startup_hc32f460.o(RESET)
 <LI><a href="#[89]">IRQ120_Handler</a> from hc32_ll_interrupts.o(i.IRQ120_Handler) referenced from startup_hc32f460.o(RESET)
 <LI><a href="#[8a]">IRQ121_Handler</a> from hc32_ll_interrupts.o(i.IRQ121_Handler) referenced from startup_hc32f460.o(RESET)
 <LI><a href="#[8b]">IRQ122_Handler</a> from hc32_ll_interrupts.o(i.IRQ122_Handler) referenced from startup_hc32f460.o(RESET)
 <LI><a href="#[8c]">IRQ123_Handler</a> from hc32_ll_interrupts.o(i.IRQ123_Handler) referenced from startup_hc32f460.o(RESET)
 <LI><a href="#[8d]">IRQ124_Handler</a> from hc32_ll_interrupts.o(i.IRQ124_Handler) referenced from startup_hc32f460.o(RESET)
 <LI><a href="#[8e]">IRQ125_Handler</a> from hc32_ll_interrupts.o(i.IRQ125_Handler) referenced from startup_hc32f460.o(RESET)
 <LI><a href="#[8f]">IRQ126_Handler</a> from hc32_ll_interrupts.o(i.IRQ126_Handler) referenced from startup_hc32f460.o(RESET)
 <LI><a href="#[90]">IRQ127_Handler</a> from hc32_ll_interrupts.o(i.IRQ127_Handler) referenced from startup_hc32f460.o(RESET)
 <LI><a href="#[91]">IRQ128_Handler</a> from hc32f460_ll_interrupts_share.o(i.IRQ128_Handler) referenced from startup_hc32f460.o(RESET)
 <LI><a href="#[92]">IRQ129_Handler</a> from hc32f460_ll_interrupts_share.o(i.IRQ129_Handler) referenced from startup_hc32f460.o(RESET)
 <LI><a href="#[93]">IRQ130_Handler</a> from hc32f460_ll_interrupts_share.o(i.IRQ130_Handler) referenced from startup_hc32f460.o(RESET)
 <LI><a href="#[94]">IRQ131_Handler</a> from hc32f460_ll_interrupts_share.o(i.IRQ131_Handler) referenced from startup_hc32f460.o(RESET)
 <LI><a href="#[95]">IRQ132_Handler</a> from hc32f460_ll_interrupts_share.o(i.IRQ132_Handler) referenced from startup_hc32f460.o(RESET)
 <LI><a href="#[96]">IRQ133_Handler</a> from startup_hc32f460.o(.text) referenced from startup_hc32f460.o(RESET)
 <LI><a href="#[97]">IRQ134_Handler</a> from startup_hc32f460.o(.text) referenced from startup_hc32f460.o(RESET)
 <LI><a href="#[98]">IRQ135_Handler</a> from startup_hc32f460.o(.text) referenced from startup_hc32f460.o(RESET)
 <LI><a href="#[99]">IRQ136_Handler</a> from hc32f460_ll_interrupts_share.o(i.IRQ136_Handler) referenced from startup_hc32f460.o(RESET)
 <LI><a href="#[9a]">IRQ137_Handler</a> from hc32f460_ll_interrupts_share.o(i.IRQ137_Handler) referenced from startup_hc32f460.o(RESET)
 <LI><a href="#[9b]">IRQ138_Handler</a> from hc32f460_ll_interrupts_share.o(i.IRQ138_Handler) referenced from startup_hc32f460.o(RESET)
 <LI><a href="#[9c]">IRQ139_Handler</a> from hc32f460_ll_interrupts_share.o(i.IRQ139_Handler) referenced from startup_hc32f460.o(RESET)
 <LI><a href="#[9d]">IRQ140_Handler</a> from hc32f460_ll_interrupts_share.o(i.IRQ140_Handler) referenced from startup_hc32f460.o(RESET)
 <LI><a href="#[9e]">IRQ141_Handler</a> from hc32f460_ll_interrupts_share.o(i.IRQ141_Handler) referenced from startup_hc32f460.o(RESET)
 <LI><a href="#[9f]">IRQ142_Handler</a> from hc32f460_ll_interrupts_share.o(i.IRQ142_Handler) referenced from startup_hc32f460.o(RESET)
 <LI><a href="#[a0]">IRQ143_Handler</a> from hc32f460_ll_interrupts_share.o(i.IRQ143_Handler) referenced from startup_hc32f460.o(RESET)
 <LI><a href="#[a]">MemManage_Handler</a> from startup_hc32f460.o(.text) referenced from startup_hc32f460.o(RESET)
 <LI><a href="#[8]">NMI_Handler</a> from startup_hc32f460.o(.text) referenced from startup_hc32f460.o(RESET)
 <LI><a href="#[f]">PendSV_Handler</a> from startup_hc32f460.o(.text) referenced from startup_hc32f460.o(RESET)
 <LI><a href="#[7]">Reset_Handler</a> from startup_hc32f460.o(.text) referenced from startup_hc32f460.o(RESET)
 <LI><a href="#[d]">SVC_Handler</a> from startup_hc32f460.o(.text) referenced from startup_hc32f460.o(RESET)
 <LI><a href="#[10]">SysTick_Handler</a> from main.o(i.SysTick_Handler) referenced from startup_hc32f460.o(RESET)
 <LI><a href="#[a2]">SystemInit</a> from system_hc32f460.o(i.SystemInit) referenced from startup_hc32f460.o(.text)
 <LI><a href="#[c]">UsageFault_Handler</a> from startup_hc32f460.o(.text) referenced from startup_hc32f460.o(RESET)
 <LI><a href="#[a3]">__main</a> from entry.o(.ARM.Collect$$$$00000000) referenced from startup_hc32f460.o(.text)
 <LI><a href="#[c2]">_lv_disp_refr_timer</a> from lv_refr.o(i._lv_disp_refr_timer) referenced from lv_hal_disp.o(i.lv_disp_drv_register)
 <LI><a href="#[d9]">_lv_ll_get_head</a> from lv_ll.o(i._lv_ll_get_head) referenced from lv_group.o(i.lv_group_focus_next)
 <LI><a href="#[d8]">_lv_ll_get_next</a> from lv_ll.o(i._lv_ll_get_next) referenced from lv_group.o(i.lv_group_focus_next)
 <LI><a href="#[da]">_lv_ll_get_prev</a> from lv_ll.o(i._lv_ll_get_prev) referenced from lv_group.o(i.lv_group_focus_prev)
 <LI><a href="#[db]">_lv_ll_get_tail</a> from lv_ll.o(i._lv_ll_get_tail) referenced from lv_group.o(i.lv_group_focus_prev)
 <LI><a href="#[e9]">_out_buffer</a> from lv_printf.o(i._out_buffer) referenced from lv_printf.o(i.lv_vsnprintf)
 <LI><a href="#[ad]">_out_null</a> from lv_printf.o(i._out_null) referenced from lv_printf.o(i._vsnprintf)
 <LI><a href="#[a5]">anim_timer</a> from lv_anim.o(i.anim_timer) referenced from lv_anim.o(i._lv_anim_core_init)
 <LI><a href="#[ba]">color_blend_true_color_additive</a> from lv_draw_sw_blend.o(i.color_blend_true_color_additive) referenced from lv_draw_sw_blend.o(i.fill_blended)
 <LI><a href="#[ba]">color_blend_true_color_additive</a> from lv_draw_sw_blend.o(i.color_blend_true_color_additive) referenced from lv_draw_sw_blend.o(i.map_blended)
 <LI><a href="#[b9]">color_blend_true_color_multiply</a> from lv_draw_sw_blend.o(i.color_blend_true_color_multiply) referenced from lv_draw_sw_blend.o(i.fill_blended)
 <LI><a href="#[b9]">color_blend_true_color_multiply</a> from lv_draw_sw_blend.o(i.color_blend_true_color_multiply) referenced from lv_draw_sw_blend.o(i.map_blended)
 <LI><a href="#[bb]">color_blend_true_color_subtractive</a> from lv_draw_sw_blend.o(i.color_blend_true_color_subtractive) referenced from lv_draw_sw_blend.o(i.fill_blended)
 <LI><a href="#[bb]">color_blend_true_color_subtractive</a> from lv_draw_sw_blend.o(i.color_blend_true_color_subtractive) referenced from lv_draw_sw_blend.o(i.map_blended)
 <LI><a href="#[eb]">cursor_blink_anim_cb</a> from lv_textarea.o(i.cursor_blink_anim_cb) referenced from lv_textarea.o(i.start_cursor_blink)
 <LI><a href="#[ec]">dark_color_filter_cb</a> from lv_theme_default.o(i.dark_color_filter_cb) referenced from lv_theme_default.o(i.style_init)
 <LI><a href="#[e2]">disp_flush</a> from lv_port_disp.o(i.disp_flush) referenced from lv_port_disp.o(i.lv_port_disp_init)
 <LI><a href="#[d6]">find_item</a> from lv_draw_sw_gradient.o(i.find_item) referenced from lv_draw_sw_gradient.o(i.lv_gradient_get)
 <LI><a href="#[ae]">find_oldest_item_life</a> from lv_draw_sw_gradient.o(i.find_oldest_item_life) referenced from lv_draw_sw_gradient.o(i.allocate_item)
 <LI><a href="#[d5]">flex_update</a> from lv_flex.o(i.flex_update) referenced from lv_flex.o(i.lv_flex_init)
 <LI><a href="#[ed]">grey_filter_cb</a> from lv_theme_default.o(i.grey_filter_cb) referenced from lv_theme_default.o(i.style_init)
 <LI><a href="#[d7]">grid_update</a> from lv_grid.o(i.grid_update) referenced from lv_grid.o(i.lv_grid_init)
 <LI><a href="#[117]">kern_pair_16_compare</a> from lv_font_fmt_txt.o(i.kern_pair_16_compare) referenced from lv_font_fmt_txt.o(i.get_kern_value)
 <LI><a href="#[118]">kern_pair_8_compare</a> from lv_font_fmt_txt.o(i.kern_pair_8_compare) referenced from lv_font_fmt_txt.o(i.get_kern_value)
 <LI><a href="#[af]">kill_oldest_item</a> from lv_draw_sw_gradient.o(i.kill_oldest_item) referenced from lv_draw_sw_gradient.o(i.allocate_item)
 <LI><a href="#[e7]">label_event_cb</a> from lv_textarea.o(i.label_event_cb) referenced from lv_textarea.o(i.lv_textarea_constructor)
 <LI><a href="#[e1]">lv_anim_path_ease_out</a> from lv_anim.o(i.lv_anim_path_ease_out) referenced from lv_obj_scroll.o(i.lv_obj_scroll_by)
 <LI><a href="#[e1]">lv_anim_path_ease_out</a> from lv_anim.o(i.lv_anim_path_ease_out) referenced from lv_roller.o(i.refr_position)
 <LI><a href="#[be]">lv_anim_path_linear</a> from lv_anim.o(i.lv_anim_path_linear) referenced from lv_anim.o(i.lv_anim_init)
 <LI><a href="#[be]">lv_anim_path_linear</a> from lv_anim.o(i.lv_anim_path_linear) referenced from lv_style.o(i.lv_style_transition_dsc_init)
 <LI><a href="#[be]">lv_anim_path_linear</a> from lv_anim.o(i.lv_anim_path_linear) referenced from lv_theme_default.o(i.style_init)
 <LI><a href="#[b1]">lv_anim_path_step</a> from lv_anim.o(i.lv_anim_path_step) referenced from lv_textarea.o(i.auto_hide_characters)
 <LI><a href="#[b1]">lv_anim_path_step</a> from lv_anim.o(i.lv_anim_path_step) referenced from lv_textarea.o(i.start_cursor_blink)
 <LI><a href="#[f1]">lv_arc_constructor</a> from lv_arc.o(i.lv_arc_constructor) referenced from lv_arc.o(.constdata)
 <LI><a href="#[f2]">lv_arc_event</a> from lv_arc.o(i.lv_arc_event) referenced from lv_arc.o(.constdata)
 <LI><a href="#[b6]">lv_area_get_height</a> from lv_flex.o(i.lv_area_get_height) referenced from lv_flex.o(i.children_repos)
 <LI><a href="#[b8]">lv_area_get_height</a> from lv_bar.o(i.lv_area_get_height) referenced from lv_bar.o(i.draw_indic)
 <LI><a href="#[b5]">lv_area_get_width</a> from lv_flex.o(i.lv_area_get_width) referenced from lv_flex.o(i.children_repos)
 <LI><a href="#[b7]">lv_area_get_width</a> from lv_bar.o(i.lv_area_get_width) referenced from lv_bar.o(i.draw_indic)
 <LI><a href="#[b4]">lv_area_set_height</a> from lv_area.o(i.lv_area_set_height) referenced from lv_flex.o(i.children_repos)
 <LI><a href="#[b3]">lv_area_set_width</a> from lv_area.o(i.lv_area_set_width) referenced from lv_flex.o(i.children_repos)
 <LI><a href="#[bf]">lv_bar_anim</a> from lv_bar.o(i.lv_bar_anim) referenced from lv_bar.o(i.lv_bar_set_value_with_anim)
 <LI><a href="#[c0]">lv_bar_anim_ready</a> from lv_bar.o(i.lv_bar_anim_ready) referenced from lv_bar.o(i.lv_bar_set_value_with_anim)
 <LI><a href="#[f3]">lv_bar_constructor</a> from lv_bar.o(i.lv_bar_constructor) referenced from lv_bar.o(.constdata)
 <LI><a href="#[f4]">lv_bar_destructor</a> from lv_bar.o(i.lv_bar_destructor) referenced from lv_bar.o(.constdata)
 <LI><a href="#[f5]">lv_bar_event</a> from lv_bar.o(i.lv_bar_event) referenced from lv_bar.o(.constdata)
 <LI><a href="#[f6]">lv_btn_constructor</a> from lv_btn.o(i.lv_btn_constructor) referenced from lv_btn.o(.constdata)
 <LI><a href="#[f7]">lv_btnmatrix_constructor</a> from lv_btnmatrix.o(i.lv_btnmatrix_constructor) referenced from lv_btnmatrix.o(.constdata)
 <LI><a href="#[f8]">lv_btnmatrix_destructor</a> from lv_btnmatrix.o(i.lv_btnmatrix_destructor) referenced from lv_btnmatrix.o(.constdata)
 <LI><a href="#[f9]">lv_btnmatrix_event</a> from lv_btnmatrix.o(i.lv_btnmatrix_event) referenced from lv_btnmatrix.o(.constdata)
 <LI><a href="#[fa]">lv_checkbox_constructor</a> from lv_checkbox.o(i.lv_checkbox_constructor) referenced from lv_checkbox.o(.constdata)
 <LI><a href="#[fb]">lv_checkbox_destructor</a> from lv_checkbox.o(i.lv_checkbox_destructor) referenced from lv_checkbox.o(.constdata)
 <LI><a href="#[fc]">lv_checkbox_event</a> from lv_checkbox.o(i.lv_checkbox_event) referenced from lv_checkbox.o(.constdata)
 <LI><a href="#[c3]">lv_draw_mask_angle</a> from lv_draw_mask.o(i.lv_draw_mask_angle) referenced from lv_draw_mask.o(i.lv_draw_mask_angle_init)
 <LI><a href="#[c4]">lv_draw_mask_line</a> from lv_draw_mask.o(i.lv_draw_mask_line) referenced from lv_draw_mask.o(i.lv_draw_mask_line_points_init)
 <LI><a href="#[c5]">lv_draw_mask_radius</a> from lv_draw_mask.o(i.lv_draw_mask_radius) referenced from lv_draw_mask.o(i.lv_draw_mask_radius_init)
 <LI><a href="#[c6]">lv_draw_sw_arc</a> from lv_draw_sw_arc.o(i.lv_draw_sw_arc) referenced from lv_draw_sw.o(i.lv_draw_sw_init_ctx)
 <LI><a href="#[c8]">lv_draw_sw_bg</a> from lv_draw_sw_rect.o(i.lv_draw_sw_bg) referenced from lv_draw_sw.o(i.lv_draw_sw_init_ctx)
 <LI><a href="#[d4]">lv_draw_sw_blend_basic</a> from lv_draw_sw_blend.o(i.lv_draw_sw_blend_basic) referenced from lv_draw_sw.o(i.lv_draw_sw_init_ctx)
 <LI><a href="#[cf]">lv_draw_sw_buffer_copy</a> from lv_draw_sw.o(i.lv_draw_sw_buffer_copy) referenced from lv_draw_sw.o(i.lv_draw_sw_init_ctx)
 <LI><a href="#[ca]">lv_draw_sw_img_decoded</a> from lv_draw_sw_img.o(i.lv_draw_sw_img_decoded) referenced from lv_draw_sw.o(i.lv_draw_sw_init_ctx)
 <LI><a href="#[c1]">lv_draw_sw_init_ctx</a> from lv_draw_sw.o(i.lv_draw_sw_init_ctx) referenced from lv_hal_disp.o(i.lv_disp_drv_init)
 <LI><a href="#[d1]">lv_draw_sw_layer_adjust</a> from lv_draw_sw_layer.o(i.lv_draw_sw_layer_adjust) referenced from lv_draw_sw.o(i.lv_draw_sw_init_ctx)
 <LI><a href="#[d2]">lv_draw_sw_layer_blend</a> from lv_draw_sw_layer.o(i.lv_draw_sw_layer_blend) referenced from lv_draw_sw.o(i.lv_draw_sw_init_ctx)
 <LI><a href="#[d0]">lv_draw_sw_layer_create</a> from lv_draw_sw_layer.o(i.lv_draw_sw_layer_create) referenced from lv_draw_sw.o(i.lv_draw_sw_init_ctx)
 <LI><a href="#[d3]">lv_draw_sw_layer_destroy</a> from lv_draw_sw_layer.o(i.lv_draw_sw_layer_destroy) referenced from lv_draw_sw.o(i.lv_draw_sw_init_ctx)
 <LI><a href="#[c9]">lv_draw_sw_letter</a> from lv_draw_sw_letter.o(i.lv_draw_sw_letter) referenced from lv_draw_sw.o(i.lv_draw_sw_init_ctx)
 <LI><a href="#[cb]">lv_draw_sw_line</a> from lv_draw_sw_line.o(i.lv_draw_sw_line) referenced from lv_draw_sw.o(i.lv_draw_sw_init_ctx)
 <LI><a href="#[cc]">lv_draw_sw_polygon</a> from lv_draw_sw_polygon.o(i.lv_draw_sw_polygon) referenced from lv_draw_sw.o(i.lv_draw_sw_init_ctx)
 <LI><a href="#[c7]">lv_draw_sw_rect</a> from lv_draw_sw_rect.o(i.lv_draw_sw_rect) referenced from lv_draw_sw.o(i.lv_draw_sw_init_ctx)
 <LI><a href="#[cd]">lv_draw_sw_transform</a> from lv_draw_sw_transform.o(i.lv_draw_sw_transform) referenced from lv_draw_sw.o(i.lv_draw_sw_init_ctx)
 <LI><a href="#[ce]">lv_draw_sw_wait_for_finish</a> from lv_draw_sw.o(i.lv_draw_sw_wait_for_finish) referenced from lv_draw_sw.o(i.lv_draw_sw_init_ctx)
 <LI><a href="#[fd]">lv_dropdown_constructor</a> from lv_dropdown.o(i.lv_dropdown_constructor) referenced from lv_dropdown.o(.constdata)
 <LI><a href="#[fe]">lv_dropdown_destructor</a> from lv_dropdown.o(i.lv_dropdown_destructor) referenced from lv_dropdown.o(.constdata)
 <LI><a href="#[ff]">lv_dropdown_event</a> from lv_dropdown.o(i.lv_dropdown_event) referenced from lv_dropdown.o(.constdata)
 <LI><a href="#[102]">lv_dropdown_list_event</a> from lv_dropdown.o(i.lv_dropdown_list_event) referenced from lv_dropdown.o(.constdata)
 <LI><a href="#[100]">lv_dropdownlist_constructor</a> from lv_dropdown.o(i.lv_dropdownlist_constructor) referenced from lv_dropdown.o(.constdata)
 <LI><a href="#[101]">lv_dropdownlist_destructor</a> from lv_dropdown.o(i.lv_dropdownlist_destructor) referenced from lv_dropdown.o(.constdata)
 <LI><a href="#[11a]">lv_font_get_bitmap_fmt_txt</a> from lv_font_fmt_txt.o(i.lv_font_get_bitmap_fmt_txt) referenced from lv_font_montserrat_14.o(.constdata)
 <LI><a href="#[119]">lv_font_get_glyph_dsc_fmt_txt</a> from lv_font_fmt_txt.o(i.lv_font_get_glyph_dsc_fmt_txt) referenced from lv_font_montserrat_14.o(.constdata)
 <LI><a href="#[a9]">lv_img_decoder_built_in_close</a> from lv_img_decoder.o(i.lv_img_decoder_built_in_close) referenced from lv_img_decoder.o(i._lv_img_decoder_init)
 <LI><a href="#[a6]">lv_img_decoder_built_in_info</a> from lv_img_decoder.o(i.lv_img_decoder_built_in_info) referenced from lv_img_decoder.o(i._lv_img_decoder_init)
 <LI><a href="#[a7]">lv_img_decoder_built_in_open</a> from lv_img_decoder.o(i.lv_img_decoder_built_in_open) referenced from lv_img_decoder.o(i._lv_img_decoder_init)
 <LI><a href="#[a8]">lv_img_decoder_built_in_read_line</a> from lv_img_decoder.o(i.lv_img_decoder_built_in_read_line) referenced from lv_img_decoder.o(i._lv_img_decoder_init)
 <LI><a href="#[103]">lv_label_constructor</a> from lv_label.o(i.lv_label_constructor) referenced from lv_label.o(.constdata)
 <LI><a href="#[104]">lv_label_destructor</a> from lv_label.o(i.lv_label_destructor) referenced from lv_label.o(.constdata)
 <LI><a href="#[105]">lv_label_event</a> from lv_label.o(i.lv_label_event) referenced from lv_label.o(.constdata)
 <LI><a href="#[106]">lv_line_constructor</a> from lv_line.o(i.lv_line_constructor) referenced from lv_line.o(.constdata)
 <LI><a href="#[107]">lv_line_event</a> from lv_line.o(i.lv_line_event) referenced from lv_line.o(.constdata)
 <LI><a href="#[ee]">lv_obj_constructor</a> from lv_obj.o(i.lv_obj_constructor) referenced from lv_obj.o(.constdata)
 <LI><a href="#[ef]">lv_obj_destructor</a> from lv_obj.o(i.lv_obj_destructor) referenced from lv_obj.o(.constdata)
 <LI><a href="#[f0]">lv_obj_event</a> from lv_obj.o(i.lv_obj_event) referenced from lv_obj.o(.constdata)
 <LI><a href="#[bd]">lv_obj_get_height</a> from lv_obj_pos.o(i.lv_obj_get_height) referenced from lv_flex.o(i.find_track_end)
 <LI><a href="#[bc]">lv_obj_get_width</a> from lv_obj_pos.o(i.lv_obj_get_width) referenced from lv_flex.o(i.find_track_end)
 <LI><a href="#[108]">lv_roller_constructor</a> from lv_roller.o(i.lv_roller_constructor) referenced from lv_roller.o(.constdata)
 <LI><a href="#[109]">lv_roller_event</a> from lv_roller.o(i.lv_roller_event) referenced from lv_roller.o(.constdata)
 <LI><a href="#[10a]">lv_roller_label_event</a> from lv_roller.o(i.lv_roller_label_event) referenced from lv_roller.o(.constdata)
 <LI><a href="#[10b]">lv_slider_constructor</a> from lv_slider.o(i.lv_slider_constructor) referenced from lv_slider.o(.constdata)
 <LI><a href="#[10c]">lv_slider_event</a> from lv_slider.o(i.lv_slider_event) referenced from lv_slider.o(.constdata)
 <LI><a href="#[e4]">lv_style_set_prop_helper</a> from lv_style.o(i.lv_style_set_prop_helper) referenced from lv_style.o(i.lv_style_set_prop)
 <LI><a href="#[e5]">lv_switch_anim_exec_cb</a> from lv_switch.o(i.lv_switch_anim_exec_cb) referenced from lv_switch.o(i.lv_switch_trigger_anim)
 <LI><a href="#[e6]">lv_switch_anim_ready</a> from lv_switch.o(i.lv_switch_anim_ready) referenced from lv_switch.o(i.lv_switch_trigger_anim)
 <LI><a href="#[10d]">lv_switch_constructor</a> from lv_switch.o(i.lv_switch_constructor) referenced from lv_switch.o(.constdata)
 <LI><a href="#[10e]">lv_switch_destructor</a> from lv_switch.o(i.lv_switch_destructor) referenced from lv_switch.o(.constdata)
 <LI><a href="#[10f]">lv_switch_event</a> from lv_switch.o(i.lv_switch_event) referenced from lv_switch.o(.constdata)
 <LI><a href="#[110]">lv_table_constructor</a> from lv_table.o(i.lv_table_constructor) referenced from lv_table.o(.constdata)
 <LI><a href="#[111]">lv_table_destructor</a> from lv_table.o(i.lv_table_destructor) referenced from lv_table.o(.constdata)
 <LI><a href="#[112]">lv_table_event</a> from lv_table.o(i.lv_table_event) referenced from lv_table.o(.constdata)
 <LI><a href="#[113]">lv_textarea_constructor</a> from lv_textarea.o(i.lv_textarea_constructor) referenced from lv_textarea.o(.constdata)
 <LI><a href="#[114]">lv_textarea_destructor</a> from lv_textarea.o(i.lv_textarea_destructor) referenced from lv_textarea.o(.constdata)
 <LI><a href="#[115]">lv_textarea_event</a> from lv_textarea.o(i.lv_textarea_event) referenced from lv_textarea.o(.constdata)
 <LI><a href="#[3]">lv_txt_unicode_to_utf8</a> from lv_txt.o(i.lv_txt_unicode_to_utf8) referenced 2 times from lv_txt.o(.data)
 <LI><a href="#[2]">lv_txt_utf8_get_byte_id</a> from lv_txt.o(i.lv_txt_utf8_get_byte_id) referenced 2 times from lv_txt.o(.data)
 <LI><a href="#[5]">lv_txt_utf8_get_char_id</a> from lv_txt.o(i.lv_txt_utf8_get_char_id) referenced 2 times from lv_txt.o(.data)
 <LI><a href="#[6]">lv_txt_utf8_get_length</a> from lv_txt.o(i.lv_txt_utf8_get_length) referenced 2 times from lv_txt.o(.data)
 <LI><a href="#[1]">lv_txt_utf8_next</a> from lv_txt.o(i.lv_txt_utf8_next) referenced 2 times from lv_txt.o(.data)
 <LI><a href="#[4]">lv_txt_utf8_prev</a> from lv_txt.o(i.lv_txt_utf8_prev) referenced 2 times from lv_txt.o(.data)
 <LI><a href="#[0]">lv_txt_utf8_size</a> from lv_txt.o(i.lv_txt_utf8_size) referenced 2 times from lv_txt.o(.data)
 <LI><a href="#[a1]">main</a> from main.o(i.main) referenced from entry9a.o(.ARM.Collect$$$$0000000B)
 <LI><a href="#[b0]">pwd_char_hider_anim</a> from lv_textarea.o(i.pwd_char_hider_anim) referenced from lv_textarea.o(i.auto_hide_characters)
 <LI><a href="#[b2]">pwd_char_hider_anim_ready</a> from lv_textarea.o(i.pwd_char_hider_anim_ready) referenced from lv_textarea.o(i.auto_hide_characters)
 <LI><a href="#[e0]">scroll_anim_ready_cb</a> from lv_obj_scroll.o(i.scroll_anim_ready_cb) referenced from lv_obj_scroll.o(i.lv_obj_scroll_by)
 <LI><a href="#[ea]">scroll_anim_ready_cb</a> from lv_roller.o(i.scroll_anim_ready_cb) referenced from lv_roller.o(i.refr_position)
 <LI><a href="#[df]">scroll_x_anim</a> from lv_obj_scroll.o(i.scroll_x_anim) referenced from lv_obj_scroll.o(i.lv_obj_scroll_by)
 <LI><a href="#[df]">scroll_x_anim</a> from lv_obj_scroll.o(i.scroll_x_anim) referenced from lv_obj_scroll.o(i.lv_obj_scroll_to_x)
 <LI><a href="#[df]">scroll_x_anim</a> from lv_obj_scroll.o(i.scroll_x_anim) referenced from lv_obj_scroll.o(i.scroll_area_into_view)
 <LI><a href="#[de]">scroll_y_anim</a> from lv_obj_scroll.o(i.scroll_y_anim) referenced from lv_obj_scroll.o(i.lv_obj_scroll_by)
 <LI><a href="#[de]">scroll_y_anim</a> from lv_obj_scroll.o(i.scroll_y_anim) referenced from lv_obj_scroll.o(i.lv_obj_scroll_to_y)
 <LI><a href="#[de]">scroll_y_anim</a> from lv_obj_scroll.o(i.scroll_y_anim) referenced from lv_obj_scroll.o(i.scroll_area_into_view)
 <LI><a href="#[dc]">set_ofs_x_anim</a> from lv_label.o(i.set_ofs_x_anim) referenced from lv_label.o(i.lv_label_refr_text)
 <LI><a href="#[dc]">set_ofs_x_anim</a> from lv_label.o(i.set_ofs_x_anim) referenced from lv_label.o(i.lv_label_set_long_mode)
 <LI><a href="#[dd]">set_ofs_y_anim</a> from lv_label.o(i.set_ofs_y_anim) referenced from lv_label.o(i.lv_label_refr_text)
 <LI><a href="#[dd]">set_ofs_y_anim</a> from lv_label.o(i.set_ofs_y_anim) referenced from lv_label.o(i.lv_label_set_long_mode)
 <LI><a href="#[e3]">set_y_anim</a> from lv_roller.o(i.set_y_anim) referenced from lv_roller.o(i.lv_roller_event)
 <LI><a href="#[e3]">set_y_anim</a> from lv_roller.o(i.set_y_anim) referenced from lv_roller.o(i.refr_position)
 <LI><a href="#[e8]">theme_apply</a> from lv_theme_default.o(i.theme_apply) referenced from lv_theme_default.o(i.lv_theme_default_init)
 <LI><a href="#[aa]">trans_anim_cb</a> from lv_obj_style.o(i.trans_anim_cb) referenced from lv_obj_style.o(i._lv_obj_style_create_transition)
 <LI><a href="#[ac]">trans_anim_ready_cb</a> from lv_obj_style.o(i.trans_anim_ready_cb) referenced from lv_obj_style.o(i._lv_obj_style_create_transition)
 <LI><a href="#[ab]">trans_anim_start_cb</a> from lv_obj_style.o(i.trans_anim_start_cb) referenced from lv_obj_style.o(i._lv_obj_style_create_transition)
 <LI><a href="#[116]">unicode_list_compare</a> from lv_font_fmt_txt.o(i.unicode_list_compare) referenced from lv_font_fmt_txt.o(i.get_glyph_dsc_id)
</UL>
<P>
<H3>
Global Symbols
</H3>
<P><STRONG><a name="[a3]"></a>__main</STRONG> (Thumb, 0 bytes, Stack size unknown bytes, entry.o(.ARM.Collect$$$$00000000))
<BR>[Address Reference Count : 1]<UL><LI> startup_hc32f460.o(.text)
</UL>
<P><STRONG><a name="[57f]"></a>_main_stk</STRONG> (Thumb, 0 bytes, Stack size unknown bytes, entry2.o(.ARM.Collect$$$$00000001))

<P><STRONG><a name="[1fc]"></a>_main_scatterload</STRONG> (Thumb, 0 bytes, Stack size unknown bytes, entry5.o(.ARM.Collect$$$$00000004))
<BR><BR>[Calls]<UL><LI><a href="#[1fd]">&gt;&gt;</a>&nbsp;&nbsp;&nbsp;__scatterload
</UL>

<P><STRONG><a name="[20b]"></a>__main_after_scatterload</STRONG> (Thumb, 0 bytes, Stack size unknown bytes, entry5.o(.ARM.Collect$$$$00000004))
<BR><BR>[Called By]<UL><LI><a href="#[1fd]">&gt;&gt;</a>&nbsp;&nbsp;&nbsp;__scatterload
</UL>

<P><STRONG><a name="[580]"></a>_main_clock</STRONG> (Thumb, 0 bytes, Stack size unknown bytes, entry7b.o(.ARM.Collect$$$$00000008))

<P><STRONG><a name="[581]"></a>_main_cpp_init</STRONG> (Thumb, 0 bytes, Stack size unknown bytes, entry8b.o(.ARM.Collect$$$$0000000A))

<P><STRONG><a name="[582]"></a>_main_init</STRONG> (Thumb, 0 bytes, Stack size unknown bytes, entry9a.o(.ARM.Collect$$$$0000000B))

<P><STRONG><a name="[583]"></a>__rt_final_cpp</STRONG> (Thumb, 0 bytes, Stack size unknown bytes, entry10a.o(.ARM.Collect$$$$0000000D))

<P><STRONG><a name="[584]"></a>__rt_final_exit</STRONG> (Thumb, 0 bytes, Stack size unknown bytes, entry11a.o(.ARM.Collect$$$$0000000F))

<P><STRONG><a name="[7]"></a>Reset_Handler</STRONG> (Thumb, 56 bytes, Stack size 0 bytes, startup_hc32f460.o(.text))
<BR>[Address Reference Count : 1]<UL><LI> startup_hc32f460.o(RESET)
</UL>
<P><STRONG><a name="[8]"></a>NMI_Handler</STRONG> (Thumb, 2 bytes, Stack size 0 bytes, startup_hc32f460.o(.text))
<BR><BR>[Calls]<UL><LI><a href="#[8]">&gt;&gt;</a>&nbsp;&nbsp;&nbsp;NMI_Handler
</UL>
<BR>[Called By]<UL><LI><a href="#[8]">&gt;&gt;</a>&nbsp;&nbsp;&nbsp;NMI_Handler
</UL>
<BR>[Address Reference Count : 1]<UL><LI> startup_hc32f460.o(RESET)
</UL>
<P><STRONG><a name="[9]"></a>HardFault_Handler</STRONG> (Thumb, 2 bytes, Stack size 0 bytes, startup_hc32f460.o(.text))
<BR><BR>[Calls]<UL><LI><a href="#[9]">&gt;&gt;</a>&nbsp;&nbsp;&nbsp;HardFault_Handler
</UL>
<BR>[Called By]<UL><LI><a href="#[9]">&gt;&gt;</a>&nbsp;&nbsp;&nbsp;HardFault_Handler
</UL>
<BR>[Address Reference Count : 1]<UL><LI> startup_hc32f460.o(RESET)
</UL>
<P><STRONG><a name="[a]"></a>MemManage_Handler</STRONG> (Thumb, 2 bytes, Stack size 0 bytes, startup_hc32f460.o(.text))
<BR><BR>[Calls]<UL><LI><a href="#[a]">&gt;&gt;</a>&nbsp;&nbsp;&nbsp;MemManage_Handler
</UL>
<BR>[Called By]<UL><LI><a href="#[a]">&gt;&gt;</a>&nbsp;&nbsp;&nbsp;MemManage_Handler
</UL>
<BR>[Address Reference Count : 1]<UL><LI> startup_hc32f460.o(RESET)
</UL>
<P><STRONG><a name="[b]"></a>BusFault_Handler</STRONG> (Thumb, 2 bytes, Stack size 0 bytes, startup_hc32f460.o(.text))
<BR><BR>[Calls]<UL><LI><a href="#[b]">&gt;&gt;</a>&nbsp;&nbsp;&nbsp;BusFault_Handler
</UL>
<BR>[Called By]<UL><LI><a href="#[b]">&gt;&gt;</a>&nbsp;&nbsp;&nbsp;BusFault_Handler
</UL>
<BR>[Address Reference Count : 1]<UL><LI> startup_hc32f460.o(RESET)
</UL>
<P><STRONG><a name="[c]"></a>UsageFault_Handler</STRONG> (Thumb, 2 bytes, Stack size 0 bytes, startup_hc32f460.o(.text))
<BR><BR>[Calls]<UL><LI><a href="#[c]">&gt;&gt;</a>&nbsp;&nbsp;&nbsp;UsageFault_Handler
</UL>
<BR>[Called By]<UL><LI><a href="#[c]">&gt;&gt;</a>&nbsp;&nbsp;&nbsp;UsageFault_Handler
</UL>
<BR>[Address Reference Count : 1]<UL><LI> startup_hc32f460.o(RESET)
</UL>
<P><STRONG><a name="[d]"></a>SVC_Handler</STRONG> (Thumb, 2 bytes, Stack size 0 bytes, startup_hc32f460.o(.text))
<BR><BR>[Calls]<UL><LI><a href="#[d]">&gt;&gt;</a>&nbsp;&nbsp;&nbsp;SVC_Handler
</UL>
<BR>[Called By]<UL><LI><a href="#[d]">&gt;&gt;</a>&nbsp;&nbsp;&nbsp;SVC_Handler
</UL>
<BR>[Address Reference Count : 1]<UL><LI> startup_hc32f460.o(RESET)
</UL>
<P><STRONG><a name="[e]"></a>DebugMon_Handler</STRONG> (Thumb, 2 bytes, Stack size 0 bytes, startup_hc32f460.o(.text))
<BR><BR>[Calls]<UL><LI><a href="#[e]">&gt;&gt;</a>&nbsp;&nbsp;&nbsp;DebugMon_Handler
</UL>
<BR>[Called By]<UL><LI><a href="#[e]">&gt;&gt;</a>&nbsp;&nbsp;&nbsp;DebugMon_Handler
</UL>
<BR>[Address Reference Count : 1]<UL><LI> startup_hc32f460.o(RESET)
</UL>
<P><STRONG><a name="[f]"></a>PendSV_Handler</STRONG> (Thumb, 2 bytes, Stack size 0 bytes, startup_hc32f460.o(.text))
<BR><BR>[Calls]<UL><LI><a href="#[f]">&gt;&gt;</a>&nbsp;&nbsp;&nbsp;PendSV_Handler
</UL>
<BR>[Called By]<UL><LI><a href="#[f]">&gt;&gt;</a>&nbsp;&nbsp;&nbsp;PendSV_Handler
</UL>
<BR>[Address Reference Count : 1]<UL><LI> startup_hc32f460.o(RESET)
</UL>
<P><STRONG><a name="[96]"></a>IRQ133_Handler</STRONG> (Thumb, 0 bytes, Stack size 0 bytes, startup_hc32f460.o(.text))
<BR><BR>[Calls]<UL><LI><a href="#[96]">&gt;&gt;</a>&nbsp;&nbsp;&nbsp;IRQ133_Handler
</UL>
<BR>[Called By]<UL><LI><a href="#[96]">&gt;&gt;</a>&nbsp;&nbsp;&nbsp;IRQ133_Handler
</UL>
<BR>[Address Reference Count : 1]<UL><LI> startup_hc32f460.o(RESET)
</UL>
<P><STRONG><a name="[97]"></a>IRQ134_Handler</STRONG> (Thumb, 0 bytes, Stack size 0 bytes, startup_hc32f460.o(.text))
<BR>[Address Reference Count : 1]<UL><LI> startup_hc32f460.o(RESET)
</UL>
<P><STRONG><a name="[98]"></a>IRQ135_Handler</STRONG> (Thumb, 0 bytes, Stack size 0 bytes, startup_hc32f460.o(.text))
<BR>[Address Reference Count : 1]<UL><LI> startup_hc32f460.o(RESET)
</UL>
<P><STRONG><a name="[1fe]"></a>__aeabi_uldivmod</STRONG> (Thumb, 98 bytes, Stack size 40 bytes, uldiv.o(.text))
<BR><BR>[Stack]<UL><LI>Max Depth = 40<LI>Call Chain = __aeabi_uldivmod
</UL>
<BR>[Calls]<UL><LI><a href="#[1ff]">&gt;&gt;</a>&nbsp;&nbsp;&nbsp;__aeabi_llsr
<LI><a href="#[200]">&gt;&gt;</a>&nbsp;&nbsp;&nbsp;__aeabi_llsl
</UL>
<BR>[Called By]<UL><LI><a href="#[2dd]">&gt;&gt;</a>&nbsp;&nbsp;&nbsp;_ntoa_long_long
</UL>

<P><STRONG><a name="[585]"></a>__aeabi_memcpy</STRONG> (Thumb, 36 bytes, Stack size 0 bytes, memcpya.o(.text), UNUSED)

<P><STRONG><a name="[452]"></a>__aeabi_memcpy4</STRONG> (Thumb, 0 bytes, Stack size 0 bytes, memcpya.o(.text))
<BR><BR>[Called By]<UL><LI><a href="#[359]">&gt;&gt;</a>&nbsp;&nbsp;&nbsp;lv_draw_label
</UL>

<P><STRONG><a name="[586]"></a>__aeabi_memcpy8</STRONG> (Thumb, 0 bytes, Stack size 0 bytes, memcpya.o(.text), UNUSED)

<P><STRONG><a name="[202]"></a>__aeabi_memset</STRONG> (Thumb, 14 bytes, Stack size 0 bytes, memseta.o(.text), UNUSED)
<BR><BR>[Called By]<UL><LI><a href="#[203]">&gt;&gt;</a>&nbsp;&nbsp;&nbsp;_memset$wrapper
<LI><a href="#[201]">&gt;&gt;</a>&nbsp;&nbsp;&nbsp;__aeabi_memclr
</UL>

<P><STRONG><a name="[587]"></a>__aeabi_memset4</STRONG> (Thumb, 0 bytes, Stack size 0 bytes, memseta.o(.text), UNUSED)

<P><STRONG><a name="[588]"></a>__aeabi_memset8</STRONG> (Thumb, 0 bytes, Stack size 0 bytes, memseta.o(.text), UNUSED)

<P><STRONG><a name="[201]"></a>__aeabi_memclr</STRONG> (Thumb, 4 bytes, Stack size 0 bytes, memseta.o(.text), UNUSED)
<BR><BR>[Calls]<UL><LI><a href="#[202]">&gt;&gt;</a>&nbsp;&nbsp;&nbsp;__aeabi_memset
</UL>

<P><STRONG><a name="[348]"></a>__aeabi_memclr4</STRONG> (Thumb, 0 bytes, Stack size 0 bytes, memseta.o(.text))
<BR><BR>[Called By]<UL><LI><a href="#[281]">&gt;&gt;</a>&nbsp;&nbsp;&nbsp;refr_sync_areas
<LI><a href="#[345]">&gt;&gt;</a>&nbsp;&nbsp;&nbsp;draw_bg
</UL>

<P><STRONG><a name="[589]"></a>__aeabi_memclr8</STRONG> (Thumb, 0 bytes, Stack size 0 bytes, memseta.o(.text), UNUSED)

<P><STRONG><a name="[203]"></a>_memset$wrapper</STRONG> (Thumb, 18 bytes, Stack size 8 bytes, memseta.o(.text), UNUSED)
<BR><BR>[Calls]<UL><LI><a href="#[202]">&gt;&gt;</a>&nbsp;&nbsp;&nbsp;__aeabi_memset
</UL>

<P><STRONG><a name="[2d3]"></a>strlen</STRONG> (Thumb, 14 bytes, Stack size 0 bytes, strlen.o(.text))
<BR><BR>[Called By]<UL><LI><a href="#[294]">&gt;&gt;</a>&nbsp;&nbsp;&nbsp;lv_label_set_text
<LI><a href="#[29e]">&gt;&gt;</a>&nbsp;&nbsp;&nbsp;lv_img_decoder_open
<LI><a href="#[485]">&gt;&gt;</a>&nbsp;&nbsp;&nbsp;lv_fs_get_ext
<LI><a href="#[2d7]">&gt;&gt;</a>&nbsp;&nbsp;&nbsp;_lv_txt_ins
<LI><a href="#[2d2]">&gt;&gt;</a>&nbsp;&nbsp;&nbsp;_lv_txt_cut
<LI><a href="#[396]">&gt;&gt;</a>&nbsp;&nbsp;&nbsp;lv_dropdown_get_selected_str
<LI><a href="#[519]">&gt;&gt;</a>&nbsp;&nbsp;&nbsp;lv_roller_set_options
<LI><a href="#[4a8]">&gt;&gt;</a>&nbsp;&nbsp;&nbsp;lv_label_ins_text
<LI><a href="#[4a2]">&gt;&gt;</a>&nbsp;&nbsp;&nbsp;lv_label_refr_text
<LI><a href="#[2ea]">&gt;&gt;</a>&nbsp;&nbsp;&nbsp;pwd_char_hider
<LI><a href="#[55e]">&gt;&gt;</a>&nbsp;&nbsp;&nbsp;lv_textarea_del_char
<LI><a href="#[3f0]">&gt;&gt;</a>&nbsp;&nbsp;&nbsp;lv_textarea_add_text
<LI><a href="#[553]">&gt;&gt;</a>&nbsp;&nbsp;&nbsp;lv_textarea_add_char
</UL>

<P><STRONG><a name="[2e0]"></a>strcmp</STRONG> (Thumb, 28 bytes, Stack size 8 bytes, strcmp.o(.text))
<BR><BR>[Stack]<UL><LI>Max Depth = 8<LI>Call Chain = strcmp
</UL>
<BR>[Called By]<UL><LI><a href="#[a7]">&gt;&gt;</a>&nbsp;&nbsp;&nbsp;lv_img_decoder_built_in_open
<LI><a href="#[a6]">&gt;&gt;</a>&nbsp;&nbsp;&nbsp;lv_img_decoder_built_in_info
<LI><a href="#[f9]">&gt;&gt;</a>&nbsp;&nbsp;&nbsp;lv_btnmatrix_event
<LI><a href="#[38d]">&gt;&gt;</a>&nbsp;&nbsp;&nbsp;draw_main
<LI><a href="#[2df]">&gt;&gt;</a>&nbsp;&nbsp;&nbsp;allocate_btn_areas_and_controls
<LI><a href="#[429]">&gt;&gt;</a>&nbsp;&nbsp;&nbsp;lv_btnmatrix_set_map
<LI><a href="#[3ef]">&gt;&gt;</a>&nbsp;&nbsp;&nbsp;insert_handler
</UL>

<P><STRONG><a name="[498]"></a>strcpy</STRONG> (Thumb, 18 bytes, Stack size 0 bytes, strcpy.o(.text))
<BR><BR>[Called By]<UL><LI><a href="#[294]">&gt;&gt;</a>&nbsp;&nbsp;&nbsp;lv_label_set_text
<LI><a href="#[29e]">&gt;&gt;</a>&nbsp;&nbsp;&nbsp;lv_img_decoder_open
<LI><a href="#[519]">&gt;&gt;</a>&nbsp;&nbsp;&nbsp;lv_roller_set_options
</UL>

<P><STRONG><a name="[23b]"></a>__ARM_scalbnf</STRONG> (Thumb, 24 bytes, Stack size 0 bytes, fscalb.o(.text))
<BR><BR>[Called By]<UL><LI><a href="#[23a]">&gt;&gt;</a>&nbsp;&nbsp;&nbsp;I2C_BaudrateConfig
</UL>

<P><STRONG><a name="[58a]"></a>scalbnf</STRONG> (Thumb, 0 bytes, Stack size 0 bytes, fscalb.o(.text), UNUSED)

<P><STRONG><a name="[204]"></a>__aeabi_ui2f</STRONG> (Thumb, 10 bytes, Stack size 0 bytes, ffltui.o(.text))
<BR><BR>[Stack]<UL><LI>Max Depth = 4<LI>Call Chain = __aeabi_ui2f &rArr; _float_epilogue
</UL>
<BR>[Calls]<UL><LI><a href="#[205]">&gt;&gt;</a>&nbsp;&nbsp;&nbsp;_float_epilogue
</UL>
<BR>[Called By]<UL><LI><a href="#[23a]">&gt;&gt;</a>&nbsp;&nbsp;&nbsp;I2C_BaudrateConfig
</UL>

<P><STRONG><a name="[206]"></a>__aeabi_fadd</STRONG> (Thumb, 164 bytes, Stack size 16 bytes, fadd.o(.text))
<BR><BR>[Stack]<UL><LI>Max Depth = 20<LI>Call Chain = __aeabi_fadd &rArr; _float_epilogue
</UL>
<BR>[Calls]<UL><LI><a href="#[207]">&gt;&gt;</a>&nbsp;&nbsp;&nbsp;_float_round
<LI><a href="#[205]">&gt;&gt;</a>&nbsp;&nbsp;&nbsp;_float_epilogue
</UL>
<BR>[Called By]<UL><LI><a href="#[208]">&gt;&gt;</a>&nbsp;&nbsp;&nbsp;__aeabi_fsub
<LI><a href="#[209]">&gt;&gt;</a>&nbsp;&nbsp;&nbsp;__aeabi_frsub
<LI><a href="#[23a]">&gt;&gt;</a>&nbsp;&nbsp;&nbsp;I2C_BaudrateConfig
</UL>

<P><STRONG><a name="[208]"></a>__aeabi_fsub</STRONG> (Thumb, 6 bytes, Stack size 0 bytes, fadd.o(.text))
<BR><BR>[Stack]<UL><LI>Max Depth = 20<LI>Call Chain = __aeabi_fsub &rArr; __aeabi_fadd &rArr; _float_epilogue
</UL>
<BR>[Calls]<UL><LI><a href="#[206]">&gt;&gt;</a>&nbsp;&nbsp;&nbsp;__aeabi_fadd
</UL>
<BR>[Called By]<UL><LI><a href="#[23a]">&gt;&gt;</a>&nbsp;&nbsp;&nbsp;I2C_BaudrateConfig
</UL>

<P><STRONG><a name="[209]"></a>__aeabi_frsub</STRONG> (Thumb, 6 bytes, Stack size 0 bytes, fadd.o(.text))
<BR><BR>[Stack]<UL><LI>Max Depth = 20<LI>Call Chain = __aeabi_frsub &rArr; __aeabi_fadd &rArr; _float_epilogue
</UL>
<BR>[Calls]<UL><LI><a href="#[206]">&gt;&gt;</a>&nbsp;&nbsp;&nbsp;__aeabi_fadd
</UL>
<BR>[Called By]<UL><LI><a href="#[23a]">&gt;&gt;</a>&nbsp;&nbsp;&nbsp;I2C_BaudrateConfig
</UL>

<P><STRONG><a name="[20a]"></a>__aeabi_fdiv</STRONG> (Thumb, 124 bytes, Stack size 8 bytes, fdiv.o(.text))
<BR><BR>[Stack]<UL><LI>Max Depth = 8<LI>Call Chain = __aeabi_fdiv
</UL>
<BR>[Calls]<UL><LI><a href="#[207]">&gt;&gt;</a>&nbsp;&nbsp;&nbsp;_float_round
</UL>
<BR>[Called By]<UL><LI><a href="#[23a]">&gt;&gt;</a>&nbsp;&nbsp;&nbsp;I2C_BaudrateConfig
</UL>

<P><STRONG><a name="[23c]"></a>__aeabi_f2uiz</STRONG> (Thumb, 40 bytes, Stack size 0 bytes, ffixui.o(.text))
<BR><BR>[Called By]<UL><LI><a href="#[23a]">&gt;&gt;</a>&nbsp;&nbsp;&nbsp;I2C_BaudrateConfig
</UL>

<P><STRONG><a name="[58b]"></a>__aeabi_cfcmpeq</STRONG> (Thumb, 0 bytes, Stack size 0 bytes, cfcmple.o(.text), UNUSED)

<P><STRONG><a name="[23d]"></a>__aeabi_cfcmple</STRONG> (Thumb, 20 bytes, Stack size 0 bytes, cfcmple.o(.text))
<BR><BR>[Called By]<UL><LI><a href="#[23a]">&gt;&gt;</a>&nbsp;&nbsp;&nbsp;I2C_BaudrateConfig
</UL>

<P><STRONG><a name="[23e]"></a>__aeabi_cfrcmple</STRONG> (Thumb, 20 bytes, Stack size 0 bytes, cfrcmple.o(.text))
<BR><BR>[Called By]<UL><LI><a href="#[23a]">&gt;&gt;</a>&nbsp;&nbsp;&nbsp;I2C_BaudrateConfig
</UL>

<P><STRONG><a name="[200]"></a>__aeabi_llsl</STRONG> (Thumb, 30 bytes, Stack size 0 bytes, llshl.o(.text))
<BR><BR>[Called By]<UL><LI><a href="#[1fe]">&gt;&gt;</a>&nbsp;&nbsp;&nbsp;__aeabi_uldivmod
</UL>

<P><STRONG><a name="[58c]"></a>_ll_shift_l</STRONG> (Thumb, 0 bytes, Stack size 0 bytes, llshl.o(.text), UNUSED)

<P><STRONG><a name="[1ff]"></a>__aeabi_llsr</STRONG> (Thumb, 32 bytes, Stack size 0 bytes, llushr.o(.text))
<BR><BR>[Called By]<UL><LI><a href="#[1fe]">&gt;&gt;</a>&nbsp;&nbsp;&nbsp;__aeabi_uldivmod
</UL>

<P><STRONG><a name="[58d]"></a>_ll_ushift_r</STRONG> (Thumb, 0 bytes, Stack size 0 bytes, llushr.o(.text), UNUSED)

<P><STRONG><a name="[58e]"></a>__I$use$fp</STRONG> (Thumb, 0 bytes, Stack size 0 bytes, iusefp.o(.text), UNUSED)

<P><STRONG><a name="[207]"></a>_float_round</STRONG> (Thumb, 18 bytes, Stack size 0 bytes, fepilogue.o(.text))
<BR><BR>[Called By]<UL><LI><a href="#[20a]">&gt;&gt;</a>&nbsp;&nbsp;&nbsp;__aeabi_fdiv
<LI><a href="#[206]">&gt;&gt;</a>&nbsp;&nbsp;&nbsp;__aeabi_fadd
</UL>

<P><STRONG><a name="[205]"></a>_float_epilogue</STRONG> (Thumb, 92 bytes, Stack size 4 bytes, fepilogue.o(.text))
<BR><BR>[Stack]<UL><LI>Max Depth = 4<LI>Call Chain = _float_epilogue
</UL>
<BR>[Called By]<UL><LI><a href="#[204]">&gt;&gt;</a>&nbsp;&nbsp;&nbsp;__aeabi_ui2f
<LI><a href="#[206]">&gt;&gt;</a>&nbsp;&nbsp;&nbsp;__aeabi_fadd
</UL>

<P><STRONG><a name="[1fd]"></a>__scatterload</STRONG> (Thumb, 28 bytes, Stack size 0 bytes, init.o(.text))
<BR><BR>[Calls]<UL><LI><a href="#[20b]">&gt;&gt;</a>&nbsp;&nbsp;&nbsp;__main_after_scatterload
</UL>
<BR>[Called By]<UL><LI><a href="#[1fc]">&gt;&gt;</a>&nbsp;&nbsp;&nbsp;_main_scatterload
</UL>

<P><STRONG><a name="[58f]"></a>__scatterload_rt2</STRONG> (Thumb, 0 bytes, Stack size 0 bytes, init.o(.text), UNUSED)

<P><STRONG><a name="[590]"></a>__decompress</STRONG> (Thumb, 0 bytes, Stack size unknown bytes, __dczerorl2.o(.text), UNUSED)

<P><STRONG><a name="[591]"></a>__decompress1</STRONG> (Thumb, 86 bytes, Stack size unknown bytes, __dczerorl2.o(.text), UNUSED)

<P><STRONG><a name="[11c]"></a>ADC1_ChCmp_IrqHandler</STRONG> (Thumb, 2 bytes, Stack size 0 bytes, hc32f460_ll_interrupts_share.o(i.ADC1_ChCmp_IrqHandler))
<BR><BR>[Called By]<UL><LI><a href="#[9f]">&gt;&gt;</a>&nbsp;&nbsp;&nbsp;IRQ142_Handler
</UL>

<P><STRONG><a name="[11d]"></a>ADC1_SeqA_IrqHandler</STRONG> (Thumb, 2 bytes, Stack size 0 bytes, hc32f460_ll_interrupts_share.o(i.ADC1_SeqA_IrqHandler))
<BR><BR>[Called By]<UL><LI><a href="#[9f]">&gt;&gt;</a>&nbsp;&nbsp;&nbsp;IRQ142_Handler
</UL>

<P><STRONG><a name="[11e]"></a>ADC1_SeqB_IrqHandler</STRONG> (Thumb, 2 bytes, Stack size 0 bytes, hc32f460_ll_interrupts_share.o(i.ADC1_SeqB_IrqHandler))
<BR><BR>[Called By]<UL><LI><a href="#[9f]">&gt;&gt;</a>&nbsp;&nbsp;&nbsp;IRQ142_Handler
</UL>

<P><STRONG><a name="[11f]"></a>ADC1_SeqCmp_IrqHandler</STRONG> (Thumb, 2 bytes, Stack size 0 bytes, hc32f460_ll_interrupts_share.o(i.ADC1_SeqCmp_IrqHandler))
<BR><BR>[Called By]<UL><LI><a href="#[9f]">&gt;&gt;</a>&nbsp;&nbsp;&nbsp;IRQ142_Handler
</UL>

<P><STRONG><a name="[120]"></a>ADC2_ChCmp_IrqHandler</STRONG> (Thumb, 2 bytes, Stack size 0 bytes, hc32f460_ll_interrupts_share.o(i.ADC2_ChCmp_IrqHandler))
<BR><BR>[Called By]<UL><LI><a href="#[9f]">&gt;&gt;</a>&nbsp;&nbsp;&nbsp;IRQ142_Handler
</UL>

<P><STRONG><a name="[121]"></a>ADC2_SeqA_IrqHandler</STRONG> (Thumb, 2 bytes, Stack size 0 bytes, hc32f460_ll_interrupts_share.o(i.ADC2_SeqA_IrqHandler))
<BR><BR>[Called By]<UL><LI><a href="#[9f]">&gt;&gt;</a>&nbsp;&nbsp;&nbsp;IRQ142_Handler
</UL>

<P><STRONG><a name="[122]"></a>ADC2_SeqB_IrqHandler</STRONG> (Thumb, 2 bytes, Stack size 0 bytes, hc32f460_ll_interrupts_share.o(i.ADC2_SeqB_IrqHandler))
<BR><BR>[Called By]<UL><LI><a href="#[9f]">&gt;&gt;</a>&nbsp;&nbsp;&nbsp;IRQ142_Handler
</UL>

<P><STRONG><a name="[123]"></a>ADC2_SeqCmp_IrqHandler</STRONG> (Thumb, 2 bytes, Stack size 0 bytes, hc32f460_ll_interrupts_share.o(i.ADC2_SeqCmp_IrqHandler))
<BR><BR>[Called By]<UL><LI><a href="#[9f]">&gt;&gt;</a>&nbsp;&nbsp;&nbsp;IRQ142_Handler
</UL>

<P><STRONG><a name="[20c]"></a>AOS_CommonTriggerCmd</STRONG> (Thumb, 70 bytes, Stack size 16 bytes, hc32_ll_aos.o(i.AOS_CommonTriggerCmd))
<BR><BR>[Stack]<UL><LI>Max Depth = 16<LI>Call Chain = AOS_CommonTriggerCmd
</UL>
<BR>[Calls]<UL><LI><a href="#[11b]">&gt;&gt;</a>&nbsp;&nbsp;&nbsp;DDL_AssertHandler
</UL>
<BR>[Called By]<UL><LI><a href="#[252]">&gt;&gt;</a>&nbsp;&nbsp;&nbsp;LCD_SPI_Config
</UL>

<P><STRONG><a name="[20d]"></a>AOS_SetTriggerEventSrc</STRONG> (Thumb, 36 bytes, Stack size 16 bytes, hc32_ll_aos.o(i.AOS_SetTriggerEventSrc))
<BR><BR>[Stack]<UL><LI>Max Depth = 16<LI>Call Chain = AOS_SetTriggerEventSrc
</UL>
<BR>[Calls]<UL><LI><a href="#[11b]">&gt;&gt;</a>&nbsp;&nbsp;&nbsp;DDL_AssertHandler
</UL>
<BR>[Called By]<UL><LI><a href="#[252]">&gt;&gt;</a>&nbsp;&nbsp;&nbsp;LCD_SPI_Config
</UL>

<P><STRONG><a name="[124]"></a>CAN_IrqHandler</STRONG> (Thumb, 2 bytes, Stack size 0 bytes, hc32f460_ll_interrupts_share.o(i.CAN_IrqHandler))
<BR><BR>[Called By]<UL><LI><a href="#[a0]">&gt;&gt;</a>&nbsp;&nbsp;&nbsp;IRQ143_Handler
</UL>

<P><STRONG><a name="[215]"></a>CLK_GetStableStatus</STRONG> (Thumb, 36 bytes, Stack size 8 bytes, hc32_ll_clk.o(i.CLK_GetStableStatus))
<BR><BR>[Stack]<UL><LI>Max Depth = 8<LI>Call Chain = CLK_GetStableStatus
</UL>
<BR>[Calls]<UL><LI><a href="#[11b]">&gt;&gt;</a>&nbsp;&nbsp;&nbsp;DDL_AssertHandler
</UL>
<BR>[Called By]<UL><LI><a href="#[20e]">&gt;&gt;</a>&nbsp;&nbsp;&nbsp;BSP_CLK_Init
<LI><a href="#[21e]">&gt;&gt;</a>&nbsp;&nbsp;&nbsp;CLK_WaitStable
</UL>

<P><STRONG><a name="[21d]"></a>CLK_PLLCmd</STRONG> (Thumb, 118 bytes, Stack size 16 bytes, hc32_ll_clk.o(i.CLK_PLLCmd))
<BR><BR>[Stack]<UL><LI>Max Depth = 48<LI>Call Chain = CLK_PLLCmd &rArr; CLK_WaitStable &rArr; CLK_GetStableStatus
</UL>
<BR>[Calls]<UL><LI><a href="#[21e]">&gt;&gt;</a>&nbsp;&nbsp;&nbsp;CLK_WaitStable
<LI><a href="#[11b]">&gt;&gt;</a>&nbsp;&nbsp;&nbsp;DDL_AssertHandler
</UL>
<BR>[Called By]<UL><LI><a href="#[214]">&gt;&gt;</a>&nbsp;&nbsp;&nbsp;CLK_PLLInit
</UL>

<P><STRONG><a name="[214]"></a>CLK_PLLInit</STRONG> (Thumb, 374 bytes, Stack size 24 bytes, hc32_ll_clk.o(i.CLK_PLLInit))
<BR><BR>[Stack]<UL><LI>Max Depth = 72<LI>Call Chain = CLK_PLLInit &rArr; CLK_PLLCmd &rArr; CLK_WaitStable &rArr; CLK_GetStableStatus
</UL>
<BR>[Calls]<UL><LI><a href="#[21d]">&gt;&gt;</a>&nbsp;&nbsp;&nbsp;CLK_PLLCmd
<LI><a href="#[11b]">&gt;&gt;</a>&nbsp;&nbsp;&nbsp;DDL_AssertHandler
</UL>
<BR>[Called By]<UL><LI><a href="#[20e]">&gt;&gt;</a>&nbsp;&nbsp;&nbsp;BSP_CLK_Init
</UL>

<P><STRONG><a name="[211]"></a>CLK_PLLStructInit</STRONG> (Thumb, 48 bytes, Stack size 0 bytes, hc32_ll_clk.o(i.CLK_PLLStructInit))
<BR><BR>[Called By]<UL><LI><a href="#[20e]">&gt;&gt;</a>&nbsp;&nbsp;&nbsp;BSP_CLK_Init
</UL>

<P><STRONG><a name="[212]"></a>CLK_SetClockDiv</STRONG> (Thumb, 14 bytes, Stack size 8 bytes, hc32_ll_clk.o(i.CLK_SetClockDiv))
<BR><BR>[Stack]<UL><LI>Max Depth = 56<LI>Call Chain = CLK_SetClockDiv &rArr; SetSysClockDiv &rArr; DDL_DelayUS
</UL>
<BR>[Calls]<UL><LI><a href="#[220]">&gt;&gt;</a>&nbsp;&nbsp;&nbsp;SystemCoreClockUpdate
<LI><a href="#[21f]">&gt;&gt;</a>&nbsp;&nbsp;&nbsp;SetSysClockDiv
</UL>
<BR>[Called By]<UL><LI><a href="#[20e]">&gt;&gt;</a>&nbsp;&nbsp;&nbsp;BSP_CLK_Init
</UL>

<P><STRONG><a name="[21a]"></a>CLK_SetSysClockSrc</STRONG> (Thumb, 14 bytes, Stack size 8 bytes, hc32_ll_clk.o(i.CLK_SetSysClockSrc))
<BR><BR>[Stack]<UL><LI>Max Depth = 56<LI>Call Chain = CLK_SetSysClockSrc &rArr; SetSysClockSrc &rArr; DDL_DelayUS
</UL>
<BR>[Calls]<UL><LI><a href="#[220]">&gt;&gt;</a>&nbsp;&nbsp;&nbsp;SystemCoreClockUpdate
<LI><a href="#[221]">&gt;&gt;</a>&nbsp;&nbsp;&nbsp;SetSysClockSrc
</UL>
<BR>[Called By]<UL><LI><a href="#[20e]">&gt;&gt;</a>&nbsp;&nbsp;&nbsp;BSP_CLK_Init
</UL>

<P><STRONG><a name="[222]"></a>CLK_XtalCmd</STRONG> (Thumb, 110 bytes, Stack size 16 bytes, hc32_ll_clk.o(i.CLK_XtalCmd))
<BR><BR>[Stack]<UL><LI>Max Depth = 48<LI>Call Chain = CLK_XtalCmd &rArr; CLK_WaitStable &rArr; CLK_GetStableStatus
</UL>
<BR>[Calls]<UL><LI><a href="#[21e]">&gt;&gt;</a>&nbsp;&nbsp;&nbsp;CLK_WaitStable
<LI><a href="#[11b]">&gt;&gt;</a>&nbsp;&nbsp;&nbsp;DDL_AssertHandler
</UL>
<BR>[Called By]<UL><LI><a href="#[213]">&gt;&gt;</a>&nbsp;&nbsp;&nbsp;CLK_XtalInit
</UL>

<P><STRONG><a name="[213]"></a>CLK_XtalInit</STRONG> (Thumb, 200 bytes, Stack size 16 bytes, hc32_ll_clk.o(i.CLK_XtalInit))
<BR><BR>[Stack]<UL><LI>Max Depth = 64<LI>Call Chain = CLK_XtalInit &rArr; CLK_XtalCmd &rArr; CLK_WaitStable &rArr; CLK_GetStableStatus
</UL>
<BR>[Calls]<UL><LI><a href="#[222]">&gt;&gt;</a>&nbsp;&nbsp;&nbsp;CLK_XtalCmd
<LI><a href="#[11b]">&gt;&gt;</a>&nbsp;&nbsp;&nbsp;DDL_AssertHandler
</UL>
<BR>[Called By]<UL><LI><a href="#[20e]">&gt;&gt;</a>&nbsp;&nbsp;&nbsp;BSP_CLK_Init
</UL>

<P><STRONG><a name="[125]"></a>CLK_XtalStop_IrqHandler</STRONG> (Thumb, 2 bytes, Stack size 0 bytes, hc32f460_ll_interrupts_share.o(i.CLK_XtalStop_IrqHandler))
<BR><BR>[Called By]<UL><LI><a href="#[93]">&gt;&gt;</a>&nbsp;&nbsp;&nbsp;IRQ130_Handler
</UL>

<P><STRONG><a name="[210]"></a>CLK_XtalStructInit</STRONG> (Thumb, 32 bytes, Stack size 0 bytes, hc32_ll_clk.o(i.CLK_XtalStructInit))
<BR><BR>[Called By]<UL><LI><a href="#[20e]">&gt;&gt;</a>&nbsp;&nbsp;&nbsp;BSP_CLK_Init
</UL>

<P><STRONG><a name="[223]"></a>DA213_Init</STRONG> (Thumb, 38 bytes, Stack size 8 bytes, da213.o(i.DA213_Init))
<BR><BR>[Stack]<UL><LI>Max Depth = 180<LI>Call Chain = DA213_Init &rArr; I2C_Hardware_Init &rArr; I2C_Init &rArr; I2C_BaudrateConfig &rArr; __aeabi_fsub &rArr; __aeabi_fadd &rArr; _float_epilogue
</UL>
<BR>[Calls]<UL><LI><a href="#[225]">&gt;&gt;</a>&nbsp;&nbsp;&nbsp;DDL_DelayMS
<LI><a href="#[224]">&gt;&gt;</a>&nbsp;&nbsp;&nbsp;I2C_Hardware_Init
<LI><a href="#[226]">&gt;&gt;</a>&nbsp;&nbsp;&nbsp;DA213_Write_Reg
</UL>
<BR>[Called By]<UL><LI><a href="#[a1]">&gt;&gt;</a>&nbsp;&nbsp;&nbsp;main
</UL>

<P><STRONG><a name="[126]"></a>DCU1_IrqHandler</STRONG> (Thumb, 2 bytes, Stack size 0 bytes, hc32f460_ll_interrupts_share.o(i.DCU1_IrqHandler))
<BR><BR>[Called By]<UL><LI><a href="#[92]">&gt;&gt;</a>&nbsp;&nbsp;&nbsp;IRQ129_Handler
</UL>

<P><STRONG><a name="[127]"></a>DCU2_IrqHandler</STRONG> (Thumb, 2 bytes, Stack size 0 bytes, hc32f460_ll_interrupts_share.o(i.DCU2_IrqHandler))
<BR><BR>[Called By]<UL><LI><a href="#[92]">&gt;&gt;</a>&nbsp;&nbsp;&nbsp;IRQ129_Handler
</UL>

<P><STRONG><a name="[128]"></a>DCU3_IrqHandler</STRONG> (Thumb, 2 bytes, Stack size 0 bytes, hc32f460_ll_interrupts_share.o(i.DCU3_IrqHandler))
<BR><BR>[Called By]<UL><LI><a href="#[92]">&gt;&gt;</a>&nbsp;&nbsp;&nbsp;IRQ129_Handler
</UL>

<P><STRONG><a name="[129]"></a>DCU4_IrqHandler</STRONG> (Thumb, 2 bytes, Stack size 0 bytes, hc32f460_ll_interrupts_share.o(i.DCU4_IrqHandler))
<BR><BR>[Called By]<UL><LI><a href="#[92]">&gt;&gt;</a>&nbsp;&nbsp;&nbsp;IRQ129_Handler
</UL>

<P><STRONG><a name="[11b]"></a>DDL_AssertHandler</STRONG> (Thumb, 2 bytes, Stack size 0 bytes, hc32_ll_utility.o(i.DDL_AssertHandler))
<BR><BR>[Calls]<UL><LI><a href="#[11b]">&gt;&gt;</a>&nbsp;&nbsp;&nbsp;DDL_AssertHandler
</UL>
<BR>[Called By]<UL><LI><a href="#[234]">&gt;&gt;</a>&nbsp;&nbsp;&nbsp;FCG_Fcg2PeriphClockCmd
<LI><a href="#[259]">&gt;&gt;</a>&nbsp;&nbsp;&nbsp;SPI_GetStatus
<LI><a href="#[26a]">&gt;&gt;</a>&nbsp;&nbsp;&nbsp;SPI_TxRx
<LI><a href="#[26b]">&gt;&gt;</a>&nbsp;&nbsp;&nbsp;SPI_Tx
<LI><a href="#[222]">&gt;&gt;</a>&nbsp;&nbsp;&nbsp;CLK_XtalCmd
<LI><a href="#[21d]">&gt;&gt;</a>&nbsp;&nbsp;&nbsp;CLK_PLLCmd
<LI><a href="#[221]">&gt;&gt;</a>&nbsp;&nbsp;&nbsp;SetSysClockSrc
<LI><a href="#[21f]">&gt;&gt;</a>&nbsp;&nbsp;&nbsp;SetSysClockDiv
<LI><a href="#[11b]">&gt;&gt;</a>&nbsp;&nbsp;&nbsp;DDL_AssertHandler
<LI><a href="#[239]">&gt;&gt;</a>&nbsp;&nbsp;&nbsp;GPIO_SetPins
<LI><a href="#[236]">&gt;&gt;</a>&nbsp;&nbsp;&nbsp;GPIO_ResetPins
<LI><a href="#[216]">&gt;&gt;</a>&nbsp;&nbsp;&nbsp;SRAM_SetWaitCycle
<LI><a href="#[254]">&gt;&gt;</a>&nbsp;&nbsp;&nbsp;SPI_Init
<LI><a href="#[257]">&gt;&gt;</a>&nbsp;&nbsp;&nbsp;SPI_Cmd
<LI><a href="#[219]">&gt;&gt;</a>&nbsp;&nbsp;&nbsp;PWC_HighSpeedToHighPerformance
<LI><a href="#[24b]">&gt;&gt;</a>&nbsp;&nbsp;&nbsp;INTC_IrqSignIn
<LI><a href="#[218]">&gt;&gt;</a>&nbsp;&nbsp;&nbsp;GPIO_SetReadWaitCycle
<LI><a href="#[238]">&gt;&gt;</a>&nbsp;&nbsp;&nbsp;GPIO_SetFunc
<LI><a href="#[237]">&gt;&gt;</a>&nbsp;&nbsp;&nbsp;GPIO_SetDebugPort
<LI><a href="#[235]">&gt;&gt;</a>&nbsp;&nbsp;&nbsp;GPIO_Init
<LI><a href="#[20f]">&gt;&gt;</a>&nbsp;&nbsp;&nbsp;GPIO_AnalogCmd
<LI><a href="#[233]">&gt;&gt;</a>&nbsp;&nbsp;&nbsp;FCG_Fcg1PeriphClockCmd
<LI><a href="#[232]">&gt;&gt;</a>&nbsp;&nbsp;&nbsp;FCG_Fcg0PeriphClockCmd
<LI><a href="#[217]">&gt;&gt;</a>&nbsp;&nbsp;&nbsp;EFM_SetWaitCycle
<LI><a href="#[21b]">&gt;&gt;</a>&nbsp;&nbsp;&nbsp;EFM_CacheRamReset
<LI><a href="#[21c]">&gt;&gt;</a>&nbsp;&nbsp;&nbsp;EFM_CacheCmd
<LI><a href="#[22f]">&gt;&gt;</a>&nbsp;&nbsp;&nbsp;DMA_Init
<LI><a href="#[22e]">&gt;&gt;</a>&nbsp;&nbsp;&nbsp;DMA_GetTransCompleteStatus
<LI><a href="#[22d]">&gt;&gt;</a>&nbsp;&nbsp;&nbsp;DMA_Cmd
<LI><a href="#[22c]">&gt;&gt;</a>&nbsp;&nbsp;&nbsp;DMA_ClearTransCompleteStatus
<LI><a href="#[213]">&gt;&gt;</a>&nbsp;&nbsp;&nbsp;CLK_XtalInit
<LI><a href="#[214]">&gt;&gt;</a>&nbsp;&nbsp;&nbsp;CLK_PLLInit
<LI><a href="#[215]">&gt;&gt;</a>&nbsp;&nbsp;&nbsp;CLK_GetStableStatus
<LI><a href="#[20d]">&gt;&gt;</a>&nbsp;&nbsp;&nbsp;AOS_SetTriggerEventSrc
<LI><a href="#[20c]">&gt;&gt;</a>&nbsp;&nbsp;&nbsp;AOS_CommonTriggerCmd
<LI><a href="#[231]">&gt;&gt;</a>&nbsp;&nbsp;&nbsp;DMA_SetTransCount
<LI><a href="#[230]">&gt;&gt;</a>&nbsp;&nbsp;&nbsp;DMA_SetSrcAddr
<LI><a href="#[22b]">&gt;&gt;</a>&nbsp;&nbsp;&nbsp;DMA_ChCmd
<LI><a href="#[24a]">&gt;&gt;</a>&nbsp;&nbsp;&nbsp;I2C_WriteData
<LI><a href="#[249]">&gt;&gt;</a>&nbsp;&nbsp;&nbsp;I2C_WaitStatus
<LI><a href="#[229]">&gt;&gt;</a>&nbsp;&nbsp;&nbsp;I2C_TransData
<LI><a href="#[228]">&gt;&gt;</a>&nbsp;&nbsp;&nbsp;I2C_TransAddr
<LI><a href="#[22a]">&gt;&gt;</a>&nbsp;&nbsp;&nbsp;I2C_Stop
<LI><a href="#[227]">&gt;&gt;</a>&nbsp;&nbsp;&nbsp;I2C_Start
<LI><a href="#[248]">&gt;&gt;</a>&nbsp;&nbsp;&nbsp;I2C_Init
<LI><a href="#[245]">&gt;&gt;</a>&nbsp;&nbsp;&nbsp;I2C_GetStatus
<LI><a href="#[244]">&gt;&gt;</a>&nbsp;&nbsp;&nbsp;I2C_GenerateStop
<LI><a href="#[243]">&gt;&gt;</a>&nbsp;&nbsp;&nbsp;I2C_GenerateStart
<LI><a href="#[242]">&gt;&gt;</a>&nbsp;&nbsp;&nbsp;I2C_DeInit
<LI><a href="#[241]">&gt;&gt;</a>&nbsp;&nbsp;&nbsp;I2C_Cmd
<LI><a href="#[240]">&gt;&gt;</a>&nbsp;&nbsp;&nbsp;I2C_ClearStatus
<LI><a href="#[23f]">&gt;&gt;</a>&nbsp;&nbsp;&nbsp;I2C_BusWaitCmd
<LI><a href="#[23a]">&gt;&gt;</a>&nbsp;&nbsp;&nbsp;I2C_BaudrateConfig
<LI><a href="#[266]">&gt;&gt;</a>&nbsp;&nbsp;&nbsp;TMR6_Start
<LI><a href="#[260]">&gt;&gt;</a>&nbsp;&nbsp;&nbsp;TMR6_SetGeneralBufNum
<LI><a href="#[264]">&gt;&gt;</a>&nbsp;&nbsp;&nbsp;TMR6_SetFunc
<LI><a href="#[262]">&gt;&gt;</a>&nbsp;&nbsp;&nbsp;TMR6_SetCompareValue
<LI><a href="#[265]">&gt;&gt;</a>&nbsp;&nbsp;&nbsp;TMR6_PWM_OutputCmd
<LI><a href="#[263]">&gt;&gt;</a>&nbsp;&nbsp;&nbsp;TMR6_PWM_Init
<LI><a href="#[25f]">&gt;&gt;</a>&nbsp;&nbsp;&nbsp;TMR6_Init
<LI><a href="#[261]">&gt;&gt;</a>&nbsp;&nbsp;&nbsp;TMR6_GeneralBufCmd
</UL>

<P><STRONG><a name="[225]"></a>DDL_DelayMS</STRONG> (Thumb, 54 bytes, Stack size 8 bytes, hc32_ll_utility.o(i.DDL_DelayMS))
<BR><BR>[Stack]<UL><LI>Max Depth = 8<LI>Call Chain = DDL_DelayMS
</UL>
<BR>[Called By]<UL><LI><a href="#[223]">&gt;&gt;</a>&nbsp;&nbsp;&nbsp;DA213_Init
<LI><a href="#[250]">&gt;&gt;</a>&nbsp;&nbsp;&nbsp;LCD_Init
</UL>

<P><STRONG><a name="[269]"></a>DDL_DelayUS</STRONG> (Thumb, 52 bytes, Stack size 8 bytes, hc32_ll_utility.o(i.DDL_DelayUS))
<BR><BR>[Stack]<UL><LI>Max Depth = 8<LI>Call Chain = DDL_DelayUS
</UL>
<BR>[Called By]<UL><LI><a href="#[221]">&gt;&gt;</a>&nbsp;&nbsp;&nbsp;SetSysClockSrc
<LI><a href="#[21f]">&gt;&gt;</a>&nbsp;&nbsp;&nbsp;SetSysClockDiv
<LI><a href="#[219]">&gt;&gt;</a>&nbsp;&nbsp;&nbsp;PWC_HighSpeedToHighPerformance
</UL>

<P><STRONG><a name="[12a]"></a>DMA1_BTC0_IrqHandler</STRONG> (Thumb, 2 bytes, Stack size 0 bytes, hc32f460_ll_interrupts_share.o(i.DMA1_BTC0_IrqHandler))
<BR><BR>[Called By]<UL><LI><a href="#[92]">&gt;&gt;</a>&nbsp;&nbsp;&nbsp;IRQ129_Handler
</UL>

<P><STRONG><a name="[12b]"></a>DMA1_BTC1_IrqHandler</STRONG> (Thumb, 2 bytes, Stack size 0 bytes, hc32f460_ll_interrupts_share.o(i.DMA1_BTC1_IrqHandler))
<BR><BR>[Called By]<UL><LI><a href="#[92]">&gt;&gt;</a>&nbsp;&nbsp;&nbsp;IRQ129_Handler
</UL>

<P><STRONG><a name="[12c]"></a>DMA1_BTC2_IrqHandler</STRONG> (Thumb, 2 bytes, Stack size 0 bytes, hc32f460_ll_interrupts_share.o(i.DMA1_BTC2_IrqHandler))
<BR><BR>[Called By]<UL><LI><a href="#[92]">&gt;&gt;</a>&nbsp;&nbsp;&nbsp;IRQ129_Handler
</UL>

<P><STRONG><a name="[12d]"></a>DMA1_BTC3_IrqHandler</STRONG> (Thumb, 2 bytes, Stack size 0 bytes, hc32f460_ll_interrupts_share.o(i.DMA1_BTC3_IrqHandler))
<BR><BR>[Called By]<UL><LI><a href="#[92]">&gt;&gt;</a>&nbsp;&nbsp;&nbsp;IRQ129_Handler
</UL>

<P><STRONG><a name="[12e]"></a>DMA1_Error0_IrqHandler</STRONG> (Thumb, 2 bytes, Stack size 0 bytes, hc32f460_ll_interrupts_share.o(i.DMA1_Error0_IrqHandler))
<BR><BR>[Called By]<UL><LI><a href="#[92]">&gt;&gt;</a>&nbsp;&nbsp;&nbsp;IRQ129_Handler
</UL>

<P><STRONG><a name="[12f]"></a>DMA1_Error1_IrqHandler</STRONG> (Thumb, 2 bytes, Stack size 0 bytes, hc32f460_ll_interrupts_share.o(i.DMA1_Error1_IrqHandler))
<BR><BR>[Called By]<UL><LI><a href="#[92]">&gt;&gt;</a>&nbsp;&nbsp;&nbsp;IRQ129_Handler
</UL>

<P><STRONG><a name="[130]"></a>DMA1_Error2_IrqHandler</STRONG> (Thumb, 2 bytes, Stack size 0 bytes, hc32f460_ll_interrupts_share.o(i.DMA1_Error2_IrqHandler))
<BR><BR>[Called By]<UL><LI><a href="#[92]">&gt;&gt;</a>&nbsp;&nbsp;&nbsp;IRQ129_Handler
</UL>

<P><STRONG><a name="[131]"></a>DMA1_Error3_IrqHandler</STRONG> (Thumb, 2 bytes, Stack size 0 bytes, hc32f460_ll_interrupts_share.o(i.DMA1_Error3_IrqHandler))
<BR><BR>[Called By]<UL><LI><a href="#[92]">&gt;&gt;</a>&nbsp;&nbsp;&nbsp;IRQ129_Handler
</UL>

<P><STRONG><a name="[132]"></a>DMA1_TC0_IrqHandler</STRONG> (Thumb, 2 bytes, Stack size 0 bytes, hc32f460_ll_interrupts_share.o(i.DMA1_TC0_IrqHandler))
<BR><BR>[Called By]<UL><LI><a href="#[92]">&gt;&gt;</a>&nbsp;&nbsp;&nbsp;IRQ129_Handler
</UL>

<P><STRONG><a name="[133]"></a>DMA1_TC1_IrqHandler</STRONG> (Thumb, 2 bytes, Stack size 0 bytes, hc32f460_ll_interrupts_share.o(i.DMA1_TC1_IrqHandler))
<BR><BR>[Called By]<UL><LI><a href="#[92]">&gt;&gt;</a>&nbsp;&nbsp;&nbsp;IRQ129_Handler
</UL>

<P><STRONG><a name="[134]"></a>DMA1_TC2_IrqHandler</STRONG> (Thumb, 2 bytes, Stack size 0 bytes, hc32f460_ll_interrupts_share.o(i.DMA1_TC2_IrqHandler))
<BR><BR>[Called By]<UL><LI><a href="#[92]">&gt;&gt;</a>&nbsp;&nbsp;&nbsp;IRQ129_Handler
</UL>

<P><STRONG><a name="[135]"></a>DMA1_TC3_IrqHandler</STRONG> (Thumb, 2 bytes, Stack size 0 bytes, hc32f460_ll_interrupts_share.o(i.DMA1_TC3_IrqHandler))
<BR><BR>[Called By]<UL><LI><a href="#[92]">&gt;&gt;</a>&nbsp;&nbsp;&nbsp;IRQ129_Handler
</UL>

<P><STRONG><a name="[136]"></a>DMA2_BTC0_IrqHandler</STRONG> (Thumb, 2 bytes, Stack size 0 bytes, hc32f460_ll_interrupts_share.o(i.DMA2_BTC0_IrqHandler))
<BR><BR>[Called By]<UL><LI><a href="#[92]">&gt;&gt;</a>&nbsp;&nbsp;&nbsp;IRQ129_Handler
</UL>

<P><STRONG><a name="[137]"></a>DMA2_BTC1_IrqHandler</STRONG> (Thumb, 2 bytes, Stack size 0 bytes, hc32f460_ll_interrupts_share.o(i.DMA2_BTC1_IrqHandler))
<BR><BR>[Called By]<UL><LI><a href="#[92]">&gt;&gt;</a>&nbsp;&nbsp;&nbsp;IRQ129_Handler
</UL>

<P><STRONG><a name="[138]"></a>DMA2_BTC2_IrqHandler</STRONG> (Thumb, 2 bytes, Stack size 0 bytes, hc32f460_ll_interrupts_share.o(i.DMA2_BTC2_IrqHandler))
<BR><BR>[Called By]<UL><LI><a href="#[92]">&gt;&gt;</a>&nbsp;&nbsp;&nbsp;IRQ129_Handler
</UL>

<P><STRONG><a name="[139]"></a>DMA2_BTC3_IrqHandler</STRONG> (Thumb, 2 bytes, Stack size 0 bytes, hc32f460_ll_interrupts_share.o(i.DMA2_BTC3_IrqHandler))
<BR><BR>[Called By]<UL><LI><a href="#[92]">&gt;&gt;</a>&nbsp;&nbsp;&nbsp;IRQ129_Handler
</UL>

<P><STRONG><a name="[13a]"></a>DMA2_Error0_IrqHandler</STRONG> (Thumb, 2 bytes, Stack size 0 bytes, hc32f460_ll_interrupts_share.o(i.DMA2_Error0_IrqHandler))
<BR><BR>[Called By]<UL><LI><a href="#[92]">&gt;&gt;</a>&nbsp;&nbsp;&nbsp;IRQ129_Handler
</UL>

<P><STRONG><a name="[13b]"></a>DMA2_Error1_IrqHandler</STRONG> (Thumb, 2 bytes, Stack size 0 bytes, hc32f460_ll_interrupts_share.o(i.DMA2_Error1_IrqHandler))
<BR><BR>[Called By]<UL><LI><a href="#[92]">&gt;&gt;</a>&nbsp;&nbsp;&nbsp;IRQ129_Handler
</UL>

<P><STRONG><a name="[13c]"></a>DMA2_Error2_IrqHandler</STRONG> (Thumb, 2 bytes, Stack size 0 bytes, hc32f460_ll_interrupts_share.o(i.DMA2_Error2_IrqHandler))
<BR><BR>[Called By]<UL><LI><a href="#[92]">&gt;&gt;</a>&nbsp;&nbsp;&nbsp;IRQ129_Handler
</UL>

<P><STRONG><a name="[13d]"></a>DMA2_Error3_IrqHandler</STRONG> (Thumb, 2 bytes, Stack size 0 bytes, hc32f460_ll_interrupts_share.o(i.DMA2_Error3_IrqHandler))
<BR><BR>[Called By]<UL><LI><a href="#[92]">&gt;&gt;</a>&nbsp;&nbsp;&nbsp;IRQ129_Handler
</UL>

<P><STRONG><a name="[13e]"></a>DMA2_TC0_IrqHandler</STRONG> (Thumb, 2 bytes, Stack size 0 bytes, hc32f460_ll_interrupts_share.o(i.DMA2_TC0_IrqHandler))
<BR><BR>[Called By]<UL><LI><a href="#[92]">&gt;&gt;</a>&nbsp;&nbsp;&nbsp;IRQ129_Handler
</UL>

<P><STRONG><a name="[13f]"></a>DMA2_TC1_IrqHandler</STRONG> (Thumb, 2 bytes, Stack size 0 bytes, hc32f460_ll_interrupts_share.o(i.DMA2_TC1_IrqHandler))
<BR><BR>[Called By]<UL><LI><a href="#[92]">&gt;&gt;</a>&nbsp;&nbsp;&nbsp;IRQ129_Handler
</UL>

<P><STRONG><a name="[140]"></a>DMA2_TC2_IrqHandler</STRONG> (Thumb, 2 bytes, Stack size 0 bytes, hc32f460_ll_interrupts_share.o(i.DMA2_TC2_IrqHandler))
<BR><BR>[Called By]<UL><LI><a href="#[92]">&gt;&gt;</a>&nbsp;&nbsp;&nbsp;IRQ129_Handler
</UL>

<P><STRONG><a name="[141]"></a>DMA2_TC3_IrqHandler</STRONG> (Thumb, 2 bytes, Stack size 0 bytes, hc32f460_ll_interrupts_share.o(i.DMA2_TC3_IrqHandler))
<BR><BR>[Called By]<UL><LI><a href="#[92]">&gt;&gt;</a>&nbsp;&nbsp;&nbsp;IRQ129_Handler
</UL>

<P><STRONG><a name="[22b]"></a>DMA_ChCmd</STRONG> (Thumb, 324 bytes, Stack size 32 bytes, hc32_ll_dma.o(i.DMA_ChCmd))
<BR><BR>[Stack]<UL><LI>Max Depth = 32<LI>Call Chain = DMA_ChCmd
</UL>
<BR>[Calls]<UL><LI><a href="#[11b]">&gt;&gt;</a>&nbsp;&nbsp;&nbsp;DDL_AssertHandler
</UL>
<BR>[Called By]<UL><LI><a href="#[258]">&gt;&gt;</a>&nbsp;&nbsp;&nbsp;LCD_ShowImage_DMA
</UL>

<P><STRONG><a name="[22c]"></a>DMA_ClearTransCompleteStatus</STRONG> (Thumb, 50 bytes, Stack size 16 bytes, hc32_ll_dma.o(i.DMA_ClearTransCompleteStatus))
<BR><BR>[Stack]<UL><LI>Max Depth = 16<LI>Call Chain = DMA_ClearTransCompleteStatus
</UL>
<BR>[Calls]<UL><LI><a href="#[11b]">&gt;&gt;</a>&nbsp;&nbsp;&nbsp;DDL_AssertHandler
</UL>
<BR>[Called By]<UL><LI><a href="#[a4]">&gt;&gt;</a>&nbsp;&nbsp;&nbsp;DMA_TransCompleteCallback
</UL>

<P><STRONG><a name="[22d]"></a>DMA_Cmd</STRONG> (Thumb, 44 bytes, Stack size 16 bytes, hc32_ll_dma.o(i.DMA_Cmd))
<BR><BR>[Stack]<UL><LI>Max Depth = 16<LI>Call Chain = DMA_Cmd
</UL>
<BR>[Calls]<UL><LI><a href="#[11b]">&gt;&gt;</a>&nbsp;&nbsp;&nbsp;DDL_AssertHandler
</UL>
<BR>[Called By]<UL><LI><a href="#[252]">&gt;&gt;</a>&nbsp;&nbsp;&nbsp;LCD_SPI_Config
</UL>

<P><STRONG><a name="[22e]"></a>DMA_GetTransCompleteStatus</STRONG> (Thumb, 34 bytes, Stack size 16 bytes, hc32_ll_dma.o(i.DMA_GetTransCompleteStatus))
<BR><BR>[Stack]<UL><LI>Max Depth = 16<LI>Call Chain = DMA_GetTransCompleteStatus
</UL>
<BR>[Calls]<UL><LI><a href="#[11b]">&gt;&gt;</a>&nbsp;&nbsp;&nbsp;DDL_AssertHandler
</UL>
<BR>[Called By]<UL><LI><a href="#[a4]">&gt;&gt;</a>&nbsp;&nbsp;&nbsp;DMA_TransCompleteCallback
</UL>

<P><STRONG><a name="[22f]"></a>DMA_Init</STRONG> (Thumb, 278 bytes, Stack size 32 bytes, hc32_ll_dma.o(i.DMA_Init))
<BR><BR>[Stack]<UL><LI>Max Depth = 32<LI>Call Chain = DMA_Init
</UL>
<BR>[Calls]<UL><LI><a href="#[11b]">&gt;&gt;</a>&nbsp;&nbsp;&nbsp;DDL_AssertHandler
</UL>
<BR>[Called By]<UL><LI><a href="#[252]">&gt;&gt;</a>&nbsp;&nbsp;&nbsp;LCD_SPI_Config
</UL>

<P><STRONG><a name="[230]"></a>DMA_SetSrcAddr</STRONG> (Thumb, 88 bytes, Stack size 24 bytes, hc32_ll_dma.o(i.DMA_SetSrcAddr))
<BR><BR>[Stack]<UL><LI>Max Depth = 24<LI>Call Chain = DMA_SetSrcAddr
</UL>
<BR>[Calls]<UL><LI><a href="#[11b]">&gt;&gt;</a>&nbsp;&nbsp;&nbsp;DDL_AssertHandler
</UL>
<BR>[Called By]<UL><LI><a href="#[258]">&gt;&gt;</a>&nbsp;&nbsp;&nbsp;LCD_ShowImage_DMA
</UL>

[...]
</UL>

<P><STRONG><a name="[307]"></a>calc_rows</STRONG> (Thumb, 348 bytes, Stack size 40 bytes, lv_grid.o(i.calc_rows))
<BR><BR>[Stack]<UL><LI>Max Depth = 204<LI>Call Chain = calc_rows &rArr; lv_obj_get_content_height &rArr; lv_obj_get_style_pad_top &rArr; lv_obj_get_style_prop &rArr; get_prop_core &rArr; lv_style_get_prop &rArr; lv_style_get_prop_inlined &rArr; lv_style_prop_get_default &rArr; lv_color_make
</UL>
<BR>[Calls]<UL><LI><a href="#[317]">&gt;&gt;</a>&nbsp;&nbsp;&nbsp;lv_obj_get_child_cnt
<LI><a href="#[bd]">&gt;&gt;</a>&nbsp;&nbsp;&nbsp;lv_obj_get_height
<LI><a href="#[313]">&gt;&gt;</a>&nbsp;&nbsp;&nbsp;lv_mem_buf_get
<LI><a href="#[314]">&gt;&gt;</a>&nbsp;&nbsp;&nbsp;lv_obj_has_flag_any
<LI><a href="#[310]">&gt;&gt;</a>&nbsp;&nbsp;&nbsp;lv_obj_get_content_height
<LI><a href="#[306]">&gt;&gt;</a>&nbsp;&nbsp;&nbsp;lv_obj_get_child
<LI><a href="#[30a]">&gt;&gt;</a>&nbsp;&nbsp;&nbsp;lv_obj_get_style_pad_row
<LI><a href="#[32a]">&gt;&gt;</a>&nbsp;&nbsp;&nbsp;get_row_span
<LI><a href="#[32b]">&gt;&gt;</a>&nbsp;&nbsp;&nbsp;get_row_pos
<LI><a href="#[329]">&gt;&gt;</a>&nbsp;&nbsp;&nbsp;get_row_dsc
<LI><a href="#[312]">&gt;&gt;</a>&nbsp;&nbsp;&nbsp;count_tracks
</UL>
<BR>[Called By]<UL><LI><a href="#[305]">&gt;&gt;</a>&nbsp;&nbsp;&nbsp;calc
</UL>

<P><STRONG><a name="[312]"></a>count_tracks</STRONG> (Thumb, 22 bytes, Stack size 0 bytes, lv_grid.o(i.count_tracks))
<BR><BR>[Called By]<UL><LI><a href="#[307]">&gt;&gt;</a>&nbsp;&nbsp;&nbsp;calc_rows
<LI><a href="#[308]">&gt;&gt;</a>&nbsp;&nbsp;&nbsp;calc_cols
</UL>

<P><STRONG><a name="[311]"></a>get_col_dsc</STRONG> (Thumb, 10 bytes, Stack size 0 bytes, lv_grid.o(i.get_col_dsc))
<BR><BR>[Stack]<UL><LI>Max Depth = 140<LI>Call Chain = get_col_dsc &rArr; lv_obj_get_style_prop &rArr; get_prop_core &rArr; lv_style_get_prop &rArr; lv_style_get_prop_inlined &rArr; lv_style_prop_get_default &rArr; lv_color_make
</UL>
<BR>[Calls]<UL><LI><a href="#[2c8]">&gt;&gt;</a>&nbsp;&nbsp;&nbsp;lv_obj_get_style_prop
</UL>
<BR>[Called By]<UL><LI><a href="#[d7]">&gt;&gt;</a>&nbsp;&nbsp;&nbsp;grid_update
<LI><a href="#[308]">&gt;&gt;</a>&nbsp;&nbsp;&nbsp;calc_cols
</UL>

<P><STRONG><a name="[316]"></a>get_col_pos</STRONG> (Thumb, 16 bytes, Stack size 8 bytes, lv_grid.o(i.get_col_pos))
<BR><BR>[Stack]<UL><LI>Max Depth = 148<LI>Call Chain = get_col_pos &rArr; lv_obj_get_style_prop &rArr; get_prop_core &rArr; lv_style_get_prop &rArr; lv_style_get_prop_inlined &rArr; lv_style_prop_get_default &rArr; lv_color_make
</UL>
<BR>[Calls]<UL><LI><a href="#[2c8]">&gt;&gt;</a>&nbsp;&nbsp;&nbsp;lv_obj_get_style_prop
</UL>
<BR>[Called By]<UL><LI><a href="#[3eb]">&gt;&gt;</a>&nbsp;&nbsp;&nbsp;item_repos
<LI><a href="#[308]">&gt;&gt;</a>&nbsp;&nbsp;&nbsp;calc_cols
</UL>

<P><STRONG><a name="[315]"></a>get_col_span</STRONG> (Thumb, 16 bytes, Stack size 8 bytes, lv_grid.o(i.get_col_span))
<BR><BR>[Stack]<UL><LI>Max Depth = 148<LI>Call Chain = get_col_span &rArr; lv_obj_get_style_prop &rArr; get_prop_core &rArr; lv_style_get_prop &rArr; lv_style_get_prop_inlined &rArr; lv_style_prop_get_default &rArr; lv_color_make
</UL>
<BR>[Calls]<UL><LI><a href="#[2c8]">&gt;&gt;</a>&nbsp;&nbsp;&nbsp;lv_obj_get_style_prop
</UL>
<BR>[Called By]<UL><LI><a href="#[3eb]">&gt;&gt;</a>&nbsp;&nbsp;&nbsp;item_repos
<LI><a href="#[308]">&gt;&gt;</a>&nbsp;&nbsp;&nbsp;calc_cols
</UL>

<P><STRONG><a name="[329]"></a>get_row_dsc</STRONG> (Thumb, 10 bytes, Stack size 0 bytes, lv_grid.o(i.get_row_dsc))
<BR><BR>[Stack]<UL><LI>Max Depth = 140<LI>Call Chain = get_row_dsc &rArr; lv_obj_get_style_prop &rArr; get_prop_core &rArr; lv_style_get_prop &rArr; lv_style_get_prop_inlined &rArr; lv_style_prop_get_default &rArr; lv_color_make
</UL>
<BR>[Calls]<UL><LI><a href="#[2c8]">&gt;&gt;</a>&nbsp;&nbsp;&nbsp;lv_obj_get_style_prop
</UL>
<BR>[Called By]<UL><LI><a href="#[d7]">&gt;&gt;</a>&nbsp;&nbsp;&nbsp;grid_update
<LI><a href="#[307]">&gt;&gt;</a>&nbsp;&nbsp;&nbsp;calc_rows
</UL>

<P><STRONG><a name="[32b]"></a>get_row_pos</STRONG> (Thumb, 16 bytes, Stack size 8 bytes, lv_grid.o(i.get_row_pos))
<BR><BR>[Stack]<UL><LI>Max Depth = 148<LI>Call Chain = get_row_pos &rArr; lv_obj_get_style_prop &rArr; get_prop_core &rArr; lv_style_get_prop &rArr; lv_style_get_prop_inlined &rArr; lv_style_prop_get_default &rArr; lv_color_make
</UL>
<BR>[Calls]<UL><LI><a href="#[2c8]">&gt;&gt;</a>&nbsp;&nbsp;&nbsp;lv_obj_get_style_prop
</UL>
<BR>[Called By]<UL><LI><a href="#[3eb]">&gt;&gt;</a>&nbsp;&nbsp;&nbsp;item_repos
<LI><a href="#[307]">&gt;&gt;</a>&nbsp;&nbsp;&nbsp;calc_rows
</UL>

<P><STRONG><a name="[32a]"></a>get_row_span</STRONG> (Thumb, 16 bytes, Stack size 8 bytes, lv_grid.o(i.get_row_span))
<BR><BR>[Stack]<UL><LI>Max Depth = 148<LI>Call Chain = get_row_span &rArr; lv_obj_get_style_prop &rArr; get_prop_core &rArr; lv_style_get_prop &rArr; lv_style_get_prop_inlined &rArr; lv_style_prop_get_default &rArr; lv_color_make
</UL>
<BR>[Calls]<UL><LI><a href="#[2c8]">&gt;&gt;</a>&nbsp;&nbsp;&nbsp;lv_obj_get_style_prop
</UL>
<BR>[Called By]<UL><LI><a href="#[3eb]">&gt;&gt;</a>&nbsp;&nbsp;&nbsp;item_repos
<LI><a href="#[307]">&gt;&gt;</a>&nbsp;&nbsp;&nbsp;calc_rows
</UL>

<P><STRONG><a name="[30f]"></a>grid_align</STRONG> (Thumb, 260 bytes, Stack size 32 bytes, lv_grid.o(i.grid_align))
<BR><BR>[Stack]<UL><LI>Max Depth = 32<LI>Call Chain = grid_align
</UL>
<BR>[Called By]<UL><LI><a href="#[305]">&gt;&gt;</a>&nbsp;&nbsp;&nbsp;calc
</UL>

<P><STRONG><a name="[d7]"></a>grid_update</STRONG> (Thumb, 212 bytes, Stack size 56 bytes, lv_grid.o(i.grid_update))
<BR><BR>[Stack]<UL><LI>Max Depth = 644<LI>Call Chain = grid_update &rArr; lv_obj_refr_size &rArr; calc_content_width &rArr; lv_obj_scroll_to_x &rArr; lv_obj_scroll_by_bounded &rArr;  lv_obj_update_layout (Cycle)
</UL>
<BR>[Calls]<UL><LI><a href="#[2a3]">&gt;&gt;</a>&nbsp;&nbsp;&nbsp;lv_event_send
<LI><a href="#[3ac]">&gt;&gt;</a>&nbsp;&nbsp;&nbsp;lv_obj_get_scroll_y
<LI><a href="#[3ad]">&gt;&gt;</a>&nbsp;&nbsp;&nbsp;lv_obj_get_scroll_x
<LI><a href="#[284]">&gt;&gt;</a>&nbsp;&nbsp;&nbsp;lv_memset_00
<LI><a href="#[333]">&gt;&gt;</a>&nbsp;&nbsp;&nbsp;lv_mem_buf_release
<LI><a href="#[2c8]">&gt;&gt;</a>&nbsp;&nbsp;&nbsp;lv_obj_get_style_prop
<LI><a href="#[3cc]">&gt;&gt;</a>&nbsp;&nbsp;&nbsp;lv_obj_refr_size
<LI><a href="#[30c]">&gt;&gt;</a>&nbsp;&nbsp;&nbsp;lv_obj_get_style_width
<LI><a href="#[30d]">&gt;&gt;</a>&nbsp;&nbsp;&nbsp;lv_obj_get_style_height
<LI><a href="#[3eb]">&gt;&gt;</a>&nbsp;&nbsp;&nbsp;item_repos
<LI><a href="#[329]">&gt;&gt;</a>&nbsp;&nbsp;&nbsp;get_row_dsc
<LI><a href="#[311]">&gt;&gt;</a>&nbsp;&nbsp;&nbsp;get_col_dsc
<LI><a href="#[305]">&gt;&gt;</a>&nbsp;&nbsp;&nbsp;calc
</UL>
<BR>[Address Reference Count : 1]<UL><LI> lv_grid.o(i.lv_grid_init)
</UL>
<P><STRONG><a name="[3eb]"></a>item_repos</STRONG> (Thumb, 714 bytes, Stack size 56 bytes, lv_grid.o(i.item_repos))
<BR><BR>[Stack]<UL><LI>Max Depth = 380<LI>Call Chain = item_repos &rArr; lv_obj_invalidate &rArr; lv_obj_invalidate_area &rArr; lv_obj_area_is_visible &rArr; lv_obj_get_transformed_area &rArr; lv_obj_transform_point &rArr;  lv_obj_transform_point (Cycle)
</UL>
<BR>[Calls]<UL><LI><a href="#[2c6]">&gt;&gt;</a>&nbsp;&nbsp;&nbsp;lv_obj_invalidate
<LI><a href="#[2a3]">&gt;&gt;</a>&nbsp;&nbsp;&nbsp;lv_event_send
<LI><a href="#[2a6]">&gt;&gt;</a>&nbsp;&nbsp;&nbsp;lv_obj_get_parent
<LI><a href="#[bc]">&gt;&gt;</a>&nbsp;&nbsp;&nbsp;lv_obj_get_width
<LI><a href="#[bd]">&gt;&gt;</a>&nbsp;&nbsp;&nbsp;lv_obj_get_height
<LI><a href="#[314]">&gt;&gt;</a>&nbsp;&nbsp;&nbsp;lv_obj_has_flag_any
<LI><a href="#[2c8]">&gt;&gt;</a>&nbsp;&nbsp;&nbsp;lv_obj_get_style_prop
<LI><a href="#[2c5]">&gt;&gt;</a>&nbsp;&nbsp;&nbsp;lv_obj_move_children_by
<LI><a href="#[b4]">&gt;&gt;</a>&nbsp;&nbsp;&nbsp;lv_area_set_height
<LI><a href="#[b3]">&gt;&gt;</a>&nbsp;&nbsp;&nbsp;lv_area_set_width
<LI><a href="#[30b]">&gt;&gt;</a>&nbsp;&nbsp;&nbsp;lv_obj_get_style_base_dir
<LI><a href="#[32a]">&gt;&gt;</a>&nbsp;&nbsp;&nbsp;get_row_span
<LI><a href="#[32b]">&gt;&gt;</a>&nbsp;&nbsp;&nbsp;get_row_pos
<LI><a href="#[315]">&gt;&gt;</a>&nbsp;&nbsp;&nbsp;get_col_span
<LI><a href="#[316]">&gt;&gt;</a>&nbsp;&nbsp;&nbsp;get_col_pos
</UL>
<BR>[Called By]<UL><LI><a href="#[d7]">&gt;&gt;</a>&nbsp;&nbsp;&nbsp;grid_update
</UL>

<P><STRONG><a name="[30b]"></a>lv_obj_get_style_base_dir</STRONG> (Thumb, 12 bytes, Stack size 8 bytes, lv_grid.o(i.lv_obj_get_style_base_dir))
<BR><BR>[Stack]<UL><LI>Max Depth = 148<LI>Call Chain = lv_obj_get_style_base_dir &rArr; lv_obj_get_style_prop &rArr; get_prop_core &rArr; lv_style_get_prop &rArr; lv_style_get_prop_inlined &rArr; lv_style_prop_get_default &rArr; lv_color_make
</UL>
<BR>[Calls]<UL><LI><a href="#[2c8]">&gt;&gt;</a>&nbsp;&nbsp;&nbsp;lv_obj_get_style_prop
</UL>
<BR>[Called By]<UL><LI><a href="#[3eb]">&gt;&gt;</a>&nbsp;&nbsp;&nbsp;item_repos
<LI><a href="#[305]">&gt;&gt;</a>&nbsp;&nbsp;&nbsp;calc
</UL>

<P><STRONG><a name="[30d]"></a>lv_obj_get_style_height</STRONG> (Thumb, 12 bytes, Stack size 8 bytes, lv_grid.o(i.lv_obj_get_style_height))
<BR><BR>[Stack]<UL><LI>Max Depth = 148<LI>Call Chain = lv_obj_get_style_height &rArr; lv_obj_get_style_prop &rArr; get_prop_core &rArr; lv_style_get_prop &rArr; lv_style_get_prop_inlined &rArr; lv_style_prop_get_default &rArr; lv_color_make
</UL>
<BR>[Calls]<UL><LI><a href="#[2c8]">&gt;&gt;</a>&nbsp;&nbsp;&nbsp;lv_obj_get_style_prop
</UL>
<BR>[Called By]<UL><LI><a href="#[d7]">&gt;&gt;</a>&nbsp;&nbsp;&nbsp;grid_update
<LI><a href="#[305]">&gt;&gt;</a>&nbsp;&nbsp;&nbsp;calc
</UL>

<P><STRONG><a name="[309]"></a>lv_obj_get_style_pad_column</STRONG> (Thumb, 12 bytes, Stack size 8 bytes, lv_grid.o(i.lv_obj_get_style_pad_column))
<BR><BR>[Stack]<UL><LI>Max Depth = 148<LI>Call Chain = lv_obj_get_style_pad_column &rArr; lv_obj_get_style_prop &rArr; get_prop_core &rArr; lv_style_get_prop &rArr; lv_style_get_prop_inlined &rArr; lv_style_prop_get_default &rArr; lv_color_make
</UL>
<BR>[Calls]<UL><LI><a href="#[2c8]">&gt;&gt;</a>&nbsp;&nbsp;&nbsp;lv_obj_get_style_prop
</UL>
<BR>[Called By]<UL><LI><a href="#[308]">&gt;&gt;</a>&nbsp;&nbsp;&nbsp;calc_cols
<LI><a href="#[305]">&gt;&gt;</a>&nbsp;&nbsp;&nbsp;calc
</UL>

<P><STRONG><a name="[30a]"></a>lv_obj_get_style_pad_row</STRONG> (Thumb, 12 bytes, Stack size 8 bytes, lv_grid.o(i.lv_obj_get_style_pad_row))
<BR><BR>[Stack]<UL><LI>Max Depth = 148<LI>Call Chain = lv_obj_get_style_pad_row &rArr; lv_obj_get_style_prop &rArr; get_prop_core &rArr; lv_style_get_prop &rArr; lv_style_get_prop_inlined &rArr; lv_style_prop_get_default &rArr; lv_color_make
</UL>
<BR>[Calls]<UL><LI><a href="#[2c8]">&gt;&gt;</a>&nbsp;&nbsp;&nbsp;lv_obj_get_style_prop
</UL>
<BR>[Called By]<UL><LI><a href="#[307]">&gt;&gt;</a>&nbsp;&nbsp;&nbsp;calc_rows
<LI><a href="#[305]">&gt;&gt;</a>&nbsp;&nbsp;&nbsp;calc
</UL>

<P><STRONG><a name="[30c]"></a>lv_obj_get_style_width</STRONG> (Thumb, 12 bytes, Stack size 8 bytes, lv_grid.o(i.lv_obj_get_style_width))
<BR><BR>[Stack]<UL><LI>Max Depth = 148<LI>Call Chain = lv_obj_get_style_width &rArr; lv_obj_get_style_prop &rArr; get_prop_core &rArr; lv_style_get_prop &rArr; lv_style_get_prop_inlined &rArr; lv_style_prop_get_default &rArr; lv_color_make
</UL>
<BR>[Calls]<UL><LI><a href="#[2c8]">&gt;&gt;</a>&nbsp;&nbsp;&nbsp;lv_obj_get_style_prop
</UL>
<BR>[Called By]<UL><LI><a href="#[d7]">&gt;&gt;</a>&nbsp;&nbsp;&nbsp;grid_update
<LI><a href="#[305]">&gt;&gt;</a>&nbsp;&nbsp;&nbsp;calc
</UL>

<P><STRONG><a name="[ec]"></a>dark_color_filter_cb</STRONG> (Thumb, 18 bytes, Stack size 8 bytes, lv_theme_default.o(i.dark_color_filter_cb))
<BR><BR>[Stack]<UL><LI>Max Depth = 44<LI>Call Chain = dark_color_filter_cb &rArr; lv_color_darken &rArr; lv_color_black &rArr; lv_color_make
</UL>
<BR>[Calls]<UL><LI><a href="#[33b]">&gt;&gt;</a>&nbsp;&nbsp;&nbsp;lv_color_darken
</UL>
<BR>[Address Reference Count : 1]<UL><LI> lv_theme_default.o(i.style_init)
</UL>
<P><STRONG><a name="[ed]"></a>grey_filter_cb</STRONG> (Thumb, 50 bytes, Stack size 16 bytes, lv_theme_default.o(i.grey_filter_cb))
<BR><BR>[Stack]<UL><LI>Max Depth = 44<LI>Call Chain = grey_filter_cb &rArr; lv_palette_lighten &rArr; lv_color_black &rArr; lv_color_make
</UL>
<BR>[Calls]<UL><LI><a href="#[3e9]">&gt;&gt;</a>&nbsp;&nbsp;&nbsp;lv_palette_lighten
<LI><a href="#[3e8]">&gt;&gt;</a>&nbsp;&nbsp;&nbsp;lv_palette_darken
<LI><a href="#[3ea]">&gt;&gt;</a>&nbsp;&nbsp;&nbsp;lv_color_mix
</UL>
<BR>[Address Reference Count : 1]<UL><LI> lv_theme_default.o(i.style_init)
</UL>
<P><STRONG><a name="[577]"></a>lv_color_hex</STRONG> (Thumb, 38 bytes, Stack size 8 bytes, lv_theme_default.o(i.lv_color_hex))
<BR><BR>[Stack]<UL><LI>Max Depth = 8<LI>Call Chain = lv_color_hex
</UL>
<BR>[Called By]<UL><LI><a href="#[564]">&gt;&gt;</a>&nbsp;&nbsp;&nbsp;style_init
</UL>

<P><STRONG><a name="[3ea]"></a>lv_color_mix</STRONG> (Thumb, 70 bytes, Stack size 12 bytes, lv_theme_default.o(i.lv_color_mix))
<BR><BR>[Stack]<UL><LI>Max Depth = 12<LI>Call Chain = lv_color_mix
</UL>
<BR>[Called By]<UL><LI><a href="#[ed]">&gt;&gt;</a>&nbsp;&nbsp;&nbsp;grey_filter_cb
</UL>

<P><STRONG><a name="[578]"></a>lv_color_white</STRONG> (Thumb, 52 bytes, Stack size 8 bytes, lv_theme_default.o(i.lv_color_white))
<BR><BR>[Stack]<UL><LI>Max Depth = 8<LI>Call Chain = lv_color_white
</UL>
<BR>[Called By]<UL><LI><a href="#[564]">&gt;&gt;</a>&nbsp;&nbsp;&nbsp;style_init
</UL>

<P><STRONG><a name="[440]"></a>lv_disp_dpx</STRONG> (Thumb, 54 bytes, Stack size 16 bytes, lv_theme_default.o(i.lv_disp_dpx))
<BR><BR>[Stack]<UL><LI>Max Depth = 16<LI>Call Chain = lv_disp_dpx
</UL>
<BR>[Calls]<UL><LI><a href="#[3f8]">&gt;&gt;</a>&nbsp;&nbsp;&nbsp;lv_disp_get_dpi
</UL>
<BR>[Called By]<UL><LI><a href="#[564]">&gt;&gt;</a>&nbsp;&nbsp;&nbsp;style_init
</UL>

<P><STRONG><a name="[53a]"></a>lv_style_set_pad_all</STRONG> (Thumb, 38 bytes, Stack size 16 bytes, lv_theme_default.o(i.lv_style_set_pad_all))
<BR><BR>[Stack]<UL><LI>Max Depth = 184<LI>Call Chain = lv_style_set_pad_all &rArr; lv_style_set_pad_top &rArr; lv_style_set_prop &rArr; lv_style_set_prop_internal &rArr; lv_mem_realloc &rArr; lv_tlsf_realloc &rArr; lv_tlsf_malloc &rArr; block_prepare_used &rArr; block_insert &rArr; mapping_insert
</UL>
<BR>[Calls]<UL><LI><a href="#[53d]">&gt;&gt;</a>&nbsp;&nbsp;&nbsp;lv_style_set_pad_top
<LI><a href="#[53c]">&gt;&gt;</a>&nbsp;&nbsp;&nbsp;lv_style_set_pad_right
<LI><a href="#[53b]">&gt;&gt;</a>&nbsp;&nbsp;&nbsp;lv_style_set_pad_left
</UL>
<BR>[Called By]<UL><LI><a href="#[564]">&gt;&gt;</a>&nbsp;&nbsp;&nbsp;style_init
</UL>

<P><STRONG><a name="[564]"></a>style_init</STRONG> (Thumb, 2966 bytes, Stack size 40 bytes, lv_theme_default.o(i.style_init))
<BR><BR>[Stack]<UL><LI>Max Depth = 224<LI>Call Chain = style_init &rArr; lv_style_set_text_color &rArr; lv_style_set_prop &rArr; lv_style_set_prop_internal &rArr; lv_mem_realloc &rArr; lv_tlsf_realloc &rArr; lv_tlsf_malloc &rArr; block_prepare_used &rArr; block_insert &rArr; mapping_insert
</UL>
<BR>[Calls]<UL><LI><a href="#[3f8]">&gt;&gt;</a>&nbsp;&nbsp;&nbsp;lv_disp_get_dpi
<LI><a href="#[449]">&gt;&gt;</a>&nbsp;&nbsp;&nbsp;lv_palette_main
<LI><a href="#[3e9]">&gt;&gt;</a>&nbsp;&nbsp;&nbsp;lv_palette_lighten
<LI><a href="#[3e8]">&gt;&gt;</a>&nbsp;&nbsp;&nbsp;lv_palette_darken
<LI><a href="#[54f]">&gt;&gt;</a>&nbsp;&nbsp;&nbsp;lv_style_transition_dsc_init
<LI><a href="#[54e]">&gt;&gt;</a>&nbsp;&nbsp;&nbsp;lv_style_set_width
<LI><a href="#[54d]">&gt;&gt;</a>&nbsp;&nbsp;&nbsp;lv_style_set_transition
<LI><a href="#[54c]">&gt;&gt;</a>&nbsp;&nbsp;&nbsp;lv_style_set_transform_width
<LI><a href="#[54b]">&gt;&gt;</a>&nbsp;&nbsp;&nbsp;lv_style_set_transform_height
<LI><a href="#[54a]">&gt;&gt;</a>&nbsp;&nbsp;&nbsp;lv_style_set_text_line_space
<LI><a href="#[549]">&gt;&gt;</a>&nbsp;&nbsp;&nbsp;lv_style_set_text_font
<LI><a href="#[548]">&gt;&gt;</a>&nbsp;&nbsp;&nbsp;lv_style_set_text_color
<LI><a href="#[547]">&gt;&gt;</a>&nbsp;&nbsp;&nbsp;lv_style_set_text_align
<LI><a href="#[546]">&gt;&gt;</a>&nbsp;&nbsp;&nbsp;lv_style_set_shadow_width
<LI><a href="#[545]">&gt;&gt;</a>&nbsp;&nbsp;&nbsp;lv_style_set_shadow_opa
<LI><a href="#[544]">&gt;&gt;</a>&nbsp;&nbsp;&nbsp;lv_style_set_shadow_ofs_y
<LI><a href="#[543]">&gt;&gt;</a>&nbsp;&nbsp;&nbsp;lv_style_set_shadow_color
<LI><a href="#[542]">&gt;&gt;</a>&nbsp;&nbsp;&nbsp;lv_style_set_radius
<LI><a href="#[53d]">&gt;&gt;</a>&nbsp;&nbsp;&nbsp;lv_style_set_pad_top
<LI><a href="#[540]">&gt;&gt;</a>&nbsp;&nbsp;&nbsp;lv_style_set_pad_row
<LI><a href="#[53c]">&gt;&gt;</a>&nbsp;&nbsp;&nbsp;lv_style_set_pad_right
<LI><a href="#[53b]">&gt;&gt;</a>&nbsp;&nbsp;&nbsp;lv_style_set_pad_left
<LI><a href="#[53f]">&gt;&gt;</a>&nbsp;&nbsp;&nbsp;lv_style_set_pad_column
<LI><a href="#[53e]">&gt;&gt;</a>&nbsp;&nbsp;&nbsp;lv_style_set_pad_bottom
<LI><a href="#[539]">&gt;&gt;</a>&nbsp;&nbsp;&nbsp;lv_style_set_outline_width
<LI><a href="#[538]">&gt;&gt;</a>&nbsp;&nbsp;&nbsp;lv_style_set_outline_pad
<LI><a href="#[537]">&gt;&gt;</a>&nbsp;&nbsp;&nbsp;lv_style_set_outline_opa
<LI><a href="#[536]">&gt;&gt;</a>&nbsp;&nbsp;&nbsp;lv_style_set_outline_color
<LI><a href="#[535]">&gt;&gt;</a>&nbsp;&nbsp;&nbsp;lv_style_set_max_height
<LI><a href="#[534]">&gt;&gt;</a>&nbsp;&nbsp;&nbsp;lv_style_set_line_width
<LI><a href="#[533]">&gt;&gt;</a>&nbsp;&nbsp;&nbsp;lv_style_set_line_color
<LI><a href="#[532]">&gt;&gt;</a>&nbsp;&nbsp;&nbsp;lv_style_set_color_filter_opa
<LI><a href="#[531]">&gt;&gt;</a>&nbsp;&nbsp;&nbsp;lv_style_set_color_filter_dsc
<LI><a href="#[530]">&gt;&gt;</a>&nbsp;&nbsp;&nbsp;lv_style_set_clip_corner
<LI><a href="#[52f]">&gt;&gt;</a>&nbsp;&nbsp;&nbsp;lv_style_set_border_width
<LI><a href="#[52e]">&gt;&gt;</a>&nbsp;&nbsp;&nbsp;lv_style_set_border_side
<LI><a href="#[52d]">&gt;&gt;</a>&nbsp;&nbsp;&nbsp;lv_style_set_border_post
<LI><a href="#[52c]">&gt;&gt;</a>&nbsp;&nbsp;&nbsp;lv_style_set_border_color
<LI><a href="#[52b]">&gt;&gt;</a>&nbsp;&nbsp;&nbsp;lv_style_set_bg_opa
<LI><a href="#[52a]">&gt;&gt;</a>&nbsp;&nbsp;&nbsp;lv_style_set_bg_img_src
<LI><a href="#[529]">&gt;&gt;</a>&nbsp;&nbsp;&nbsp;lv_style_set_bg_color
<LI><a href="#[528]">&gt;&gt;</a>&nbsp;&nbsp;&nbsp;lv_style_set_arc_width
<LI><a href="#[527]">&gt;&gt;</a>&nbsp;&nbsp;&nbsp;lv_style_set_arc_rounded
<LI><a href="#[526]">&gt;&gt;</a>&nbsp;&nbsp;&nbsp;lv_style_set_arc_color
<LI><a href="#[525]">&gt;&gt;</a>&nbsp;&nbsp;&nbsp;lv_style_set_anim_time
<LI><a href="#[579]">&gt;&gt;</a>&nbsp;&nbsp;&nbsp;style_init_reset
<LI><a href="#[53a]">&gt;&gt;</a>&nbsp;&nbsp;&nbsp;lv_style_set_pad_all
<LI><a href="#[440]">&gt;&gt;</a>&nbsp;&nbsp;&nbsp;lv_disp_dpx
<LI><a href="#[578]">&gt;&gt;</a>&nbsp;&nbsp;&nbsp;lv_color_white
<LI><a href="#[577]">&gt;&gt;</a>&nbsp;&nbsp;&nbsp;lv_color_hex
</UL>
<BR>[Called By]<UL><LI><a href="#[44a]">&gt;&gt;</a>&nbsp;&nbsp;&nbsp;lv_theme_default_init
</UL>

<P><STRONG><a name="[579]"></a>style_init_reset</STRONG> (Thumb, 14 bytes, Stack size 0 bytes, lv_theme_default.o(i.style_init_reset))
<BR><BR>[Stack]<UL><LI>Max Depth = 96<LI>Call Chain = style_init_reset &rArr; lv_style_reset &rArr; lv_mem_free &rArr; lv_tlsf_free &rArr; block_merge_next &rArr; block_remove &rArr; remove_free_block
</UL>
<BR>[Calls]<UL><LI><a href="#[506]">&gt;&gt;</a>&nbsp;&nbsp;&nbsp;lv_style_reset
<LI><a href="#[3df]">&gt;&gt;</a>&nbsp;&nbsp;&nbsp;lv_style_init
</UL>
<BR>[Called By]<UL><LI><a href="#[564]">&gt;&gt;</a>&nbsp;&nbsp;&nbsp;style_init
</UL>

<P><STRONG><a name="[e8]"></a>theme_apply</STRONG> (Thumb, 1620 bytes, Stack size 48 bytes, lv_theme_default.o(i.theme_apply))
<BR><BR>[Stack]<UL><LI>Max Depth = 468<LI>Call Chain = theme_apply &rArr; lv_obj_add_style &rArr; lv_obj_refresh_style &rArr; refresh_children_style &rArr;  refresh_children_style (Cycle)
</UL>
<BR>[Calls]<UL><LI><a href="#[2a6]">&gt;&gt;</a>&nbsp;&nbsp;&nbsp;lv_obj_get_parent
<LI><a href="#[57a]">&gt;&gt;</a>&nbsp;&nbsp;&nbsp;lv_obj_check_type
<LI><a href="#[4b8]">&gt;&gt;</a>&nbsp;&nbsp;&nbsp;lv_obj_add_style
</UL>
<BR>[Address Reference Count : 1]<UL><LI> lv_theme_default.o(i.lv_theme_default_init)
</UL><P>
<H3>
Undefined Global Symbols
</H3><HR></body></html>
