Component: ARM Compiler 5.06 update 6 (build 750) Tool: armlink [4d35ed]

==============================================================================

Section Cross References

    startup_hc32f460.o(RESET) refers to startup_hc32f460.o(STACK) for __initial_sp
    startup_hc32f460.o(RESET) refers to startup_hc32f460.o(.text) for Reset_Handler
    startup_hc32f460.o(RESET) refers to hc32_ll_interrupts.o(i.IRQ000_Handler) for IRQ000_Handler
    startup_hc32f460.o(RESET) refers to hc32_ll_interrupts.o(i.IRQ001_Handler) for IRQ001_Handler
    startup_hc32f460.o(RESET) refers to hc32_ll_interrupts.o(i.IRQ002_Handler) for IRQ002_Handler
    startup_hc32f460.o(RESET) refers to hc32_ll_interrupts.o(i.IRQ003_Handler) for IRQ003_Handler
    startup_hc32f460.o(RESET) refers to hc32_ll_interrupts.o(i.IRQ004_Handler) for IRQ004_Handler
    startup_hc32f460.o(RESET) refers to hc32_ll_interrupts.o(i.IRQ005_Handler) for IRQ005_Handler
    startup_hc32f460.o(RESET) refers to hc32_ll_interrupts.o(i.IRQ006_Handler) for IRQ006_Handler
    startup_hc32f460.o(RESET) refers to hc32_ll_interrupts.o(i.IRQ007_Handler) for IRQ007_Handler
    startup_hc32f460.o(RESET) refers to hc32_ll_interrupts.o(i.IRQ008_Handler) for IRQ008_Handler
    startup_hc32f460.o(RESET) refers to hc32_ll_interrupts.o(i.IRQ009_Handler) for IRQ009_Handler
    startup_hc32f460.o(RESET) refers to hc32_ll_interrupts.o(i.IRQ010_Handler) for IRQ010_Handler
    startup_hc32f460.o(RESET) refers to hc32_ll_interrupts.o(i.IRQ011_Handler) for IRQ011_Handler
    startup_hc32f460.o(RESET) refers to hc32_ll_interrupts.o(i.IRQ012_Handler) for IRQ012_Handler
    startup_hc32f460.o(RESET) refers to hc32_ll_interrupts.o(i.IRQ013_Handler) for IRQ013_Handler
    startup_hc32f460.o(RESET) refers to hc32_ll_interrupts.o(i.IRQ014_Handler) for IRQ014_Handler
    startup_hc32f460.o(RESET) refers to hc32_ll_interrupts.o(i.IRQ015_Handler) for IRQ015_Handler
    startup_hc32f460.o(RESET) refers to hc32_ll_interrupts.o(i.IRQ016_Handler) for IRQ016_Handler
    startup_hc32f460.o(RESET) refers to hc32_ll_interrupts.o(i.IRQ017_Handler) for IRQ017_Handler
    startup_hc32f460.o(RESET) refers to hc32_ll_interrupts.o(i.IRQ018_Handler) for IRQ018_Handler
    startup_hc32f460.o(RESET) refers to hc32_ll_interrupts.o(i.IRQ019_Handler) for IRQ019_Handler
    startup_hc32f460.o(RESET) refers to hc32_ll_interrupts.o(i.IRQ020_Handler) for IRQ020_Handler
    startup_hc32f460.o(RESET) refers to hc32_ll_interrupts.o(i.IRQ021_Handler) for IRQ021_Handler
    startup_hc32f460.o(RESET) refers to hc32_ll_interrupts.o(i.IRQ022_Handler) for IRQ022_Handler
    startup_hc32f460.o(RESET) refers to hc32_ll_interrupts.o(i.IRQ023_Handler) for IRQ023_Handler
    startup_hc32f460.o(RESET) refers to hc32_ll_interrupts.o(i.IRQ024_Handler) for IRQ024_Handler
    startup_hc32f460.o(RESET) refers to hc32_ll_interrupts.o(i.IRQ025_Handler) for IRQ025_Handler
    startup_hc32f460.o(RESET) refers to hc32_ll_interrupts.o(i.IRQ026_Handler) for IRQ026_Handler
    startup_hc32f460.o(RESET) refers to hc32_ll_interrupts.o(i.IRQ027_Handler) for IRQ027_Handler
    startup_hc32f460.o(RESET) refers to hc32_ll_interrupts.o(i.IRQ028_Handler) for IRQ028_Handler
    startup_hc32f460.o(RESET) refers to hc32_ll_interrupts.o(i.IRQ029_Handler) for IRQ029_Handler
    startup_hc32f460.o(RESET) refers to hc32_ll_interrupts.o(i.IRQ030_Handler) for IRQ030_Handler
    startup_hc32f460.o(RESET) refers to hc32_ll_interrupts.o(i.IRQ031_Handler) for IRQ031_Handler
    startup_hc32f460.o(RESET) refers to hc32_ll_interrupts.o(i.IRQ032_Handler) for IRQ032_Handler
    startup_hc32f460.o(RESET) refers to hc32_ll_interrupts.o(i.IRQ033_Handler) for IRQ033_Handler
    startup_hc32f460.o(RESET) refers to hc32_ll_interrupts.o(i.IRQ034_Handler) for IRQ034_Handler
    startup_hc32f460.o(RESET) refers to hc32_ll_interrupts.o(i.IRQ035_Handler) for IRQ035_Handler
    startup_hc32f460.o(RESET) refers to hc32_ll_interrupts.o(i.IRQ036_Handler) for IRQ036_Handler
    startup_hc32f460.o(RESET) refers to hc32_ll_interrupts.o(i.IRQ037_Handler) for IRQ037_Handler
    startup_hc32f460.o(RESET) refers to hc32_ll_interrupts.o(i.IRQ038_Handler) for IRQ038_Handler
    startup_hc32f460.o(RESET) refers to hc32_ll_interrupts.o(i.IRQ039_Handler) for IRQ039_Handler
    startup_hc32f460.o(RESET) refers to hc32_ll_interrupts.o(i.IRQ040_Handler) for IRQ040_Handler
    startup_hc32f460.o(RESET) refers to hc32_ll_interrupts.o(i.IRQ041_Handler) for IRQ041_Handler
    startup_hc32f460.o(RESET) refers to hc32_ll_interrupts.o(i.IRQ042_Handler) for IRQ042_Handler
    startup_hc32f460.o(RESET) refers to hc32_ll_interrupts.o(i.IRQ043_Handler) for IRQ043_Handler
    startup_hc32f460.o(RESET) refers to hc32_ll_interrupts.o(i.IRQ044_Handler) for IRQ044_Handler
    startup_hc32f460.o(RESET) refers to hc32_ll_interrupts.o(i.IRQ045_Handler) for IRQ045_Handler
    startup_hc32f460.o(RESET) refers to hc32_ll_interrupts.o(i.IRQ046_Handler) for IRQ046_Handler
[...]
    IRQ077_Handler                           0x00002eb5   Thumb Code    16  hc32_ll_interrupts.o(i.IRQ077_Handler)
    IRQ078_Handler                           0x00002ec9   Thumb Code    16  hc32_ll_interrupts.o(i.IRQ078_Handler)
    IRQ079_Handler                           0x00002edd   Thumb Code    16  hc32_ll_interrupts.o(i.IRQ079_Handler)
    IRQ080_Handler                           0x00002ef1   Thumb Code    16  hc32_ll_interrupts.o(i.IRQ080_Handler)
    IRQ081_Handler                           0x00002f05   Thumb Code    16  hc32_ll_interrupts.o(i.IRQ081_Handler)
    IRQ082_Handler                           0x00002f19   Thumb Code    16  hc32_ll_interrupts.o(i.IRQ082_Handler)
    IRQ083_Handler                           0x00002f2d   Thumb Code    16  hc32_ll_interrupts.o(i.IRQ083_Handler)
    IRQ084_Handler                           0x00002f41   Thumb Code    16  hc32_ll_interrupts.o(i.IRQ084_Handler)
    IRQ085_Handler                           0x00002f55   Thumb Code    16  hc32_ll_interrupts.o(i.IRQ085_Handler)
    IRQ086_Handler                           0x00002f69   Thumb Code    16  hc32_ll_interrupts.o(i.IRQ086_Handler)
    IRQ087_Handler                           0x00002f7d   Thumb Code    16  hc32_ll_interrupts.o(i.IRQ087_Handler)
    IRQ088_Handler                           0x00002f91   Thumb Code    16  hc32_ll_interrupts.o(i.IRQ088_Handler)
    IRQ089_Handler                           0x00002fa5   Thumb Code    16  hc32_ll_interrupts.o(i.IRQ089_Handler)
    IRQ090_Handler                           0x00002fb9   Thumb Code    16  hc32_ll_interrupts.o(i.IRQ090_Handler)
    IRQ091_Handler                           0x00002fcd   Thumb Code    16  hc32_ll_interrupts.o(i.IRQ091_Handler)
    IRQ092_Handler                           0x00002fe1   Thumb Code    16  hc32_ll_interrupts.o(i.IRQ092_Handler)
    IRQ093_Handler                           0x00002ff5   Thumb Code    16  hc32_ll_interrupts.o(i.IRQ093_Handler)
    IRQ094_Handler                           0x00003009   Thumb Code    16  hc32_ll_interrupts.o(i.IRQ094_Handler)
    IRQ095_Handler                           0x0000301d   Thumb Code    16  hc32_ll_interrupts.o(i.IRQ095_Handler)
    IRQ096_Handler                           0x00003031   Thumb Code    16  hc32_ll_interrupts.o(i.IRQ096_Handler)
    IRQ097_Handler                           0x00003045   Thumb Code    16  hc32_ll_interrupts.o(i.IRQ097_Handler)
    IRQ098_Handler                           0x00003059   Thumb Code    16  hc32_ll_interrupts.o(i.IRQ098_Handler)
    IRQ099_Handler                           0x0000306d   Thumb Code    16  hc32_ll_interrupts.o(i.IRQ099_Handler)
    IRQ100_Handler                           0x00003081   Thumb Code    16  hc32_ll_interrupts.o(i.IRQ100_Handler)
    IRQ101_Handler                           0x00003095   Thumb Code    16  hc32_ll_interrupts.o(i.IRQ101_Handler)
    IRQ102_Handler                           0x000030a9   Thumb Code    16  hc32_ll_interrupts.o(i.IRQ102_Handler)
    IRQ103_Handler                           0x000030bd   Thumb Code    16  hc32_ll_interrupts.o(i.IRQ103_Handler)
    IRQ104_Handler                           0x000030d1   Thumb Code    16  hc32_ll_interrupts.o(i.IRQ104_Handler)
    IRQ105_Handler                           0x000030e5   Thumb Code    16  hc32_ll_interrupts.o(i.IRQ105_Handler)
    IRQ106_Handler                           0x000030f9   Thumb Code    16  hc32_ll_interrupts.o(i.IRQ106_Handler)
    IRQ107_Handler                           0x0000310d   Thumb Code    16  hc32_ll_interrupts.o(i.IRQ107_Handler)
    IRQ108_Handler                           0x00003121   Thumb Code    16  hc32_ll_interrupts.o(i.IRQ108_Handler)
    IRQ109_Handler                           0x00003135   Thumb Code    16  hc32_ll_interrupts.o(i.IRQ109_Handler)
    IRQ110_Handler                           0x00003149   Thumb Code    16  hc32_ll_interrupts.o(i.IRQ110_Handler)
    IRQ111_Handler                           0x0000315d   Thumb Code    16  hc32_ll_interrupts.o(i.IRQ111_Handler)
    IRQ112_Handler                           0x00003171   Thumb Code    16  hc32_ll_interrupts.o(i.IRQ112_Handler)
    IRQ113_Handler                           0x00003185   Thumb Code    16  hc32_ll_interrupts.o(i.IRQ113_Handler)
    IRQ114_Handler                           0x00003199   Thumb Code    16  hc32_ll_interrupts.o(i.IRQ114_Handler)
    IRQ115_Handler                           0x000031ad   Thumb Code    16  hc32_ll_interrupts.o(i.IRQ115_Handler)
    IRQ116_Handler                           0x000031c1   Thumb Code    16  hc32_ll_interrupts.o(i.IRQ116_Handler)
    IRQ117_Handler                           0x000031d5   Thumb Code    16  hc32_ll_interrupts.o(i.IRQ117_Handler)
    IRQ118_Handler                           0x000031e9   Thumb Code    16  hc32_ll_interrupts.o(i.IRQ118_Handler)
    IRQ119_Handler                           0x000031fd   Thumb Code    16  hc32_ll_interrupts.o(i.IRQ119_Handler)
    IRQ120_Handler                           0x00003211   Thumb Code    16  hc32_ll_interrupts.o(i.IRQ120_Handler)
    IRQ121_Handler                           0x00003225   Thumb Code    16  hc32_ll_interrupts.o(i.IRQ121_Handler)
    IRQ122_Handler                           0x00003239   Thumb Code    16  hc32_ll_interrupts.o(i.IRQ122_Handler)
    IRQ123_Handler                           0x0000324d   Thumb Code    16  hc32_ll_interrupts.o(i.IRQ123_Handler)
    IRQ124_Handler                           0x00003261   Thumb Code    16  hc32_ll_interrupts.o(i.IRQ124_Handler)
    IRQ125_Handler                           0x00003275   Thumb Code    16  hc32_ll_interrupts.o(i.IRQ125_Handler)
    IRQ126_Handler                           0x00003289   Thumb Code    16  hc32_ll_interrupts.o(i.IRQ126_Handler)
    IRQ127_Handler                           0x0000329d   Thumb Code    16  hc32_ll_interrupts.o(i.IRQ127_Handler)
    IRQ128_Handler                           0x000032b1   Thumb Code   330  hc32f460_ll_interrupts_share.o(i.IRQ128_Handler)
    IRQ129_Handler                           0x00003405   Thumb Code  1168  hc32f460_ll_interrupts_share.o(i.IRQ129_Handler)
    IRQ130_Handler                           0x0000389d   Thumb Code   204  hc32f460_ll_interrupts_share.o(i.IRQ130_Handler)
    IRQ131_Handler                           0x00003985   Thumb Code   684  hc32f460_ll_interrupts_share.o(i.IRQ131_Handler)
    IRQ132_Handler                           0x00003c4d   Thumb Code   366  hc32f460_ll_interrupts_share.o(i.IRQ132_Handler)
    IRQ136_Handler                           0x00003dcd   Thumb Code   762  hc32f460_ll_interrupts_share.o(i.IRQ136_Handler)
    IRQ137_Handler                           0x00004111   Thumb Code   620  hc32f460_ll_interrupts_share.o(i.IRQ137_Handler)
    IRQ138_Handler                           0x00004399   Thumb Code   548  hc32f460_ll_interrupts_share.o(i.IRQ138_Handler)
    IRQ139_Handler                           0x000045c9   Thumb Code   282  hc32f460_ll_interrupts_share.o(i.IRQ139_Handler)
    IRQ140_Handler                           0x000046ed   Thumb Code   490  hc32f460_ll_interrupts_share.o(i.IRQ140_Handler)
    IRQ141_Handler                           0x00004901   Thumb Code   554  hc32f460_ll_interrupts_share.o(i.IRQ141_Handler)
    IRQ142_Handler                           0x00004b69   Thumb Code   240  hc32f460_ll_interrupts_share.o(i.IRQ142_Handler)
    IRQ143_Handler                           0x00004c75   Thumb Code   252  hc32f460_ll_interrupts_share.o(i.IRQ143_Handler)
    LCD_Address_Set                          0x00004d81   Thumb Code    58  lcd_init.o(i.LCD_Address_Set)
    LCD_DrawPoint                            0x00004dbb   Thumb Code    28  lcd.o(i.LCD_DrawPoint)
    LCD_Fill                                 0x00004dd9   Thumb Code   164  lcd.o(i.LCD_Fill)
    LCD_GPIO_Init                            0x00004e81   Thumb Code   114  lcd_init.o(i.LCD_GPIO_Init)
    LCD_Init                                 0x00004ef3   Thumb Code   438  lcd_init.o(i.LCD_Init)
    LCD_ShowChar                             0x0000520d   Thumb Code   328  lcd.o(i.LCD_ShowChar)
    LCD_ShowString                           0x00005365   Thumb Code    66  lcd.o(i.LCD_ShowString)
    LCD_WR_DATA                              0x000053a7   Thumb Code    46  lcd_init.o(i.LCD_WR_DATA)
    LCD_WR_DATA8                             0x000053d5   Thumb Code    36  lcd_init.o(i.LCD_WR_DATA8)
    LCD_WR_REG                               0x000053f9   Thumb Code    36  lcd_init.o(i.LCD_WR_REG)
    LCD_Writ_Bus                             0x0000541d   Thumb Code    16  lcd_init.o(i.LCD_Writ_Bus)
    LL_PERIPH_WE                             0x00005431   Thumb Code   122  hc32_ll.o(i.LL_PERIPH_WE)
    LL_PERIPH_WP                             0x000054c1   Thumb Code   114  hc32_ll.o(i.LL_PERIPH_WP)
    PWC_HighSpeedToHighPerformance           0x00005549   Thumb Code    68  hc32_ll_pwc.o(i.PWC_HighSpeedToHighPerformance)
    PWC_LVD1_IrqHandler                      0x000055c9   Thumb Code     2  hc32f460_ll_interrupts_share.o(i.PWC_LVD1_IrqHandler)
    PWC_LVD2_IrqHandler                      0x000055cb   Thumb Code     2  hc32f460_ll_interrupts_share.o(i.PWC_LVD2_IrqHandler)
    PWC_WakeupTimer_IrqHandler               0x00005601   Thumb Code     2  hc32f460_ll_interrupts_share.o(i.PWC_WakeupTimer_IrqHandler)
    QSPI_Error_IrqHandler                    0x00005603   Thumb Code     2  hc32f460_ll_interrupts_share.o(i.QSPI_Error_IrqHandler)
    SDIOC1_IrqHandler                        0x00005605   Thumb Code     2  hc32f460_ll_interrupts_share.o(i.SDIOC1_IrqHandler)
    SDIOC2_IrqHandler                        0x00005607   Thumb Code     2  hc32f460_ll_interrupts_share.o(i.SDIOC2_IrqHandler)
    SPI1_Error_IrqHandler                    0x00005609   Thumb Code     2  hc32f460_ll_interrupts_share.o(i.SPI1_Error_IrqHandler)
    SPI1_Idle_IrqHandler                     0x0000560b   Thumb Code     2  hc32f460_ll_interrupts_share.o(i.SPI1_Idle_IrqHandler)
    SPI1_RxFull_IrqHandler                   0x0000560d   Thumb Code     2  hc32f460_ll_interrupts_share.o(i.SPI1_RxFull_IrqHandler)
    SPI1_TxEmpty_IrqHandler                  0x0000560f   Thumb Code     2  hc32f460_ll_interrupts_share.o(i.SPI1_TxEmpty_IrqHandler)
    SPI2_Error_IrqHandler                    0x00005611   Thumb Code     2  hc32f460_ll_interrupts_share.o(i.SPI2_Error_IrqHandler)
    SPI2_Idle_IrqHandler                     0x00005613   Thumb Code     2  hc32f460_ll_interrupts_share.o(i.SPI2_Idle_IrqHandler)
    SPI2_RxFull_IrqHandler                   0x00005615   Thumb Code     2  hc32f460_ll_interrupts_share.o(i.SPI2_RxFull_IrqHandler)
    SPI2_TxEmpty_IrqHandler                  0x00005617   Thumb Code     2  hc32f460_ll_interrupts_share.o(i.SPI2_TxEmpty_IrqHandler)
    SPI3_Error_IrqHandler                    0x00005619   Thumb Code     2  hc32f460_ll_interrupts_share.o(i.SPI3_Error_IrqHandler)
    SPI3_Idle_IrqHandler                     0x0000561b   Thumb Code     2  hc32f460_ll_interrupts_share.o(i.SPI3_Idle_IrqHandler)
    SPI3_RxFull_IrqHandler                   0x0000561d   Thumb Code     2  hc32f460_ll_interrupts_share.o(i.SPI3_RxFull_IrqHandler)
    SPI3_TxEmpty_IrqHandler                  0x0000561f   Thumb Code     2  hc32f460_ll_interrupts_share.o(i.SPI3_TxEmpty_IrqHandler)
    SPI4_Error_IrqHandler                    0x00005621   Thumb Code     2  hc32f460_ll_interrupts_share.o(i.SPI4_Error_IrqHandler)
    SPI4_Idle_IrqHandler                     0x00005623   Thumb Code     2  hc32f460_ll_interrupts_share.o(i.SPI4_Idle_IrqHandler)
    SPI4_RxFull_IrqHandler                   0x00005625   Thumb Code     2  hc32f460_ll_interrupts_share.o(i.SPI4_RxFull_IrqHandler)
    SPI4_TxEmpty_IrqHandler                  0x00005627   Thumb Code     2  hc32f460_ll_interrupts_share.o(i.SPI4_TxEmpty_IrqHandler)
    SPI_Cmd                                  0x00005629   Thumb Code   118  hc32_ll_spi.o(i.SPI_Cmd)
    SPI_DelayStructInit                      0x000056e9   Thumb Code    20  hc32_ll_spi.o(i.SPI_DelayStructInit)
    SPI_GetStatus                            0x000056fd   Thumb Code   112  hc32_ll_spi.o(i.SPI_GetStatus)
    SPI_Init                                 0x000057b5   Thumb Code   642  hc32_ll_spi.o(i.SPI_Init)
    SPI_StructInit                           0x00005a81   Thumb Code    46  hc32_ll_spi.o(i.SPI_StructInit)
    SPI_Trans                                0x00005aaf   Thumb Code    70  hc32_ll_spi.o(i.SPI_Trans)
    SPI_WriteData                            0x00005de1   Thumb Code    50  hc32_ll_spi.o(i.SPI_WriteData)
    SRAM_SetWaitCycle                        0x00005e5d   Thumb Code   182  hc32_ll_sram.o(i.SRAM_SetWaitCycle)
    SWDT_IrqHandler                          0x00005f51   Thumb Code     2  hc32f460_ll_interrupts_share.o(i.SWDT_IrqHandler)
    SystemCoreClockUpdate                    0x0000639d   Thumb Code   174  system_hc32f460.o(i.SystemCoreClockUpdate)
    SystemInit                               0x0000646d   Thumb Code    14  system_hc32f460.o(i.SystemInit)
    TMR0_1_CmpA_IrqHandler                   0x00006481   Thumb Code     2  hc32f460_ll_interrupts_share.o(i.TMR0_1_CmpA_IrqHandler)
    TMR0_1_CmpB_IrqHandler                   0x00006483   Thumb Code     2  hc32f460_ll_interrupts_share.o(i.TMR0_1_CmpB_IrqHandler)
    TMR0_2_CmpA_IrqHandler                   0x00006485   Thumb Code     2  hc32f460_ll_interrupts_share.o(i.TMR0_2_CmpA_IrqHandler)
    TMR0_2_CmpB_IrqHandler                   0x00006487   Thumb Code     2  hc32f460_ll_interrupts_share.o(i.TMR0_2_CmpB_IrqHandler)
    TMR4_1_GCmpUH_IrqHandler                 0x00006489   Thumb Code     2  hc32f460_ll_interrupts_share.o(i.TMR4_1_GCmpUH_IrqHandler)
    TMR4_1_GCmpUL_IrqHandler                 0x0000648b   Thumb Code     2  hc32f460_ll_interrupts_share.o(i.TMR4_1_GCmpUL_IrqHandler)
    TMR4_1_GCmpVH_IrqHandler                 0x0000648d   Thumb Code     2  hc32f460_ll_interrupts_share.o(i.TMR4_1_GCmpVH_IrqHandler)
    TMR4_1_GCmpVL_IrqHandler                 0x0000648f   Thumb Code     2  hc32f460_ll_interrupts_share.o(i.TMR4_1_GCmpVL_IrqHandler)
    TMR4_1_GCmpWH_IrqHandler                 0x00006491   Thumb Code     2  hc32f460_ll_interrupts_share.o(i.TMR4_1_GCmpWH_IrqHandler)
    TMR4_1_GCmpWL_IrqHandler                 0x00006493   Thumb Code     2  hc32f460_ll_interrupts_share.o(i.TMR4_1_GCmpWL_IrqHandler)
    TMR4_1_GOvf_IrqHandler                   0x00006495   Thumb Code     2  hc32f460_ll_interrupts_share.o(i.TMR4_1_GOvf_IrqHandler)
    TMR4_1_GUdf_IrqHandler                   0x00006497   Thumb Code     2  hc32f460_ll_interrupts_share.o(i.TMR4_1_GUdf_IrqHandler)
    TMR4_1_ReloadU_IrqHandler                0x00006499   Thumb Code     2  hc32f460_ll_interrupts_share.o(i.TMR4_1_ReloadU_IrqHandler)
    TMR4_1_ReloadV_IrqHandler                0x0000649b   Thumb Code     2  hc32f460_ll_interrupts_share.o(i.TMR4_1_ReloadV_IrqHandler)
    TMR4_1_ReloadW_IrqHandler                0x0000649d   Thumb Code     2  hc32f460_ll_interrupts_share.o(i.TMR4_1_ReloadW_IrqHandler)
    TMR4_2_GCmpUH_IrqHandler                 0x0000649f   Thumb Code     2  hc32f460_ll_interrupts_share.o(i.TMR4_2_GCmpUH_IrqHandler)
    TMR4_2_GCmpUL_IrqHandler                 0x000064a1   Thumb Code     2  hc32f460_ll_interrupts_share.o(i.TMR4_2_GCmpUL_IrqHandler)
    TMR4_2_GCmpVH_IrqHandler                 0x000064a3   Thumb Code     2  hc32f460_ll_interrupts_share.o(i.TMR4_2_GCmpVH_IrqHandler)
    TMR4_2_GCmpVL_IrqHandler                 0x000064a5   Thumb Code     2  hc32f460_ll_interrupts_share.o(i.TMR4_2_GCmpVL_IrqHandler)
    TMR4_2_GCmpWH_IrqHandler                 0x000064a7   Thumb Code     2  hc32f460_ll_interrupts_share.o(i.TMR4_2_GCmpWH_IrqHandler)
    TMR4_2_GCmpWL_IrqHandler                 0x000064a9   Thumb Code     2  hc32f460_ll_interrupts_share.o(i.TMR4_2_GCmpWL_IrqHandler)
    TMR4_2_GOvf_IrqHandler                   0x000064ab   Thumb Code     2  hc32f460_ll_interrupts_share.o(i.TMR4_2_GOvf_IrqHandler)
    TMR4_2_GUdf_IrqHandler                   0x000064ad   Thumb Code     2  hc32f460_ll_interrupts_share.o(i.TMR4_2_GUdf_IrqHandler)
    TMR4_2_ReloadU_IrqHandler                0x000064af   Thumb Code     2  hc32f460_ll_interrupts_share.o(i.TMR4_2_ReloadU_IrqHandler)
    TMR4_2_ReloadV_IrqHandler                0x000064b1   Thumb Code     2  hc32f460_ll_interrupts_share.o(i.TMR4_2_ReloadV_IrqHandler)
    TMR4_2_ReloadW_IrqHandler                0x000064b3   Thumb Code     2  hc32f460_ll_interrupts_share.o(i.TMR4_2_ReloadW_IrqHandler)
    TMR4_3_GCmpUH_IrqHandler                 0x000064b5   Thumb Code     2  hc32f460_ll_interrupts_share.o(i.TMR4_3_GCmpUH_IrqHandler)
    TMR4_3_GCmpUL_IrqHandler                 0x000064b7   Thumb Code     2  hc32f460_ll_interrupts_share.o(i.TMR4_3_GCmpUL_IrqHandler)
    TMR4_3_GCmpVH_IrqHandler                 0x000064b9   Thumb Code     2  hc32f460_ll_interrupts_share.o(i.TMR4_3_GCmpVH_IrqHandler)
    TMR4_3_GCmpVL_IrqHandler                 0x000064bb   Thumb Code     2  hc32f460_ll_interrupts_share.o(i.TMR4_3_GCmpVL_IrqHandler)
    TMR4_3_GCmpWH_IrqHandler                 0x000064bd   Thumb Code     2  hc32f460_ll_interrupts_share.o(i.TMR4_3_GCmpWH_IrqHandler)
    TMR4_3_GCmpWL_IrqHandler                 0x000064bf   Thumb Code     2  hc32f460_ll_interrupts_share.o(i.TMR4_3_GCmpWL_IrqHandler)
    TMR4_3_GOvf_IrqHandler                   0x000064c1   Thumb Code     2  hc32f460_ll_interrupts_share.o(i.TMR4_3_GOvf_IrqHandler)
    TMR4_3_GUdf_IrqHandler                   0x000064c3   Thumb Code     2  hc32f460_ll_interrupts_share.o(i.TMR4_3_GUdf_IrqHandler)
    TMR4_3_ReloadU_IrqHandler                0x000064c5   Thumb Code     2  hc32f460_ll_interrupts_share.o(i.TMR4_3_ReloadU_IrqHandler)
    TMR4_3_ReloadV_IrqHandler                0x000064c7   Thumb Code     2  hc32f460_ll_interrupts_share.o(i.TMR4_3_ReloadV_IrqHandler)
    TMR4_3_ReloadW_IrqHandler                0x000064c9   Thumb Code     2  hc32f460_ll_interrupts_share.o(i.TMR4_3_ReloadW_IrqHandler)
    TMR6_1_GCmpA_IrqHandler                  0x000064cb   Thumb Code     2  hc32f460_ll_interrupts_share.o(i.TMR6_1_GCmpA_IrqHandler)
    TMR6_1_GCmpB_IrqHandler                  0x000064cd   Thumb Code     2  hc32f460_ll_interrupts_share.o(i.TMR6_1_GCmpB_IrqHandler)
    TMR6_1_GCmpC_IrqHandler                  0x000064cf   Thumb Code     2  hc32f460_ll_interrupts_share.o(i.TMR6_1_GCmpC_IrqHandler)
    TMR6_1_GCmpD_IrqHandler                  0x000064d1   Thumb Code     2  hc32f460_ll_interrupts_share.o(i.TMR6_1_GCmpD_IrqHandler)
    TMR6_1_GCmpE_IrqHandler                  0x000064d3   Thumb Code     2  hc32f460_ll_interrupts_share.o(i.TMR6_1_GCmpE_IrqHandler)
    TMR6_1_GCmpF_IrqHandler                  0x000064d5   Thumb Code     2  hc32f460_ll_interrupts_share.o(i.TMR6_1_GCmpF_IrqHandler)
    TMR6_1_GDte_IrqHandler                   0x000064d7   Thumb Code     2  hc32f460_ll_interrupts_share.o(i.TMR6_1_GDte_IrqHandler)
    TMR6_1_GOvf_IrqHandler                   0x000064d9   Thumb Code     2  hc32f460_ll_interrupts_share.o(i.TMR6_1_GOvf_IrqHandler)
    TMR6_1_GUdf_IrqHandler                   0x000064db   Thumb Code     2  hc32f460_ll_interrupts_share.o(i.TMR6_1_GUdf_IrqHandler)
    TMR6_1_SCmpA_IrqHandler                  0x000064dd   Thumb Code     2  hc32f460_ll_interrupts_share.o(i.TMR6_1_SCmpA_IrqHandler)
    TMR6_1_SCmpB_IrqHandler                  0x000064df   Thumb Code     2  hc32f460_ll_interrupts_share.o(i.TMR6_1_SCmpB_IrqHandler)
    TMR6_2_GCmpA_IrqHandler                  0x000064e1   Thumb Code     2  hc32f460_ll_interrupts_share.o(i.TMR6_2_GCmpA_IrqHandler)
    TMR6_2_GCmpB_IrqHandler                  0x000064e3   Thumb Code     2  hc32f460_ll_interrupts_share.o(i.TMR6_2_GCmpB_IrqHandler)
    TMR6_2_GCmpC_IrqHandler                  0x000064e5   Thumb Code     2  hc32f460_ll_interrupts_share.o(i.TMR6_2_GCmpC_IrqHandler)
    TMR6_2_GCmpD_IrqHandler                  0x000064e7   Thumb Code     2  hc32f460_ll_interrupts_share.o(i.TMR6_2_GCmpD_IrqHandler)
    TMR6_2_GCmpE_IrqHandler                  0x000064e9   Thumb Code     2  hc32f460_ll_interrupts_share.o(i.TMR6_2_GCmpE_IrqHandler)
    TMR6_2_GCmpF_IrqHandler                  0x000064eb   Thumb Code     2  hc32f460_ll_interrupts_share.o(i.TMR6_2_GCmpF_IrqHandler)
    TMR6_2_GDte_IrqHandler                   0x000064ed   Thumb Code     2  hc32f460_ll_interrupts_share.o(i.TMR6_2_GDte_IrqHandler)
    TMR6_2_GOvf_IrqHandler                   0x000064ef   Thumb Code     2  hc32f460_ll_interrupts_share.o(i.TMR6_2_GOvf_IrqHandler)
    TMR6_2_GUdf_IrqHandler                   0x000064f1   Thumb Code     2  hc32f460_ll_interrupts_share.o(i.TMR6_2_GUdf_IrqHandler)
    TMR6_2_SCmpA_IrqHandler                  0x000064f3   Thumb Code     2  hc32f460_ll_interrupts_share.o(i.TMR6_2_SCmpA_IrqHandler)
    TMR6_2_SCmpB_IrqHandler                  0x000064f5   Thumb Code     2  hc32f460_ll_interrupts_share.o(i.TMR6_2_SCmpB_IrqHandler)
    TMR6_3_GCmpA_IrqHandler                  0x000064f7   Thumb Code     2  hc32f460_ll_interrupts_share.o(i.TMR6_3_GCmpA_IrqHandler)
    TMR6_3_GCmpB_IrqHandler                  0x000064f9   Thumb Code     2  hc32f460_ll_interrupts_share.o(i.TMR6_3_GCmpB_IrqHandler)
    TMR6_3_GCmpC_IrqHandler                  0x000064fb   Thumb Code     2  hc32f460_ll_interrupts_share.o(i.TMR6_3_GCmpC_IrqHandler)
    TMR6_3_GCmpD_IrqHandler                  0x000064fd   Thumb Code     2  hc32f460_ll_interrupts_share.o(i.TMR6_3_GCmpD_IrqHandler)
    TMR6_3_GCmpE_IrqHandler                  0x000064ff   Thumb Code     2  hc32f460_ll_interrupts_share.o(i.TMR6_3_GCmpE_IrqHandler)
    TMR6_3_GCmpF_IrqHandler                  0x00006501   Thumb Code     2  hc32f460_ll_interrupts_share.o(i.TMR6_3_GCmpF_IrqHandler)
    TMR6_3_GDte_IrqHandler                   0x00006503   Thumb Code     2  hc32f460_ll_interrupts_share.o(i.TMR6_3_GDte_IrqHandler)
    TMR6_3_GOvf_IrqHandler                   0x00006505   Thumb Code     2  hc32f460_ll_interrupts_share.o(i.TMR6_3_GOvf_IrqHandler)
    TMR6_3_GUdf_IrqHandler                   0x00006507   Thumb Code     2  hc32f460_ll_interrupts_share.o(i.TMR6_3_GUdf_IrqHandler)
    TMR6_3_SCmpA_IrqHandler                  0x00006509   Thumb Code     2  hc32f460_ll_interrupts_share.o(i.TMR6_3_SCmpA_IrqHandler)
    TMR6_3_SCmpB_IrqHandler                  0x0000650b   Thumb Code     2  hc32f460_ll_interrupts_share.o(i.TMR6_3_SCmpB_IrqHandler)
    TMRA_1_Cmp_IrqHandler                    0x0000650d   Thumb Code     2  hc32f460_ll_interrupts_share.o(i.TMRA_1_Cmp_IrqHandler)
    TMRA_1_Ovf_IrqHandler                    0x0000650f   Thumb Code     2  hc32f460_ll_interrupts_share.o(i.TMRA_1_Ovf_IrqHandler)
    TMRA_1_Udf_IrqHandler                    0x00006511   Thumb Code     2  hc32f460_ll_interrupts_share.o(i.TMRA_1_Udf_IrqHandler)
    TMRA_2_Cmp_IrqHandler                    0x00006513   Thumb Code     2  hc32f460_ll_interrupts_share.o(i.TMRA_2_Cmp_IrqHandler)
    TMRA_2_Ovf_IrqHandler                    0x00006515   Thumb Code     2  hc32f460_ll_interrupts_share.o(i.TMRA_2_Ovf_IrqHandler)
    TMRA_2_Udf_IrqHandler                    0x00006517   Thumb Code     2  hc32f460_ll_interrupts_share.o(i.TMRA_2_Udf_IrqHandler)
    TMRA_3_Cmp_IrqHandler                    0x00006519   Thumb Code     2  hc32f460_ll_interrupts_share.o(i.TMRA_3_Cmp_IrqHandler)
    TMRA_3_Ovf_IrqHandler                    0x0000651b   Thumb Code     2  hc32f460_ll_interrupts_share.o(i.TMRA_3_Ovf_IrqHandler)
    TMRA_3_Udf_IrqHandler                    0x0000651d   Thumb Code     2  hc32f460_ll_interrupts_share.o(i.TMRA_3_Udf_IrqHandler)
    TMRA_4_Cmp_IrqHandler                    0x0000651f   Thumb Code     2  hc32f460_ll_interrupts_share.o(i.TMRA_4_Cmp_IrqHandler)
    TMRA_4_Ovf_IrqHandler                    0x00006521   Thumb Code     2  hc32f460_ll_interrupts_share.o(i.TMRA_4_Ovf_IrqHandler)
    TMRA_4_Udf_IrqHandler                    0x00006523   Thumb Code     2  hc32f460_ll_interrupts_share.o(i.TMRA_4_Udf_IrqHandler)
    TMRA_5_Cmp_IrqHandler                    0x00006525   Thumb Code     2  hc32f460_ll_interrupts_share.o(i.TMRA_5_Cmp_IrqHandler)
    TMRA_5_Ovf_IrqHandler                    0x00006527   Thumb Code     2  hc32f460_ll_interrupts_share.o(i.TMRA_5_Ovf_IrqHandler)
    TMRA_5_Udf_IrqHandler                    0x00006529   Thumb Code     2  hc32f460_ll_interrupts_share.o(i.TMRA_5_Udf_IrqHandler)
    TMRA_6_Cmp_IrqHandler                    0x0000652b   Thumb Code     2  hc32f460_ll_interrupts_share.o(i.TMRA_6_Cmp_IrqHandler)
    TMRA_6_Ovf_IrqHandler                    0x0000652d   Thumb Code     2  hc32f460_ll_interrupts_share.o(i.TMRA_6_Ovf_IrqHandler)
    TMRA_6_Udf_IrqHandler                    0x0000652f   Thumb Code     2  hc32f460_ll_interrupts_share.o(i.TMRA_6_Udf_IrqHandler)
    USART1_RxError_IrqHandler                0x00006531   Thumb Code     2  hc32f460_ll_interrupts_share.o(i.USART1_RxError_IrqHandler)
    USART1_RxFull_IrqHandler                 0x00006533   Thumb Code     2  hc32f460_ll_interrupts_share.o(i.USART1_RxFull_IrqHandler)
    USART1_RxTO_IrqHandler                   0x00006535   Thumb Code     2  hc32f460_ll_interrupts_share.o(i.USART1_RxTO_IrqHandler)
    USART1_TxComplete_IrqHandler             0x00006537   Thumb Code     2  hc32f460_ll_interrupts_share.o(i.USART1_TxComplete_IrqHandler)
    USART1_TxEmpty_IrqHandler                0x00006539   Thumb Code     2  hc32f460_ll_interrupts_share.o(i.USART1_TxEmpty_IrqHandler)
    USART2_RxError_IrqHandler                0x0000653b   Thumb Code     2  hc32f460_ll_interrupts_share.o(i.USART2_RxError_IrqHandler)
    USART2_RxFull_IrqHandler                 0x0000653d   Thumb Code     2  hc32f460_ll_interrupts_share.o(i.USART2_RxFull_IrqHandler)
    USART2_RxTO_IrqHandler                   0x0000653f   Thumb Code     2  hc32f460_ll_interrupts_share.o(i.USART2_RxTO_IrqHandler)
    USART2_TxComplete_IrqHandler             0x00006541   Thumb Code     2  hc32f460_ll_interrupts_share.o(i.USART2_TxComplete_IrqHandler)
    USART2_TxEmpty_IrqHandler                0x00006543   Thumb Code     2  hc32f460_ll_interrupts_share.o(i.USART2_TxEmpty_IrqHandler)
    USART3_RxError_IrqHandler                0x00006545   Thumb Code     2  hc32f460_ll_interrupts_share.o(i.USART3_RxError_IrqHandler)
    USART3_RxFull_IrqHandler                 0x00006547   Thumb Code     2  hc32f460_ll_interrupts_share.o(i.USART3_RxFull_IrqHandler)
    USART3_RxTO_IrqHandler                   0x00006549   Thumb Code     2  hc32f460_ll_interrupts_share.o(i.USART3_RxTO_IrqHandler)
    USART3_TxComplete_IrqHandler             0x0000654b   Thumb Code     2  hc32f460_ll_interrupts_share.o(i.USART3_TxComplete_IrqHandler)
    USART3_TxEmpty_IrqHandler                0x0000654d   Thumb Code     2  hc32f460_ll_interrupts_share.o(i.USART3_TxEmpty_IrqHandler)
    USART4_RxError_IrqHandler                0x0000654f   Thumb Code     2  hc32f460_ll_interrupts_share.o(i.USART4_RxError_IrqHandler)
    USART4_RxFull_IrqHandler                 0x00006551   Thumb Code     2  hc32f460_ll_interrupts_share.o(i.USART4_RxFull_IrqHandler)
    USART4_RxTO_IrqHandler                   0x00006553   Thumb Code     2  hc32f460_ll_interrupts_share.o(i.USART4_RxTO_IrqHandler)
    USART4_TxComplete_IrqHandler             0x00006555   Thumb Code     2  hc32f460_ll_interrupts_share.o(i.USART4_TxComplete_IrqHandler)
    USART4_TxEmpty_IrqHandler                0x00006557   Thumb Code     2  hc32f460_ll_interrupts_share.o(i.USART4_TxEmpty_IrqHandler)
    USBFS_Global_IrqHandler                  0x00006559   Thumb Code     2  hc32f460_ll_interrupts_share.o(i.USBFS_Global_IrqHandler)
    WDT_IrqHandler                           0x0000655b   Thumb Code     2  hc32f460_ll_interrupts_share.o(i.WDT_IrqHandler)
    __0sprintf$8                             0x0000655d   Thumb Code    34  printf8.o(i.__0sprintf$8)
    __1sprintf$8                             0x0000655d   Thumb Code     0  printf8.o(i.__0sprintf$8)
    __2sprintf                               0x0000655d   Thumb Code     0  printf8.o(i.__0sprintf$8)
    __scatterload_copy                       0x00006585   Thumb Code    14  handlers.o(i.__scatterload_copy)
    __scatterload_null                       0x00006593   Thumb Code     2  handlers.o(i.__scatterload_null)
    __scatterload_zeroinit                   0x00006595   Thumb Code    14  handlers.o(i.__scatterload_zeroinit)
    main                                     0x00006a11   Thumb Code   344  main.o(i.main)
    ascii_1206                               0x00006bc8   Data        1140  lcd.o(.constdata)
    ascii_1608                               0x0000703c   Data        1520  lcd.o(.constdata)
    ascii_2412                               0x0000762c   Data        4560  lcd.o(.constdata)
    ascii_3216                               0x000087fc   Data        6080  lcd.o(.constdata)
    tfont12                                  0x00009fbc   Data         130  lcd.o(.constdata)
    tfont16                                  0x0000a03e   Data         170  lcd.o(.constdata)
    tfont24                                  0x0000a0e8   Data         370  lcd.o(.constdata)
    tfont32                                  0x0000a25a   Data         650  lcd.o(.constdata)
    Region$$Table$$Base                      0x0000a5c4   Number         0  anon$$obj.o(Region$$Table)
    Region$$Table$$Limit                     0x0000a5e4   Number         0  anon$$obj.o(Region$$Table)
    SystemCoreClock                          0x1fff8000   Data           4  system_hc32f460.o(.bss.noinit)
    HRC_VALUE                                0x1fff8004   Data           4  system_hc32f460.o(.bss.noinit)
    spi_tx_data                              0x1fff8008   Data           1  main.o(.data)
    chip_id                                  0x1fff8009   Data           1  main.o(.data)
    __initial_sp                             0x1fffa210   Data           0  startup_hc32f460.o(STACK)



==============================================================================

Memory Map of the image

  Image Entry point : 0x00000281

  Load Region LR_IROM1 (Base: 0x00000000, Size: 0x0000a5e8, Max: 0x00080000, ABSOLUTE)

    Execution Region ER_IROM1 (Exec base: 0x00000000, Load base: 0x00000000, Size: 0x0000a5e4, Max: 0x00080000, ABSOLUTE)

    Exec Addr    Load Addr    Size         Type   Attr      Idx    E Section Name        Object

    0x00000000   0x00000000   0x00000280   Data   RO            3    RESET               startup_hc32f460.o
    0x00000280   0x00000280   0x00000000   Code   RO         4774  * .ARM.Collect$$$$00000000  mc_w.l(entry.o)
    0x00000280   0x00000280   0x00000004   Code   RO         5052    .ARM.Collect$$$$00000001  mc_w.l(entry2.o)
    0x00000284   0x00000284   0x00000004   Code   RO         5055    .ARM.Collect$$$$00000004  mc_w.l(entry5.o)
    0x00000288   0x00000288   0x00000000   Code   RO         5057    .ARM.Collect$$$$00000008  mc_w.l(entry7b.o)
    0x00000288   0x00000288   0x00000000   Code   RO         5059    .ARM.Collect$$$$0000000A  mc_w.l(entry8b.o)
    0x00000288   0x00000288   0x00000008   Code   RO         5060    .ARM.Collect$$$$0000000B  mc_w.l(entry9a.o)
    0x00000290   0x00000290   0x00000000   Code   RO         5062    .ARM.Collect$$$$0000000D  mc_w.l(entry10a.o)
    0x00000290   0x00000290   0x00000000   Code   RO         5064    .ARM.Collect$$$$0000000F  mc_w.l(entry11a.o)
    0x00000290   0x00000290   0x00000004   Code   RO         5053    .ARM.Collect$$$$00002712  mc_w.l(entry2.o)
    0x00000294   0x00000294   0x00000064   Code   RO            4    .text               startup_hc32f460.o
    0x000002f8   0x000002f8   0x000000b0   Code   RO         5038    .text               mf_w.l(fadd.o)
    0x000003a8   0x000003a8   0x0000000a   Code   RO         5044    .text               mf_w.l(ffltui.o)
    0x000003b2   0x000003b2   0x00000028   Code   RO         5046    .text               mf_w.l(ffixui.o)
    0x000003da   0x000003da   0x00000002   PAD
    0x000003dc   0x000003dc   0x00000014   Code   RO         5048    .text               mf_w.l(cfcmple.o)
    0x000003f0   0x000003f0   0x00000000   Code   RO         5073    .text               mc_w.l(iusefp.o)
    0x000003f0   0x000003f0   0x00000002   Code   RO         1961    i.ADC1_ChCmp_IrqHandler  hc32f460_ll_interrupts_share.o
    0x000003f2   0x000003f2   0x00000002   Code   RO         1962    i.ADC1_SeqA_IrqHandler  hc32f460_ll_interrupts_share.o
    0x000003f4   0x000003f4   0x00000002   Code   RO         1963    i.ADC1_SeqB_IrqHandler  hc32f460_ll_interrupts_share.o
    0x000003f6   0x000003f6   0x00000002   Code   RO         1964    i.ADC1_SeqCmp_IrqHandler  hc32f460_ll_interrupts_share.o
    0x000003f8   0x000003f8   0x00000002   Code   RO         1965    i.ADC2_ChCmp_IrqHandler  hc32f460_ll_interrupts_share.o
    0x000003fa   0x000003fa   0x00000002   Code   RO         1966    i.ADC2_SeqA_IrqHandler  hc32f460_ll_interrupts_share.o
    0x000003fc   0x000003fc   0x00000002   Code   RO         1967    i.ADC2_SeqB_IrqHandler  hc32f460_ll_interrupts_share.o
    0x000003fe   0x000003fe   0x00000002   Code   RO         1968    i.ADC2_SeqCmp_IrqHandler  hc32f460_ll_interrupts_share.o
    0x00000400   0x00000400   0x00000020   Data   RO          265    .ARM.__AT_0x00000400  hc32_ll_icg.o
    0x00000420   0x00000420   0x00000064   Code   RO         5040    .text               mf_w.l(fmul.o)
    0x00000484   0x00000484   0x0000007c   Code   RO         5042    .text               mf_w.l(fdiv.o)
    0x00000500   0x00000500   0x00000014   Code   RO         5050    .text               mf_w.l(cfrcmple.o)
    0x00000514   0x00000514   0x00000062   Code   RO         5071    .text               mc_w.l(uldiv.o)
    0x00000576   0x00000576   0x0000006e   Code   RO         5074    .text               mf_w.l(fepilogue.o)
    0x000005e4   0x000005e4   0x00000024   Code   RO         5086    .text               mc_w.l(init.o)
    0x00000608   0x00000608   0x0000001e   Code   RO         5089    .text               mc_w.l(llshl.o)
    0x00000626   0x00000626   0x00000020   Code   RO         5091    .text               mc_w.l(llushr.o)
    0x00000646   0x00000646   0x00000002   PAD
    0x00000648   0x00000648   0x00000070   Code   RO         1932    i.AOS_SetTriggerEventSrc  hc32_ll_aos.o
    0x000006b8   0x000006b8   0x000000e4   Code   RO           84    i.BSP_CLK_Init      main.o
    0x0000079c   0x0000079c   0x00000002   Code   RO         1969    i.CAN_IrqHandler    hc32f460_ll_interrupts_share.o
    0x0000079e   0x0000079e   0x00000002   PAD
    0x000007a0   0x000007a0   0x0000006c   Code   RO          508    i.CLK_GetStableStatus  hc32_ll_clk.o
    0x0000080c   0x0000080c   0x000000d4   Code   RO          518    i.CLK_PLLCmd        hc32_ll_clk.o
    0x000008e0   0x000008e0   0x000002b0   Code   RO          519    i.CLK_PLLInit       hc32_ll_clk.o
    0x00000b90   0x00000b90   0x00000052   Code   RO          520    i.CLK_PLLStructInit  hc32_ll_clk.o
    0x00000be2   0x00000be2   0x00000014   Code   RO          524    i.CLK_SetClockDiv   hc32_ll_clk.o
    0x00000bf6   0x00000bf6   0x00000010   Code   RO          528    i.CLK_SetSysClockSrc  hc32_ll_clk.o
    0x00000c06   0x00000c06   0x00000030   Code   RO          533    i.CLK_WaitStable    hc32_ll_clk.o
    0x00000c36   0x00000c36   0x00000002   PAD
    0x00000c38   0x00000c38   0x000000d0   Code   RO          537    i.CLK_XtalCmd       hc32_ll_clk.o
    0x00000d08   0x00000d08   0x00000150   Code   RO          538    i.CLK_XtalInit      hc32_ll_clk.o
    0x00000e58   0x00000e58   0x00000002   Code   RO         1970    i.CLK_XtalStop_IrqHandler  hc32f460_ll_interrupts_share.o
    0x00000e5a   0x00000e5a   0x0000001e   Code   RO          541    i.CLK_XtalStructInit  hc32_ll_clk.o
    0x00000e78   0x00000e78   0x00000024   Code   RO         4723    i.DA213_Init        da213.o
    0x00000e9c   0x00000e9c   0x00000016   Code   RO         4724    i.DA213_ReadID      da213.o
    0x00000eb2   0x00000eb2   0x00000002   PAD
    0x00000eb4   0x00000eb4   0x00000078   Code   RO         4725    i.DA213_Read_Buffer  da213.o
    0x00000f2c   0x00000f2c   0x0000005c   Code   RO         4726    i.DA213_Read_XYZ    da213.o
    0x00000f88   0x00000f88   0x0000004c   Code   RO         4727    i.DA213_Write_Reg   da213.o
    0x00000fd4   0x00000fd4   0x00000002   Code   RO         1971    i.DCU1_IrqHandler   hc32f460_ll_interrupts_share.o
    0x00000fd6   0x00000fd6   0x00000002   Code   RO         1972    i.DCU2_IrqHandler   hc32f460_ll_interrupts_share.o
    0x00000fd8   0x00000fd8   0x00000002   Code   RO         1973    i.DCU3_IrqHandler   hc32f460_ll_interrupts_share.o
    0x00000fda   0x00000fda   0x00000002   Code   RO         1974    i.DCU4_IrqHandler   hc32f460_ll_interrupts_share.o
    0x00000fdc   0x00000fdc   0x00000004   Code   RO          426    i.DDL_AssertHandler  hc32_ll_utility.o
    0x00000fe0   0x00000fe0   0x00000040   Code   RO          427    i.DDL_DelayMS       hc32_ll_utility.o
    0x00001020   0x00001020   0x00000040   Code   RO          428    i.DDL_DelayUS       hc32_ll_utility.o
    0x00001060   0x00001060   0x00000002   Code   RO         1975    i.DMA1_BTC0_IrqHandler  hc32f460_ll_interrupts_share.o
    0x00001062   0x00001062   0x00000002   Code   RO         1976    i.DMA1_BTC1_IrqHandler  hc32f460_ll_interrupts_share.o
    0x00001064   0x00001064   0x00000002   Code   RO         1977    i.DMA1_BTC2_IrqHandler  hc32f460_ll_interrupts_share.o
    0x00001066   0x00001066   0x00000002   Code   RO         1978    i.DMA1_BTC3_IrqHandler  hc32f460_ll_interrupts_share.o
    0x00001068   0x00001068   0x00000002   Code   RO         1979    i.DMA1_Error0_IrqHandler  hc32f460_ll_interrupts_share.o
    0x0000106a   0x0000106a   0x00000002   Code   RO         1980    i.DMA1_Error1_IrqHandler  hc32f460_ll_interrupts_share.o
    0x0000106c   0x0000106c   0x00000002   Code   RO         1981    i.DMA1_Error2_IrqHandler  hc32f460_ll_interrupts_share.o
    0x0000106e   0x0000106e   0x00000002   Code   RO         1982    i.DMA1_Error3_IrqHandler  hc32f460_ll_interrupts_share.o
    0x00001070   0x00001070   0x00000002   Code   RO         1983    i.DMA1_TC0_IrqHandler  hc32f460_ll_interrupts_share.o
    0x00001072   0x00001072   0x00000002   Code   RO         1984    i.DMA1_TC1_IrqHandler  hc32f460_ll_interrupts_share.o
    0x00001074   0x00001074   0x00000002   Code   RO         1985    i.DMA1_TC2_IrqHandler  hc32f460_ll_interrupts_share.o
    0x00001076   0x00001076   0x00000002   Code   RO         1986    i.DMA1_TC3_IrqHandler  hc32f460_ll_interrupts_share.o
    0x00001078   0x00001078   0x00000002   Code   RO         1987    i.DMA2_BTC0_IrqHandler  hc32f460_ll_interrupts_share.o
    0x0000107a   0x0000107a   0x00000002   Code   RO         1988    i.DMA2_BTC1_IrqHandler  hc32f460_ll_interrupts_share.o
    0x0000107c   0x0000107c   0x00000002   Code   RO         1989    i.DMA2_BTC2_IrqHandler  hc32f460_ll_interrupts_share.o
    0x0000107e   0x0000107e   0x00000002   Code   RO         1990    i.DMA2_BTC3_IrqHandler  hc32f460_ll_interrupts_share.o
    0x00001080   0x00001080   0x00000002   Code   RO         1991    i.DMA2_Error0_IrqHandler  hc32f460_ll_interrupts_share.o
    0x00001082   0x00001082   0x00000002   Code   RO         1992    i.DMA2_Error1_IrqHandler  hc32f460_ll_interrupts_share.o
    0x00001084   0x00001084   0x00000002   Code   RO         1993    i.DMA2_Error2_IrqHandler  hc32f460_ll_interrupts_share.o
    0x00001086   0x00001086   0x00000002   Code   RO         1994    i.DMA2_Error3_IrqHandler  hc32f460_ll_interrupts_share.o
    0x00001088   0x00001088   0x00000002   Code   RO         1995    i.DMA2_TC0_IrqHandler  hc32f460_ll_interrupts_share.o
    0x0000108a   0x0000108a   0x00000002   Code   RO         1996    i.DMA2_TC1_IrqHandler  hc32f460_ll_interrupts_share.o
    0x0000108c   0x0000108c   0x00000002   Code   RO         1997    i.DMA2_TC2_IrqHandler  hc32f460_ll_interrupts_share.o
    0x0000108e   0x0000108e   0x00000002   Code   RO         1998    i.DMA2_TC3_IrqHandler  hc32f460_ll_interrupts_share.o
    0x00001090   0x00001090   0x00000084   Code   RO         1614    i.DMA_ClearTransCompleteStatus  hc32_ll_dma.o
    0x00001114   0x00001114   0x000001c0   Code   RO         1632    i.DMA_Init          hc32_ll_dma.o
    0x000012d4   0x000012d4   0x00000022   Code   RO         1660    i.DMA_StructInit    hc32_ll_dma.o
    0x000012f6   0x000012f6   0x00000002   PAD
    0x000012f8   0x000012f8   0x00000010   Code   RO           85    i.DMA_TransCompleteCallback  main.o
    0x00001308   0x00001308   0x00000078   Code   RO          770    i.EFM_CacheCmd      hc32_ll_efm.o
    0x00001380   0x00001380   0x00000078   Code   RO          771    i.EFM_CacheRamReset  hc32_ll_efm.o
    0x000013f8   0x000013f8   0x00000002   Code   RO         1999    i.EFM_ColError_IrqHandler  hc32f460_ll_interrupts_share.o
    0x000013fa   0x000013fa   0x00000002   Code   RO         2000    i.EFM_OpEnd_IrqHandler  hc32f460_ll_interrupts_share.o
    0x000013fc   0x000013fc   0x00000002   Code   RO         2001    i.EFM_ProgramEraseError_IrqHandler  hc32f460_ll_interrupts_share.o
    0x000013fe   0x000013fe   0x00000002   PAD
    0x00001400   0x00001400   0x000000c4   Code   RO          797    i.EFM_SetWaitCycle  hc32_ll_efm.o
    0x000014c4   0x000014c4   0x00000002   Code   RO         2002    i.EMB_GR0_IrqHandler  hc32f460_ll_interrupts_share.o
    0x000014c6   0x000014c6   0x00000002   Code   RO         2003    i.EMB_GR1_IrqHandler  hc32f460_ll_interrupts_share.o
    0x000014c8   0x000014c8   0x00000002   Code   RO         2004    i.EMB_GR2_IrqHandler  hc32f460_ll_interrupts_share.o
    0x000014ca   0x000014ca   0x00000002   Code   RO         2005    i.EMB_GR3_IrqHandler  hc32f460_ll_interrupts_share.o
    0x000014cc   0x000014cc   0x00000002   Code   RO         2006    i.EXTINT00_IrqHandler  hc32f460_ll_interrupts_share.o
    0x000014ce   0x000014ce   0x00000002   Code   RO         2007    i.EXTINT01_IrqHandler  hc32f460_ll_interrupts_share.o
    0x000014d0   0x000014d0   0x00000002   Code   RO         2008    i.EXTINT02_IrqHandler  hc32f460_ll_interrupts_share.o
    0x000014d2   0x000014d2   0x00000002   Code   RO         2009    i.EXTINT03_IrqHandler  hc32f460_ll_interrupts_share.o
    0x000014d4   0x000014d4   0x00000002   Code   RO         2010    i.EXTINT04_IrqHandler  hc32f460_ll_interrupts_share.o
    0x000014d6   0x000014d6   0x00000002   Code   RO         2011    i.EXTINT05_IrqHandler  hc32f460_ll_interrupts_share.o
    0x000014d8   0x000014d8   0x00000002   Code   RO         2012    i.EXTINT06_IrqHandler  hc32f460_ll_interrupts_share.o
    0x000014da   0x000014da   0x00000002   Code   RO         2013    i.EXTINT07_IrqHandler  hc32f460_ll_interrupts_share.o
    0x000014dc   0x000014dc   0x00000002   Code   RO         2014    i.EXTINT08_IrqHandler  hc32f460_ll_interrupts_share.o
    0x000014de   0x000014de   0x00000002   Code   RO         2015    i.EXTINT09_IrqHandler  hc32f460_ll_interrupts_share.o
    0x000014e0   0x000014e0   0x00000002   Code   RO         2016    i.EXTINT10_IrqHandler  hc32f460_ll_interrupts_share.o
    0x000014e2   0x000014e2   0x00000002   Code   RO         2017    i.EXTINT11_IrqHandler  hc32f460_ll_interrupts_share.o
    0x000014e4   0x000014e4   0x00000002   Code   RO         2018    i.EXTINT12_IrqHandler  hc32f460_ll_interrupts_share.o
    0x000014e6   0x000014e6   0x00000002   Code   RO         2019    i.EXTINT13_IrqHandler  hc32f460_ll_interrupts_share.o
    0x000014e8   0x000014e8   0x00000002   Code   RO         2020    i.EXTINT14_IrqHandler  hc32f460_ll_interrupts_share.o
    0x000014ea   0x000014ea   0x00000002   Code   RO         2021    i.EXTINT15_IrqHandler  hc32f460_ll_interrupts_share.o
    0x000014ec   0x000014ec   0x000000a8   Code   RO         1570    i.FCG_Fcg0PeriphClockCmd  hc32_ll_fcg.o
    0x00001594   0x00001594   0x00000090   Code   RO         1571    i.FCG_Fcg1PeriphClockCmd  hc32_ll_fcg.o
    0x00001624   0x00001624   0x00000002   Code   RO         2022    i.FCM_End_IrqHandler  hc32f460_ll_interrupts_share.o
    0x00001626   0x00001626   0x00000002   Code   RO         2023    i.FCM_Error_IrqHandler  hc32f460_ll_interrupts_share.o
    0x00001628   0x00001628   0x00000002   Code   RO         2024    i.FCM_Ovf_IrqHandler  hc32f460_ll_interrupts_share.o
    0x0000162a   0x0000162a   0x00000002   PAD
    0x0000162c   0x0000162c   0x000000e0   Code   RO          286    i.GPIO_AnalogCmd    hc32_ll_gpio.o
    0x0000170c   0x0000170c   0x0000020c   Code   RO          289    i.GPIO_Init         hc32_ll_gpio.o
    0x00001918   0x00001918   0x00000090   Code   RO          296    i.GPIO_ResetPins    hc32_ll_gpio.o
    0x000019a8   0x000019a8   0x000000b8   Code   RO          297    i.GPIO_SetDebugPort  hc32_ll_gpio.o
    0x00001a60   0x00001a60   0x000000f8   Code   RO          298    i.GPIO_SetFunc      hc32_ll_gpio.o
    0x00001b58   0x00001b58   0x00000090   Code   RO          299    i.GPIO_SetPins      hc32_ll_gpio.o
    0x00001be8   0x00001be8   0x00000098   Code   RO          300    i.GPIO_SetReadWaitCycle  hc32_ll_gpio.o
    0x00001c80   0x00001c80   0x00000020   Code   RO          302    i.GPIO_StructInit   hc32_ll_gpio.o
    0x00001ca0   0x00001ca0   0x00000002   Code   RO         2025    i.I2C1_EE_IrqHandler  hc32f460_ll_interrupts_share.o
    0x00001ca2   0x00001ca2   0x00000002   Code   RO         2026    i.I2C1_RxFull_IrqHandler  hc32f460_ll_interrupts_share.o
    0x00001ca4   0x00001ca4   0x00000002   Code   RO         2027    i.I2C1_TxComplete_IrqHandler  hc32f460_ll_interrupts_share.o
    0x00001ca6   0x00001ca6   0x00000002   Code   RO         2028    i.I2C1_TxEmpty_IrqHandler  hc32f460_ll_interrupts_share.o
    0x00001ca8   0x00001ca8   0x00000002   Code   RO         2029    i.I2C2_EE_IrqHandler  hc32f460_ll_interrupts_share.o
    0x00001caa   0x00001caa   0x00000002   Code   RO         2030    i.I2C2_RxFull_IrqHandler  hc32f460_ll_interrupts_share.o
    0x00001cac   0x00001cac   0x00000002   Code   RO         2031    i.I2C2_TxComplete_IrqHandler  hc32f460_ll_interrupts_share.o
    0x00001cae   0x00001cae   0x00000002   Code   RO         2032    i.I2C2_TxEmpty_IrqHandler  hc32f460_ll_interrupts_share.o
    0x00001cb0   0x00001cb0   0x00000002   Code   RO         2033    i.I2C3_EE_IrqHandler  hc32f460_ll_interrupts_share.o
    0x00001cb2   0x00001cb2   0x00000002   Code   RO         2034    i.I2C3_RxFull_IrqHandler  hc32f460_ll_interrupts_share.o
    0x00001cb4   0x00001cb4   0x00000002   Code   RO         2035    i.I2C3_TxComplete_IrqHandler  hc32f460_ll_interrupts_share.o
    0x00001cb6   0x00001cb6   0x00000002   Code   RO         2036    i.I2C3_TxEmpty_IrqHandler  hc32f460_ll_interrupts_share.o
    0x00001cb8   0x00001cb8   0x00000060   Code   RO         4275    i.I2C_AckConfig     hc32_ll_i2c.o
    0x00001d18   0x00001d18   0x00000228   Code   RO         4277    i.I2C_BaudrateConfig  hc32_ll_i2c.o
    0x00001f40   0x00001f40   0x00000068   Code   RO         4278    i.I2C_BusWaitCmd    hc32_ll_i2c.o
    0x00001fa8   0x00001fa8   0x0000005c   Code   RO         4279    i.I2C_ClearStatus   hc32_ll_i2c.o
    0x00002004   0x00002004   0x00000058   Code   RO         4280    i.I2C_Cmd           hc32_ll_i2c.o
    0x0000205c   0x0000205c   0x0000004c   Code   RO         4281    i.I2C_DeInit        hc32_ll_i2c.o
    0x000020a8   0x000020a8   0x00000040   Code   RO         4286    i.I2C_GenerateRestart  hc32_ll_i2c.o
    0x000020e8   0x000020e8   0x00000040   Code   RO         4287    i.I2C_GenerateStart  hc32_ll_i2c.o
    0x00002128   0x00002128   0x00000040   Code   RO         4288    i.I2C_GenerateStop  hc32_ll_i2c.o
    0x00002168   0x00002168   0x00000068   Code   RO         4289    i.I2C_GetStatus     hc32_ll_i2c.o
    0x000021d0   0x000021d0   0x00000090   Code   RO         4728    i.I2C_Hardware_Init  da213.o
    0x00002260   0x00002260   0x000000c4   Code   RO         4290    i.I2C_Init          hc32_ll_i2c.o
    0x00002324   0x00002324   0x000000ec   Code   RO         4292    i.I2C_MasterReceiveDataAndStop  hc32_ll_i2c.o
    0x00002410   0x00002410   0x0000003c   Code   RO         4293    i.I2C_ReadData      hc32_ll_i2c.o
    0x0000244c   0x0000244c   0x0000006c   Code   RO         4295    i.I2C_Restart       hc32_ll_i2c.o
    0x000024b8   0x000024b8   0x00000068   Code   RO         4306    i.I2C_Start         hc32_ll_i2c.o
    0x00002520   0x00002520   0x0000006c   Code   RO         4307    i.I2C_Stop          hc32_ll_i2c.o
    0x0000258c   0x0000258c   0x00000018   Code   RO         4308    i.I2C_StructInit    hc32_ll_i2c.o
    0x000025a4   0x000025a4   0x000000c0   Code   RO         4310    i.I2C_TransAddr     hc32_ll_i2c.o
    0x00002664   0x00002664   0x0000009c   Code   RO         4311    i.I2C_TransData     hc32_ll_i2c.o
    0x00002700   0x00002700   0x000000a4   Code   RO         4312    i.I2C_WaitStatus    hc32_ll_i2c.o
    0x000027a4   0x000027a4   0x00000040   Code   RO         4313    i.I2C_WriteData     hc32_ll_i2c.o
    0x000027e4   0x000027e4   0x00000002   Code   RO         2037    i.I2S1_Error_IrqHandler  hc32f460_ll_interrupts_share.o
    0x000027e6   0x000027e6   0x00000002   Code   RO         2038    i.I2S1_Rx_IrqHandler  hc32f460_ll_interrupts_share.o
    0x000027e8   0x000027e8   0x00000002   Code   RO         2039    i.I2S1_Tx_IrqHandler  hc32f460_ll_interrupts_share.o
    0x000027ea   0x000027ea   0x00000002   Code   RO         2040    i.I2S2_Error_IrqHandler  hc32f460_ll_interrupts_share.o
    0x000027ec   0x000027ec   0x00000002   Code   RO         2041    i.I2S2_Rx_IrqHandler  hc32f460_ll_interrupts_share.o
    0x000027ee   0x000027ee   0x00000002   Code   RO         2042    i.I2S2_Tx_IrqHandler  hc32f460_ll_interrupts_share.o
    0x000027f0   0x000027f0   0x00000002   Code   RO         2043    i.I2S3_Error_IrqHandler  hc32f460_ll_interrupts_share.o
    0x000027f2   0x000027f2   0x00000002   Code   RO         2044    i.I2S3_Rx_IrqHandler  hc32f460_ll_interrupts_share.o
    0x000027f4   0x000027f4   0x00000002   Code   RO         2045    i.I2S3_Tx_IrqHandler  hc32f460_ll_interrupts_share.o
    0x000027f6   0x000027f6   0x00000002   Code   RO         2046    i.I2S4_Error_IrqHandler  hc32f460_ll_interrupts_share.o
    0x000027f8   0x000027f8   0x00000002   Code   RO         2047    i.I2S4_Rx_IrqHandler  hc32f460_ll_interrupts_share.o
    0x000027fa   0x000027fa   0x00000002   Code   RO         2048    i.I2S4_Tx_IrqHandler  hc32f460_ll_interrupts_share.o
    0x000027fc   0x000027fc   0x000000b4   Code   RO         3396    i.INTC_IrqSignIn    hc32_ll_interrupts.o
    0x000028b0   0x000028b0   0x00000014   Code   RO         3401    i.IRQ000_Handler    hc32_ll_interrupts.o
    0x000028c4   0x000028c4   0x00000014   Code   RO         3402    i.IRQ001_Handler    hc32_ll_interrupts.o
    0x000028d8   0x000028d8   0x00000014   Code   RO         3403    i.IRQ002_Handler    hc32_ll_interrupts.o
    0x000028ec   0x000028ec   0x00000014   Code   RO         3404    i.IRQ003_Handler    hc32_ll_interrupts.o
    0x00002900   0x00002900   0x00000014   Code   RO         3405    i.IRQ004_Handler    hc32_ll_interrupts.o
    0x00002914   0x00002914   0x00000014   Code   RO         3406    i.IRQ005_Handler    hc32_ll_interrupts.o
    0x00002928   0x00002928   0x00000014   Code   RO         3407    i.IRQ006_Handler    hc32_ll_interrupts.o
    0x0000293c   0x0000293c   0x00000014   Code   RO         3408    i.IRQ007_Handler    hc32_ll_interrupts.o
    0x00002950   0x00002950   0x00000014   Code   RO         3409    i.IRQ008_Handler    hc32_ll_interrupts.o
    0x00002964   0x00002964   0x00000014   Code   RO         3410    i.IRQ009_Handler    hc32_ll_interrupts.o
    0x00002978   0x00002978   0x00000014   Code   RO         3411    i.IRQ010_Handler    hc32_ll_interrupts.o
    0x0000298c   0x0000298c   0x00000014   Code   RO         3412    i.IRQ011_Handler    hc32_ll_interrupts.o
    0x000029a0   0x000029a0   0x00000014   Code   RO         3413    i.IRQ012_Handler    hc32_ll_interrupts.o
    0x000029b4   0x000029b4   0x00000014   Code   RO         3414    i.IRQ013_Handler    hc32_ll_interrupts.o
    0x000029c8   0x000029c8   0x00000014   Code   RO         3415    i.IRQ014_Handler    hc32_ll_interrupts.o
    0x000029dc   0x000029dc   0x00000014   Code   RO         3416    i.IRQ015_Handler    hc32_ll_interrupts.o
    0x000029f0   0x000029f0   0x00000014   Code   RO         3417    i.IRQ016_Handler    hc32_ll_interrupts.o
    0x00002a04   0x00002a04   0x00000014   Code   RO         3418    i.IRQ017_Handler    hc32_ll_interrupts.o
    0x00002a18   0x00002a18   0x00000014   Code   RO         3419    i.IRQ018_Handler    hc32_ll_interrupts.o
    0x00002a2c   0x00002a2c   0x00000014   Code   RO         3420    i.IRQ019_Handler    hc32_ll_interrupts.o
    0x00002a40   0x00002a40   0x00000014   Code   RO         3421    i.IRQ020_Handler    hc32_ll_interrupts.o
    0x00002a54   0x00002a54   0x00000014   Code   RO         3422    i.IRQ021_Handler    hc32_ll_interrupts.o
    0x00002a68   0x00002a68   0x00000014   Code   RO         3423    i.IRQ022_Handler    hc32_ll_interrupts.o
    0x00002a7c   0x00002a7c   0x00000014   Code   RO         3424    i.IRQ023_Handler    hc32_ll_interrupts.o
    0x00002a90   0x00002a90   0x00000014   Code   RO         3425    i.IRQ024_Handler    hc32_ll_interrupts.o
    0x00002aa4   0x00002aa4   0x00000014   Code   RO         3426    i.IRQ025_Handler    hc32_ll_interrupts.o
    0x00002ab8   0x00002ab8   0x00000014   Code   RO         3427    i.IRQ026_Handler    hc32_ll_interrupts.o
    0x00002acc   0x00002acc   0x00000014   Code   RO         3428    i.IRQ027_Handler    hc32_ll_interrupts.o
    0x00002ae0   0x00002ae0   0x00000014   Code   RO         3429    i.IRQ028_Handler    hc32_ll_interrupts.o
    0x00002af4   0x00002af4   0x00000014   Code   RO         3430    i.IRQ029_Handler    hc32_ll_interrupts.o
    0x00002b08   0x00002b08   0x00000014   Code   RO         3431    i.IRQ030_Handler    hc32_ll_interrupts.o
    0x00002b1c   0x00002b1c   0x00000014   Code   RO         3432    i.IRQ031_Handler    hc32_ll_interrupts.o
    0x00002b30   0x00002b30   0x00000014   Code   RO         3433    i.IRQ032_Handler    hc32_ll_interrupts.o
    0x00002b44   0x00002b44   0x00000014   Code   RO         3434    i.IRQ033_Handler    hc32_ll_interrupts.o
    0x00002b58   0x00002b58   0x00000014   Code   RO         3435    i.IRQ034_Handler    hc32_ll_interrupts.o
    0x00002b6c   0x00002b6c   0x00000014   Code   RO         3436    i.IRQ035_Handler    hc32_ll_interrupts.o
    0x00002b80   0x00002b80   0x00000014   Code   RO         3437    i.IRQ036_Handler    hc32_ll_interrupts.o
    0x00002b94   0x00002b94   0x00000014   Code   RO         3438    i.IRQ037_Handler    hc32_ll_interrupts.o
    0x00002ba8   0x00002ba8   0x00000014   Code   RO         3439    i.IRQ038_Handler    hc32_ll_interrupts.o
    0x00002bbc   0x00002bbc   0x00000014   Code   RO         3440    i.IRQ039_Handler    hc32_ll_interrupts.o
    0x00002bd0   0x00002bd0   0x00000014   Code   RO         3441    i.IRQ040_Handler    hc32_ll_interrupts.o
    0x00002be4   0x00002be4   0x00000014   Code   RO         3442    i.IRQ041_Handler    hc32_ll_interrupts.o
    0x00002bf8   0x00002bf8   0x00000014   Code   RO         3443    i.IRQ042_Handler    hc32_ll_interrupts.o
    0x00002c0c   0x00002c0c   0x00000014   Code   RO         3444    i.IRQ043_Handler    hc32_ll_interrupts.o
    0x00002c20   0x00002c20   0x00000014   Code   RO         3445    i.IRQ044_Handler    hc32_ll_interrupts.o
    0x00002c34   0x00002c34   0x00000014   Code   RO         3446    i.IRQ045_Handler    hc32_ll_interrupts.o
    0x00002c48   0x00002c48   0x00000014   Code   RO         3447    i.IRQ046_Handler    hc32_ll_interrupts.o
    0x00002c5c   0x00002c5c   0x00000014   Code   RO         3448    i.IRQ047_Handler    hc32_ll_interrupts.o
    0x00002c70   0x00002c70   0x00000014   Code   RO         3449    i.IRQ048_Handler    hc32_ll_interrupts.o
    0x00002c84   0x00002c84   0x00000014   Code   RO         3450    i.IRQ049_Handler    hc32_ll_interrupts.o
    0x00002c98   0x00002c98   0x00000014   Code   RO         3451    i.IRQ050_Handler    hc32_ll_interrupts.o
    0x00002cac   0x00002cac   0x00000014   Code   RO         3452    i.IRQ051_Handler    hc32_ll_interrupts.o
    0x00002cc0   0x00002cc0   0x00000014   Code   RO         3453    i.IRQ052_Handler    hc32_ll_interrupts.o
    0x00002cd4   0x00002cd4   0x00000014   Code   RO         3454    i.IRQ053_Handler    hc32_ll_interrupts.o
    0x00002ce8   0x00002ce8   0x00000014   Code   RO         3455    i.IRQ054_Handler    hc32_ll_interrupts.o
    0x00002cfc   0x00002cfc   0x00000014   Code   RO         3456    i.IRQ055_Handler    hc32_ll_interrupts.o
    0x00002d10   0x00002d10   0x00000014   Code   RO         3457    i.IRQ056_Handler    hc32_ll_interrupts.o
    0x00002d24   0x00002d24   0x00000014   Code   RO         3458    i.IRQ057_Handler    hc32_ll_interrupts.o
    0x00002d38   0x00002d38   0x00000014   Code   RO         3459    i.IRQ058_Handler    hc32_ll_interrupts.o
    0x00002d4c   0x00002d4c   0x00000014   Code   RO         3460    i.IRQ059_Handler    hc32_ll_interrupts.o
    0x00002d60   0x00002d60   0x00000014   Code   RO         3461    i.IRQ060_Handler    hc32_ll_interrupts.o
    0x00002d74   0x00002d74   0x00000014   Code   RO         3462    i.IRQ061_Handler    hc32_ll_interrupts.o
    0x00002d88   0x00002d88   0x00000014   Code   RO         3463    i.IRQ062_Handler    hc32_ll_interrupts.o
    0x00002d9c   0x00002d9c   0x00000014   Code   RO         3464    i.IRQ063_Handler    hc32_ll_interrupts.o
    0x00002db0   0x00002db0   0x00000014   Code   RO         3465    i.IRQ064_Handler    hc32_ll_interrupts.o
    0x00002dc4   0x00002dc4   0x00000014   Code   RO         3466    i.IRQ065_Handler    hc32_ll_interrupts.o
    0x00002dd8   0x00002dd8   0x00000014   Code   RO         3467    i.IRQ066_Handler    hc32_ll_interrupts.o
    0x00002dec   0x00002dec   0x00000014   Code   RO         3468    i.IRQ067_Handler    hc32_ll_interrupts.o
    0x00002e00   0x00002e00   0x00000014   Code   RO         3469    i.IRQ068_Handler    hc32_ll_interrupts.o
    0x00002e14   0x00002e14   0x00000014   Code   RO         3470    i.IRQ069_Handler    hc32_ll_interrupts.o
    0x00002e28   0x00002e28   0x00000014   Code   RO         3471    i.IRQ070_Handler    hc32_ll_interrupts.o
    0x00002e3c   0x00002e3c   0x00000014   Code   RO         3472    i.IRQ071_Handler    hc32_ll_interrupts.o
    0x00002e50   0x00002e50   0x00000014   Code   RO         3473    i.IRQ072_Handler    hc32_ll_interrupts.o
    0x00002e64   0x00002e64   0x00000014   Code   RO         3474    i.IRQ073_Handler    hc32_ll_interrupts.o
    0x00002e78   0x00002e78   0x00000014   Code   RO         3475    i.IRQ074_Handler    hc32_ll_interrupts.o
    0x00002e8c   0x00002e8c   0x00000014   Code   RO         3476    i.IRQ075_Handler    hc32_ll_interrupts.o
    0x00002ea0   0x00002ea0   0x00000014   Code   RO         3477    i.IRQ076_Handler    hc32_ll_interrupts.o
    0x00002eb4   0x00002eb4   0x00000014   Code   RO         3478    i.IRQ077_Handler    hc32_ll_interrupts.o
    0x00002ec8   0x00002ec8   0x00000014   Code   RO         3479    i.IRQ078_Handler    hc32_ll_interrupts.o
    0x00002edc   0x00002edc   0x00000014   Code   RO         3480    i.IRQ079_Handler    hc32_ll_interrupts.o
    0x00002ef0   0x00002ef0   0x00000014   Code   RO         3481    i.IRQ080_Handler    hc32_ll_interrupts.o
    0x00002f04   0x00002f04   0x00000014   Code   RO         3482    i.IRQ081_Handler    hc32_ll_interrupts.o
    0x00002f18   0x00002f18   0x00000014   Code   RO         3483    i.IRQ082_Handler    hc32_ll_interrupts.o
    0x00002f2c   0x00002f2c   0x00000014   Code   RO         3484    i.IRQ083_Handler    hc32_ll_interrupts.o
    0x00002f40   0x00002f40   0x00000014   Code   RO         3485    i.IRQ084_Handler    hc32_ll_interrupts.o
    0x00002f54   0x00002f54   0x00000014   Code   RO         3486    i.IRQ085_Handler    hc32_ll_interrupts.o
    0x00002f68   0x00002f68   0x00000014   Code   RO         3487    i.IRQ086_Handler    hc32_ll_interrupts.o
    0x00002f7c   0x00002f7c   0x00000014   Code   RO         3488    i.IRQ087_Handler    hc32_ll_interrupts.o
    0x00002f90   0x00002f90   0x00000014   Code   RO         3489    i.IRQ088_Handler    hc32_ll_interrupts.o
    0x00002fa4   0x00002fa4   0x00000014   Code   RO         3490    i.IRQ089_Handler    hc32_ll_interrupts.o
    0x00002fb8   0x00002fb8   0x00000014   Code   RO         3491    i.IRQ090_Handler    hc32_ll_interrupts.o
    0x00002fcc   0x00002fcc   0x00000014   Code   RO         3492    i.IRQ091_Handler    hc32_ll_interrupts.o
    0x00002fe0   0x00002fe0   0x00000014   Code   RO         3493    i.IRQ092_Handler    hc32_ll_interrupts.o
    0x00002ff4   0x00002ff4   0x00000014   Code   RO         3494    i.IRQ093_Handler    hc32_ll_interrupts.o
    0x00003008   0x00003008   0x00000014   Code   RO         3495    i.IRQ094_Handler    hc32_ll_interrupts.o
    0x0000301c   0x0000301c   0x00000014   Code   RO         3496    i.IRQ095_Handler    hc32_ll_interrupts.o
    0x00003030   0x00003030   0x00000014   Code   RO         3497    i.IRQ096_Handler    hc32_ll_interrupts.o
    0x00003044   0x00003044   0x00000014   Code   RO         3498    i.IRQ097_Handler    hc32_ll_interrupts.o
    0x00003058   0x00003058   0x00000014   Code   RO         3499    i.IRQ098_Handler    hc32_ll_interrupts.o
    0x0000306c   0x0000306c   0x00000014   Code   RO         3500    i.IRQ099_Handler    hc32_ll_interrupts.o
    0x00003080   0x00003080   0x00000014   Code   RO         3501    i.IRQ100_Handler    hc32_ll_interrupts.o
    0x00003094   0x00003094   0x00000014   Code   RO         3502    i.IRQ101_Handler    hc32_ll_interrupts.o
    0x000030a8   0x000030a8   0x00000014   Code   RO         3503    i.IRQ102_Handler    hc32_ll_interrupts.o
    0x000030bc   0x000030bc   0x00000014   Code   RO         3504    i.IRQ103_Handler    hc32_ll_interrupts.o
    0x000030d0   0x000030d0   0x00000014   Code   RO         3505    i.IRQ104_Handler    hc32_ll_interrupts.o
    0x000030e4   0x000030e4   0x00000014   Code   RO         3506    i.IRQ105_Handler    hc32_ll_interrupts.o
    0x000030f8   0x000030f8   0x00000014   Code   RO         3507    i.IRQ106_Handler    hc32_ll_interrupts.o
    0x0000310c   0x0000310c   0x00000014   Code   RO         3508    i.IRQ107_Handler    hc32_ll_interrupts.o
    0x00003120   0x00003120   0x00000014   Code   RO         3509    i.IRQ108_Handler    hc32_ll_interrupts.o
    0x00003134   0x00003134   0x00000014   Code   RO         3510    i.IRQ109_Handler    hc32_ll_interrupts.o
    0x00003148   0x00003148   0x00000014   Code   RO         3511    i.IRQ110_Handler    hc32_ll_interrupts.o
    0x0000315c   0x0000315c   0x00000014   Code   RO         3512    i.IRQ111_Handler    hc32_ll_interrupts.o
    0x00003170   0x00003170   0x00000014   Code   RO         3513    i.IRQ112_Handler    hc32_ll_interrupts.o
    0x00003184   0x00003184   0x00000014   Code   RO         3514    i.IRQ113_Handler    hc32_ll_interrupts.o
    0x00003198   0x00003198   0x00000014   Code   RO         3515    i.IRQ114_Handler    hc32_ll_interrupts.o
    0x000031ac   0x000031ac   0x00000014   Code   RO         3516    i.IRQ115_Handler    hc32_ll_interrupts.o
    0x000031c0   0x000031c0   0x00000014   Code   RO         3517    i.IRQ116_Handler    hc32_ll_interrupts.o
    0x000031d4   0x000031d4   0x00000014   Code   RO         3518    i.IRQ117_Handler    hc32_ll_interrupts.o
    0x000031e8   0x000031e8   0x00000014   Code   RO         3519    i.IRQ118_Handler    hc32_ll_interrupts.o
    0x000031fc   0x000031fc   0x00000014   Code   RO         3520    i.IRQ119_Handler    hc32_ll_interrupts.o
    0x00003210   0x00003210   0x00000014   Code   RO         3521    i.IRQ120_Handler    hc32_ll_interrupts.o
    0x00003224   0x00003224   0x00000014   Code   RO         3522    i.IRQ121_Handler    hc32_ll_interrupts.o
    0x00003238   0x00003238   0x00000014   Code   RO         3523    i.IRQ122_Handler    hc32_ll_interrupts.o
    0x0000324c   0x0000324c   0x00000014   Code   RO         3524    i.IRQ123_Handler    hc32_ll_interrupts.o
    0x00003260   0x00003260   0x00000014   Code   RO         3525    i.IRQ124_Handler    hc32_ll_interrupts.o
    0x00003274   0x00003274   0x00000014   Code   RO         3526    i.IRQ125_Handler    hc32_ll_interrupts.o
    0x00003288   0x00003288   0x00000014   Code   RO         3527    i.IRQ126_Handler    hc32_ll_interrupts.o
    0x0000329c   0x0000329c   0x00000014   Code   RO         3528    i.IRQ127_Handler    hc32_ll_interrupts.o
    0x000032b0   0x000032b0   0x00000154   Code   RO         2050    i.IRQ128_Handler    hc32f460_ll_interrupts_share.o
    0x00003404   0x00003404   0x00000498   Code   RO         2051    i.IRQ129_Handler    hc32f460_ll_interrupts_share.o
    0x0000389c   0x0000389c   0x000000e8   Code   RO         2052    i.IRQ130_Handler    hc32f460_ll_interrupts_share.o
    0x00003984   0x00003984   0x000002c8   Code   RO         2053    i.IRQ131_Handler    hc32f460_ll_interrupts_share.o
    0x00003c4c   0x00003c4c   0x00000180   Code   RO         2054    i.IRQ132_Handler    hc32f460_ll_interrupts_share.o
    0x00003dcc   0x00003dcc   0x00000344   Code   RO         2055    i.IRQ136_Handler    hc32f460_ll_interrupts_share.o
    0x00004110   0x00004110   0x00000288   Code   RO         2056    i.IRQ137_Handler    hc32f460_ll_interrupts_share.o
    0x00004398   0x00004398   0x00000230   Code   RO         2057    i.IRQ138_Handler    hc32f460_ll_interrupts_share.o
    0x000045c8   0x000045c8   0x00000124   Code   RO         2058    i.IRQ139_Handler    hc32f460_ll_interrupts_share.o
    0x000046ec   0x000046ec   0x00000214   Code   RO         2059    i.IRQ140_Handler    hc32f460_ll_interrupts_share.o
    0x00004900   0x00004900   0x00000268   Code   RO         2060    i.IRQ141_Handler    hc32f460_ll_interrupts_share.o
    0x00004b68   0x00004b68   0x0000010c   Code   RO         2061    i.IRQ142_Handler    hc32f460_ll_interrupts_share.o
    0x00004c74   0x00004c74   0x0000010c   Code   RO         2062    i.IRQ143_Handler    hc32f460_ll_interrupts_share.o
    0x00004d80   0x00004d80   0x0000003a   Code   RO         4657    i.LCD_Address_Set   lcd_init.o
    0x00004dba   0x00004dba   0x0000001c   Code   RO         4530    i.LCD_DrawPoint     lcd.o
    0x00004dd6   0x00004dd6   0x00000002   PAD
    0x00004dd8   0x00004dd8   0x000000a8   Code   RO         4532    i.LCD_Fill          lcd.o
    0x00004e80   0x00004e80   0x00000072   Code   RO         4659    i.LCD_GPIO_Init     lcd_init.o
    0x00004ef2   0x00004ef2   0x000001b6   Code   RO         4660    i.LCD_Init          lcd_init.o
    0x000050a8   0x000050a8   0x00000164   Code   RO           89    i.LCD_SPI_Config    main.o
    0x0000520c   0x0000520c   0x00000158   Code   RO         4533    i.LCD_ShowChar      lcd.o
    0x00005364   0x00005364   0x00000042   Code   RO         4542    i.LCD_ShowString    lcd.o
    0x000053a6   0x000053a6   0x0000002e   Code   RO         4661    i.LCD_WR_DATA       lcd_init.o
    0x000053d4   0x000053d4   0x00000024   Code   RO         4662    i.LCD_WR_DATA8      lcd_init.o
    0x000053f8   0x000053f8   0x00000024   Code   RO         4663    i.LCD_WR_REG        lcd_init.o
    0x0000541c   0x0000541c   0x00000014   Code   RO         4664    i.LCD_Writ_Bus      lcd_init.o
    0x00005430   0x00005430   0x00000090   Code   RO          213    i.LL_PERIPH_WE      hc32_ll.o
    0x000054c0   0x000054c0   0x00000088   Code   RO          214    i.LL_PERIPH_WP      hc32_ll.o
    0x00005548   0x00005548   0x00000080   Code   RO         1059    i.PWC_HighSpeedToHighPerformance  hc32_ll_pwc.o
    0x000055c8   0x000055c8   0x00000002   Code   RO         2063    i.PWC_LVD1_IrqHandler  hc32f460_ll_interrupts_share.o
    0x000055ca   0x000055ca   0x00000002   Code   RO         2064    i.PWC_LVD2_IrqHandler  hc32f460_ll_interrupts_share.o
    0x000055cc   0x000055cc   0x0000001c   Code   RO          215    i.PWC_REG_Lock      hc32_ll.o
    0x000055e8   0x000055e8   0x00000018   Code   RO          216    i.PWC_REG_Unlock    hc32_ll.o
    0x00005600   0x00005600   0x00000002   Code   RO         2065    i.PWC_WakeupTimer_IrqHandler  hc32f460_ll_interrupts_share.o
    0x00005602   0x00005602   0x00000002   Code   RO         2066    i.QSPI_Error_IrqHandler  hc32f460_ll_interrupts_share.o
    0x00005604   0x00005604   0x00000002   Code   RO         2067    i.SDIOC1_IrqHandler  hc32f460_ll_interrupts_share.o
    0x00005606   0x00005606   0x00000002   Code   RO         2068    i.SDIOC2_IrqHandler  hc32f460_ll_interrupts_share.o
    0x00005608   0x00005608   0x00000002   Code   RO         2069    i.SPI1_Error_IrqHandler  hc32f460_ll_interrupts_share.o
    0x0000560a   0x0000560a   0x00000002   Code   RO         2070    i.SPI1_Idle_IrqHandler  hc32f460_ll_interrupts_share.o
    0x0000560c   0x0000560c   0x00000002   Code   RO         2071    i.SPI1_RxFull_IrqHandler  hc32f460_ll_interrupts_share.o
    0x0000560e   0x0000560e   0x00000002   Code   RO         2072    i.SPI1_TxEmpty_IrqHandler  hc32f460_ll_interrupts_share.o
    0x00005610   0x00005610   0x00000002   Code   RO         2073    i.SPI2_Error_IrqHandler  hc32f460_ll_interrupts_share.o
    0x00005612   0x00005612   0x00000002   Code   RO         2074    i.SPI2_Idle_IrqHandler  hc32f460_ll_interrupts_share.o
    0x00005614   0x00005614   0x00000002   Code   RO         2075    i.SPI2_RxFull_IrqHandler  hc32f460_ll_interrupts_share.o
    0x00005616   0x00005616   0x00000002   Code   RO         2076    i.SPI2_TxEmpty_IrqHandler  hc32f460_ll_interrupts_share.o
    0x00005618   0x00005618   0x00000002   Code   RO         2077    i.SPI3_Error_IrqHandler  hc32f460_ll_interrupts_share.o
    0x0000561a   0x0000561a   0x00000002   Code   RO         2078    i.SPI3_Idle_IrqHandler  hc32f460_ll_interrupts_share.o
    0x0000561c   0x0000561c   0x00000002   Code   RO         2079    i.SPI3_RxFull_IrqHandler  hc32f460_ll_interrupts_share.o
    0x0000561e   0x0000561e   0x00000002   Code   RO         2080    i.SPI3_TxEmpty_IrqHandler  hc32f460_ll_interrupts_share.o
    0x00005620   0x00005620   0x00000002   Code   RO         2081    i.SPI4_Error_IrqHandler  hc32f460_ll_interrupts_share.o
    0x00005622   0x00005622   0x00000002   Code   RO         2082    i.SPI4_Idle_IrqHandler  hc32f460_ll_interrupts_share.o
    0x00005624   0x00005624   0x00000002   Code   RO         2083    i.SPI4_RxFull_IrqHandler  hc32f460_ll_interrupts_share.o
    0x00005626   0x00005626   0x00000002   Code   RO         2084    i.SPI4_TxEmpty_IrqHandler  hc32f460_ll_interrupts_share.o
    0x00005628   0x00005628   0x000000c0   Code   RO         1412    i.SPI_Cmd           hc32_ll_spi.o
    0x000056e8   0x000056e8   0x00000014   Code   RO         1414    i.SPI_DelayStructInit  hc32_ll_spi.o
    0x000056fc   0x000056fc   0x000000b8   Code   RO         1416    i.SPI_GetStatus     hc32_ll_spi.o
    0x000057b4   0x000057b4   0x000002cc   Code   RO         1417    i.SPI_Init          hc32_ll_spi.o
    0x00005a80   0x00005a80   0x0000002e   Code   RO         1428    i.SPI_StructInit    hc32_ll_spi.o
    0x00005aae   0x00005aae   0x00000046   Code   RO         1429    i.SPI_Trans         hc32_ll_spi.o
    0x00005af4   0x00005af4   0x000000f8   Code   RO         1431    i.SPI_Tx            hc32_ll_spi.o
    0x00005bec   0x00005bec   0x000001d4   Code   RO         1432    i.SPI_TxRx          hc32_ll_spi.o
    0x00005dc0   0x00005dc0   0x0000001e   Code   RO         1433    i.SPI_WaitStatus    hc32_ll_spi.o
    0x00005dde   0x00005dde   0x00000002   PAD
    0x00005de0   0x00005de0   0x0000007c   Code   RO         1434    i.SPI_WriteData     hc32_ll_spi.o
    0x00005e5c   0x00005e5c   0x000000f4   Code   RO         1000    i.SRAM_SetWaitCycle  hc32_ll_sram.o
    0x00005f50   0x00005f50   0x00000002   Code   RO         2085    i.SWDT_IrqHandler   hc32f460_ll_interrupts_share.o
    0x00005f52   0x00005f52   0x00000002   PAD
    0x00005f54   0x00005f54   0x00000338   Code   RO          544    i.SetSysClockDiv    hc32_ll_clk.o
    0x0000628c   0x0000628c   0x00000110   Code   RO          545    i.SetSysClockSrc    hc32_ll_clk.o
    0x0000639c   0x0000639c   0x000000d0   Code   RO           13    i.SystemCoreClockUpdate  system_hc32f460.o
    0x0000646c   0x0000646c   0x00000014   Code   RO           14    i.SystemInit        system_hc32f460.o
    0x00006480   0x00006480   0x00000002   Code   RO         2086    i.TMR0_1_CmpA_IrqHandler  hc32f460_ll_interrupts_share.o
    0x00006482   0x00006482   0x00000002   Code   RO         2087    i.TMR0_1_CmpB_IrqHandler  hc32f460_ll_interrupts_share.o
    0x00006484   0x00006484   0x00000002   Code   RO         2088    i.TMR0_2_CmpA_IrqHandler  hc32f460_ll_interrupts_share.o
    0x00006486   0x00006486   0x00000002   Code   RO         2089    i.TMR0_2_CmpB_IrqHandler  hc32f460_ll_interrupts_share.o
    0x00006488   0x00006488   0x00000002   Code   RO         2090    i.TMR4_1_GCmpUH_IrqHandler  hc32f460_ll_interrupts_share.o
    0x0000648a   0x0000648a   0x00000002   Code   RO         2091    i.TMR4_1_GCmpUL_IrqHandler  hc32f460_ll_interrupts_share.o
    0x0000648c   0x0000648c   0x00000002   Code   RO         2092    i.TMR4_1_GCmpVH_IrqHandler  hc32f460_ll_interrupts_share.o
    0x0000648e   0x0000648e   0x00000002   Code   RO         2093    i.TMR4_1_GCmpVL_IrqHandler  hc32f460_ll_interrupts_share.o
    0x00006490   0x00006490   0x00000002   Code   RO         2094    i.TMR4_1_GCmpWH_IrqHandler  hc32f460_ll_interrupts_share.o
    0x00006492   0x00006492   0x00000002   Code   RO         2095    i.TMR4_1_GCmpWL_IrqHandler  hc32f460_ll_interrupts_share.o
    0x00006494   0x00006494   0x00000002   Code   RO         2096    i.TMR4_1_GOvf_IrqHandler  hc32f460_ll_interrupts_share.o
    0x00006496   0x00006496   0x00000002   Code   RO         2097    i.TMR4_1_GUdf_IrqHandler  hc32f460_ll_interrupts_share.o
    0x00006498   0x00006498   0x00000002   Code   RO         2098    i.TMR4_1_ReloadU_IrqHandler  hc32f460_ll_interrupts_share.o
    0x0000649a   0x0000649a   0x00000002   Code   RO         2099    i.TMR4_1_ReloadV_IrqHandler  hc32f460_ll_interrupts_share.o
    0x0000649c   0x0000649c   0x00000002   Code   RO         2100    i.TMR4_1_ReloadW_IrqHandler  hc32f460_ll_interrupts_share.o
    0x0000649e   0x0000649e   0x00000002   Code   RO         2101    i.TMR4_2_GCmpUH_IrqHandler  hc32f460_ll_interrupts_share.o
    0x000064a0   0x000064a0   0x00000002   Code   RO         2102    i.TMR4_2_GCmpUL_IrqHandler  hc32f460_ll_interrupts_share.o
    0x000064a2   0x000064a2   0x00000002   Code   RO         2103    i.TMR4_2_GCmpVH_IrqHandler  hc32f460_ll_interrupts_share.o
    0x000064a4   0x000064a4   0x00000002   Code   RO         2104    i.TMR4_2_GCmpVL_IrqHandler  hc32f460_ll_interrupts_share.o
    0x000064a6   0x000064a6   0x00000002   Code   RO         2105    i.TMR4_2_GCmpWH_IrqHandler  hc32f460_ll_interrupts_share.o
    0x000064a8   0x000064a8   0x00000002   Code   RO         2106    i.TMR4_2_GCmpWL_IrqHandler  hc32f460_ll_interrupts_share.o
    0x000064aa   0x000064aa   0x00000002   Code   RO         2107    i.TMR4_2_GOvf_IrqHandler  hc32f460_ll_interrupts_share.o
    0x000064ac   0x000064ac   0x00000002   Code   RO         2108    i.TMR4_2_GUdf_IrqHandler  hc32f460_ll_interrupts_share.o
    0x000064ae   0x000064ae   0x00000002   Code   RO         2109    i.TMR4_2_ReloadU_IrqHandler  hc32f460_ll_interrupts_share.o
    0x000064b0   0x000064b0   0x00000002   Code   RO         2110    i.TMR4_2_ReloadV_IrqHandler  hc32f460_ll_interrupts_share.o
    0x000064b2   0x000064b2   0x00000002   Code   RO         2111    i.TMR4_2_ReloadW_IrqHandler  hc32f460_ll_interrupts_share.o
    0x000064b4   0x000064b4   0x00000002   Code   RO         2112    i.TMR4_3_GCmpUH_IrqHandler  hc32f460_ll_interrupts_share.o
    0x000064b6   0x000064b6   0x00000002   Code   RO         2113    i.TMR4_3_GCmpUL_IrqHandler  hc32f460_ll_interrupts_share.o
    0x000064b8   0x000064b8   0x00000002   Code   RO         2114    i.TMR4_3_GCmpVH_IrqHandler  hc32f460_ll_interrupts_share.o
    0x000064ba   0x000064ba   0x00000002   Code   RO         2115    i.TMR4_3_GCmpVL_IrqHandler  hc32f460_ll_interrupts_share.o
    0x000064bc   0x000064bc   0x00000002   Code   RO         2116    i.TMR4_3_GCmpWH_IrqHandler  hc32f460_ll_interrupts_share.o
    0x000064be   0x000064be   0x00000002   Code   RO         2117    i.TMR4_3_GCmpWL_IrqHandler  hc32f460_ll_interrupts_share.o
    0x000064c0   0x000064c0   0x00000002   Code   RO         2118    i.TMR4_3_GOvf_IrqHandler  hc32f460_ll_interrupts_share.o
    0x000064c2   0x000064c2   0x00000002   Code   RO         2119    i.TMR4_3_GUdf_IrqHandler  hc32f460_ll_interrupts_share.o
    0x000064c4   0x000064c4   0x00000002   Code   RO         2120    i.TMR4_3_ReloadU_IrqHandler  hc32f460_ll_interrupts_share.o
    0x000064c6   0x000064c6   0x00000002   Code   RO         2121    i.TMR4_3_ReloadV_IrqHandler  hc32f460_ll_interrupts_share.o
    0x000064c8   0x000064c8   0x00000002   Code   RO         2122    i.TMR4_3_ReloadW_IrqHandler  hc32f460_ll_interrupts_share.o
    0x000064ca   0x000064ca   0x00000002   Code   RO         2123    i.TMR6_1_GCmpA_IrqHandler  hc32f460_ll_interrupts_share.o
    0x000064cc   0x000064cc   0x00000002   Code   RO         2124    i.TMR6_1_GCmpB_IrqHandler  hc32f460_ll_interrupts_share.o
    0x000064ce   0x000064ce   0x00000002   Code   RO         2125    i.TMR6_1_GCmpC_IrqHandler  hc32f460_ll_interrupts_share.o
    0x000064d0   0x000064d0   0x00000002   Code   RO         2126    i.TMR6_1_GCmpD_IrqHandler  hc32f460_ll_interrupts_share.o
    0x000064d2   0x000064d2   0x00000002   Code   RO         2127    i.TMR6_1_GCmpE_IrqHandler  hc32f460_ll_interrupts_share.o
    0x000064d4   0x000064d4   0x00000002   Code   RO         2128    i.TMR6_1_GCmpF_IrqHandler  hc32f460_ll_interrupts_share.o
    0x000064d6   0x000064d6   0x00000002   Code   RO         2129    i.TMR6_1_GDte_IrqHandler  hc32f460_ll_interrupts_share.o
    0x000064d8   0x000064d8   0x00000002   Code   RO         2130    i.TMR6_1_GOvf_IrqHandler  hc32f460_ll_interrupts_share.o
    0x000064da   0x000064da   0x00000002   Code   RO         2131    i.TMR6_1_GUdf_IrqHandler  hc32f460_ll_interrupts_share.o
    0x000064dc   0x000064dc   0x00000002   Code   RO         2132    i.TMR6_1_SCmpA_IrqHandler  hc32f460_ll_interrupts_share.o
    0x000064de   0x000064de   0x00000002   Code   RO         2133    i.TMR6_1_SCmpB_IrqHandler  hc32f460_ll_interrupts_share.o
    0x000064e0   0x000064e0   0x00000002   Code   RO         2134    i.TMR6_2_GCmpA_IrqHandler  hc32f460_ll_interrupts_share.o
    0x000064e2   0x000064e2   0x00000002   Code   RO         2135    i.TMR6_2_GCmpB_IrqHandler  hc32f460_ll_interrupts_share.o
    0x000064e4   0x000064e4   0x00000002   Code   RO         2136    i.TMR6_2_GCmpC_IrqHandler  hc32f460_ll_interrupts_share.o
    0x000064e6   0x000064e6   0x00000002   Code   RO         2137    i.TMR6_2_GCmpD_IrqHandler  hc32f460_ll_interrupts_share.o
    0x000064e8   0x000064e8   0x00000002   Code   RO         2138    i.TMR6_2_GCmpE_IrqHandler  hc32f460_ll_interrupts_share.o
    0x000064ea   0x000064ea   0x00000002   Code   RO         2139    i.TMR6_2_GCmpF_IrqHandler  hc32f460_ll_interrupts_share.o
    0x000064ec   0x000064ec   0x00000002   Code   RO         2140    i.TMR6_2_GDte_IrqHandler  hc32f460_ll_interrupts_share.o
    0x000064ee   0x000064ee   0x00000002   Code   RO         2141    i.TMR6_2_GOvf_IrqHandler  hc32f460_ll_interrupts_share.o
    0x000064f0   0x000064f0   0x00000002   Code   RO         2142    i.TMR6_2_GUdf_IrqHandler  hc32f460_ll_interrupts_share.o
    0x000064f2   0x000064f2   0x00000002   Code   RO         2143    i.TMR6_2_SCmpA_IrqHandler  hc32f460_ll_interrupts_share.o
    0x000064f4   0x000064f4   0x00000002   Code   RO         2144    i.TMR6_2_SCmpB_IrqHandler  hc32f460_ll_interrupts_share.o
    0x000064f6   0x000064f6   0x00000002   Code   RO         2145    i.TMR6_3_GCmpA_IrqHandler  hc32f460_ll_interrupts_share.o
    0x000064f8   0x000064f8   0x00000002   Code   RO         2146    i.TMR6_3_GCmpB_IrqHandler  hc32f460_ll_interrupts_share.o
    0x000064fa   0x000064fa   0x00000002   Code   RO         2147    i.TMR6_3_GCmpC_IrqHandler  hc32f460_ll_interrupts_share.o
    0x000064fc   0x000064fc   0x00000002   Code   RO         2148    i.TMR6_3_GCmpD_IrqHandler  hc32f460_ll_interrupts_share.o
    0x000064fe   0x000064fe   0x00000002   Code   RO         2149    i.TMR6_3_GCmpE_IrqHandler  hc32f460_ll_interrupts_share.o
    0x00006500   0x00006500   0x00000002   Code   RO         2150    i.TMR6_3_GCmpF_IrqHandler  hc32f460_ll_interrupts_share.o
    0x00006502   0x00006502   0x00000002   Code   RO         2151    i.TMR6_3_GDte_IrqHandler  hc32f460_ll_interrupts_share.o
    0x00006504   0x00006504   0x00000002   Code   RO         2152    i.TMR6_3_GOvf_IrqHandler  hc32f460_ll_interrupts_share.o
    0x00006506   0x00006506   0x00000002   Code   RO         2153    i.TMR6_3_GUdf_IrqHandler  hc32f460_ll_interrupts_share.o
    0x00006508   0x00006508   0x00000002   Code   RO         2154    i.TMR6_3_SCmpA_IrqHandler  hc32f460_ll_interrupts_share.o
    0x0000650a   0x0000650a   0x00000002   Code   RO         2155    i.TMR6_3_SCmpB_IrqHandler  hc32f460_ll_interrupts_share.o
    0x0000650c   0x0000650c   0x00000002   Code   RO         2156    i.TMRA_1_Cmp_IrqHandler  hc32f460_ll_interrupts_share.o
    0x0000650e   0x0000650e   0x00000002   Code   RO         2157    i.TMRA_1_Ovf_IrqHandler  hc32f460_ll_interrupts_share.o
    0x00006510   0x00006510   0x00000002   Code   RO         2158    i.TMRA_1_Udf_IrqHandler  hc32f460_ll_interrupts_share.o
    0x00006512   0x00006512   0x00000002   Code   RO         2159    i.TMRA_2_Cmp_IrqHandler  hc32f460_ll_interrupts_share.o
    0x00006514   0x00006514   0x00000002   Code   RO         2160    i.TMRA_2_Ovf_IrqHandler  hc32f460_ll_interrupts_share.o
    0x00006516   0x00006516   0x00000002   Code   RO         2161    i.TMRA_2_Udf_IrqHandler  hc32f460_ll_interrupts_share.o
    0x00006518   0x00006518   0x00000002   Code   RO         2162    i.TMRA_3_Cmp_IrqHandler  hc32f460_ll_interrupts_share.o
    0x0000651a   0x0000651a   0x00000002   Code   RO         2163    i.TMRA_3_Ovf_IrqHandler  hc32f460_ll_interrupts_share.o
    0x0000651c   0x0000651c   0x00000002   Code   RO         2164    i.TMRA_3_Udf_IrqHandler  hc32f460_ll_interrupts_share.o
    0x0000651e   0x0000651e   0x00000002   Code   RO         2165    i.TMRA_4_Cmp_IrqHandler  hc32f460_ll_interrupts_share.o
    0x00006520   0x00006520   0x00000002   Code   RO         2166    i.TMRA_4_Ovf_IrqHandler  hc32f460_ll_interrupts_share.o
    0x00006522   0x00006522   0x00000002   Code   RO         2167    i.TMRA_4_Udf_IrqHandler  hc32f460_ll_interrupts_share.o
    0x00006524   0x00006524   0x00000002   Code   RO         2168    i.TMRA_5_Cmp_IrqHandler  hc32f460_ll_interrupts_share.o
    0x00006526   0x00006526   0x00000002   Code   RO         2169    i.TMRA_5_Ovf_IrqHandler  hc32f460_ll_interrupts_share.o
    0x00006528   0x00006528   0x00000002   Code   RO         2170    i.TMRA_5_Udf_IrqHandler  hc32f460_ll_interrupts_share.o
    0x0000652a   0x0000652a   0x00000002   Code   RO         2171    i.TMRA_6_Cmp_IrqHandler  hc32f460_ll_interrupts_share.o
    0x0000652c   0x0000652c   0x00000002   Code   RO         2172    i.TMRA_6_Ovf_IrqHandler  hc32f460_ll_interrupts_share.o
    0x0000652e   0x0000652e   0x00000002   Code   RO         2173    i.TMRA_6_Udf_IrqHandler  hc32f460_ll_interrupts_share.o
    0x00006530   0x00006530   0x00000002   Code   RO         2174    i.USART1_RxError_IrqHandler  hc32f460_ll_interrupts_share.o
    0x00006532   0x00006532   0x00000002   Code   RO         2175    i.USART1_RxFull_IrqHandler  hc32f460_ll_interrupts_share.o
    0x00006534   0x00006534   0x00000002   Code   RO         2176    i.USART1_RxTO_IrqHandler  hc32f460_ll_interrupts_share.o
    0x00006536   0x00006536   0x00000002   Code   RO         2177    i.USART1_TxComplete_IrqHandler  hc32f460_ll_interrupts_share.o
    0x00006538   0x00006538   0x00000002   Code   RO         2178    i.USART1_TxEmpty_IrqHandler  hc32f460_ll_interrupts_share.o
    0x0000653a   0x0000653a   0x00000002   Code   RO         2179    i.USART2_RxError_IrqHandler  hc32f460_ll_interrupts_share.o
    0x0000653c   0x0000653c   0x00000002   Code   RO         2180    i.USART2_RxFull_IrqHandler  hc32f460_ll_interrupts_share.o
    0x0000653e   0x0000653e   0x00000002   Code   RO         2181    i.USART2_RxTO_IrqHandler  hc32f460_ll_interrupts_share.o
    0x00006540   0x00006540   0x00000002   Code   RO         2182    i.USART2_TxComplete_IrqHandler  hc32f460_ll_interrupts_share.o
    0x00006542   0x00006542   0x00000002   Code   RO         2183    i.USART2_TxEmpty_IrqHandler  hc32f460_ll_interrupts_share.o
    0x00006544   0x00006544   0x00000002   Code   RO         2184    i.USART3_RxError_IrqHandler  hc32f460_ll_interrupts_share.o
    0x00006546   0x00006546   0x00000002   Code   RO         2185    i.USART3_RxFull_IrqHandler  hc32f460_ll_interrupts_share.o
    0x00006548   0x00006548   0x00000002   Code   RO         2186    i.USART3_RxTO_IrqHandler  hc32f460_ll_interrupts_share.o
    0x0000654a   0x0000654a   0x00000002   Code   RO         2187    i.USART3_TxComplete_IrqHandler  hc32f460_ll_interrupts_share.o
    0x0000654c   0x0000654c   0x00000002   Code   RO         2188    i.USART3_TxEmpty_IrqHandler  hc32f460_ll_interrupts_share.o
    0x0000654e   0x0000654e   0x00000002   Code   RO         2189    i.USART4_RxError_IrqHandler  hc32f460_ll_interrupts_share.o
    0x00006550   0x00006550   0x00000002   Code   RO         2190    i.USART4_RxFull_IrqHandler  hc32f460_ll_interrupts_share.o
    0x00006552   0x00006552   0x00000002   Code   RO         2191    i.USART4_RxTO_IrqHandler  hc32f460_ll_interrupts_share.o
    0x00006554   0x00006554   0x00000002   Code   RO         2192    i.USART4_TxComplete_IrqHandler  hc32f460_ll_interrupts_share.o
    0x00006556   0x00006556   0x00000002   Code   RO         2193    i.USART4_TxEmpty_IrqHandler  hc32f460_ll_interrupts_share.o
    0x00006558   0x00006558   0x00000002   Code   RO         2194    i.USBFS_Global_IrqHandler  hc32f460_ll_interrupts_share.o
    0x0000655a   0x0000655a   0x00000002   Code   RO         2195    i.WDT_IrqHandler    hc32f460_ll_interrupts_share.o
    0x0000655c   0x0000655c   0x00000028   Code   RO         4986    i.__0sprintf$8      mc_w.l(printf8.o)
    0x00006584   0x00006584   0x0000000e   Code   RO         5100    i.__scatterload_copy  mc_w.l(handlers.o)
    0x00006592   0x00006592   0x00000002   Code   RO         5101    i.__scatterload_null  mc_w.l(handlers.o)
    0x00006594   0x00006594   0x0000000e   Code   RO         5102    i.__scatterload_zeroinit  mc_w.l(handlers.o)
    0x000065a2   0x000065a2   0x00000002   PAD
    0x000065a4   0x000065a4   0x00000410   Code   RO         4991    i._printf_core      mc_w.l(printf8.o)
    0x000069b4   0x000069b4   0x00000024   Code   RO         4992    i._printf_post_padding  mc_w.l(printf8.o)
    0x000069d8   0x000069d8   0x0000002e   Code   RO         4993    i._printf_pre_padding  mc_w.l(printf8.o)
    0x00006a06   0x00006a06   0x0000000a   Code   RO         4995    i._sputc            mc_w.l(printf8.o)
    0x00006a10   0x00006a10   0x000001b8   Code   RO           90    i.main              main.o
    0x00006bc8   0x00006bc8   0x0000391c   Data   RO         4544    .constdata          lcd.o
    0x0000a4e4   0x0000a4e4   0x00000071   Data   RO         3535    .conststring        hc32_ll_interrupts.o
    0x0000a555   0x0000a555   0x00000003   PAD
    0x0000a558   0x0000a558   0x0000006a   Data   RO         4314    .conststring        hc32_ll_i2c.o
    0x0000a5c2   0x0000a5c2   0x00000002   PAD
    0x0000a5c4   0x0000a5c4   0x00000020   Data   RO         5098    Region$$Table       anon$$obj.o


    Execution Region RW_IRAM1 (Exec base: 0x1fff8000, Load base: 0x0000a5e4, Size: 0x00000008, Max: 0x00000008, ABSOLUTE, UNINIT)

    Exec Addr    Load Addr    Size         Type   Attr      Idx    E Section Name        Object

    0x1fff8000        -       0x00000008   Zero   RW           15    .bss.noinit         system_hc32f460.o


    Execution Region RW_IRAM2 (Exec base: 0x1fff8008, Load base: 0x0000a5e4, Size: 0x00002208, Max: 0x0002eff8, ABSOLUTE)

    Exec Addr    Load Addr    Size         Type   Attr      Idx    E Section Name        Object

    0x1fff8008   0x0000a5e4   0x00000002   Data   RW           91    .data               main.o
    0x1fff800a   0x0000a5e6   0x00000002   PAD
    0x1fff800c        -       0x00000200   Zero   RW         3534    .bss                hc32_ll_interrupts.o
    0x1fff820c   0x0000a5e6   0x00000004   PAD
    0x1fff8210        -       0x00002000   Zero   RW            1    STACK               startup_hc32f460.o


    Execution Region RW_IRAMB (Exec base: 0x200f0000, Load base: 0x0000a5e8, Size: 0x00000000, Max: 0x00001000, ABSOLUTE)

    **** No section assigned to this execution region ****


==============================================================================

Image component sizes


      Code (inc. data)   RO Data    RW Data    ZI Data      Debug   Object Name

       490         16          0          0          0       4093   da213.o
       332         64          0          0          0      20710   hc32_ll.o
       112         62          0          0          0        705   hc32_ll_aos.o
      2844        500          0          0          0      18166   hc32_ll_clk.o
       614        132          0          0          0       5763   hc32_ll_dma.o
       436        198          0          0          0       2046   hc32_ll_efm.o
       312        128          0          0          0       1454   hc32_ll_fcg.o
      1652        430          0          0          0       9626   hc32_ll_gpio.o
      2716        382        106          0          0      20368   hc32_ll_i2c.o
         0          0         32          0          0        818   hc32_ll_icg.o
      2740        588        113          0        512      92265   hc32_ll_interrupts.o
       128         60          0          0          0        641   hc32_ll_pwc.o
      2098        408          0          0          0      12920   hc32_ll_spi.o
       244         62          0          0          0        872   hc32_ll_sram.o
       132         22          0          0          0       2376   hc32_ll_utility.o
      7306        456          0          0          0     169185   hc32f460_ll_interrupts_share.o
       606         20      14620          0          0       5285   lcd.o
       748          4          0          0          0       4346   lcd_init.o
      1040        138          0          2          0      68664   main.o
       100         24        640          0       8192        872   startup_hc32f460.o
       228         46          0          0          8     268717   system_hc32f460.o

    ----------------------------------------------------------------------
     24896       3740      15548          4       8716     709892   Object Totals
         0          0         32          0          0          0   (incl. Generated)
        18          0          5          2          4          0   (incl. Padding)

    ----------------------------------------------------------------------

      Code (inc. data)   RO Data    RW Data    ZI Data      Debug   Library Member Name

         0          0          0          0          0          0   entry.o
         0          0          0          0          0          0   entry10a.o
         0          0          0          0          0          0   entry11a.o
         8          4          0          0          0          0   entry2.o
         4          0          0          0          0          0   entry5.o
         0          0          0          0          0          0   entry7b.o
         0          0          0          0          0          0   entry8b.o
         8          4          0          0          0          0   entry9a.o
        30          0          0          0          0          0   handlers.o
        36          8          0          0          0         68   init.o
         0          0          0          0          0          0   iusefp.o
        30          0          0          0          0         68   llshl.o
        32          0          0          0          0         68   llushr.o
      1172         50          0          0          0        420   printf8.o
        98          0          0          0          0         92   uldiv.o
        20          0          0          0          0         68   cfcmple.o
        20          0          0          0          0         68   cfrcmple.o
       176          0          0          0          0        140   fadd.o
       124          0          0          0          0         88   fdiv.o
       110          0          0          0          0        168   fepilogue.o
        40          0          0          0          0         68   ffixui.o
        10          0          0          0          0         68   ffltui.o
       100          0          0          0          0         76   fmul.o

    ----------------------------------------------------------------------
      2024         66          0          0          0       1460   Library Totals
         6          0          0          0          0          0   (incl. Padding)

    ----------------------------------------------------------------------

      Code (inc. data)   RO Data    RW Data    ZI Data      Debug   Library Name

      1418         66          0          0          0        716   mc_w.l
       600          0          0          0          0        744   mf_w.l

    ----------------------------------------------------------------------
      2024         66          0          0          0       1460   Library Totals

    ----------------------------------------------------------------------

==============================================================================


      Code (inc. data)   RO Data    RW Data    ZI Data      Debug   

     26920       3806      15548          4       8716     687168   Grand Totals
     26920       3806      15548          4       8716     687168   ELF Image Totals
     26920       3806      15548          4          0          0   ROM Totals

==============================================================================

    Total RO  Size (Code + RO Data)                42468 (  41.47kB)
    Total RW  Size (RW Data + ZI Data)              8720 (   8.52kB)
    Total ROM Size (Code + RO Data + RW Data)      42472 (  41.48kB)

==============================================================================

