<!doctype html public "-//w3c//dtd html 4.0 transitional//en">
<html><head>
<title>Static Call Graph - [.\output\debug\template.axf]</title></head>
<body><HR>
<H1>Static Call Graph for image .\output\debug\template.axf</H1><HR>
<BR><P>#&#060CALLGRAPH&#062# ARM Linker, 5060750: Last Updated: Wed Jan 14 21:22:37 2026
<BR><P>
<H3>Maximum Stack Usage =        292 bytes + Unknown(Cycles, Untraceable Function Pointers)</H3><H3>
Call chain for Maximum Stack Depth:</H3>
main &rArr; LCD_ShowString &rArr; LCD_ShowChar &rArr; LCD_DrawPoint &rArr; LCD_Address_Set &rArr; LCD_WR_DATA &rArr; LCD_Writ_Bus &rArr; SPI_Trans &rArr; SPI_TxRx &rArr; SPI_WaitStatus
<P>
<H3>
Mutually Recursive functions
</H3> <LI><a href="#[1]">NMI_Handler</a>&nbsp;&nbsp;&nbsp;&rArr;&nbsp;&nbsp;&nbsp;<a href="#[1]">NMI_Handler</a><BR>
 <LI><a href="#[2]">HardFault_Handler</a>&nbsp;&nbsp;&nbsp;&rArr;&nbsp;&nbsp;&nbsp;<a href="#[2]">HardFault_Handler</a><BR>
 <LI><a href="#[3]">MemManage_Handler</a>&nbsp;&nbsp;&nbsp;&rArr;&nbsp;&nbsp;&nbsp;<a href="#[3]">MemManage_Handler</a><BR>
 <LI><a href="#[4]">BusFault_Handler</a>&nbsp;&nbsp;&nbsp;&rArr;&nbsp;&nbsp;&nbsp;<a href="#[4]">BusFault_Handler</a><BR>
 <LI><a href="#[5]">UsageFault_Handler</a>&nbsp;&nbsp;&nbsp;&rArr;&nbsp;&nbsp;&nbsp;<a href="#[5]">UsageFault_Handler</a><BR>
 <LI><a href="#[6]">SVC_Handler</a>&nbsp;&nbsp;&nbsp;&rArr;&nbsp;&nbsp;&nbsp;<a href="#[6]">SVC_Handler</a><BR>
 <LI><a href="#[7]">DebugMon_Handler</a>&nbsp;&nbsp;&nbsp;&rArr;&nbsp;&nbsp;&nbsp;<a href="#[7]">DebugMon_Handler</a><BR>
 <LI><a href="#[8]">PendSV_Handler</a>&nbsp;&nbsp;&nbsp;&rArr;&nbsp;&nbsp;&nbsp;<a href="#[8]">PendSV_Handler</a><BR>
 <LI><a href="#[8f]">IRQ133_Handler</a>&nbsp;&nbsp;&nbsp;&rArr;&nbsp;&nbsp;&nbsp;<a href="#[8f]">IRQ133_Handler</a><BR>
</UL>
<P>
<H3>
Function Pointers
</H3><UL>
 <LI><a href="#[4]">BusFault_Handler</a> from startup_hc32f460.o(.text) referenced from startup_hc32f460.o(RESET)
 <LI><a href="#[9d]">DMA_TransCompleteCallback</a> from main.o(i.DMA_TransCompleteCallback) referenced from main.o(i.LCD_SPI_Config)
 <LI><a href="#[7]">DebugMon_Handler</a> from startup_hc32f460.o(.text) referenced from startup_hc32f460.o(RESET)
 <LI><a href="#[2]">HardFault_Handler</a> from startup_hc32f460.o(.text) referenced from startup_hc32f460.o(RESET)
 <LI><a href="#[a]">IRQ000_Handler</a> from hc32_ll_interrupts.o(i.IRQ000_Handler) referenced from startup_hc32f460.o(RESET)
 <LI><a href="#[b]">IRQ001_Handler</a> from hc32_ll_interrupts.o(i.IRQ001_Handler) referenced from startup_hc32f460.o(RESET)
 <LI><a href="#[c]">IRQ002_Handler</a> from hc32_ll_interrupts.o(i.IRQ002_Handler) referenced from startup_hc32f460.o(RESET)
 <LI><a href="#[d]">IRQ003_Handler</a> from hc32_ll_interrupts.o(i.IRQ003_Handler) referenced from startup_hc32f460.o(RESET)
 <LI><a href="#[e]">IRQ004_Handler</a> from hc32_ll_interrupts.o(i.IRQ004_Handler) referenced from startup_hc32f460.o(RESET)
 <LI><a href="#[f]">IRQ005_Handler</a> from hc32_ll_interrupts.o(i.IRQ005_Handler) referenced from startup_hc32f460.o(RESET)
 <LI><a href="#[10]">IRQ006_Handler</a> from hc32_ll_interrupts.o(i.IRQ006_Handler) referenced from startup_hc32f460.o(RESET)
 <LI><a href="#[11]">IRQ007_Handler</a> from hc32_ll_interrupts.o(i.IRQ007_Handler) referenced from startup_hc32f460.o(RESET)
 <LI><a href="#[12]">IRQ008_Handler</a> from hc32_ll_interrupts.o(i.IRQ008_Handler) referenced from startup_hc32f460.o(RESET)
 <LI><a href="#[13]">IRQ009_Handler</a> from hc32_ll_interrupts.o(i.IRQ009_Handler) referenced from startup_hc32f460.o(RESET)
 <LI><a href="#[14]">IRQ010_Handler</a> from hc32_ll_interrupts.o(i.IRQ010_Handler) referenced from startup_hc32f460.o(RESET)
 <LI><a href="#[15]">IRQ011_Handler</a> from hc32_ll_interrupts.o(i.IRQ011_Handler) referenced from startup_hc32f460.o(RESET)
 <LI><a href="#[16]">IRQ012_Handler</a> from hc32_ll_interrupts.o(i.IRQ012_Handler) referenced from startup_hc32f460.o(RESET)
 <LI><a href="#[17]">IRQ013_Handler</a> from hc32_ll_interrupts.o(i.IRQ013_Handler) referenced from startup_hc32f460.o(RESET)
 <LI><a href="#[18]">IRQ014_Handler</a> from hc32_ll_interrupts.o(i.IRQ014_Handler) referenced from startup_hc32f460.o(RESET)
 <LI><a href="#[19]">IRQ015_Handler</a> from hc32_ll_interrupts.o(i.IRQ015_Handler) referenced from startup_hc32f460.o(RESET)
 <LI><a href="#[1a]">IRQ016_Handler</a> from hc32_ll_interrupts.o(i.IRQ016_Handler) referenced from startup_hc32f460.o(RESET)
 <LI><a href="#[1b]">IRQ017_Handler</a> from hc32_ll_interrupts.o(i.IRQ017_Handler) referenced from startup_hc32f460.o(RESET)
 <LI><a href="#[1c]">IRQ018_Handler</a> from hc32_ll_interrupts.o(i.IRQ018_Handler) referenced from startup_hc32f460.o(RESET)
 <LI><a href="#[1d]">IRQ019_Handler</a> from hc32_ll_interrupts.o(i.IRQ019_Handler) referenced from startup_hc32f460.o(RESET)
 <LI><a href="#[1e]">IRQ020_Handler</a> from hc32_ll_interrupts.o(i.IRQ020_Handler) referenced from startup_hc32f460.o(RESET)
 <LI><a href="#[1f]">IRQ021_Handler</a> from hc32_ll_interrupts.o(i.IRQ021_Handler) referenced from startup_hc32f460.o(RESET)
 <LI><a href="#[20]">IRQ022_Handler</a> from hc32_ll_interrupts.o(i.IRQ022_Handler) referenced from startup_hc32f460.o(RESET)
 <LI><a href="#[21]">IRQ023_Handler</a> from hc32_ll_interrupts.o(i.IRQ023_Handler) referenced from startup_hc32f460.o(RESET)
 <LI><a href="#[22]">IRQ024_Handler</a> from hc32_ll_interrupts.o(i.IRQ024_Handler) referenced from startup_hc32f460.o(RESET)
 <LI><a href="#[23]">IRQ025_Handler</a> from hc32_ll_interrupts.o(i.IRQ025_Handler) referenced from startup_hc32f460.o(RESET)
 <LI><a href="#[24]">IRQ026_Handler</a> from hc32_ll_interrupts.o(i.IRQ026_Handler) referenced from startup_hc32f460.o(RESET)
 <LI><a href="#[25]">IRQ027_Handler</a> from hc32_ll_interrupts.o(i.IRQ027_Handler) referenced from startup_hc32f460.o(RESET)
 <LI><a href="#[26]">IRQ028_Handler</a> from hc32_ll_interrupts.o(i.IRQ028_Handler) referenced from startup_hc32f460.o(RESET)
 <LI><a href="#[27]">IRQ029_Handler</a> from hc32_ll_interrupts.o(i.IRQ029_Handler) referenced from startup_hc32f460.o(RESET)
 <LI><a href="#[28]">IRQ030_Handler</a> from hc32_ll_interrupts.o(i.IRQ030_Handler) referenced from startup_hc32f460.o(RESET)
 <LI><a href="#[29]">IRQ031_Handler</a> from hc32_ll_interrupts.o(i.IRQ031_Handler) referenced from startup_hc32f460.o(RESET)
 <LI><a href="#[2a]">IRQ032_Handler</a> from hc32_ll_interrupts.o(i.IRQ032_Handler) referenced from startup_hc32f460.o(RESET)
 <LI><a href="#[2b]">IRQ033_Handler</a> from hc32_ll_interrupts.o(i.IRQ033_Handler) referenced from startup_hc32f460.o(RESET)
 <LI><a href="#[2c]">IRQ034_Handler</a> from hc32_ll_interrupts.o(i.IRQ034_Handler) referenced from startup_hc32f460.o(RESET)
 <LI><a href="#[2d]">IRQ035_Handler</a> from hc32_ll_interrupts.o(i.IRQ035_Handler) referenced from startup_hc32f460.o(RESET)
 <LI><a href="#[2e]">IRQ036_Handler</a> from hc32_ll_interrupts.o(i.IRQ036_Handler) referenced from startup_hc32f460.o(RESET)
 <LI><a href="#[2f]">IRQ037_Handler</a> from hc32_ll_interrupts.o(i.IRQ037_Handler) referenced from startup_hc32f460.o(RESET)
 <LI><a href="#[30]">IRQ038_Handler</a> from hc32_ll_interrupts.o(i.IRQ038_Handler) referenced from startup_hc32f460.o(RESET)
 <LI><a href="#[31]">IRQ039_Handler</a> from hc32_ll_interrupts.o(i.IRQ039_Handler) referenced from startup_hc32f460.o(RESET)
 <LI><a href="#[32]">IRQ040_Handler</a> from hc32_ll_interrupts.o(i.IRQ040_Handler) referenced from startup_hc32f460.o(RESET)
 <LI><a href="#[33]">IRQ041_Handler</a> from hc32_ll_interrupts.o(i.IRQ041_Handler) referenced from startup_hc32f460.o(RESET)
 <LI><a href="#[34]">IRQ042_Handler</a> from hc32_ll_interrupts.o(i.IRQ042_Handler) referenced from startup_hc32f460.o(RESET)
 <LI><a href="#[35]">IRQ043_Handler</a> from hc32_ll_interrupts.o(i.IRQ043_Handler) referenced from startup_hc32f460.o(RESET)
 <LI><a href="#[36]">IRQ044_Handler</a> from hc32_ll_interrupts.o(i.IRQ044_Handler) referenced from startup_hc32f460.o(RESET)
 <LI><a href="#[37]">IRQ045_Handler</a> from hc32_ll_interrupts.o(i.IRQ045_Handler) referenced from startup_hc32f460.o(RESET)
 <LI><a href="#[38]">IRQ046_Handler</a> from hc32_ll_interrupts.o(i.IRQ046_Handler) referenced from startup_hc32f460.o(RESET)
 <LI><a href="#[39]">IRQ047_Handler</a> from hc32_ll_interrupts.o(i.IRQ047_Handler) referenced from startup_hc32f460.o(RESET)
 <LI><a href="#[3a]">IRQ048_Handler</a> from hc32_ll_interrupts.o(i.IRQ048_Handler) referenced from startup_hc32f460.o(RESET)
 <LI><a href="#[3b]">IRQ049_Handler</a> from hc32_ll_interrupts.o(i.IRQ049_Handler) referenced from startup_hc32f460.o(RESET)
 <LI><a href="#[3c]">IRQ050_Handler</a> from hc32_ll_interrupts.o(i.IRQ050_Handler) referenced from startup_hc32f460.o(RESET)
 <LI><a href="#[3d]">IRQ051_Handler</a> from hc32_ll_interrupts.o(i.IRQ051_Handler) referenced from startup_hc32f460.o(RESET)
 <LI><a href="#[3e]">IRQ052_Handler</a> from hc32_ll_interrupts.o(i.IRQ052_Handler) referenced from startup_hc32f460.o(RESET)
 <LI><a href="#[3f]">IRQ053_Handler</a> from hc32_ll_interrupts.o(i.IRQ053_Handler) referenced from startup_hc32f460.o(RESET)
 <LI><a href="#[40]">IRQ054_Handler</a> from hc32_ll_interrupts.o(i.IRQ054_Handler) referenced from startup_hc32f460.o(RESET)
 <LI><a href="#[41]">IRQ055_Handler</a> from hc32_ll_interrupts.o(i.IRQ055_Handler) referenced from startup_hc32f460.o(RESET)
 <LI><a href="#[42]">IRQ056_Handler</a> from hc32_ll_interrupts.o(i.IRQ056_Handler) referenced from startup_hc32f460.o(RESET)
 <LI><a href="#[43]">IRQ057_Handler</a> from hc32_ll_interrupts.o(i.IRQ057_Handler) referenced from startup_hc32f460.o(RESET)
 <LI><a href="#[44]">IRQ058_Handler</a> from hc32_ll_interrupts.o(i.IRQ058_Handler) referenced from startup_hc32f460.o(RESET)
 <LI><a href="#[45]">IRQ059_Handler</a> from hc32_ll_interrupts.o(i.IRQ059_Handler) referenced from startup_hc32f460.o(RESET)
 <LI><a href="#[46]">IRQ060_Handler</a> from hc32_ll_interrupts.o(i.IRQ060_Handler) referenced from startup_hc32f460.o(RESET)
 <LI><a href="#[47]">IRQ061_Handler</a> from hc32_ll_interrupts.o(i.IRQ061_Handler) referenced from startup_hc32f460.o(RESET)
 <LI><a href="#[48]">IRQ062_Handler</a> from hc32_ll_interrupts.o(i.IRQ062_Handler) referenced from startup_hc32f460.o(RESET)
 <LI><a href="#[49]">IRQ063_Handler</a> from hc32_ll_interrupts.o(i.IRQ063_Handler) referenced from startup_hc32f460.o(RESET)
 <LI><a href="#[4a]">IRQ064_Handler</a> from hc32_ll_interrupts.o(i.IRQ064_Handler) referenced from startup_hc32f460.o(RESET)
 <LI><a href="#[4b]">IRQ065_Handler</a> from hc32_ll_interrupts.o(i.IRQ065_Handler) referenced from startup_hc32f460.o(RESET)
 <LI><a href="#[4c]">IRQ066_Handler</a> from hc32_ll_interrupts.o(i.IRQ066_Handler) referenced from startup_hc32f460.o(RESET)
 <LI><a href="#[4d]">IRQ067_Handler</a> from hc32_ll_interrupts.o(i.IRQ067_Handler) referenced from startup_hc32f460.o(RESET)
 <LI><a href="#[4e]">IRQ068_Handler</a> from hc32_ll_interrupts.o(i.IRQ068_Handler) referenced from startup_hc32f460.o(RESET)
 <LI><a href="#[4f]">IRQ069_Handler</a> from hc32_ll_interrupts.o(i.IRQ069_Handler) referenced from startup_hc32f460.o(RESET)
 <LI><a href="#[50]">IRQ070_Handler</a> from hc32_ll_interrupts.o(i.IRQ070_Handler) referenced from startup_hc32f460.o(RESET)
 <LI><a href="#[51]">IRQ071_Handler</a> from hc32_ll_interrupts.o(i.IRQ071_Handler) referenced from startup_hc32f460.o(RESET)
 <LI><a href="#[52]">IRQ072_Handler</a> from hc32_ll_interrupts.o(i.IRQ072_Handler) referenced from startup_hc32f460.o(RESET)
 <LI><a href="#[53]">IRQ073_Handler</a> from hc32_ll_interrupts.o(i.IRQ073_Handler) referenced from startup_hc32f460.o(RESET)
 <LI><a href="#[54]">IRQ074_Handler</a> from hc32_ll_interrupts.o(i.IRQ074_Handler) referenced from startup_hc32f460.o(RESET)
 <LI><a href="#[55]">IRQ075_Handler</a> from hc32_ll_interrupts.o(i.IRQ075_Handler) referenced from startup_hc32f460.o(RESET)
 <LI><a href="#[56]">IRQ076_Handler</a> from hc32_ll_interrupts.o(i.IRQ076_Handler) referenced from startup_hc32f460.o(RESET)
 <LI><a href="#[57]">IRQ077_Handler</a> from hc32_ll_interrupts.o(i.IRQ077_Handler) referenced from startup_hc32f460.o(RESET)
 <LI><a href="#[58]">IRQ078_Handler</a> from hc32_ll_interrupts.o(i.IRQ078_Handler) referenced from startup_hc32f460.o(RESET)
 <LI><a href="#[59]">IRQ079_Handler</a> from hc32_ll_interrupts.o(i.IRQ079_Handler) referenced from startup_hc32f460.o(RESET)
 <LI><a href="#[5a]">IRQ080_Handler</a> from hc32_ll_interrupts.o(i.IRQ080_Handler) referenced from startup_hc32f460.o(RESET)
 <LI><a href="#[5b]">IRQ081_Handler</a> from hc32_ll_interrupts.o(i.IRQ081_Handler) referenced from startup_hc32f460.o(RESET)
 <LI><a href="#[5c]">IRQ082_Handler</a> from hc32_ll_interrupts.o(i.IRQ082_Handler) referenced from startup_hc32f460.o(RESET)
 <LI><a href="#[5d]">IRQ083_Handler</a> from hc32_ll_interrupts.o(i.IRQ083_Handler) referenced from startup_hc32f460.o(RESET)
 <LI><a href="#[5e]">IRQ084_Handler</a> from hc32_ll_interrupts.o(i.IRQ084_Handler) referenced from startup_hc32f460.o(RESET)
 <LI><a href="#[5f]">IRQ085_Handler</a> from hc32_ll_interrupts.o(i.IRQ085_Handler) referenced from startup_hc32f460.o(RESET)
 <LI><a href="#[60]">IRQ086_Handler</a> from hc32_ll_interrupts.o(i.IRQ086_Handler) referenced from startup_hc32f460.o(RESET)
 <LI><a href="#[61]">IRQ087_Handler</a> from hc32_ll_interrupts.o(i.IRQ087_Handler) referenced from startup_hc32f460.o(RESET)
 <LI><a href="#[62]">IRQ088_Handler</a> from hc32_ll_interrupts.o(i.IRQ088_Handler) referenced from startup_hc32f460.o(RESET)
 <LI><a href="#[63]">IRQ089_Handler</a> from hc32_ll_interrupts.o(i.IRQ089_Handler) referenced from startup_hc32f460.o(RESET)
 <LI><a href="#[64]">IRQ090_Handler</a> from hc32_ll_interrupts.o(i.IRQ090_Handler) referenced from startup_hc32f460.o(RESET)
 <LI><a href="#[65]">IRQ091_Handler</a> from hc32_ll_interrupts.o(i.IRQ091_Handler) referenced from startup_hc32f460.o(RESET)
 <LI><a href="#[66]">IRQ092_Handler</a> from hc32_ll_interrupts.o(i.IRQ092_Handler) referenced from startup_hc32f460.o(RESET)
 <LI><a href="#[67]">IRQ093_Handler</a> from hc32_ll_interrupts.o(i.IRQ093_Handler) referenced from startup_hc32f460.o(RESET)
 <LI><a href="#[68]">IRQ094_Handler</a> from hc32_ll_interrupts.o(i.IRQ094_Handler) referenced from startup_hc32f460.o(RESET)
 <LI><a href="#[69]">IRQ095_Handler</a> from hc32_ll_interrupts.o(i.IRQ095_Handler) referenced from startup_hc32f460.o(RESET)
 <LI><a href="#[6a]">IRQ096_Handler</a> from hc32_ll_interrupts.o(i.IRQ096_Handler) referenced from startup_hc32f460.o(RESET)
 <LI><a href="#[6b]">IRQ097_Handler</a> from hc32_ll_interrupts.o(i.IRQ097_Handler) referenced from startup_hc32f460.o(RESET)
 <LI><a href="#[6c]">IRQ098_Handler</a> from hc32_ll_interrupts.o(i.IRQ098_Handler) referenced from startup_hc32f460.o(RESET)
 <LI><a href="#[6d]">IRQ099_Handler</a> from hc32_ll_interrupts.o(i.IRQ099_Handler) referenced from startup_hc32f460.o(RESET)
 <LI><a href="#[6e]">IRQ100_Handler</a> from hc32_ll_interrupts.o(i.IRQ100_Handler) referenced from startup_hc32f460.o(RESET)
 <LI><a href="#[6f]">IRQ101_Handler</a> from hc32_ll_interrupts.o(i.IRQ101_Handler) referenced from startup_hc32f460.o(RESET)
 <LI><a href="#[70]">IRQ102_Handler</a> from hc32_ll_interrupts.o(i.IRQ102_Handler) referenced from startup_hc32f460.o(RESET)
 <LI><a href="#[71]">IRQ103_Handler</a> from hc32_ll_interrupts.o(i.IRQ103_Handler) referenced from startup_hc32f460.o(RESET)
 <LI><a href="#[72]">IRQ104_Handler</a> from hc32_ll_interrupts.o(i.IRQ104_Handler) referenced from startup_hc32f460.o(RESET)
 <LI><a href="#[73]">IRQ105_Handler</a> from hc32_ll_interrupts.o(i.IRQ105_Handler) referenced from startup_hc32f460.o(RESET)
 <LI><a href="#[74]">IRQ106_Handler</a> from hc32_ll_interrupts.o(i.IRQ106_Handler) referenced from startup_hc32f460.o(RESET)
 <LI><a href="#[75]">IRQ107_Handler</a> from hc32_ll_interrupts.o(i.IRQ107_Handler) referenced from startup_hc32f460.o(RESET)
 <LI><a href="#[76]">IRQ108_Handler</a> from hc32_ll_interrupts.o(i.IRQ108_Handler) referenced from startup_hc32f460.o(RESET)
 <LI><a href="#[77]">IRQ109_Handler</a> from hc32_ll_interrupts.o(i.IRQ109_Handler) referenced from startup_hc32f460.o(RESET)
 <LI><a href="#[78]">IRQ110_Handler</a> from hc32_ll_interrupts.o(i.IRQ110_Handler) referenced from startup_hc32f460.o(RESET)
 <LI><a href="#[79]">IRQ111_Handler</a> from hc32_ll_interrupts.o(i.IRQ111_Handler) referenced from startup_hc32f460.o(RESET)
 <LI><a href="#[7a]">IRQ112_Handler</a> from hc32_ll_interrupts.o(i.IRQ112_Handler) referenced from startup_hc32f460.o(RESET)
 <LI><a href="#[7b]">IRQ113_Handler</a> from hc32_ll_interrupts.o(i.IRQ113_Handler) referenced from startup_hc32f460.o(RESET)
 <LI><a href="#[7c]">IRQ114_Handler</a> from hc32_ll_interrupts.o(i.IRQ114_Handler) referenced from startup_hc32f460.o(RESET)
 <LI><a href="#[7d]">IRQ115_Handler</a> from hc32_ll_interrupts.o(i.IRQ115_Handler) referenced from startup_hc32f460.o(RESET)
 <LI><a href="#[7e]">IRQ116_Handler</a> from hc32_ll_interrupts.o(i.IRQ116_Handler) referenced from startup_hc32f460.o(RESET)
 <LI><a href="#[7f]">IRQ117_Handler</a> from hc32_ll_interrupts.o(i.IRQ117_Handler) referenced from startup_hc32f460.o(RESET)
 <LI><a href="#[80]">IRQ118_Handler</a> from hc32_ll_interrupts.o(i.IRQ118_Handler) referenced from startup_hc32f460.o(RESET)
 <LI><a href="#[81]">IRQ119_Handler</a> from hc32_ll_interrupts.o(i.IRQ119_Handler) referenced from startup_hc32f460.o(RESET)
 <LI><a href="#[82]">IRQ120_Handler</a> from hc32_ll_interrupts.o(i.IRQ120_Handler) referenced from startup_hc32f460.o(RESET)
 <LI><a href="#[83]">IRQ121_Handler</a> from hc32_ll_interrupts.o(i.IRQ121_Handler) referenced from startup_hc32f460.o(RESET)
 <LI><a href="#[84]">IRQ122_Handler</a> from hc32_ll_interrupts.o(i.IRQ122_Handler) referenced from startup_hc32f460.o(RESET)
 <LI><a href="#[85]">IRQ123_Handler</a> from hc32_ll_interrupts.o(i.IRQ123_Handler) referenced from startup_hc32f460.o(RESET)
 <LI><a href="#[86]">IRQ124_Handler</a> from hc32_ll_interrupts.o(i.IRQ124_Handler) referenced from startup_hc32f460.o(RESET)
 <LI><a href="#[87]">IRQ125_Handler</a> from hc32_ll_interrupts.o(i.IRQ125_Handler) referenced from startup_hc32f460.o(RESET)
 <LI><a href="#[88]">IRQ126_Handler</a> from hc32_ll_interrupts.o(i.IRQ126_Handler) referenced from startup_hc32f460.o(RESET)
 <LI><a href="#[89]">IRQ127_Handler</a> from hc32_ll_interrupts.o(i.IRQ127_Handler) referenced from startup_hc32f460.o(RESET)
 <LI><a href="#[8a]">IRQ128_Handler</a> from hc32f460_ll_interrupts_share.o(i.IRQ128_Handler) referenced from startup_hc32f460.o(RESET)
 <LI><a href="#[8b]">IRQ129_Handler</a> from hc32f460_ll_interrupts_share.o(i.IRQ129_Handler) referenced from startup_hc32f460.o(RESET)
 <LI><a href="#[8c]">IRQ130_Handler</a> from hc32f460_ll_interrupts_share.o(i.IRQ130_Handler) referenced from startup_hc32f460.o(RESET)
 <LI><a href="#[8d]">IRQ131_Handler</a> from hc32f460_ll_interrupts_share.o(i.IRQ131_Handler) referenced from startup_hc32f460.o(RESET)
 <LI><a href="#[8e]">IRQ132_Handler</a> from hc32f460_ll_interrupts_share.o(i.IRQ132_Handler) referenced from startup_hc32f460.o(RESET)
 <LI><a href="#[8f]">IRQ133_Handler</a> from startup_hc32f460.o(.text) referenced from startup_hc32f460.o(RESET)
 <LI><a href="#[90]">IRQ134_Handler</a> from startup_hc32f460.o(.text) referenced from startup_hc32f460.o(RESET)
 <LI><a href="#[91]">IRQ135_Handler</a> from startup_hc32f460.o(.text) referenced from startup_hc32f460.o(RESET)
 <LI><a href="#[92]">IRQ136_Handler</a> from hc32f460_ll_interrupts_share.o(i.IRQ136_Handler) referenced from startup_hc32f460.o(RESET)
 <LI><a href="#[93]">IRQ137_Handler</a> from hc32f460_ll_interrupts_share.o(i.IRQ137_Handler) referenced from startup_hc32f460.o(RESET)
 <LI><a href="#[94]">IRQ138_Handler</a> from hc32f460_ll_interrupts_share.o(i.IRQ138_Handler) referenced from startup_hc32f460.o(RESET)
 <LI><a href="#[95]">IRQ139_Handler</a> from hc32f460_ll_interrupts_share.o(i.IRQ139_Handler) referenced from startup_hc32f460.o(RESET)
 <LI><a href="#[96]">IRQ140_Handler</a> from hc32f460_ll_interrupts_share.o(i.IRQ140_Handler) referenced from startup_hc32f460.o(RESET)
 <LI><a href="#[97]">IRQ141_Handler</a> from hc32f460_ll_interrupts_share.o(i.IRQ141_Handler) referenced from startup_hc32f460.o(RESET)
 <LI><a href="#[98]">IRQ142_Handler</a> from hc32f460_ll_interrupts_share.o(i.IRQ142_Handler) referenced from startup_hc32f460.o(RESET)
 <LI><a href="#[99]">IRQ143_Handler</a> from hc32f460_ll_interrupts_share.o(i.IRQ143_Handler) referenced from startup_hc32f460.o(RESET)
 <LI><a href="#[3]">MemManage_Handler</a> from startup_hc32f460.o(.text) referenced from startup_hc32f460.o(RESET)
 <LI><a href="#[1]">NMI_Handler</a> from startup_hc32f460.o(.text) referenced from startup_hc32f460.o(RESET)
 <LI><a href="#[8]">PendSV_Handler</a> from startup_hc32f460.o(.text) referenced from startup_hc32f460.o(RESET)
 <LI><a href="#[0]">Reset_Handler</a> from startup_hc32f460.o(.text) referenced from startup_hc32f460.o(RESET)
 <LI><a href="#[6]">SVC_Handler</a> from startup_hc32f460.o(.text) referenced from startup_hc32f460.o(RESET)
 <LI><a href="#[9]">SysTick_Handler</a> from main.o(i.SysTick_Handler) referenced from startup_hc32f460.o(RESET)
 <LI><a href="#[9b]">SystemInit</a> from system_hc32f460.o(i.SystemInit) referenced from startup_hc32f460.o(.text)
 <LI><a href="#[5]">UsageFault_Handler</a> from startup_hc32f460.o(.text) referenced from startup_hc32f460.o(RESET)
 <LI><a href="#[9c]">__main</a> from entry.o(.ARM.Collect$$$$00000000) referenced from startup_hc32f460.o(.text)
 <LI><a href="#[9a]">main</a> from main.o(i.main) referenced from entry9a.o(.ARM.Collect$$$$0000000B)
</UL>
<P>
<H3>
Global Symbols
</H3>
<P><STRONG><a name="[9c]"></a>__main</STRONG> (Thumb, 0 bytes, Stack size unknown bytes, entry.o(.ARM.Collect$$$$00000000))
<BR>[Address Reference Count : 1]<UL><LI> startup_hc32f460.o(.text)
</UL>
<P><STRONG><a name="[1e7]"></a>_main_stk</STRONG> (Thumb, 0 bytes, Stack size unknown bytes, entry2.o(.ARM.Collect$$$$00000001))

<P><STRONG><a name="[17c]"></a>_main_scatterload</STRONG> (Thumb, 0 bytes, Stack size unknown bytes, entry5.o(.ARM.Collect$$$$00000004))
<BR><BR>[Calls]<UL><LI><a href="#[17d]">&gt;&gt;</a>&nbsp;&nbsp;&nbsp;__scatterload
</UL>

<P><STRONG><a name="[185]"></a>__main_after_scatterload</STRONG> (Thumb, 0 bytes, Stack size unknown bytes, entry5.o(.ARM.Collect$$$$00000004))
<BR><BR>[Called By]<UL><LI><a href="#[17d]">&gt;&gt;</a>&nbsp;&nbsp;&nbsp;__scatterload
</UL>

<P><STRONG><a name="[1e8]"></a>_main_clock</STRONG> (Thumb, 0 bytes, Stack size unknown bytes, entry7b.o(.ARM.Collect$$$$00000008))

<P><STRONG><a name="[1e9]"></a>_main_cpp_init</STRONG> (Thumb, 0 bytes, Stack size unknown bytes, entry8b.o(.ARM.Collect$$$$0000000A))

<P><STRONG><a name="[1ea]"></a>_main_init</STRONG> (Thumb, 0 bytes, Stack size unknown bytes, entry9a.o(.ARM.Collect$$$$0000000B))

<P><STRONG><a name="[1eb]"></a>__rt_final_cpp</STRONG> (Thumb, 0 bytes, Stack size unknown bytes, entry10a.o(.ARM.Collect$$$$0000000D))

<P><STRONG><a name="[1ec]"></a>__rt_final_exit</STRONG> (Thumb, 0 bytes, Stack size unknown bytes, entry11a.o(.ARM.Collect$$$$0000000F))

<P><STRONG><a name="[0]"></a>Reset_Handler</STRONG> (Thumb, 56 bytes, Stack size 0 bytes, startup_hc32f460.o(.text))
<BR>[Address Reference Count : 1]<UL><LI> startup_hc32f460.o(RESET)
</UL>
<P><STRONG><a name="[1]"></a>NMI_Handler</STRONG> (Thumb, 2 bytes, Stack size 0 bytes, startup_hc32f460.o(.text))
<BR><BR>[Calls]<UL><LI><a href="#[1]">&gt;&gt;</a>&nbsp;&nbsp;&nbsp;NMI_Handler
</UL>
<BR>[Called By]<UL><LI><a href="#[1]">&gt;&gt;</a>&nbsp;&nbsp;&nbsp;NMI_Handler
</UL>
<BR>[Address Reference Count : 1]<UL><LI> startup_hc32f460.o(RESET)
</UL>
<P><STRONG><a name="[2]"></a>HardFault_Handler</STRONG> (Thumb, 2 bytes, Stack size 0 bytes, startup_hc32f460.o(.text))
<BR><BR>[Calls]<UL><LI><a href="#[2]">&gt;&gt;</a>&nbsp;&nbsp;&nbsp;HardFault_Handler
</UL>
<BR>[Called By]<UL><LI><a href="#[2]">&gt;&gt;</a>&nbsp;&nbsp;&nbsp;HardFault_Handler
</UL>
<BR>[Address Reference Count : 1]<UL><LI> startup_hc32f460.o(RESET)
</UL>
<P><STRONG><a name="[3]"></a>MemManage_Handler</STRONG> (Thumb, 2 bytes, Stack size 0 bytes, startup_hc32f460.o(.text))
<BR><BR>[Calls]<UL><LI><a href="#[3]">&gt;&gt;</a>&nbsp;&nbsp;&nbsp;MemManage_Handler
</UL>
<BR>[Called By]<UL><LI><a href="#[3]">&gt;&gt;</a>&nbsp;&nbsp;&nbsp;MemManage_Handler
</UL>
<BR>[Address Reference Count : 1]<UL><LI> startup_hc32f460.o(RESET)
</UL>
<P><STRONG><a name="[4]"></a>BusFault_Handler</STRONG> (Thumb, 2 bytes, Stack size 0 bytes, startup_hc32f460.o(.text))
<BR><BR>[Calls]<UL><LI><a href="#[4]">&gt;&gt;</a>&nbsp;&nbsp;&nbsp;BusFault_Handler
</UL>
<BR>[Called By]<UL><LI><a href="#[4]">&gt;&gt;</a>&nbsp;&nbsp;&nbsp;BusFault_Handler
</UL>
<BR>[Address Reference Count : 1]<UL><LI> startup_hc32f460.o(RESET)
</UL>
<P><STRONG><a name="[5]"></a>UsageFault_Handler</STRONG> (Thumb, 2 bytes, Stack size 0 bytes, startup_hc32f460.o(.text))
<BR><BR>[Calls]<UL><LI><a href="#[5]">&gt;&gt;</a>&nbsp;&nbsp;&nbsp;UsageFault_Handler
</UL>
<BR>[Called By]<UL><LI><a href="#[5]">&gt;&gt;</a>&nbsp;&nbsp;&nbsp;UsageFault_Handler
</UL>
<BR>[Address Reference Count : 1]<UL><LI> startup_hc32f460.o(RESET)
</UL>
<P><STRONG><a name="[6]"></a>SVC_Handler</STRONG> (Thumb, 2 bytes, Stack size 0 bytes, startup_hc32f460.o(.text))
<BR><BR>[Calls]<UL><LI><a href="#[6]">&gt;&gt;</a>&nbsp;&nbsp;&nbsp;SVC_Handler
</UL>
<BR>[Called By]<UL><LI><a href="#[6]">&gt;&gt;</a>&nbsp;&nbsp;&nbsp;SVC_Handler
</UL>
<BR>[Address Reference Count : 1]<UL><LI> startup_hc32f460.o(RESET)
</UL>
<P><STRONG><a name="[7]"></a>DebugMon_Handler</STRONG> (Thumb, 2 bytes, Stack size 0 bytes, startup_hc32f460.o(.text))
<BR><BR>[Calls]<UL><LI><a href="#[7]">&gt;&gt;</a>&nbsp;&nbsp;&nbsp;DebugMon_Handler
</UL>
<BR>[Called By]<UL><LI><a href="#[7]">&gt;&gt;</a>&nbsp;&nbsp;&nbsp;DebugMon_Handler
</UL>
<BR>[Address Reference Count : 1]<UL><LI> startup_hc32f460.o(RESET)
</UL>
<P><STRONG><a name="[8]"></a>PendSV_Handler</STRONG> (Thumb, 2 bytes, Stack size 0 bytes, startup_hc32f460.o(.text))
<BR><BR>[Calls]<UL><LI><a href="#[8]">&gt;&gt;</a>&nbsp;&nbsp;&nbsp;PendSV_Handler
</UL>
<BR>[Called By]<UL><LI><a href="#[8]">&gt;&gt;</a>&nbsp;&nbsp;&nbsp;PendSV_Handler
</UL>
<BR>[Address Reference Count : 1]<UL><LI> startup_hc32f460.o(RESET)
</UL>
<P><STRONG><a name="[8f]"></a>IRQ133_Handler</STRONG> (Thumb, 0 bytes, Stack size 0 bytes, startup_hc32f460.o(.text))
<BR><BR>[Calls]<UL><LI><a href="#[8f]">&gt;&gt;</a>&nbsp;&nbsp;&nbsp;IRQ133_Handler
</UL>
<BR>[Called By]<UL><LI><a href="#[8f]">&gt;&gt;</a>&nbsp;&nbsp;&nbsp;IRQ133_Handler
</UL>
<BR>[Address Reference Count : 1]<UL><LI> startup_hc32f460.o(RESET)
</UL>
<P><STRONG><a name="[90]"></a>IRQ134_Handler</STRONG> (Thumb, 0 bytes, Stack size 0 bytes, startup_hc32f460.o(.text))
<BR>[Address Reference Count : 1]<UL><LI> startup_hc32f460.o(RESET)
</UL>
<P><STRONG><a name="[91]"></a>IRQ135_Handler</STRONG> (Thumb, 0 bytes, Stack size 0 bytes, startup_hc32f460.o(.text))
<BR>[Address Reference Count : 1]<UL><LI> startup_hc32f460.o(RESET)
</UL>
<P><STRONG><a name="[17e]"></a>__aeabi_fadd</STRONG> (Thumb, 164 bytes, Stack size 16 bytes, fadd.o(.text))
<BR><BR>[Stack]<UL><LI>Max Depth = 20<LI>Call Chain = __aeabi_fadd &rArr; _float_epilogue
</UL>
<BR>[Calls]<UL><LI><a href="#[180]">&gt;&gt;</a>&nbsp;&nbsp;&nbsp;_float_round
<LI><a href="#[17f]">&gt;&gt;</a>&nbsp;&nbsp;&nbsp;_float_epilogue
</UL>
<BR>[Called By]<UL><LI><a href="#[181]">&gt;&gt;</a>&nbsp;&nbsp;&nbsp;__aeabi_fsub
<LI><a href="#[182]">&gt;&gt;</a>&nbsp;&nbsp;&nbsp;__aeabi_frsub
<LI><a href="#[1b3]">&gt;&gt;</a>&nbsp;&nbsp;&nbsp;I2C_BaudrateConfig
</UL>

<P><STRONG><a name="[181]"></a>__aeabi_fsub</STRONG> (Thumb, 6 bytes, Stack size 0 bytes, fadd.o(.text))
<BR><BR>[Stack]<UL><LI>Max Depth = 20<LI>Call Chain = __aeabi_fsub &rArr; __aeabi_fadd &rArr; _float_epilogue
</UL>
<BR>[Calls]<UL><LI><a href="#[17e]">&gt;&gt;</a>&nbsp;&nbsp;&nbsp;__aeabi_fadd
</UL>
<BR>[Called By]<UL><LI><a href="#[1b3]">&gt;&gt;</a>&nbsp;&nbsp;&nbsp;I2C_BaudrateConfig
</UL>

<P><STRONG><a name="[182]"></a>__aeabi_frsub</STRONG> (Thumb, 6 bytes, Stack size 0 bytes, fadd.o(.text))
<BR><BR>[Stack]<UL><LI>Max Depth = 20<LI>Call Chain = __aeabi_frsub &rArr; __aeabi_fadd &rArr; _float_epilogue
</UL>
<BR>[Calls]<UL><LI><a href="#[17e]">&gt;&gt;</a>&nbsp;&nbsp;&nbsp;__aeabi_fadd
</UL>
<BR>[Called By]<UL><LI><a href="#[1b3]">&gt;&gt;</a>&nbsp;&nbsp;&nbsp;I2C_BaudrateConfig
</UL>

<P><STRONG><a name="[183]"></a>__aeabi_ui2f</STRONG> (Thumb, 10 bytes, Stack size 0 bytes, ffltui.o(.text))
<BR><BR>[Stack]<UL><LI>Max Depth = 4<LI>Call Chain = __aeabi_ui2f &rArr; _float_epilogue
</UL>
<BR>[Calls]<UL><LI><a href="#[17f]">&gt;&gt;</a>&nbsp;&nbsp;&nbsp;_float_epilogue
</UL>
<BR>[Called By]<UL><LI><a href="#[1b3]">&gt;&gt;</a>&nbsp;&nbsp;&nbsp;I2C_BaudrateConfig
</UL>

<P><STRONG><a name="[1b5]"></a>__aeabi_f2uiz</STRONG> (Thumb, 40 bytes, Stack size 0 bytes, ffixui.o(.text))
<BR><BR>[Called By]<UL><LI><a href="#[1b3]">&gt;&gt;</a>&nbsp;&nbsp;&nbsp;I2C_BaudrateConfig
</UL>

<P><STRONG><a name="[1ed]"></a>__aeabi_cfcmpeq</STRONG> (Thumb, 0 bytes, Stack size 0 bytes, cfcmple.o(.text), UNUSED)

<P><STRONG><a name="[1b7]"></a>__aeabi_cfcmple</STRONG> (Thumb, 20 bytes, Stack size 0 bytes, cfcmple.o(.text))
<BR><BR>[Called By]<UL><LI><a href="#[1b3]">&gt;&gt;</a>&nbsp;&nbsp;&nbsp;I2C_BaudrateConfig
</UL>

<P><STRONG><a name="[9f]"></a>ADC1_ChCmp_IrqHandler</STRONG> (Thumb, 2 bytes, Stack size 0 bytes, hc32f460_ll_interrupts_share.o(i.ADC1_ChCmp_IrqHandler))
<BR><BR>[Called By]<UL><LI><a href="#[98]">&gt;&gt;</a>&nbsp;&nbsp;&nbsp;IRQ142_Handler
</UL>

<P><STRONG><a name="[1ee]"></a>__I$use$fp</STRONG> (Thumb, 0 bytes, Stack size 0 bytes, iusefp.o(.text), UNUSED)

<P><STRONG><a name="[a0]"></a>ADC1_SeqA_IrqHandler</STRONG> (Thumb, 2 bytes, Stack size 0 bytes, hc32f460_ll_interrupts_share.o(i.ADC1_SeqA_IrqHandler))
<BR><BR>[Called By]<UL><LI><a href="#[98]">&gt;&gt;</a>&nbsp;&nbsp;&nbsp;IRQ142_Handler
</UL>

<P><STRONG><a name="[a1]"></a>ADC1_SeqB_IrqHandler</STRONG> (Thumb, 2 bytes, Stack size 0 bytes, hc32f460_ll_interrupts_share.o(i.ADC1_SeqB_IrqHandler))
<BR><BR>[Called By]<UL><LI><a href="#[98]">&gt;&gt;</a>&nbsp;&nbsp;&nbsp;IRQ142_Handler
</UL>

<P><STRONG><a name="[a2]"></a>ADC1_SeqCmp_IrqHandler</STRONG> (Thumb, 2 bytes, Stack size 0 bytes, hc32f460_ll_interrupts_share.o(i.ADC1_SeqCmp_IrqHandler))
<BR><BR>[Called By]<UL><LI><a href="#[98]">&gt;&gt;</a>&nbsp;&nbsp;&nbsp;IRQ142_Handler
</UL>

<P><STRONG><a name="[a3]"></a>ADC2_ChCmp_IrqHandler</STRONG> (Thumb, 2 bytes, Stack size 0 bytes, hc32f460_ll_interrupts_share.o(i.ADC2_ChCmp_IrqHandler))
<BR><BR>[Called By]<UL><LI><a href="#[98]">&gt;&gt;</a>&nbsp;&nbsp;&nbsp;IRQ142_Handler
</UL>

<P><STRONG><a name="[a4]"></a>ADC2_SeqA_IrqHandler</STRONG> (Thumb, 2 bytes, Stack size 0 bytes, hc32f460_ll_interrupts_share.o(i.ADC2_SeqA_IrqHandler))
<BR><BR>[Called By]<UL><LI><a href="#[98]">&gt;&gt;</a>&nbsp;&nbsp;&nbsp;IRQ142_Handler
</UL>

<P><STRONG><a name="[a5]"></a>ADC2_SeqB_IrqHandler</STRONG> (Thumb, 2 bytes, Stack size 0 bytes, hc32f460_ll_interrupts_share.o(i.ADC2_SeqB_IrqHandler))
<BR><BR>[Called By]<UL><LI><a href="#[98]">&gt;&gt;</a>&nbsp;&nbsp;&nbsp;IRQ142_Handler
</UL>

<P><STRONG><a name="[a6]"></a>ADC2_SeqCmp_IrqHandler</STRONG> (Thumb, 2 bytes, Stack size 0 bytes, hc32f460_ll_interrupts_share.o(i.ADC2_SeqCmp_IrqHandler))
<BR><BR>[Called By]<UL><LI><a href="#[98]">&gt;&gt;</a>&nbsp;&nbsp;&nbsp;IRQ142_Handler
</UL>

<P><STRONG><a name="[1b4]"></a>__aeabi_fmul</STRONG> (Thumb, 100 bytes, Stack size 8 bytes, fmul.o(.text))
<BR><BR>[Stack]<UL><LI>Max Depth = 8<LI>Call Chain = __aeabi_fmul
</UL>
<BR>[Called By]<UL><LI><a href="#[1b3]">&gt;&gt;</a>&nbsp;&nbsp;&nbsp;I2C_BaudrateConfig
</UL>

<P><STRONG><a name="[184]"></a>__aeabi_fdiv</STRONG> (Thumb, 124 bytes, Stack size 8 bytes, fdiv.o(.text))
<BR><BR>[Stack]<UL><LI>Max Depth = 8<LI>Call Chain = __aeabi_fdiv
</UL>
<BR>[Calls]<UL><LI><a href="#[180]">&gt;&gt;</a>&nbsp;&nbsp;&nbsp;_float_round
</UL>
<BR>[Called By]<UL><LI><a href="#[1b3]">&gt;&gt;</a>&nbsp;&nbsp;&nbsp;I2C_BaudrateConfig
</UL>

<P><STRONG><a name="[1b6]"></a>__aeabi_cfrcmple</STRONG> (Thumb, 20 bytes, Stack size 0 bytes, cfrcmple.o(.text))
<BR><BR>[Called By]<UL><LI><a href="#[1b3]">&gt;&gt;</a>&nbsp;&nbsp;&nbsp;I2C_BaudrateConfig
</UL>

<P><STRONG><a name="[180]"></a>_float_round</STRONG> (Thumb, 18 bytes, Stack size 0 bytes, fepilogue.o(.text))
<BR><BR>[Called By]<UL><LI><a href="#[184]">&gt;&gt;</a>&nbsp;&nbsp;&nbsp;__aeabi_fdiv
<LI><a href="#[17e]">&gt;&gt;</a>&nbsp;&nbsp;&nbsp;__aeabi_fadd
</UL>

<P><STRONG><a name="[17f]"></a>_float_epilogue</STRONG> (Thumb, 92 bytes, Stack size 4 bytes, fepilogue.o(.text))
<BR><BR>[Stack]<UL><LI>Max Depth = 4<LI>Call Chain = _float_epilogue
</UL>
<BR>[Called By]<UL><LI><a href="#[183]">&gt;&gt;</a>&nbsp;&nbsp;&nbsp;__aeabi_ui2f
<LI><a href="#[17e]">&gt;&gt;</a>&nbsp;&nbsp;&nbsp;__aeabi_fadd
</UL>

<P><STRONG><a name="[17d]"></a>__scatterload</STRONG> (Thumb, 28 bytes, Stack size 0 bytes, init.o(.text))
<BR><BR>[Calls]<UL><LI><a href="#[185]">&gt;&gt;</a>&nbsp;&nbsp;&nbsp;__main_after_scatterload
</UL>
<BR>[Called By]<UL><LI><a href="#[17c]">&gt;&gt;</a>&nbsp;&nbsp;&nbsp;_main_scatterload
</UL>

<P><STRONG><a name="[1ef]"></a>__scatterload_rt2</STRONG> (Thumb, 0 bytes, Stack size 0 bytes, init.o(.text), UNUSED)

<P><STRONG><a name="[186]"></a>AOS_SetTriggerEventSrc</STRONG> (Thumb, 50 bytes, Stack size 16 bytes, hc32_ll_aos.o(i.AOS_SetTriggerEventSrc))
<BR><BR>[Stack]<UL><LI>Max Depth = 16<LI>Call Chain = AOS_SetTriggerEventSrc
</UL>
<BR>[Calls]<UL><LI><a href="#[9e]">&gt;&gt;</a>&nbsp;&nbsp;&nbsp;DDL_AssertHandler
</UL>
<BR>[Called By]<UL><LI><a href="#[1d1]">&gt;&gt;</a>&nbsp;&nbsp;&nbsp;LCD_SPI_Config
</UL>

<P><STRONG><a name="[a7]"></a>CAN_IrqHandler</STRONG> (Thumb, 2 bytes, Stack size 0 bytes, hc32f460_ll_interrupts_share.o(i.CAN_IrqHandler))
<BR><BR>[Called By]<UL><LI><a href="#[99]">&gt;&gt;</a>&nbsp;&nbsp;&nbsp;IRQ143_Handler
</UL>

<P><STRONG><a name="[18e]"></a>CLK_GetStableStatus</STRONG> (Thumb, 46 bytes, Stack size 8 bytes, hc32_ll_clk.o(i.CLK_GetStableStatus))
<BR><BR>[Stack]<UL><LI>Max Depth = 8<LI>Call Chain = CLK_GetStableStatus
</UL>
<BR>[Calls]<UL><LI><a href="#[9e]">&gt;&gt;</a>&nbsp;&nbsp;&nbsp;DDL_AssertHandler
</UL>
<BR>[Called By]<UL><LI><a href="#[197]">&gt;&gt;</a>&nbsp;&nbsp;&nbsp;CLK_WaitStable
<LI><a href="#[187]">&gt;&gt;</a>&nbsp;&nbsp;&nbsp;BSP_CLK_Init
</UL>

<P><STRONG><a name="[196]"></a>CLK_PLLCmd</STRONG> (Thumb, 146 bytes, Stack size 16 bytes, hc32_ll_clk.o(i.CLK_PLLCmd))
<BR><BR>[Stack]<UL><LI>Max Depth = 48<LI>Call Chain = CLK_PLLCmd &rArr; CLK_WaitStable &rArr; CLK_GetStableStatus
</UL>
<BR>[Calls]<UL><LI><a href="#[197]">&gt;&gt;</a>&nbsp;&nbsp;&nbsp;CLK_WaitStable
<LI><a href="#[9e]">&gt;&gt;</a>&nbsp;&nbsp;&nbsp;DDL_AssertHandler
</UL>
<BR>[Called By]<UL><LI><a href="#[18d]">&gt;&gt;</a>&nbsp;&nbsp;&nbsp;CLK_PLLInit
</UL>

<P><STRONG><a name="[18d]"></a>CLK_PLLInit</STRONG> (Thumb, 596 bytes, Stack size 24 bytes, hc32_ll_clk.o(i.CLK_PLLInit))
<BR><BR>[Stack]<UL><LI>Max Depth = 72<LI>Call Chain = CLK_PLLInit &rArr; CLK_PLLCmd &rArr; CLK_WaitStable &rArr; CLK_GetStableStatus
</UL>
<BR>[Calls]<UL><LI><a href="#[9e]">&gt;&gt;</a>&nbsp;&nbsp;&nbsp;DDL_AssertHandler
<LI><a href="#[196]">&gt;&gt;</a>&nbsp;&nbsp;&nbsp;CLK_PLLCmd
</UL>
<BR>[Called By]<UL><LI><a href="#[187]">&gt;&gt;</a>&nbsp;&nbsp;&nbsp;BSP_CLK_Init
</UL>

<P><STRONG><a name="[18a]"></a>CLK_PLLStructInit</STRONG> (Thumb, 82 bytes, Stack size 0 bytes, hc32_ll_clk.o(i.CLK_PLLStructInit))
<BR><BR>[Called By]<UL><LI><a href="#[187]">&gt;&gt;</a>&nbsp;&nbsp;&nbsp;BSP_CLK_Init
</UL>

<P><STRONG><a name="[18b]"></a>CLK_SetClockDiv</STRONG> (Thumb, 20 bytes, Stack size 16 bytes, hc32_ll_clk.o(i.CLK_SetClockDiv))
<BR><BR>[Stack]<UL><LI>Max Depth = 56<LI>Call Chain = CLK_SetClockDiv &rArr; SetSysClockDiv &rArr; DDL_DelayUS
</UL>
<BR>[Calls]<UL><LI><a href="#[198]">&gt;&gt;</a>&nbsp;&nbsp;&nbsp;SetSysClockDiv
<LI><a href="#[199]">&gt;&gt;</a>&nbsp;&nbsp;&nbsp;SystemCoreClockUpdate
</UL>
<BR>[Called By]<UL><LI><a href="#[187]">&gt;&gt;</a>&nbsp;&nbsp;&nbsp;BSP_CLK_Init
</UL>

<P><STRONG><a name="[193]"></a>CLK_SetSysClockSrc</STRONG> (Thumb, 16 bytes, Stack size 8 bytes, hc32_ll_clk.o(i.CLK_SetSysClockSrc))
<BR><BR>[Stack]<UL><LI>Max Depth = 48<LI>Call Chain = CLK_SetSysClockSrc &rArr; SetSysClockSrc &rArr; DDL_DelayUS
</UL>
<BR>[Calls]<UL><LI><a href="#[19a]">&gt;&gt;</a>&nbsp;&nbsp;&nbsp;SetSysClockSrc
<LI><a href="#[199]">&gt;&gt;</a>&nbsp;&nbsp;&nbsp;SystemCoreClockUpdate
</UL>
<BR>[Called By]<UL><LI><a href="#[187]">&gt;&gt;</a>&nbsp;&nbsp;&nbsp;BSP_CLK_Init
</UL>

<P><STRONG><a name="[19b]"></a>CLK_XtalCmd</STRONG> (Thumb, 144 bytes, Stack size 16 bytes, hc32_ll_clk.o(i.CLK_XtalCmd))
<BR><BR>[Stack]<UL><LI>Max Depth = 48<LI>Call Chain = CLK_XtalCmd &rArr; CLK_WaitStable &rArr; CLK_GetStableStatus
</UL>
<BR>[Calls]<UL><LI><a href="#[197]">&gt;&gt;</a>&nbsp;&nbsp;&nbsp;CLK_WaitStable
<LI><a href="#[9e]">&gt;&gt;</a>&nbsp;&nbsp;&nbsp;DDL_AssertHandler
</UL>
<BR>[Called By]<UL><LI><a href="#[18c]">&gt;&gt;</a>&nbsp;&nbsp;&nbsp;CLK_XtalInit
</UL>

<P><STRONG><a name="[18c]"></a>CLK_XtalInit</STRONG> (Thumb, 272 bytes, Stack size 16 bytes, hc32_ll_clk.o(i.CLK_XtalInit))
<BR><BR>[Stack]<UL><LI>Max Depth = 64<LI>Call Chain = CLK_XtalInit &rArr; CLK_XtalCmd &rArr; CLK_WaitStable &rArr; CLK_GetStableStatus
</UL>
<BR>[Calls]<UL><LI><a href="#[9e]">&gt;&gt;</a>&nbsp;&nbsp;&nbsp;DDL_AssertHandler
<LI><a href="#[19b]">&gt;&gt;</a>&nbsp;&nbsp;&nbsp;CLK_XtalCmd
</UL>
<BR>[Called By]<UL><LI><a href="#[187]">&gt;&gt;</a>&nbsp;&nbsp;&nbsp;BSP_CLK_Init
</UL>

<P><STRONG><a name="[a8]"></a>CLK_XtalStop_IrqHandler</STRONG> (Thumb, 2 bytes, Stack size 0 bytes, hc32f460_ll_interrupts_share.o(i.CLK_XtalStop_IrqHandler))
<BR><BR>[Called By]<UL><LI><a href="#[8c]">&gt;&gt;</a>&nbsp;&nbsp;&nbsp;IRQ130_Handler
</UL>

<P><STRONG><a name="[189]"></a>CLK_XtalStructInit</STRONG> (Thumb, 30 bytes, Stack size 0 bytes, hc32_ll_clk.o(i.CLK_XtalStructInit))
<BR><BR>[Called By]<UL><LI><a href="#[187]">&gt;&gt;</a>&nbsp;&nbsp;&nbsp;BSP_CLK_Init
</UL>

<P><STRONG><a name="[19c]"></a>DA213_Init</STRONG> (Thumb, 36 bytes, Stack size 8 bytes, da213.o(i.DA213_Init))
<BR><BR>[Stack]<UL><LI>Max Depth = 180<LI>Call Chain = DA213_Init &rArr; I2C_Hardware_Init &rArr; I2C_Init &rArr; I2C_BaudrateConfig &rArr; __aeabi_fsub &rArr; __aeabi_fadd &rArr; _float_epilogue
</UL>
<BR>[Calls]<UL><LI><a href="#[19e]">&gt;&gt;</a>&nbsp;&nbsp;&nbsp;DDL_DelayMS
<LI><a href="#[19d]">&gt;&gt;</a>&nbsp;&nbsp;&nbsp;I2C_Hardware_Init
<LI><a href="#[19f]">&gt;&gt;</a>&nbsp;&nbsp;&nbsp;DA213_Write_Reg
</UL>
<BR>[Called By]<UL><LI><a href="#[9a]">&gt;&gt;</a>&nbsp;&nbsp;&nbsp;main
</UL>

<P><STRONG><a name="[1a0]"></a>DA213_ReadID</STRONG> (Thumb, 22 bytes, Stack size 8 bytes, da213.o(i.DA213_ReadID))
<BR><BR>[Stack]<UL><LI>Max Depth = 104<LI>Call Chain = DA213_ReadID &rArr; DA213_Read_Buffer &rArr; I2C_TransData &rArr; I2C_WaitStatus
</UL>
<BR>[Calls]<UL><LI><a href="#[1a1]">&gt;&gt;</a>&nbsp;&nbsp;&nbsp;DA213_Read_Buffer
</UL>
<BR>[Called By]<UL><LI><a href="#[9a]">&gt;&gt;</a>&nbsp;&nbsp;&nbsp;main
</UL>

<P><STRONG><a name="[a9]"></a>DCU1_IrqHandler</STRONG> (Thumb, 2 bytes, Stack size 0 bytes, hc32f460_ll_interrupts_share.o(i.DCU1_IrqHandler))
<BR><BR>[Called By]<UL><LI><a href="#[8b]">&gt;&gt;</a>&nbsp;&nbsp;&nbsp;IRQ129_Handler
</UL>

<P><STRONG><a name="[aa]"></a>DCU2_IrqHandler</STRONG> (Thumb, 2 bytes, Stack size 0 bytes, hc32f460_ll_interrupts_share.o(i.DCU2_IrqHandler))
<BR><BR>[Called By]<UL><LI><a href="#[8b]">&gt;&gt;</a>&nbsp;&nbsp;&nbsp;IRQ129_Handler
</UL>

<P><STRONG><a name="[ab]"></a>DCU3_IrqHandler</STRONG> (Thumb, 2 bytes, Stack size 0 bytes, hc32f460_ll_interrupts_share.o(i.DCU3_IrqHandler))
<BR><BR>[Called By]<UL><LI><a href="#[8b]">&gt;&gt;</a>&nbsp;&nbsp;&nbsp;IRQ129_Handler
</UL>

<P><STRONG><a name="[ac]"></a>DCU4_IrqHandler</STRONG> (Thumb, 2 bytes, Stack size 0 bytes, hc32f460_ll_interrupts_share.o(i.DCU4_IrqHandler))
<BR><BR>[Called By]<UL><LI><a href="#[8b]">&gt;&gt;</a>&nbsp;&nbsp;&nbsp;IRQ129_Handler
</UL>

<P><STRONG><a name="[9e]"></a>DDL_AssertHandler</STRONG> (Thumb, 4 bytes, Stack size 0 bytes, hc32_ll_utility.o(i.DDL_AssertHandler))
<BR><BR>[Called By]<UL><LI><a href="#[19a]">&gt;&gt;</a>&nbsp;&nbsp;&nbsp;SetSysClockSrc
<LI><a href="#[198]">&gt;&gt;</a>&nbsp;&nbsp;&nbsp;SetSysClockDiv
<LI><a href="#[18f]">&gt;&gt;</a>&nbsp;&nbsp;&nbsp;SRAM_SetWaitCycle
<LI><a href="#[1d3]">&gt;&gt;</a>&nbsp;&nbsp;&nbsp;SPI_Init
<LI><a href="#[1d6]">&gt;&gt;</a>&nbsp;&nbsp;&nbsp;SPI_Cmd
<LI><a href="#[192]">&gt;&gt;</a>&nbsp;&nbsp;&nbsp;PWC_HighSpeedToHighPerformance
<LI><a href="#[1c6]">&gt;&gt;</a>&nbsp;&nbsp;&nbsp;INTC_IrqSignIn
<LI><a href="#[191]">&gt;&gt;</a>&nbsp;&nbsp;&nbsp;GPIO_SetReadWaitCycle
<LI><a href="#[1b1]">&gt;&gt;</a>&nbsp;&nbsp;&nbsp;GPIO_SetPins
<LI><a href="#[1b0]">&gt;&gt;</a>&nbsp;&nbsp;&nbsp;GPIO_SetFunc
<LI><a href="#[1af]">&gt;&gt;</a>&nbsp;&nbsp;&nbsp;GPIO_SetDebugPort
<LI><a href="#[1ae]">&gt;&gt;</a>&nbsp;&nbsp;&nbsp;GPIO_ResetPins
<LI><a href="#[1ad]">&gt;&gt;</a>&nbsp;&nbsp;&nbsp;GPIO_ReadInputPins
<LI><a href="#[1ac]">&gt;&gt;</a>&nbsp;&nbsp;&nbsp;GPIO_Init
<LI><a href="#[188]">&gt;&gt;</a>&nbsp;&nbsp;&nbsp;GPIO_AnalogCmd
<LI><a href="#[1ab]">&gt;&gt;</a>&nbsp;&nbsp;&nbsp;FCG_Fcg1PeriphClockCmd
<LI><a href="#[1aa]">&gt;&gt;</a>&nbsp;&nbsp;&nbsp;FCG_Fcg0PeriphClockCmd
<LI><a href="#[190]">&gt;&gt;</a>&nbsp;&nbsp;&nbsp;EFM_SetWaitCycle
<LI><a href="#[194]">&gt;&gt;</a>&nbsp;&nbsp;&nbsp;EFM_CacheRamReset
<LI><a href="#[195]">&gt;&gt;</a>&nbsp;&nbsp;&nbsp;EFM_CacheCmd
<LI><a href="#[1a9]">&gt;&gt;</a>&nbsp;&nbsp;&nbsp;DMA_Init
<LI><a href="#[1a8]">&gt;&gt;</a>&nbsp;&nbsp;&nbsp;DMA_ClearTransCompleteStatus
<LI><a href="#[18c]">&gt;&gt;</a>&nbsp;&nbsp;&nbsp;CLK_XtalInit
<LI><a href="#[18d]">&gt;&gt;</a>&nbsp;&nbsp;&nbsp;CLK_PLLInit
<LI><a href="#[18e]">&gt;&gt;</a>&nbsp;&nbsp;&nbsp;CLK_GetStableStatus
<LI><a href="#[186]">&gt;&gt;</a>&nbsp;&nbsp;&nbsp;AOS_SetTriggerEventSrc
<LI><a href="#[1e2]">&gt;&gt;</a>&nbsp;&nbsp;&nbsp;SPI_TxRx
<LI><a href="#[1e1]">&gt;&gt;</a>&nbsp;&nbsp;&nbsp;SPI_Tx
<LI><a href="#[19b]">&gt;&gt;</a>&nbsp;&nbsp;&nbsp;CLK_XtalCmd
<LI><a href="#[196]">&gt;&gt;</a>&nbsp;&nbsp;&nbsp;CLK_PLLCmd
<LI><a href="#[1cd]">&gt;&gt;</a>&nbsp;&nbsp;&nbsp;SPI_WriteData
<LI><a href="#[1cc]">&gt;&gt;</a>&nbsp;&nbsp;&nbsp;SPI_GetStatus
<LI><a href="#[1c5]">&gt;&gt;</a>&nbsp;&nbsp;&nbsp;I2C_WriteData
<LI><a href="#[1c3]">&gt;&gt;</a>&nbsp;&nbsp;&nbsp;I2C_WaitStatus
<LI><a href="#[1a4]">&gt;&gt;</a>&nbsp;&nbsp;&nbsp;I2C_TransData
<LI><a href="#[1a3]">&gt;&gt;</a>&nbsp;&nbsp;&nbsp;I2C_TransAddr
<LI><a href="#[1a7]">&gt;&gt;</a>&nbsp;&nbsp;&nbsp;I2C_Stop
<LI><a href="#[1a2]">&gt;&gt;</a>&nbsp;&nbsp;&nbsp;I2C_Start
<LI><a href="#[1a5]">&gt;&gt;</a>&nbsp;&nbsp;&nbsp;I2C_Restart
<LI><a href="#[1c4]">&gt;&gt;</a>&nbsp;&nbsp;&nbsp;I2C_ReadData
<LI><a href="#[1a6]">&gt;&gt;</a>&nbsp;&nbsp;&nbsp;I2C_MasterReceiveDataAndStop
<LI><a href="#[1c2]">&gt;&gt;</a>&nbsp;&nbsp;&nbsp;I2C_Init
<LI><a href="#[1bf]">&gt;&gt;</a>&nbsp;&nbsp;&nbsp;I2C_GetStatus
<LI><a href="#[1be]">&gt;&gt;</a>&nbsp;&nbsp;&nbsp;I2C_GenerateStop
<LI><a href="#[1bd]">&gt;&gt;</a>&nbsp;&nbsp;&nbsp;I2C_GenerateStart
<LI><a href="#[1bc]">&gt;&gt;</a>&nbsp;&nbsp;&nbsp;I2C_GenerateRestart
<LI><a href="#[1bb]">&gt;&gt;</a>&nbsp;&nbsp;&nbsp;I2C_DeInit
<LI><a href="#[1ba]">&gt;&gt;</a>&nbsp;&nbsp;&nbsp;I2C_Cmd
<LI><a href="#[1b9]">&gt;&gt;</a>&nbsp;&nbsp;&nbsp;I2C_ClearStatus
<LI><a href="#[1b8]">&gt;&gt;</a>&nbsp;&nbsp;&nbsp;I2C_BusWaitCmd
<LI><a href="#[1b3]">&gt;&gt;</a>&nbsp;&nbsp;&nbsp;I2C_BaudrateConfig
<LI><a href="#[1b2]">&gt;&gt;</a>&nbsp;&nbsp;&nbsp;I2C_AckConfig
</UL>

<P><STRONG><a name="[19e]"></a>DDL_DelayMS</STRONG> (Thumb, 54 bytes, Stack size 8 bytes, hc32_ll_utility.o(i.DDL_DelayMS))
<BR><BR>[Stack]<UL><LI>Max Depth = 8<LI>Call Chain = DDL_DelayMS
</UL>
<BR>[Called By]<UL><LI><a href="#[1cf]">&gt;&gt;</a>&nbsp;&nbsp;&nbsp;LCD_Init
<LI><a href="#[19c]">&gt;&gt;</a>&nbsp;&nbsp;&nbsp;DA213_Init
</UL>

<P><STRONG><a name="[1e0]"></a>DDL_DelayUS</STRONG> (Thumb, 52 bytes, Stack size 8 bytes, hc32_ll_utility.o(i.DDL_DelayUS))
<BR><BR>[Stack]<UL><LI>Max Depth = 8<LI>Call Chain = DDL_DelayUS
</UL>
<BR>[Called By]<UL><LI><a href="#[19a]">&gt;&gt;</a>&nbsp;&nbsp;&nbsp;SetSysClockSrc
<LI><a href="#[198]">&gt;&gt;</a>&nbsp;&nbsp;&nbsp;SetSysClockDiv
<LI><a href="#[192]">&gt;&gt;</a>&nbsp;&nbsp;&nbsp;PWC_HighSpeedToHighPerformance
</UL>

<P><STRONG><a name="[ad]"></a>DMA1_BTC0_IrqHandler</STRONG> (Thumb, 2 bytes, Stack size 0 bytes, hc32f460_ll_interrupts_share.o(i.DMA1_BTC0_IrqHandler))
<BR><BR>[Called By]<UL><LI><a href="#[8b]">&gt;&gt;</a>&nbsp;&nbsp;&nbsp;IRQ129_Handler
</UL>

<P><STRONG><a name="[ae]"></a>DMA1_BTC1_IrqHandler</STRONG> (Thumb, 2 bytes, Stack size 0 bytes, hc32f460_ll_interrupts_share.o(i.DMA1_BTC1_IrqHandler))
<BR><BR>[Called By]<UL><LI><a href="#[8b]">&gt;&gt;</a>&nbsp;&nbsp;&nbsp;IRQ129_Handler
</UL>

<P><STRONG><a name="[af]"></a>DMA1_BTC2_IrqHandler</STRONG> (Thumb, 2 bytes, Stack size 0 bytes, hc32f460_ll_interrupts_share.o(i.DMA1_BTC2_IrqHandler))
<BR><BR>[Called By]<UL><LI><a href="#[8b]">&gt;&gt;</a>&nbsp;&nbsp;&nbsp;IRQ129_Handler
</UL>

<P><STRONG><a name="[b0]"></a>DMA1_BTC3_IrqHandler</STRONG> (Thumb, 2 bytes, Stack size 0 bytes, hc32f460_ll_interrupts_share.o(i.DMA1_BTC3_IrqHandler))
<BR><BR>[Called By]<UL><LI><a href="#[8b]">&gt;&gt;</a>&nbsp;&nbsp;&nbsp;IRQ129_Handler
</UL>

<P><STRONG><a name="[b1]"></a>DMA1_Error0_IrqHandler</STRONG> (Thumb, 2 bytes, Stack size 0 bytes, hc32f460_ll_interrupts_share.o(i.DMA1_Error0_IrqHandler))
<BR><BR>[Called By]<UL><LI><a href="#[8b]">&gt;&gt;</a>&nbsp;&nbsp;&nbsp;IRQ129_Handler
</UL>

<P><STRONG><a name="[b2]"></a>DMA1_Error1_IrqHandler</STRONG> (Thumb, 2 bytes, Stack size 0 bytes, hc32f460_ll_interrupts_share.o(i.DMA1_Error1_IrqHandler))
<BR><BR>[Called By]<UL><LI><a href="#[8b]">&gt;&gt;</a>&nbsp;&nbsp;&nbsp;IRQ129_Handler
</UL>

<P><STRONG><a name="[b3]"></a>DMA1_Error2_IrqHandler</STRONG> (Thumb, 2 bytes, Stack size 0 bytes, hc32f460_ll_interrupts_share.o(i.DMA1_Error2_IrqHandler))
<BR><BR>[Called By]<UL><LI><a href="#[8b]">&gt;&gt;</a>&nbsp;&nbsp;&nbsp;IRQ129_Handler
</UL>

<P><STRONG><a name="[b4]"></a>DMA1_Error3_IrqHandler</STRONG> (Thumb, 2 bytes, Stack size 0 bytes, hc32f460_ll_interrupts_share.o(i.DMA1_Error3_IrqHandler))
<BR><BR>[Called By]<UL><LI><a href="#[8b]">&gt;&gt;</a>&nbsp;&nbsp;&nbsp;IRQ129_Handler
</UL>

<P><STRONG><a name="[b5]"></a>DMA1_TC0_IrqHandler</STRONG> (Thumb, 2 bytes, Stack size 0 bytes, hc32f460_ll_interrupts_share.o(i.DMA1_TC0_IrqHandler))
<BR><BR>[Called By]<UL><LI><a href="#[8b]">&gt;&gt;</a>&nbsp;&nbsp;&nbsp;IRQ129_Handler
</UL>

<P><STRONG><a name="[b6]"></a>DMA1_TC1_IrqHandler</STRONG> (Thumb, 2 bytes, Stack size 0 bytes, hc32f460_ll_interrupts_share.o(i.DMA1_TC1_IrqHandler))
<BR><BR>[Called By]<UL><LI><a href="#[8b]">&gt;&gt;</a>&nbsp;&nbsp;&nbsp;IRQ129_Handler
</UL>

<P><STRONG><a name="[b7]"></a>DMA1_TC2_IrqHandler</STRONG> (Thumb, 2 bytes, Stack size 0 bytes, hc32f460_ll_interrupts_share.o(i.DMA1_TC2_IrqHandler))
<BR><BR>[Called By]<UL><LI><a href="#[8b]">&gt;&gt;</a>&nbsp;&nbsp;&nbsp;IRQ129_Handler
</UL>

<P><STRONG><a name="[b8]"></a>DMA1_TC3_IrqHandler</STRONG> (Thumb, 2 bytes, Stack size 0 bytes, hc32f460_ll_interrupts_share.o(i.DMA1_TC3_IrqHandler))
<BR><BR>[Called By]<UL><LI><a href="#[8b]">&gt;&gt;</a>&nbsp;&nbsp;&nbsp;IRQ129_Handler
</UL>

<P><STRONG><a name="[b9]"></a>DMA2_BTC0_IrqHandler</STRONG> (Thumb, 2 bytes, Stack size 0 bytes, hc32f460_ll_interrupts_share.o(i.DMA2_BTC0_IrqHandler))
<BR><BR>[Called By]<UL><LI><a href="#[8b]">&gt;&gt;</a>&nbsp;&nbsp;&nbsp;IRQ129_Handler
</UL>

<P><STRONG><a name="[ba]"></a>DMA2_BTC1_IrqHandler</STRONG> (Thumb, 2 bytes, Stack size 0 bytes, hc32f460_ll_interrupts_share.o(i.DMA2_BTC1_IrqHandler))
<BR><BR>[Called By]<UL><LI><a href="#[8b]">&gt;&gt;</a>&nbsp;&nbsp;&nbsp;IRQ129_Handler
</UL>

<P><STRONG><a name="[bb]"></a>DMA2_BTC2_IrqHandler</STRONG> (Thumb, 2 bytes, Stack size 0 bytes, hc32f460_ll_interrupts_share.o(i.DMA2_BTC2_IrqHandler))
<BR><BR>[Called By]<UL><LI><a href="#[8b]">&gt;&gt;</a>&nbsp;&nbsp;&nbsp;IRQ129_Handler
</UL>

<P><STRONG><a name="[bc]"></a>DMA2_BTC3_IrqHandler</STRONG> (Thumb, 2 bytes, Stack size 0 bytes, hc32f460_ll_interrupts_share.o(i.DMA2_BTC3_IrqHandler))
<BR><BR>[Called By]<UL><LI><a href="#[8b]">&gt;&gt;</a>&nbsp;&nbsp;&nbsp;IRQ129_Handler
</UL>

<P><STRONG><a name="[bd]"></a>DMA2_Error0_IrqHandler</STRONG> (Thumb, 2 bytes, Stack size 0 bytes, hc32f460_ll_interrupts_share.o(i.DMA2_Error0_IrqHandler))
<BR><BR>[Called By]<UL><LI><a href="#[8b]">&gt;&gt;</a>&nbsp;&nbsp;&nbsp;IRQ129_Handler
</UL>

<P><STRONG><a name="[be]"></a>DMA2_Error1_IrqHandler</STRONG> (Thumb, 2 bytes, Stack size 0 bytes, hc32f460_ll_interrupts_share.o(i.DMA2_Error1_IrqHandler))
<BR><BR>[Called By]<UL><LI><a href="#[8b]">&gt;&gt;</a>&nbsp;&nbsp;&nbsp;IRQ129_Handler
</UL>

<P><STRONG><a name="[bf]"></a>DMA2_Error2_IrqHandler</STRONG> (Thumb, 2 bytes, Stack size 0 bytes, hc32f460_ll_interrupts_share.o(i.DMA2_Error2_IrqHandler))
<BR><BR>[Called By]<UL><LI><a href="#[8b]">&gt;&gt;</a>&nbsp;&nbsp;&nbsp;IRQ129_Handler
</UL>

<P><STRONG><a name="[c0]"></a>DMA2_Error3_IrqHandler</STRONG> (Thumb, 2 bytes, Stack size 0 bytes, hc32f460_ll_interrupts_share.o(i.DMA2_Error3_IrqHandler))
<BR><BR>[Called By]<UL><LI><a href="#[8b]">&gt;&gt;</a>&nbsp;&nbsp;&nbsp;IRQ129_Handler
</UL>

<P><STRONG><a name="[c1]"></a>DMA2_TC0_IrqHandler</STRONG> (Thumb, 2 bytes, Stack size 0 bytes, hc32f460_ll_interrupts_share.o(i.DMA2_TC0_IrqHandler))
<BR><BR>[Called By]<UL><LI><a href="#[8b]">&gt;&gt;</a>&nbsp;&nbsp;&nbsp;IRQ129_Handler
</UL>

<P><STRONG><a name="[c2]"></a>DMA2_TC1_IrqHandler</STRONG> (Thumb, 2 bytes, Stack size 0 bytes, hc32f460_ll_interrupts_share.o(i.DMA2_TC1_IrqHandler))
<BR><BR>[Called By]<UL><LI><a href="#[8b]">&gt;&gt;</a>&nbsp;&nbsp;&nbsp;IRQ129_Handler
</UL>

<P><STRONG><a name="[c3]"></a>DMA2_TC2_IrqHandler</STRONG> (Thumb, 2 bytes, Stack size 0 bytes, hc32f460_ll_interrupts_share.o(i.DMA2_TC2_IrqHandler))
<BR><BR>[Called By]<UL><LI><a href="#[8b]">&gt;&gt;</a>&nbsp;&nbsp;&nbsp;IRQ129_Handler
</UL>

<P><STRONG><a name="[c4]"></a>DMA2_TC3_IrqHandler</STRONG> (Thumb, 2 bytes, Stack size 0 bytes, hc32f460_ll_interrupts_share.o(i.DMA2_TC3_IrqHandler))
<BR><BR>[Called By]<UL><LI><a href="#[8b]">&gt;&gt;</a>&nbsp;&nbsp;&nbsp;IRQ129_Handler
</UL>

<P><STRONG><a name="[1a8]"></a>DMA_ClearTransCompleteStatus</STRONG> (Thumb, 66 bytes, Stack size 16 bytes, hc32_ll_dma.o(i.DMA_ClearTransCompleteStatus))
<BR><BR>[Stack]<UL><LI>Max Depth = 16<LI>Call Chain = DMA_ClearTransCompleteStatus
</UL>
<BR>[Calls]<UL><LI><a href="#[9e]">&gt;&gt;</a>&nbsp;&nbsp;&nbsp;DDL_AssertHandler
</UL>
<BR>[Called By]<UL><LI><a href="#[9d]">&gt;&gt;</a>&nbsp;&nbsp;&nbsp;DMA_TransCompleteCallback
</UL>

<P><STRONG><a name="[1a9]"></a>DMA_Init</STRONG> (Thumb, 382 bytes, Stack size 24 bytes, hc32_ll_dma.o(i.DMA_Init))
<BR><BR>[Stack]<UL><LI>Max Depth = 24<LI>Call Chain = DMA_Init
</UL>
<BR>[Calls]<UL><LI><a href="#[9e]">&gt;&gt;</a>&nbsp;&nbsp;&nbsp;DDL_AssertHandler
</UL>
<BR>[Called By]<UL><LI><a href="#[1d1]">&gt;&gt;</a>&nbsp;&nbsp;&nbsp;LCD_SPI_Config
</UL>

<P><STRONG><a name="[1d5]"></a>DMA_StructInit</STRONG> (Thumb, 34 bytes, Stack size 0 bytes, hc32_ll_dma.o(i.DMA_StructInit))
<BR><BR>[Called By]<UL><LI><a href="#[1d1]">&gt;&gt;</a>&nbsp;&nbsp;&nbsp;LCD_SPI_Config
</UL>

<P><STRONG><a name="[195]"></a>EFM_CacheCmd</STRONG> (Thumb, 56 bytes, Stack size 8 bytes, hc32_ll_efm.o(i.EFM_CacheCmd))
<BR><BR>[Stack]<UL><LI>Max Depth = 8<LI>Call Chain = EFM_CacheCmd
</UL>
<BR>[Calls]<UL><LI><a href="#[9e]">&gt;&gt;</a>&nbsp;&nbsp;&nbsp;DDL_AssertHandler
</UL>
<BR>[Called By]<UL><LI><a href="#[187]">&gt;&gt;</a>&nbsp;&nbsp;&nbsp;BSP_CLK_Init
</UL>

<P><STRONG><a name="[194]"></a>EFM_CacheRamReset</STRONG> (Thumb, 56 bytes, Stack size 8 bytes, hc32_ll_efm.o(i.EFM_CacheRamReset))
<BR><BR>[Stack]<UL><LI>Max Depth = 8<LI>Call Chain = EFM_CacheRamReset
</UL>
<BR>[Calls]<UL><LI><a href="#[9e]">&gt;&gt;</a>&nbsp;&nbsp;&nbsp;DDL_AssertHandler
</UL>
<BR>[Called By]<UL><LI><a href="#[187]">&gt;&gt;</a>&nbsp;&nbsp;&nbsp;BSP_CLK_Init
</UL>

<P><STRONG><a name="[c5]"></a>EFM_ColError_IrqHandler</STRONG> (Thumb, 2 bytes, Stack size 0 bytes, hc32f460_ll_interrupts_share.o(i.EFM_ColError_IrqHandler))
<BR><BR>[Called By]<UL><LI><a href="#[8b]">&gt;&gt;</a>&nbsp;&nbsp;&nbsp;IRQ129_Handler
</UL>

<P><STRONG><a name="[c6]"></a>EFM_OpEnd_IrqHandler</STRONG> (Thumb, 2 bytes, Stack size 0 bytes, hc32f460_ll_interrupts_share.o(i.EFM_OpEnd_IrqHandler))
<BR><BR>[Called By]<UL><LI><a href="#[8b]">&gt;&gt;</a>&nbsp;&nbsp;&nbsp;IRQ129_Handler
</UL>

<P><STRONG><a name="[c7]"></a>EFM_ProgramEraseError_IrqHandler</STRONG> (Thumb, 2 bytes, Stack size 0 bytes, hc32f460_ll_interrupts_share.o(i.EFM_ProgramEraseError_IrqHandler))
<BR><BR>[Called By]<UL><LI><a href="#[8b]">&gt;&gt;</a>&nbsp;&nbsp;&nbsp;IRQ129_Handler
</UL>

<P><STRONG><a name="[190]"></a>EFM_SetWaitCycle</STRONG> (Thumb, 126 bytes, Stack size 16 bytes, hc32_ll_efm.o(i.EFM_SetWaitCycle))
<BR><BR>[Stack]<UL><LI>Max Depth = 16<LI>Call Chain = EFM_SetWaitCycle
</UL>
<BR>[Calls]<UL><LI><a href="#[9e]">&gt;&gt;</a>&nbsp;&nbsp;&nbsp;DDL_AssertHandler
</UL>
<BR>[Called By]<UL><LI><a href="#[187]">&gt;&gt;</a>&nbsp;&nbsp;&nbsp;BSP_CLK_Init
</UL>

<P><STRONG><a name="[c8]"></a>EMB_GR0_IrqHandler</STRONG> (Thumb, 2 bytes, Stack size 0 bytes, hc32f460_ll_interrupts_share.o(i.EMB_GR0_IrqHandler))
<BR><BR>[Called By]<UL><LI><a href="#[96]">&gt;&gt;</a>&nbsp;&nbsp;&nbsp;IRQ140_Handler
</UL>

<P><STRONG><a name="[c9]"></a>EMB_GR1_IrqHandler</STRONG> (Thumb, 2 bytes, Stack size 0 bytes, hc32f460_ll_interrupts_share.o(i.EMB_GR1_IrqHandler))
<BR><BR>[Called By]<UL><LI><a href="#[96]">&gt;&gt;</a>&nbsp;&nbsp;&nbsp;IRQ140_Handler
</UL>

<P><STRONG><a name="[ca]"></a>EMB_GR2_IrqHandler</STRONG> (Thumb, 2 bytes, Stack size 0 bytes, hc32f460_ll_interrupts_share.o(i.EMB_GR2_IrqHandler))
<BR><BR>[Called By]<UL><LI><a href="#[96]">&gt;&gt;</a>&nbsp;&nbsp;&nbsp;IRQ140_Handler
</UL>

<P><STRONG><a name="[cb]"></a>EMB_GR3_IrqHandler</STRONG> (Thumb, 2 bytes, Stack size 0 bytes, hc32f460_ll_interrupts_share.o(i.EMB_GR3_IrqHandler))
<BR><BR>[Called By]<UL><LI><a href="#[96]">&gt;&gt;</a>&nbsp;&nbsp;&nbsp;IRQ140_Handler
</UL>

<P><STRONG><a name="[cc]"></a>EXTINT00_IrqHandler</STRONG> (Thumb, 2 bytes, Stack size 0 bytes, hc32f460_ll_interrupts_share.o(i.EXTINT00_IrqHandler))
<BR><BR>[Called By]<UL><LI><a href="#[8a]">&gt;&gt;</a>&nbsp;&nbsp;&nbsp;IRQ128_Handler
</UL>

<P><STRONG><a name="[cd]"></a>EXTINT01_IrqHandler</STRONG> (Thumb, 2 bytes, Stack size 0 bytes, hc32f460_ll_interrupts_share.o(i.EXTINT01_IrqHandler))
<BR><BR>[Called By]<UL><LI><a href="#[8a]">&gt;&gt;</a>&nbsp;&nbsp;&nbsp;IRQ128_Handler
</UL>

<P><STRONG><a name="[ce]"></a>EXTINT02_IrqHandler</STRONG> (Thumb, 2 bytes, Stack size 0 bytes, hc32f460_ll_interrupts_share.o(i.EXTINT02_IrqHandler))
<BR><BR>[Called By]<UL><LI><a href="#[8a]">&gt;&gt;</a>&nbsp;&nbsp;&nbsp;IRQ128_Handler
</UL>

<P><STRONG><a name="[cf]"></a>EXTINT03_IrqHandler</STRONG> (Thumb, 2 bytes, Stack size 0 bytes, hc32f460_ll_interrupts_share.o(i.EXTINT03_IrqHandler))
<BR><BR>[Called By]<UL><LI><a href="#[8a]">&gt;&gt;</a>&nbsp;&nbsp;&nbsp;IRQ128_Handler
</UL>

<P><STRONG><a name="[d0]"></a>EXTINT04_IrqHandler</STRONG> (Thumb, 2 bytes, Stack size 0 bytes, hc32f460_ll_interrupts_share.o(i.EXTINT04_IrqHandler))
<BR><BR>[Called By]<UL><LI><a href="#[8a]">&gt;&gt;</a>&nbsp;&nbsp;&nbsp;IRQ128_Handler
</UL>

<P><STRONG><a name="[d1]"></a>EXTINT05_IrqHandler</STRONG> (Thumb, 2 bytes, Stack size 0 bytes, hc32f460_ll_interrupts_share.o(i.EXTINT05_IrqHandler))
<BR><BR>[Called By]<UL><LI><a href="#[8a]">&gt;&gt;</a>&nbsp;&nbsp;&nbsp;IRQ128_Handler
</UL>

<P><STRONG><a name="[d2]"></a>EXTINT06_IrqHandler</STRONG> (Thumb, 2 bytes, Stack size 0 bytes, hc32f460_ll_interrupts_share.o(i.EXTINT06_IrqHandler))
<BR><BR>[Called By]<UL><LI><a href="#[8a]">&gt;&gt;</a>&nbsp;&nbsp;&nbsp;IRQ128_Handler
</UL>

<P><STRONG><a name="[d3]"></a>EXTINT07_IrqHandler</STRONG> (Thumb, 2 bytes, Stack size 0 bytes, hc32f460_ll_interrupts_share.o(i.EXTINT07_IrqHandler))
<BR><BR>[Called By]<UL><LI><a href="#[8a]">&gt;&gt;</a>&nbsp;&nbsp;&nbsp;IRQ128_Handler
</UL>

<P><STRONG><a name="[d4]"></a>EXTINT08_IrqHandler</STRONG> (Thumb, 2 bytes, Stack size 0 bytes, hc32f460_ll_interrupts_share.o(i.EXTINT08_IrqHandler))
<BR><BR>[Called By]<UL><LI><a href="#[8a]">&gt;&gt;</a>&nbsp;&nbsp;&nbsp;IRQ128_Handler
</UL>

<P><STRONG><a name="[d5]"></a>EXTINT09_IrqHandler</STRONG> (Thumb, 2 bytes, Stack size 0 bytes, hc32f460_ll_interrupts_share.o(i.EXTINT09_IrqHandler))
<BR><BR>[Called By]<UL><LI><a href="#[8a]">&gt;&gt;</a>&nbsp;&nbsp;&nbsp;IRQ128_Handler
</UL>

<P><STRONG><a name="[d6]"></a>EXTINT10_IrqHandler</STRONG> (Thumb, 2 bytes, Stack size 0 bytes, hc32f460_ll_interrupts_share.o(i.EXTINT10_IrqHandler))
<BR><BR>[Called By]<UL><LI><a href="#[8a]">&gt;&gt;</a>&nbsp;&nbsp;&nbsp;IRQ128_Handler
</UL>

<P><STRONG><a name="[d7]"></a>EXTINT11_IrqHandler</STRONG> (Thumb, 2 bytes, Stack size 0 bytes, hc32f460_ll_interrupts_share.o(i.EXTINT11_IrqHandler))
<BR><BR>[Called By]<UL><LI><a href="#[8a]">&gt;&gt;</a>&nbsp;&nbsp;&nbsp;IRQ128_Handler
</UL>

<P><STRONG><a name="[d8]"></a>EXTINT12_IrqHandler</STRONG> (Thumb, 2 bytes, Stack size 0 bytes, hc32f460_ll_interrupts_share.o(i.EXTINT12_IrqHandler))
<BR><BR>[Called By]<UL><LI><a href="#[8a]">&gt;&gt;</a>&nbsp;&nbsp;&nbsp;IRQ128_Handler
</UL>

<P><STRONG><a name="[d9]"></a>EXTINT13_IrqHandler</STRONG> (Thumb, 2 bytes, Stack size 0 bytes, hc32f460_ll_interrupts_share.o(i.EXTINT13_IrqHandler))
<BR><BR>[Called By]<UL><LI><a href="#[8a]">&gt;&gt;</a>&nbsp;&nbsp;&nbsp;IRQ128_Handler
</UL>

<P><STRONG><a name="[da]"></a>EXTINT14_IrqHandler</STRONG> (Thumb, 2 bytes, Stack size 0 bytes, hc32f460_ll_interrupts_share.o(i.EXTINT14_IrqHandler))
<BR><BR>[Called By]<UL><LI><a href="#[8a]">&gt;&gt;</a>&nbsp;&nbsp;&nbsp;IRQ128_Handler
</UL>

<P><STRONG><a name="[db]"></a>EXTINT15_IrqHandler</STRONG> (Thumb, 2 bytes, Stack size 0 bytes, hc32f460_ll_interrupts_share.o(i.EXTINT15_IrqHandler))
<BR><BR>[Called By]<UL><LI><a href="#[8a]">&gt;&gt;</a>&nbsp;&nbsp;&nbsp;IRQ128_Handler
</UL>

<P><STRONG><a name="[1aa]"></a>FCG_Fcg0PeriphClockCmd</STRONG> (Thumb, 104 bytes, Stack size 16 bytes, hc32_ll_fcg.o(i.FCG_Fcg0PeriphClockCmd))
<BR><BR>[Stack]<UL><LI>Max Depth = 16<LI>Call Chain = FCG_Fcg0PeriphClockCmd
</UL>
<BR>[Calls]<UL><LI><a href="#[9e]">&gt;&gt;</a>&nbsp;&nbsp;&nbsp;DDL_AssertHandler
</UL>
<BR>[Called By]<UL><LI><a href="#[1d1]">&gt;&gt;</a>&nbsp;&nbsp;&nbsp;LCD_SPI_Config
</UL>

<P><STRONG><a name="[1ab]"></a>FCG_Fcg1PeriphClockCmd</STRONG> (Thumb, 80 bytes, Stack size 16 bytes, hc32_ll_fcg.o(i.FCG_Fcg1PeriphClockCmd))
<BR><BR>[Stack]<UL><LI>Max Depth = 16<LI>Call Chain = FCG_Fcg1PeriphClockCmd
</UL>
<BR>[Calls]<UL><LI><a href="#[9e]">&gt;&gt;</a>&nbsp;&nbsp;&nbsp;DDL_AssertHandler
</UL>
<BR>[Called By]<UL><LI><a href="#[1d1]">&gt;&gt;</a>&nbsp;&nbsp;&nbsp;LCD_SPI_Config
<LI><a href="#[19d]">&gt;&gt;</a>&nbsp;&nbsp;&nbsp;I2C_Hardware_Init
</UL>

<P><STRONG><a name="[dc]"></a>FCM_End_IrqHandler</STRONG> (Thumb, 2 bytes, Stack size 0 bytes, hc32f460_ll_interrupts_share.o(i.FCM_End_IrqHandler))
<BR><BR>[Called By]<UL><LI><a href="#[97]">&gt;&gt;</a>&nbsp;&nbsp;&nbsp;IRQ141_Handler
</UL>

<P><STRONG><a name="[dd]"></a>FCM_Error_IrqHandler</STRONG> (Thumb, 2 bytes, Stack size 0 bytes, hc32f460_ll_interrupts_share.o(i.FCM_Error_IrqHandler))
<BR><BR>[Called By]<UL><LI><a href="#[97]">&gt;&gt;</a>&nbsp;&nbsp;&nbsp;IRQ141_Handler
</UL>

<P><STRONG><a name="[de]"></a>FCM_Ovf_IrqHandler</STRONG> (Thumb, 2 bytes, Stack size 0 bytes, hc32f460_ll_interrupts_share.o(i.FCM_Ovf_IrqHandler))
<BR><BR>[Called By]<UL><LI><a href="#[97]">&gt;&gt;</a>&nbsp;&nbsp;&nbsp;IRQ141_Handler
</UL>

<P><STRONG><a name="[188]"></a>GPIO_AnalogCmd</STRONG> (Thumb, 162 bytes, Stack size 24 bytes, hc32_ll_gpio.o(i.GPIO_AnalogCmd))
<BR><BR>[Stack]<UL><LI>Max Depth = 24<LI>Call Chain = GPIO_AnalogCmd
</UL>
<BR>[Calls]<UL><LI><a href="#[9e]">&gt;&gt;</a>&nbsp;&nbsp;&nbsp;DDL_AssertHandler
</UL>
<BR>[Called By]<UL><LI><a href="#[187]">&gt;&gt;</a>&nbsp;&nbsp;&nbsp;BSP_CLK_Init
</UL>

<P><STRONG><a name="[1ac]"></a>GPIO_Init</STRONG> (Thumb, 464 bytes, Stack size 40 bytes, hc32_ll_gpio.o(i.GPIO_Init))
<BR><BR>[Stack]<UL><LI>Max Depth = 40<LI>Call Chain = GPIO_Init
</UL>
<BR>[Calls]<UL><LI><a href="#[9e]">&gt;&gt;</a>&nbsp;&nbsp;&nbsp;DDL_AssertHandler
</UL>
<BR>[Called By]<UL><LI><a href="#[1df]">&gt;&gt;</a>&nbsp;&nbsp;&nbsp;On_Borad_Peripheral_Init
<LI><a href="#[1d1]">&gt;&gt;</a>&nbsp;&nbsp;&nbsp;LCD_SPI_Config
<LI><a href="#[19d]">&gt;&gt;</a>&nbsp;&nbsp;&nbsp;I2C_Hardware_Init
<LI><a href="#[1ce]">&gt;&gt;</a>&nbsp;&nbsp;&nbsp;LCD_GPIO_Init
</UL>

<P><STRONG><a name="[1ad]"></a>GPIO_ReadInputPins</STRONG> (Thumb, 88 bytes, Stack size 16 bytes, hc32_ll_gpio.o(i.GPIO_ReadInputPins))
<BR><BR>[Stack]<UL><LI>Max Depth = 16<LI>Call Chain = GPIO_ReadInputPins
</UL>
<BR>[Calls]<UL><LI><a href="#[9e]">&gt;&gt;</a>&nbsp;&nbsp;&nbsp;DDL_AssertHandler
</UL>
<BR>[Called By]<UL><LI><a href="#[9a]">&gt;&gt;</a>&nbsp;&nbsp;&nbsp;main
</UL>

<P><STRONG><a name="[1ae]"></a>GPIO_ResetPins</STRONG> (Thumb, 82 bytes, Stack size 16 bytes, hc32_ll_gpio.o(i.GPIO_ResetPins))
<BR><BR>[Stack]<UL><LI>Max Depth = 16<LI>Call Chain = GPIO_ResetPins
</UL>
<BR>[Calls]<UL><LI><a href="#[9e]">&gt;&gt;</a>&nbsp;&nbsp;&nbsp;DDL_AssertHandler
</UL>
<BR>[Called By]<UL><LI><a href="#[1cf]">&gt;&gt;</a>&nbsp;&nbsp;&nbsp;LCD_Init
<LI><a href="#[1cb]">&gt;&gt;</a>&nbsp;&nbsp;&nbsp;LCD_Fill
<LI><a href="#[9a]">&gt;&gt;</a>&nbsp;&nbsp;&nbsp;main
<LI><a href="#[1c8]">&gt;&gt;</a>&nbsp;&nbsp;&nbsp;LCD_WR_REG
<LI><a href="#[1d0]">&gt;&gt;</a>&nbsp;&nbsp;&nbsp;LCD_WR_DATA8
<LI><a href="#[1c9]">&gt;&gt;</a>&nbsp;&nbsp;&nbsp;LCD_WR_DATA
</UL>

<P><STRONG><a name="[1af]"></a>GPIO_SetDebugPort</STRONG> (Thumb, 124 bytes, Stack size 16 bytes, hc32_ll_gpio.o(i.GPIO_SetDebugPort))
<BR><BR>[Stack]<UL><LI>Max Depth = 16<LI>Call Chain = GPIO_SetDebugPort
</UL>
<BR>[Calls]<UL><LI><a href="#[9e]">&gt;&gt;</a>&nbsp;&nbsp;&nbsp;DDL_AssertHandler
</UL>
<BR>[Called By]<UL><LI><a href="#[9a]">&gt;&gt;</a>&nbsp;&nbsp;&nbsp;main
</UL>

<P><STRONG><a name="[1b0]"></a>GPIO_SetFunc</STRONG> (Thumb, 186 bytes, Stack size 24 bytes, hc32_ll_gpio.o(i.GPIO_SetFunc))
<BR><BR>[Stack]<UL><LI>Max Depth = 24<LI>Call Chain = GPIO_SetFunc
</UL>
<BR>[Calls]<UL><LI><a href="#[9e]">&gt;&gt;</a>&nbsp;&nbsp;&nbsp;DDL_AssertHandler
</UL>
<BR>[Called By]<UL><LI><a href="#[1d1]">&gt;&gt;</a>&nbsp;&nbsp;&nbsp;LCD_SPI_Config
<LI><a href="#[19d]">&gt;&gt;</a>&nbsp;&nbsp;&nbsp;I2C_Hardware_Init
</UL>

<P><STRONG><a name="[1b1]"></a>GPIO_SetPins</STRONG> (Thumb, 82 bytes, Stack size 16 bytes, hc32_ll_gpio.o(i.GPIO_SetPins))
<BR><BR>[Stack]<UL><LI>Max Depth = 16<LI>Call Chain = GPIO_SetPins
</UL>
<BR>[Calls]<UL><LI><a href="#[9e]">&gt;&gt;</a>&nbsp;&nbsp;&nbsp;DDL_AssertHandler
</UL>
<BR>[Called By]<UL><LI><a href="#[1cf]">&gt;&gt;</a>&nbsp;&nbsp;&nbsp;LCD_Init
<LI><a href="#[1cb]">&gt;&gt;</a>&nbsp;&nbsp;&nbsp;LCD_Fill
<LI><a href="#[9a]">&gt;&gt;</a>&nbsp;&nbsp;&nbsp;main
<LI><a href="#[1c8]">&gt;&gt;</a>&nbsp;&nbsp;&nbsp;LCD_WR_REG
<LI><a href="#[1ce]">&gt;&gt;</a>&nbsp;&nbsp;&nbsp;LCD_GPIO_Init
<LI><a href="#[1d0]">&gt;&gt;</a>&nbsp;&nbsp;&nbsp;LCD_WR_DATA8
<LI><a href="#[1c9]">&gt;&gt;</a>&nbsp;&nbsp;&nbsp;LCD_WR_DATA
</UL>

<P><STRONG><a name="[191]"></a>GPIO_SetReadWaitCycle</STRONG> (Thumb, 90 bytes, Stack size 8 bytes, hc32_ll_gpio.o(i.GPIO_SetReadWaitCycle))
<BR><BR>[Stack]<UL><LI>Max Depth = 8<LI>Call Chain = GPIO_SetReadWaitCycle
</UL>
<BR>[Calls]<UL><LI><a href="#[9e]">&gt;&gt;</a>&nbsp;&nbsp;&nbsp;DDL_AssertHandler
</UL>
<BR>[Called By]<UL><LI><a href="#[187]">&gt;&gt;</a>&nbsp;&nbsp;&nbsp;BSP_CLK_Init
</UL>

<P><STRONG><a name="[1c0]"></a>GPIO_StructInit</STRONG> (Thumb, 32 bytes, Stack size 0 bytes, hc32_ll_gpio.o(i.GPIO_StructInit))
<BR><BR>[Called By]<UL><LI><a href="#[1df]">&gt;&gt;</a>&nbsp;&nbsp;&nbsp;On_Borad_Peripheral_Init
<LI><a href="#[1d1]">&gt;&gt;</a>&nbsp;&nbsp;&nbsp;LCD_SPI_Config
<LI><a href="#[19d]">&gt;&gt;</a>&nbsp;&nbsp;&nbsp;I2C_Hardware_Init
<LI><a href="#[1ce]">&gt;&gt;</a>&nbsp;&nbsp;&nbsp;LCD_GPIO_Init
</UL>

<P><STRONG><a name="[df]"></a>I2C1_EE_IrqHandler</STRONG> (Thumb, 2 bytes, Stack size 0 bytes, hc32f460_ll_interrupts_share.o(i.I2C1_EE_IrqHandler))
<BR><BR>[Called By]<UL><LI><a href="#[97]">&gt;&gt;</a>&nbsp;&nbsp;&nbsp;IRQ141_Handler
</UL>

<P><STRONG><a name="[e0]"></a>I2C1_RxFull_IrqHandler</STRONG> (Thumb, 2 bytes, Stack size 0 bytes, hc32f460_ll_interrupts_share.o(i.I2C1_RxFull_IrqHandler))
<BR><BR>[Called By]<UL><LI><a href="#[97]">&gt;&gt;</a>&nbsp;&nbsp;&nbsp;IRQ141_Handler
</UL>

<P><STRONG><a name="[e1]"></a>I2C1_TxComplete_IrqHandler</STRONG> (Thumb, 2 bytes, Stack size 0 bytes, hc32f460_ll_interrupts_share.o(i.I2C1_TxComplete_IrqHandler))
<BR><BR>[Called By]<UL><LI><a href="#[97]">&gt;&gt;</a>&nbsp;&nbsp;&nbsp;IRQ141_Handler
</UL>

<P><STRONG><a name="[e2]"></a>I2C1_TxEmpty_IrqHandler</STRONG> (Thumb, 2 bytes, Stack size 0 bytes, hc32f460_ll_interrupts_share.o(i.I2C1_TxEmpty_IrqHandler))
<BR><BR>[Called By]<UL><LI><a href="#[97]">&gt;&gt;</a>&nbsp;&nbsp;&nbsp;IRQ141_Handler
</UL>

<P><STRONG><a name="[e3]"></a>I2C2_EE_IrqHandler</STRONG> (Thumb, 2 bytes, Stack size 0 bytes, hc32f460_ll_interrupts_share.o(i.I2C2_EE_IrqHandler))
<BR><BR>[Called By]<UL><LI><a href="#[97]">&gt;&gt;</a>&nbsp;&nbsp;&nbsp;IRQ141_Handler
</UL>

<P><STRONG><a name="[e4]"></a>I2C2_RxFull_IrqHandler</STRONG> (Thumb, 2 bytes, Stack size 0 bytes, hc32f460_ll_interrupts_share.o(i.I2C2_RxFull_IrqHandler))
<BR><BR>[Called By]<UL><LI><a href="#[97]">&gt;&gt;</a>&nbsp;&nbsp;&nbsp;IRQ141_Handler
</UL>

<P><STRONG><a name="[e5]"></a>I2C2_TxComplete_IrqHandler</STRONG> (Thumb, 2 bytes, Stack size 0 bytes, hc32f460_ll_interrupts_share.o(i.I2C2_TxComplete_IrqHandler))
<BR><BR>[Called By]<UL><LI><a href="#[97]">&gt;&gt;</a>&nbsp;&nbsp;&nbsp;IRQ141_Handler
</UL>

<P><STRONG><a name="[e6]"></a>I2C2_TxEmpty_IrqHandler</STRONG> (Thumb, 2 bytes, Stack size 0 bytes, hc32f460_ll_interrupts_share.o(i.I2C2_TxEmpty_IrqHandler))
<BR><BR>[Called By]<UL><LI><a href="#[97]">&gt;&gt;</a>&nbsp;&nbsp;&nbsp;IRQ141_Handler
</UL>

<P><STRONG><a name="[e7]"></a>I2C3_EE_IrqHandler</STRONG> (Thumb, 2 bytes, Stack size 0 bytes, hc32f460_ll_interrupts_share.o(i.I2C3_EE_IrqHandler))
<BR><BR>[Called By]<UL><LI><a href="#[97]">&gt;&gt;</a>&nbsp;&nbsp;&nbsp;IRQ141_Handler
</UL>

<P><STRONG><a name="[e8]"></a>I2C3_RxFull_IrqHandler</STRONG> (Thumb, 2 bytes, Stack size 0 bytes, hc32f460_ll_interrupts_share.o(i.I2C3_RxFull_IrqHandler))
<BR><BR>[Called By]<UL><LI><a href="#[97]">&gt;&gt;</a>&nbsp;&nbsp;&nbsp;IRQ141_Handler
</UL>

<P><STRONG><a name="[e9]"></a>I2C3_TxComplete_IrqHandler</STRONG> (Thumb, 2 bytes, Stack size 0 bytes, hc32f460_ll_interrupts_share.o(i.I2C3_TxComplete_IrqHandler))
<BR><BR>[Called By]<UL><LI><a href="#[97]">&gt;&gt;</a>&nbsp;&nbsp;&nbsp;IRQ141_Handler
</UL>

<P><STRONG><a name="[ea]"></a>I2C3_TxEmpty_IrqHandler</STRONG> (Thumb, 2 bytes, Stack size 0 bytes, hc32f460_ll_interrupts_share.o(i.I2C3_TxEmpty_IrqHandler))
<BR><BR>[Called By]<UL><LI><a href="#[97]">&gt;&gt;</a>&nbsp;&nbsp;&nbsp;IRQ141_Handler
</UL>

<P><STRONG><a name="[1b2]"></a>I2C_AckConfig</STRONG> (Thumb, 80 bytes, Stack size 16 bytes, hc32_ll_i2c.o(i.I2C_AckConfig))
<BR><BR>[Stack]<UL><LI>Max Depth = 16<LI>Call Chain = I2C_AckConfig
</UL>
<BR>[Calls]<UL><LI><a href="#[9e]">&gt;&gt;</a>&nbsp;&nbsp;&nbsp;DDL_AssertHandler
</UL>
<BR>[Called By]<UL><LI><a href="#[1a6]">&gt;&gt;</a>&nbsp;&nbsp;&nbsp;I2C_MasterReceiveDataAndStop
</UL>

<P><STRONG><a name="[1b3]"></a>I2C_BaudrateConfig</STRONG> (Thumb, 518 bytes, Stack size 88 bytes, hc32_ll_i2c.o(i.I2C_BaudrateConfig))
<BR><BR>[Stack]<UL><LI>Max Depth = 108<LI>Call Chain = I2C_BaudrateConfig &rArr; __aeabi_fsub &rArr; __aeabi_fadd &rArr; _float_epilogue
</UL>
<BR>[Calls]<UL><LI><a href="#[9e]">&gt;&gt;</a>&nbsp;&nbsp;&nbsp;DDL_AssertHandler
<LI><a href="#[183]">&gt;&gt;</a>&nbsp;&nbsp;&nbsp;__aeabi_ui2f
<LI><a href="#[181]">&gt;&gt;</a>&nbsp;&nbsp;&nbsp;__aeabi_fsub
<LI><a href="#[182]">&gt;&gt;</a>&nbsp;&nbsp;&nbsp;__aeabi_frsub
<LI><a href="#[1b4]">&gt;&gt;</a>&nbsp;&nbsp;&nbsp;__aeabi_fmul
<LI><a href="#[184]">&gt;&gt;</a>&nbsp;&nbsp;&nbsp;__aeabi_fdiv
<LI><a href="#[17e]">&gt;&gt;</a>&nbsp;&nbsp;&nbsp;__aeabi_fadd
<LI><a href="#[1b5]">&gt;&gt;</a>&nbsp;&nbsp;&nbsp;__aeabi_f2uiz
<LI><a href="#[1b6]">&gt;&gt;</a>&nbsp;&nbsp;&nbsp;__aeabi_cfrcmple
<LI><a href="#[1b7]">&gt;&gt;</a>&nbsp;&nbsp;&nbsp;__aeabi_cfcmple
</UL>
<BR>[Called By]<UL><LI><a href="#[1c2]">&gt;&gt;</a>&nbsp;&nbsp;&nbsp;I2C_Init
</UL>

<P><STRONG><a name="[1b8]"></a>I2C_BusWaitCmd</STRONG> (Thumb, 86 bytes, Stack size 16 bytes, hc32_ll_i2c.o(i.I2C_BusWaitCmd))
<BR><BR>[Stack]<UL><LI>Max Depth = 16<LI>Call Chain = I2C_BusWaitCmd
</UL>
<BR>[Calls]<UL><LI><a href="#[9e]">&gt;&gt;</a>&nbsp;&nbsp;&nbsp;DDL_AssertHandler
</UL>
<BR>[Called By]<UL><LI><a href="#[19d]">&gt;&gt;</a>&nbsp;&nbsp;&nbsp;I2C_Hardware_Init
</UL>

<P><STRONG><a name="[1b9]"></a>I2C_ClearStatus</STRONG> (Thumb, 72 bytes, Stack size 16 bytes, hc32_ll_i2c.o(i.I2C_ClearStatus))
<BR><BR>[Stack]<UL><LI>Max Depth = 16<LI>Call Chain = I2C_ClearStatus
</UL>
<BR>[Calls]<UL><LI><a href="#[9e]">&gt;&gt;</a>&nbsp;&nbsp;&nbsp;DDL_AssertHandler
</UL>
<BR>[Called By]<UL><LI><a href="#[1a7]">&gt;&gt;</a>&nbsp;&nbsp;&nbsp;I2C_Stop
<LI><a href="#[1a5]">&gt;&gt;</a>&nbsp;&nbsp;&nbsp;I2C_Restart
<LI><a href="#[1a6]">&gt;&gt;</a>&nbsp;&nbsp;&nbsp;I2C_MasterReceiveDataAndStop
</UL>

<P><STRONG><a name="[1ba]"></a>I2C_Cmd</STRONG> (Thumb, 72 bytes, Stack size 16 bytes, hc32_ll_i2c.o(i.I2C_Cmd))
<BR><BR>[Stack]<UL><LI>Max Depth = 16<LI>Call Chain = I2C_Cmd
</UL>
<BR>[Calls]<UL><LI><a href="#[9e]">&gt;&gt;</a>&nbsp;&nbsp;&nbsp;DDL_AssertHandler
</UL>
<BR>[Called By]<UL><LI><a href="#[19d]">&gt;&gt;</a>&nbsp;&nbsp;&nbsp;I2C_Hardware_Init
</UL>

<P><STRONG><a name="[1bb]"></a>I2C_DeInit</STRONG> (Thumb, 58 bytes, Stack size 8 bytes, hc32_ll_i2c.o(i.I2C_DeInit))
<BR><BR>[Stack]<UL><LI>Max Depth = 8<LI>Call Chain = I2C_DeInit
</UL>
<BR>[Calls]<UL><LI><a href="#[9e]">&gt;&gt;</a>&nbsp;&nbsp;&nbsp;DDL_AssertHandler
</UL>
<BR>[Called By]<UL><LI><a href="#[19d]">&gt;&gt;</a>&nbsp;&nbsp;&nbsp;I2C_Hardware_Init
</UL>

<P><STRONG><a name="[1bc]"></a>I2C_GenerateRestart</STRONG> (Thumb, 46 bytes, Stack size 8 bytes, hc32_ll_i2c.o(i.I2C_GenerateRestart))
<BR><BR>[Stack]<UL><LI>Max Depth = 8<LI>Call Chain = I2C_GenerateRestart
</UL>
<BR>[Calls]<UL><LI><a href="#[9e]">&gt;&gt;</a>&nbsp;&nbsp;&nbsp;DDL_AssertHandler
</UL>
<BR>[Called By]<UL><LI><a href="#[1a5]">&gt;&gt;</a>&nbsp;&nbsp;&nbsp;I2C_Restart
</UL>

<P><STRONG><a name="[1bd]"></a>I2C_GenerateStart</STRONG> (Thumb, 46 bytes, Stack size 8 bytes, hc32_ll_i2c.o(i.I2C_GenerateStart))
<BR><BR>[Stack]<UL><LI>Max Depth = 8<LI>Call Chain = I2C_GenerateStart
</UL>
<BR>[Calls]<UL><LI><a href="#[9e]">&gt;&gt;</a>&nbsp;&nbsp;&nbsp;DDL_AssertHandler
</UL>
<BR>[Called By]<UL><LI><a href="#[1a2]">&gt;&gt;</a>&nbsp;&nbsp;&nbsp;I2C_Start
</UL>

<P><STRONG><a name="[1be]"></a>I2C_GenerateStop</STRONG> (Thumb, 46 bytes, Stack size 8 bytes, hc32_ll_i2c.o(i.I2C_GenerateStop))
<BR><BR>[Stack]<UL><LI>Max Depth = 8<LI>Call Chain = I2C_GenerateStop
</UL>
<BR>[Calls]<UL><LI><a href="#[9e]">&gt;&gt;</a>&nbsp;&nbsp;&nbsp;DDL_AssertHandler
</UL>
<BR>[Called By]<UL><LI><a href="#[1a7]">&gt;&gt;</a>&nbsp;&nbsp;&nbsp;I2C_Stop
<LI><a href="#[1a6]">&gt;&gt;</a>&nbsp;&nbsp;&nbsp;I2C_MasterReceiveDataAndStop
</UL>

<P><STRONG><a name="[1bf]"></a>I2C_GetStatus</STRONG> (Thumb, 82 bytes, Stack size 16 bytes, hc32_ll_i2c.o(i.I2C_GetStatus))
<BR><BR>[Stack]<UL><LI>Max Depth = 16<LI>Call Chain = I2C_GetStatus
</UL>
<BR>[Calls]<UL><LI><a href="#[9e]">&gt;&gt;</a>&nbsp;&nbsp;&nbsp;DDL_AssertHandler
</UL>
<BR>[Called By]<UL><LI><a href="#[1a4]">&gt;&gt;</a>&nbsp;&nbsp;&nbsp;I2C_TransData
<LI><a href="#[1a3]">&gt;&gt;</a>&nbsp;&nbsp;&nbsp;I2C_TransAddr
<LI><a href="#[1a7]">&gt;&gt;</a>&nbsp;&nbsp;&nbsp;I2C_Stop
</UL>

<P><STRONG><a name="[1c2]"></a>I2C_Init</STRONG> (Thumb, 176 bytes, Stack size 24 bytes, hc32_ll_i2c.o(i.I2C_Init))
<BR><BR>[Stack]<UL><LI>Max Depth = 132<LI>Call Chain = I2C_Init &rArr; I2C_BaudrateConfig &rArr; __aeabi_fsub &rArr; __aeabi_fadd &rArr; _float_epilogue
</UL>
<BR>[Calls]<UL><LI><a href="#[9e]">&gt;&gt;</a>&nbsp;&nbsp;&nbsp;DDL_AssertHandler
<LI><a href="#[1b3]">&gt;&gt;</a>&nbsp;&nbsp;&nbsp;I2C_BaudrateConfig
</UL>
<BR>[Called By]<UL><LI><a href="#[19d]">&gt;&gt;</a>&nbsp;&nbsp;&nbsp;I2C_Hardware_Init
</UL>

<P><STRONG><a name="[1a6]"></a>I2C_MasterReceiveDataAndStop</STRONG> (Thumb, 218 bytes, Stack size 32 bytes, hc32_ll_i2c.o(i.I2C_MasterReceiveDataAndStop))
<BR><BR>[Stack]<UL><LI>Max Depth = 64<LI>Call Chain = I2C_MasterReceiveDataAndStop &rArr; I2C_WaitStatus
</UL>
<BR>[Calls]<UL><LI><a href="#[9e]">&gt;&gt;</a>&nbsp;&nbsp;&nbsp;DDL_AssertHandler
<LI><a href="#[1c3]">&gt;&gt;</a>&nbsp;&nbsp;&nbsp;I2C_WaitStatus
<LI><a href="#[1c4]">&gt;&gt;</a>&nbsp;&nbsp;&nbsp;I2C_ReadData
<LI><a href="#[1be]">&gt;&gt;</a>&nbsp;&nbsp;&nbsp;I2C_GenerateStop
<LI><a href="#[1b9]">&gt;&gt;</a>&nbsp;&nbsp;&nbsp;I2C_ClearStatus
<LI><a href="#[1b2]">&gt;&gt;</a>&nbsp;&nbsp;&nbsp;I2C_AckConfig
</UL>
<BR>[Called By]<UL><LI><a href="#[1a1]">&gt;&gt;</a>&nbsp;&nbsp;&nbsp;DA213_Read_Buffer
</UL>

<P><STRONG><a name="[1c4]"></a>I2C_ReadData</STRONG> (Thumb, 44 bytes, Stack size 8 bytes, hc32_ll_i2c.o(i.I2C_ReadData))
<BR><BR>[Stack]<UL><LI>Max Depth = 8<LI>Call Chain = I2C_ReadData
</UL>
<BR>[Calls]<UL><LI><a href="#[9e]">&gt;&gt;</a>&nbsp;&nbsp;&nbsp;DDL_AssertHandler
</UL>
<BR>[Called By]<UL><LI><a href="#[1a6]">&gt;&gt;</a>&nbsp;&nbsp;&nbsp;I2C_MasterReceiveDataAndStop
</UL>

<P><STRONG><a name="[1a5]"></a>I2C_Restart</STRONG> (Thumb, 88 bytes, Stack size 16 bytes, hc32_ll_i2c.o(i.I2C_Restart))
<BR><BR>[Stack]<UL><LI>Max Depth = 48<LI>Call Chain = I2C_Restart &rArr; I2C_WaitStatus
</UL>
<BR>[Calls]<UL><LI><a href="#[9e]">&gt;&gt;</a>&nbsp;&nbsp;&nbsp;DDL_AssertHandler
<LI><a href="#[1c3]">&gt;&gt;</a>&nbsp;&nbsp;&nbsp;I2C_WaitStatus
<LI><a href="#[1bc]">&gt;&gt;</a>&nbsp;&nbsp;&nbsp;I2C_GenerateRestart
<LI><a href="#[1b9]">&gt;&gt;</a>&nbsp;&nbsp;&nbsp;I2C_ClearStatus
</UL>
<BR>[Called By]<UL><LI><a href="#[1a1]">&gt;&gt;</a>&nbsp;&nbsp;&nbsp;DA213_Read_Buffer
</UL>

<P><STRONG><a name="[1a2]"></a>I2C_Start</STRONG> (Thumb, 82 bytes, Stack size 16 bytes, hc32_ll_i2c.o(i.I2C_Start))
<BR><BR>[Stack]<UL><LI>Max Depth = 48<LI>Call Chain = I2C_Start &rArr; I2C_WaitStatus
</UL>
<BR>[Calls]<UL><LI><a href="#[9e]">&gt;&gt;</a>&nbsp;&nbsp;&nbsp;DDL_AssertHandler
<LI><a href="#[1c3]">&gt;&gt;</a>&nbsp;&nbsp;&nbsp;I2C_WaitStatus
<LI><a href="#[1bd]">&gt;&gt;</a>&nbsp;&nbsp;&nbsp;I2C_GenerateStart
</UL>
<BR>[Called By]<UL><LI><a href="#[19f]">&gt;&gt;</a>&nbsp;&nbsp;&nbsp;DA213_Write_Reg
<LI><a href="#[1a1]">&gt;&gt;</a>&nbsp;&nbsp;&nbsp;DA213_Read_Buffer
</UL>

<P><STRONG><a name="[1a7]"></a>I2C_Stop</STRONG> (Thumb, 92 bytes, Stack size 16 bytes, hc32_ll_i2c.o(i.I2C_Stop))
<BR><BR>[Stack]<UL><LI>Max Depth = 48<LI>Call Chain = I2C_Stop &rArr; I2C_WaitStatus
</UL>
<BR>[Calls]<UL><LI><a href="#[9e]">&gt;&gt;</a>&nbsp;&nbsp;&nbsp;DDL_AssertHandler
<LI><a href="#[1c3]">&gt;&gt;</a>&nbsp;&nbsp;&nbsp;I2C_WaitStatus
<LI><a href="#[1bf]">&gt;&gt;</a>&nbsp;&nbsp;&nbsp;I2C_GetStatus
<LI><a href="#[1be]">&gt;&gt;</a>&nbsp;&nbsp;&nbsp;I2C_GenerateStop
<LI><a href="#[1b9]">&gt;&gt;</a>&nbsp;&nbsp;&nbsp;I2C_ClearStatus
</UL>
<BR>[Called By]<UL><LI><a href="#[19f]">&gt;&gt;</a>&nbsp;&nbsp;&nbsp;DA213_Write_Reg
<LI><a href="#[1a1]">&gt;&gt;</a>&nbsp;&nbsp;&nbsp;DA213_Read_Buffer
</UL>

<P><STRONG><a name="[1c1]"></a>I2C_StructInit</STRONG> (Thumb, 24 bytes, Stack size 0 bytes, hc32_ll_i2c.o(i.I2C_StructInit))
<BR><BR>[Called By]<UL><LI><a href="#[19d]">&gt;&gt;</a>&nbsp;&nbsp;&nbsp;I2C_Hardware_Init
</UL>

<P><STRONG><a name="[1a3]"></a>I2C_TransAddr</STRONG> (Thumb, 174 bytes, Stack size 24 bytes, hc32_ll_i2c.o(i.I2C_TransAddr))
<BR><BR>[Stack]<UL><LI>Max Depth = 56<LI>Call Chain = I2C_TransAddr &rArr; I2C_WaitStatus
</UL>
<BR>[Calls]<UL><LI><a href="#[9e]">&gt;&gt;</a>&nbsp;&nbsp;&nbsp;DDL_AssertHandler
<LI><a href="#[1c5]">&gt;&gt;</a>&nbsp;&nbsp;&nbsp;I2C_WriteData
<LI><a href="#[1c3]">&gt;&gt;</a>&nbsp;&nbsp;&nbsp;I2C_WaitStatus
<LI><a href="#[1bf]">&gt;&gt;</a>&nbsp;&nbsp;&nbsp;I2C_GetStatus
</UL>
<BR>[Called By]<UL><LI><a href="#[19f]">&gt;&gt;</a>&nbsp;&nbsp;&nbsp;DA213_Write_Reg
<LI><a href="#[1a1]">&gt;&gt;</a>&nbsp;&nbsp;&nbsp;DA213_Read_Buffer
</UL>

<P><STRONG><a name="[1a4]"></a>I2C_TransData</STRONG> (Thumb, 140 bytes, Stack size 32 bytes, hc32_ll_i2c.o(i.I2C_TransData))
<BR><BR>[Stack]<UL><LI>Max Depth = 64<LI>Call Chain = I2C_TransData &rArr; I2C_WaitStatus
</UL>
<BR>[Calls]<UL><LI><a href="#[9e]">&gt;&gt;</a>&nbsp;&nbsp;&nbsp;DDL_AssertHandler
<LI><a href="#[1c5]">&gt;&gt;</a>&nbsp;&nbsp;&nbsp;I2C_WriteData
<LI><a href="#[1c3]">&gt;&gt;</a>&nbsp;&nbsp;&nbsp;I2C_WaitStatus
<LI><a href="#[1bf]">&gt;&gt;</a>&nbsp;&nbsp;&nbsp;I2C_GetStatus
</UL>
<BR>[Called By]<UL><LI><a href="#[19f]">&gt;&gt;</a>&nbsp;&nbsp;&nbsp;DA213_Write_Reg
<LI><a href="#[1a1]">&gt;&gt;</a>&nbsp;&nbsp;&nbsp;DA213_Read_Buffer
</UL>

<P><STRONG><a name="[1c3]"></a>I2C_WaitStatus</STRONG> (Thumb, 144 bytes, Stack size 32 bytes, hc32_ll_i2c.o(i.I2C_WaitStatus))
<BR><BR>[Stack]<UL><LI>Max Depth = 32<LI>Call Chain = I2C_WaitStatus
</UL>
<BR>[Calls]<UL><LI><a href="#[9e]">&gt;&gt;</a>&nbsp;&nbsp;&nbsp;DDL_AssertHandler
</UL>
<BR>[Called By]<UL><LI><a href="#[1a4]">&gt;&gt;</a>&nbsp;&nbsp;&nbsp;I2C_TransData
<LI><a href="#[1a3]">&gt;&gt;</a>&nbsp;&nbsp;&nbsp;I2C_TransAddr
<LI><a href="#[1a7]">&gt;&gt;</a>&nbsp;&nbsp;&nbsp;I2C_Stop
<LI><a href="#[1a2]">&gt;&gt;</a>&nbsp;&nbsp;&nbsp;I2C_Start
<LI><a href="#[1a5]">&gt;&gt;</a>&nbsp;&nbsp;&nbsp;I2C_Restart
<LI><a href="#[1a6]">&gt;&gt;</a>&nbsp;&nbsp;&nbsp;I2C_MasterReceiveDataAndStop
</UL>

<P><STRONG><a name="[1c5]"></a>I2C_WriteData</STRONG> (Thumb, 46 bytes, Stack size 16 bytes, hc32_ll_i2c.o(i.I2C_WriteData))
<BR><BR>[Stack]<UL><LI>Max Depth = 16<LI>Call Chain = I2C_WriteData
</UL>
<BR>[Calls]<UL><LI><a href="#[9e]">&gt;&gt;</a>&nbsp;&nbsp;&nbsp;DDL_AssertHandler
</UL>
<BR>[Called By]<UL><LI><a href="#[1a4]">&gt;&gt;</a>&nbsp;&nbsp;&nbsp;I2C_TransData
<LI><a href="#[1a3]">&gt;&gt;</a>&nbsp;&nbsp;&nbsp;I2C_TransAddr
</UL>

<P><STRONG><a name="[eb]"></a>I2S1_Error_IrqHandler</STRONG> (Thumb, 2 bytes, Stack size 0 bytes, hc32f460_ll_interrupts_share.o(i.I2S1_Error_IrqHandler))
<BR><BR>[Called By]<UL><LI><a href="#[96]">&gt;&gt;</a>&nbsp;&nbsp;&nbsp;IRQ140_Handler
</UL>

<P><STRONG><a name="[ec]"></a>I2S1_Rx_IrqHandler</STRONG> (Thumb, 2 bytes, Stack size 0 bytes, hc32f460_ll_interrupts_share.o(i.I2S1_Rx_IrqHandler))
<BR><BR>[Called By]<UL><LI><a href="#[96]">&gt;&gt;</a>&nbsp;&nbsp;&nbsp;IRQ140_Handler
</UL>

<P><STRONG><a name="[ed]"></a>I2S1_Tx_IrqHandler</STRONG> (Thumb, 2 bytes, Stack size 0 bytes, hc32f460_ll_interrupts_share.o(i.I2S1_Tx_IrqHandler))
<BR><BR>[Called By]<UL><LI><a href="#[96]">&gt;&gt;</a>&nbsp;&nbsp;&nbsp;IRQ140_Handler
</UL>

<P><STRONG><a name="[ee]"></a>I2S2_Error_IrqHandler</STRONG> (Thumb, 2 bytes, Stack size 0 bytes, hc32f460_ll_interrupts_share.o(i.I2S2_Error_IrqHandler))
<BR><BR>[Called By]<UL><LI><a href="#[96]">&gt;&gt;</a>&nbsp;&nbsp;&nbsp;IRQ140_Handler
</UL>

<P><STRONG><a name="[ef]"></a>I2S2_Rx_IrqHandler</STRONG> (Thumb, 2 bytes, Stack size 0 bytes, hc32f460_ll_interrupts_share.o(i.I2S2_Rx_IrqHandler))
<BR><BR>[Called By]<UL><LI><a href="#[96]">&gt;&gt;</a>&nbsp;&nbsp;&nbsp;IRQ140_Handler
</UL>

[...]
<BR><BR>[Called By]<UL><LI><a href="#[92]">&gt;&gt;</a>&nbsp;&nbsp;&nbsp;IRQ136_Handler
</UL>

<P><STRONG><a name="[157]"></a>TMRA_2_Cmp_IrqHandler</STRONG> (Thumb, 2 bytes, Stack size 0 bytes, hc32f460_ll_interrupts_share.o(i.TMRA_2_Cmp_IrqHandler))
<BR><BR>[Called By]<UL><LI><a href="#[92]">&gt;&gt;</a>&nbsp;&nbsp;&nbsp;IRQ136_Handler
</UL>

<P><STRONG><a name="[158]"></a>TMRA_2_Ovf_IrqHandler</STRONG> (Thumb, 2 bytes, Stack size 0 bytes, hc32f460_ll_interrupts_share.o(i.TMRA_2_Ovf_IrqHandler))
<BR><BR>[Called By]<UL><LI><a href="#[92]">&gt;&gt;</a>&nbsp;&nbsp;&nbsp;IRQ136_Handler
</UL>

<P><STRONG><a name="[159]"></a>TMRA_2_Udf_IrqHandler</STRONG> (Thumb, 2 bytes, Stack size 0 bytes, hc32f460_ll_interrupts_share.o(i.TMRA_2_Udf_IrqHandler))
<BR><BR>[Called By]<UL><LI><a href="#[92]">&gt;&gt;</a>&nbsp;&nbsp;&nbsp;IRQ136_Handler
</UL>

<P><STRONG><a name="[15a]"></a>TMRA_3_Cmp_IrqHandler</STRONG> (Thumb, 2 bytes, Stack size 0 bytes, hc32f460_ll_interrupts_share.o(i.TMRA_3_Cmp_IrqHandler))
<BR><BR>[Called By]<UL><LI><a href="#[92]">&gt;&gt;</a>&nbsp;&nbsp;&nbsp;IRQ136_Handler
</UL>

<P><STRONG><a name="[15b]"></a>TMRA_3_Ovf_IrqHandler</STRONG> (Thumb, 2 bytes, Stack size 0 bytes, hc32f460_ll_interrupts_share.o(i.TMRA_3_Ovf_IrqHandler))
<BR><BR>[Called By]<UL><LI><a href="#[92]">&gt;&gt;</a>&nbsp;&nbsp;&nbsp;IRQ136_Handler
</UL>

<P><STRONG><a name="[15c]"></a>TMRA_3_Udf_IrqHandler</STRONG> (Thumb, 2 bytes, Stack size 0 bytes, hc32f460_ll_interrupts_share.o(i.TMRA_3_Udf_IrqHandler))
<BR><BR>[Called By]<UL><LI><a href="#[92]">&gt;&gt;</a>&nbsp;&nbsp;&nbsp;IRQ136_Handler
</UL>

<P><STRONG><a name="[15d]"></a>TMRA_4_Cmp_IrqHandler</STRONG> (Thumb, 2 bytes, Stack size 0 bytes, hc32f460_ll_interrupts_share.o(i.TMRA_4_Cmp_IrqHandler))
<BR><BR>[Called By]<UL><LI><a href="#[92]">&gt;&gt;</a>&nbsp;&nbsp;&nbsp;IRQ136_Handler
</UL>

<P><STRONG><a name="[15e]"></a>TMRA_4_Ovf_IrqHandler</STRONG> (Thumb, 2 bytes, Stack size 0 bytes, hc32f460_ll_interrupts_share.o(i.TMRA_4_Ovf_IrqHandler))
<BR><BR>[Called By]<UL><LI><a href="#[92]">&gt;&gt;</a>&nbsp;&nbsp;&nbsp;IRQ136_Handler
</UL>

<P><STRONG><a name="[15f]"></a>TMRA_4_Udf_IrqHandler</STRONG> (Thumb, 2 bytes, Stack size 0 bytes, hc32f460_ll_interrupts_share.o(i.TMRA_4_Udf_IrqHandler))
<BR><BR>[Called By]<UL><LI><a href="#[92]">&gt;&gt;</a>&nbsp;&nbsp;&nbsp;IRQ136_Handler
</UL>

<P><STRONG><a name="[160]"></a>TMRA_5_Cmp_IrqHandler</STRONG> (Thumb, 2 bytes, Stack size 0 bytes, hc32f460_ll_interrupts_share.o(i.TMRA_5_Cmp_IrqHandler))
<BR><BR>[Called By]<UL><LI><a href="#[92]">&gt;&gt;</a>&nbsp;&nbsp;&nbsp;IRQ136_Handler
</UL>

<P><STRONG><a name="[161]"></a>TMRA_5_Ovf_IrqHandler</STRONG> (Thumb, 2 bytes, Stack size 0 bytes, hc32f460_ll_interrupts_share.o(i.TMRA_5_Ovf_IrqHandler))
<BR><BR>[Called By]<UL><LI><a href="#[92]">&gt;&gt;</a>&nbsp;&nbsp;&nbsp;IRQ136_Handler
</UL>

<P><STRONG><a name="[162]"></a>TMRA_5_Udf_IrqHandler</STRONG> (Thumb, 2 bytes, Stack size 0 bytes, hc32f460_ll_interrupts_share.o(i.TMRA_5_Udf_IrqHandler))
<BR><BR>[Called By]<UL><LI><a href="#[92]">&gt;&gt;</a>&nbsp;&nbsp;&nbsp;IRQ136_Handler
</UL>

<P><STRONG><a name="[163]"></a>TMRA_6_Cmp_IrqHandler</STRONG> (Thumb, 2 bytes, Stack size 0 bytes, hc32f460_ll_interrupts_share.o(i.TMRA_6_Cmp_IrqHandler))
<BR><BR>[Called By]<UL><LI><a href="#[92]">&gt;&gt;</a>&nbsp;&nbsp;&nbsp;IRQ136_Handler
</UL>

<P><STRONG><a name="[164]"></a>TMRA_6_Ovf_IrqHandler</STRONG> (Thumb, 2 bytes, Stack size 0 bytes, hc32f460_ll_interrupts_share.o(i.TMRA_6_Ovf_IrqHandler))
<BR><BR>[Called By]<UL><LI><a href="#[92]">&gt;&gt;</a>&nbsp;&nbsp;&nbsp;IRQ136_Handler
</UL>

<P><STRONG><a name="[165]"></a>TMRA_6_Udf_IrqHandler</STRONG> (Thumb, 2 bytes, Stack size 0 bytes, hc32f460_ll_interrupts_share.o(i.TMRA_6_Udf_IrqHandler))
<BR><BR>[Called By]<UL><LI><a href="#[92]">&gt;&gt;</a>&nbsp;&nbsp;&nbsp;IRQ136_Handler
</UL>

<P><STRONG><a name="[166]"></a>USART1_RxError_IrqHandler</STRONG> (Thumb, 2 bytes, Stack size 0 bytes, hc32f460_ll_interrupts_share.o(i.USART1_RxError_IrqHandler))
<BR><BR>[Called By]<UL><LI><a href="#[92]">&gt;&gt;</a>&nbsp;&nbsp;&nbsp;IRQ136_Handler
</UL>

<P><STRONG><a name="[167]"></a>USART1_RxFull_IrqHandler</STRONG> (Thumb, 2 bytes, Stack size 0 bytes, hc32f460_ll_interrupts_share.o(i.USART1_RxFull_IrqHandler))
<BR><BR>[Called By]<UL><LI><a href="#[92]">&gt;&gt;</a>&nbsp;&nbsp;&nbsp;IRQ136_Handler
</UL>

<P><STRONG><a name="[168]"></a>USART1_RxTO_IrqHandler</STRONG> (Thumb, 2 bytes, Stack size 0 bytes, hc32f460_ll_interrupts_share.o(i.USART1_RxTO_IrqHandler))
<BR><BR>[Called By]<UL><LI><a href="#[92]">&gt;&gt;</a>&nbsp;&nbsp;&nbsp;IRQ136_Handler
</UL>

<P><STRONG><a name="[169]"></a>USART1_TxComplete_IrqHandler</STRONG> (Thumb, 2 bytes, Stack size 0 bytes, hc32f460_ll_interrupts_share.o(i.USART1_TxComplete_IrqHandler))
<BR><BR>[Called By]<UL><LI><a href="#[92]">&gt;&gt;</a>&nbsp;&nbsp;&nbsp;IRQ136_Handler
</UL>

<P><STRONG><a name="[16a]"></a>USART1_TxEmpty_IrqHandler</STRONG> (Thumb, 2 bytes, Stack size 0 bytes, hc32f460_ll_interrupts_share.o(i.USART1_TxEmpty_IrqHandler))
<BR><BR>[Called By]<UL><LI><a href="#[92]">&gt;&gt;</a>&nbsp;&nbsp;&nbsp;IRQ136_Handler
</UL>

<P><STRONG><a name="[16b]"></a>USART2_RxError_IrqHandler</STRONG> (Thumb, 2 bytes, Stack size 0 bytes, hc32f460_ll_interrupts_share.o(i.USART2_RxError_IrqHandler))
<BR><BR>[Called By]<UL><LI><a href="#[92]">&gt;&gt;</a>&nbsp;&nbsp;&nbsp;IRQ136_Handler
</UL>

<P><STRONG><a name="[16c]"></a>USART2_RxFull_IrqHandler</STRONG> (Thumb, 2 bytes, Stack size 0 bytes, hc32f460_ll_interrupts_share.o(i.USART2_RxFull_IrqHandler))
<BR><BR>[Called By]<UL><LI><a href="#[92]">&gt;&gt;</a>&nbsp;&nbsp;&nbsp;IRQ136_Handler
</UL>

<P><STRONG><a name="[16d]"></a>USART2_RxTO_IrqHandler</STRONG> (Thumb, 2 bytes, Stack size 0 bytes, hc32f460_ll_interrupts_share.o(i.USART2_RxTO_IrqHandler))
<BR><BR>[Called By]<UL><LI><a href="#[92]">&gt;&gt;</a>&nbsp;&nbsp;&nbsp;IRQ136_Handler
</UL>

<P><STRONG><a name="[16e]"></a>USART2_TxComplete_IrqHandler</STRONG> (Thumb, 2 bytes, Stack size 0 bytes, hc32f460_ll_interrupts_share.o(i.USART2_TxComplete_IrqHandler))
<BR><BR>[Called By]<UL><LI><a href="#[92]">&gt;&gt;</a>&nbsp;&nbsp;&nbsp;IRQ136_Handler
</UL>

<P><STRONG><a name="[16f]"></a>USART2_TxEmpty_IrqHandler</STRONG> (Thumb, 2 bytes, Stack size 0 bytes, hc32f460_ll_interrupts_share.o(i.USART2_TxEmpty_IrqHandler))
<BR><BR>[Called By]<UL><LI><a href="#[92]">&gt;&gt;</a>&nbsp;&nbsp;&nbsp;IRQ136_Handler
</UL>

<P><STRONG><a name="[170]"></a>USART3_RxError_IrqHandler</STRONG> (Thumb, 2 bytes, Stack size 0 bytes, hc32f460_ll_interrupts_share.o(i.USART3_RxError_IrqHandler))
<BR><BR>[Called By]<UL><LI><a href="#[93]">&gt;&gt;</a>&nbsp;&nbsp;&nbsp;IRQ137_Handler
</UL>

<P><STRONG><a name="[171]"></a>USART3_RxFull_IrqHandler</STRONG> (Thumb, 2 bytes, Stack size 0 bytes, hc32f460_ll_interrupts_share.o(i.USART3_RxFull_IrqHandler))
<BR><BR>[Called By]<UL><LI><a href="#[93]">&gt;&gt;</a>&nbsp;&nbsp;&nbsp;IRQ137_Handler
</UL>

<P><STRONG><a name="[172]"></a>USART3_RxTO_IrqHandler</STRONG> (Thumb, 2 bytes, Stack size 0 bytes, hc32f460_ll_interrupts_share.o(i.USART3_RxTO_IrqHandler))
<BR><BR>[Called By]<UL><LI><a href="#[93]">&gt;&gt;</a>&nbsp;&nbsp;&nbsp;IRQ137_Handler
</UL>

<P><STRONG><a name="[173]"></a>USART3_TxComplete_IrqHandler</STRONG> (Thumb, 2 bytes, Stack size 0 bytes, hc32f460_ll_interrupts_share.o(i.USART3_TxComplete_IrqHandler))
<BR><BR>[Called By]<UL><LI><a href="#[93]">&gt;&gt;</a>&nbsp;&nbsp;&nbsp;IRQ137_Handler
</UL>

<P><STRONG><a name="[174]"></a>USART3_TxEmpty_IrqHandler</STRONG> (Thumb, 2 bytes, Stack size 0 bytes, hc32f460_ll_interrupts_share.o(i.USART3_TxEmpty_IrqHandler))
<BR><BR>[Called By]<UL><LI><a href="#[93]">&gt;&gt;</a>&nbsp;&nbsp;&nbsp;IRQ137_Handler
</UL>

<P><STRONG><a name="[175]"></a>USART4_RxError_IrqHandler</STRONG> (Thumb, 2 bytes, Stack size 0 bytes, hc32f460_ll_interrupts_share.o(i.USART4_RxError_IrqHandler))
<BR><BR>[Called By]<UL><LI><a href="#[93]">&gt;&gt;</a>&nbsp;&nbsp;&nbsp;IRQ137_Handler
</UL>

<P><STRONG><a name="[176]"></a>USART4_RxFull_IrqHandler</STRONG> (Thumb, 2 bytes, Stack size 0 bytes, hc32f460_ll_interrupts_share.o(i.USART4_RxFull_IrqHandler))
<BR><BR>[Called By]<UL><LI><a href="#[93]">&gt;&gt;</a>&nbsp;&nbsp;&nbsp;IRQ137_Handler
</UL>

<P><STRONG><a name="[177]"></a>USART4_RxTO_IrqHandler</STRONG> (Thumb, 2 bytes, Stack size 0 bytes, hc32f460_ll_interrupts_share.o(i.USART4_RxTO_IrqHandler))
<BR><BR>[Called By]<UL><LI><a href="#[93]">&gt;&gt;</a>&nbsp;&nbsp;&nbsp;IRQ137_Handler
</UL>

<P><STRONG><a name="[178]"></a>USART4_TxComplete_IrqHandler</STRONG> (Thumb, 2 bytes, Stack size 0 bytes, hc32f460_ll_interrupts_share.o(i.USART4_TxComplete_IrqHandler))
<BR><BR>[Called By]<UL><LI><a href="#[93]">&gt;&gt;</a>&nbsp;&nbsp;&nbsp;IRQ137_Handler
</UL>

<P><STRONG><a name="[179]"></a>USART4_TxEmpty_IrqHandler</STRONG> (Thumb, 2 bytes, Stack size 0 bytes, hc32f460_ll_interrupts_share.o(i.USART4_TxEmpty_IrqHandler))
<BR><BR>[Called By]<UL><LI><a href="#[93]">&gt;&gt;</a>&nbsp;&nbsp;&nbsp;IRQ137_Handler
</UL>

<P><STRONG><a name="[17a]"></a>USBFS_Global_IrqHandler</STRONG> (Thumb, 2 bytes, Stack size 0 bytes, hc32f460_ll_interrupts_share.o(i.USBFS_Global_IrqHandler))
<BR><BR>[Called By]<UL><LI><a href="#[92]">&gt;&gt;</a>&nbsp;&nbsp;&nbsp;IRQ136_Handler
</UL>

<P><STRONG><a name="[17b]"></a>WDT_IrqHandler</STRONG> (Thumb, 2 bytes, Stack size 0 bytes, hc32f460_ll_interrupts_share.o(i.WDT_IrqHandler))
<BR><BR>[Called By]<UL><LI><a href="#[97]">&gt;&gt;</a>&nbsp;&nbsp;&nbsp;IRQ141_Handler
</UL>

<P><STRONG><a name="[1f0]"></a>__scatterload_copy</STRONG> (Thumb, 14 bytes, Stack size unknown bytes, handlers.o(i.__scatterload_copy), UNUSED)

<P><STRONG><a name="[1f1]"></a>__scatterload_null</STRONG> (Thumb, 2 bytes, Stack size unknown bytes, handlers.o(i.__scatterload_null), UNUSED)

<P><STRONG><a name="[1f2]"></a>__scatterload_zeroinit</STRONG> (Thumb, 14 bytes, Stack size unknown bytes, handlers.o(i.__scatterload_zeroinit), UNUSED)

<P><STRONG><a name="[9a]"></a>main</STRONG> (Thumb, 242 bytes, Stack size 16 bytes, main.o(i.main))
<BR><BR>[Stack]<UL><LI>Max Depth = 292<LI>Call Chain = main &rArr; LCD_ShowString &rArr; LCD_ShowChar &rArr; LCD_DrawPoint &rArr; LCD_Address_Set &rArr; LCD_WR_DATA &rArr; LCD_Writ_Bus &rArr; SPI_Trans &rArr; SPI_TxRx &rArr; SPI_WaitStatus
</UL>
<BR>[Calls]<UL><LI><a href="#[1e6]">&gt;&gt;</a>&nbsp;&nbsp;&nbsp;SysTick_Init
<LI><a href="#[1dd]">&gt;&gt;</a>&nbsp;&nbsp;&nbsp;LL_PERIPH_WP
<LI><a href="#[1db]">&gt;&gt;</a>&nbsp;&nbsp;&nbsp;LL_PERIPH_WE
<LI><a href="#[1d8]">&gt;&gt;</a>&nbsp;&nbsp;&nbsp;LCD_ShowString
<LI><a href="#[1cf]">&gt;&gt;</a>&nbsp;&nbsp;&nbsp;LCD_Init
<LI><a href="#[1cb]">&gt;&gt;</a>&nbsp;&nbsp;&nbsp;LCD_Fill
<LI><a href="#[1b1]">&gt;&gt;</a>&nbsp;&nbsp;&nbsp;GPIO_SetPins
<LI><a href="#[1af]">&gt;&gt;</a>&nbsp;&nbsp;&nbsp;GPIO_SetDebugPort
<LI><a href="#[1ae]">&gt;&gt;</a>&nbsp;&nbsp;&nbsp;GPIO_ResetPins
<LI><a href="#[1ad]">&gt;&gt;</a>&nbsp;&nbsp;&nbsp;GPIO_ReadInputPins
<LI><a href="#[1a0]">&gt;&gt;</a>&nbsp;&nbsp;&nbsp;DA213_ReadID
<LI><a href="#[19c]">&gt;&gt;</a>&nbsp;&nbsp;&nbsp;DA213_Init
<LI><a href="#[1df]">&gt;&gt;</a>&nbsp;&nbsp;&nbsp;On_Borad_Peripheral_Init
<LI><a href="#[1d1]">&gt;&gt;</a>&nbsp;&nbsp;&nbsp;LCD_SPI_Config
<LI><a href="#[187]">&gt;&gt;</a>&nbsp;&nbsp;&nbsp;BSP_CLK_Init
</UL>
<BR>[Address Reference Count : 1]<UL><LI> entry9a.o(.ARM.Collect$$$$0000000B)
</UL><P>
<H3>
Local Symbols
</H3>
<P><STRONG><a name="[187]"></a>BSP_CLK_Init</STRONG> (Thumb, 218 bytes, Stack size 24 bytes, main.o(i.BSP_CLK_Init))
<BR><BR>[Stack]<UL><LI>Max Depth = 96<LI>Call Chain = BSP_CLK_Init &rArr; CLK_PLLInit &rArr; CLK_PLLCmd &rArr; CLK_WaitStable &rArr; CLK_GetStableStatus
</UL>
<BR>[Calls]<UL><LI><a href="#[18f]">&gt;&gt;</a>&nbsp;&nbsp;&nbsp;SRAM_SetWaitCycle
<LI><a href="#[192]">&gt;&gt;</a>&nbsp;&nbsp;&nbsp;PWC_HighSpeedToHighPerformance
<LI><a href="#[191]">&gt;&gt;</a>&nbsp;&nbsp;&nbsp;GPIO_SetReadWaitCycle
<LI><a href="#[188]">&gt;&gt;</a>&nbsp;&nbsp;&nbsp;GPIO_AnalogCmd
<LI><a href="#[190]">&gt;&gt;</a>&nbsp;&nbsp;&nbsp;EFM_SetWaitCycle
<LI><a href="#[194]">&gt;&gt;</a>&nbsp;&nbsp;&nbsp;EFM_CacheRamReset
<LI><a href="#[195]">&gt;&gt;</a>&nbsp;&nbsp;&nbsp;EFM_CacheCmd
<LI><a href="#[189]">&gt;&gt;</a>&nbsp;&nbsp;&nbsp;CLK_XtalStructInit
<LI><a href="#[18c]">&gt;&gt;</a>&nbsp;&nbsp;&nbsp;CLK_XtalInit
<LI><a href="#[193]">&gt;&gt;</a>&nbsp;&nbsp;&nbsp;CLK_SetSysClockSrc
<LI><a href="#[18b]">&gt;&gt;</a>&nbsp;&nbsp;&nbsp;CLK_SetClockDiv
<LI><a href="#[18a]">&gt;&gt;</a>&nbsp;&nbsp;&nbsp;CLK_PLLStructInit
<LI><a href="#[18d]">&gt;&gt;</a>&nbsp;&nbsp;&nbsp;CLK_PLLInit
<LI><a href="#[18e]">&gt;&gt;</a>&nbsp;&nbsp;&nbsp;CLK_GetStableStatus
</UL>
<BR>[Called By]<UL><LI><a href="#[9a]">&gt;&gt;</a>&nbsp;&nbsp;&nbsp;main
</UL>

<P><STRONG><a name="[9d]"></a>DMA_TransCompleteCallback</STRONG> (Thumb, 12 bytes, Stack size 8 bytes, main.o(i.DMA_TransCompleteCallback))
<BR><BR>[Stack]<UL><LI>Max Depth = 24<LI>Call Chain = DMA_TransCompleteCallback &rArr; DMA_ClearTransCompleteStatus
</UL>
<BR>[Calls]<UL><LI><a href="#[1a8]">&gt;&gt;</a>&nbsp;&nbsp;&nbsp;DMA_ClearTransCompleteStatus
</UL>
<BR>[Address Reference Count : 1]<UL><LI> main.o(i.LCD_SPI_Config)
</UL>
<P><STRONG><a name="[1d1]"></a>LCD_SPI_Config</STRONG> (Thumb, 328 bytes, Stack size 128 bytes, main.o(i.LCD_SPI_Config))
<BR><BR>[Stack]<UL><LI>Max Depth = 168<LI>Call Chain = LCD_SPI_Config &rArr; GPIO_Init
</UL>
<BR>[Calls]<UL><LI><a href="#[1d2]">&gt;&gt;</a>&nbsp;&nbsp;&nbsp;SPI_StructInit
<LI><a href="#[1d3]">&gt;&gt;</a>&nbsp;&nbsp;&nbsp;SPI_Init
<LI><a href="#[1d4]">&gt;&gt;</a>&nbsp;&nbsp;&nbsp;SPI_DelayStructInit
<LI><a href="#[1d6]">&gt;&gt;</a>&nbsp;&nbsp;&nbsp;SPI_Cmd
<LI><a href="#[1c6]">&gt;&gt;</a>&nbsp;&nbsp;&nbsp;INTC_IrqSignIn
<LI><a href="#[1c0]">&gt;&gt;</a>&nbsp;&nbsp;&nbsp;GPIO_StructInit
<LI><a href="#[1b0]">&gt;&gt;</a>&nbsp;&nbsp;&nbsp;GPIO_SetFunc
<LI><a href="#[1ac]">&gt;&gt;</a>&nbsp;&nbsp;&nbsp;GPIO_Init
<LI><a href="#[1ab]">&gt;&gt;</a>&nbsp;&nbsp;&nbsp;FCG_Fcg1PeriphClockCmd
<LI><a href="#[1aa]">&gt;&gt;</a>&nbsp;&nbsp;&nbsp;FCG_Fcg0PeriphClockCmd
<LI><a href="#[1d5]">&gt;&gt;</a>&nbsp;&nbsp;&nbsp;DMA_StructInit
<LI><a href="#[1a9]">&gt;&gt;</a>&nbsp;&nbsp;&nbsp;DMA_Init
<LI><a href="#[186]">&gt;&gt;</a>&nbsp;&nbsp;&nbsp;AOS_SetTriggerEventSrc
</UL>
<BR>[Called By]<UL><LI><a href="#[9a]">&gt;&gt;</a>&nbsp;&nbsp;&nbsp;main
</UL>

<P><STRONG><a name="[1de]"></a>PWC_REG_Lock</STRONG> (Thumb, 18 bytes, Stack size 0 bytes, hc32_ll.o(i.PWC_REG_Lock))
<BR><BR>[Called By]<UL><LI><a href="#[1dd]">&gt;&gt;</a>&nbsp;&nbsp;&nbsp;LL_PERIPH_WP
</UL>

<P><STRONG><a name="[1dc]"></a>PWC_REG_Unlock</STRONG> (Thumb, 14 bytes, Stack size 0 bytes, hc32_ll.o(i.PWC_REG_Unlock))
<BR><BR>[Called By]<UL><LI><a href="#[1db]">&gt;&gt;</a>&nbsp;&nbsp;&nbsp;LL_PERIPH_WE
</UL>

<P><STRONG><a name="[197]"></a>CLK_WaitStable</STRONG> (Thumb, 48 bytes, Stack size 24 bytes, hc32_ll_clk.o(i.CLK_WaitStable))
<BR><BR>[Stack]<UL><LI>Max Depth = 32<LI>Call Chain = CLK_WaitStable &rArr; CLK_GetStableStatus
</UL>
<BR>[Calls]<UL><LI><a href="#[18e]">&gt;&gt;</a>&nbsp;&nbsp;&nbsp;CLK_GetStableStatus
</UL>
<BR>[Called By]<UL><LI><a href="#[19b]">&gt;&gt;</a>&nbsp;&nbsp;&nbsp;CLK_XtalCmd
<LI><a href="#[196]">&gt;&gt;</a>&nbsp;&nbsp;&nbsp;CLK_PLLCmd
</UL>

<P><STRONG><a name="[198]"></a>SetSysClockDiv</STRONG> (Thumb, 746 bytes, Stack size 32 bytes, hc32_ll_clk.o(i.SetSysClockDiv))
<BR><BR>[Stack]<UL><LI>Max Depth = 40<LI>Call Chain = SetSysClockDiv &rArr; DDL_DelayUS
</UL>
<BR>[Calls]<UL><LI><a href="#[1e0]">&gt;&gt;</a>&nbsp;&nbsp;&nbsp;DDL_DelayUS
<LI><a href="#[9e]">&gt;&gt;</a>&nbsp;&nbsp;&nbsp;DDL_AssertHandler
</UL>
<BR>[Called By]<UL><LI><a href="#[18b]">&gt;&gt;</a>&nbsp;&nbsp;&nbsp;CLK_SetClockDiv
</UL>

<P><STRONG><a name="[19a]"></a>SetSysClockSrc</STRONG> (Thumb, 198 bytes, Stack size 32 bytes, hc32_ll_clk.o(i.SetSysClockSrc))
<BR><BR>[Stack]<UL><LI>Max Depth = 40<LI>Call Chain = SetSysClockSrc &rArr; DDL_DelayUS
</UL>
<BR>[Calls]<UL><LI><a href="#[1e0]">&gt;&gt;</a>&nbsp;&nbsp;&nbsp;DDL_DelayUS
<LI><a href="#[9e]">&gt;&gt;</a>&nbsp;&nbsp;&nbsp;DDL_AssertHandler
</UL>
<BR>[Called By]<UL><LI><a href="#[193]">&gt;&gt;</a>&nbsp;&nbsp;&nbsp;CLK_SetSysClockSrc
</UL>

<P><STRONG><a name="[1e1]"></a>SPI_Tx</STRONG> (Thumb, 190 bytes, Stack size 40 bytes, hc32_ll_spi.o(i.SPI_Tx))
<BR><BR>[Stack]<UL><LI>Max Depth = 52<LI>Call Chain = SPI_Tx &rArr; SPI_WaitStatus
</UL>
<BR>[Calls]<UL><LI><a href="#[9e]">&gt;&gt;</a>&nbsp;&nbsp;&nbsp;DDL_AssertHandler
<LI><a href="#[1e3]">&gt;&gt;</a>&nbsp;&nbsp;&nbsp;SPI_WaitStatus
</UL>
<BR>[Called By]<UL><LI><a href="#[1da]">&gt;&gt;</a>&nbsp;&nbsp;&nbsp;SPI_Trans
</UL>

<P><STRONG><a name="[1e2]"></a>SPI_TxRx</STRONG> (Thumb, 412 bytes, Stack size 64 bytes, hc32_ll_spi.o(i.SPI_TxRx))
<BR><BR>[Stack]<UL><LI>Max Depth = 76<LI>Call Chain = SPI_TxRx &rArr; SPI_WaitStatus
</UL>
<BR>[Calls]<UL><LI><a href="#[9e]">&gt;&gt;</a>&nbsp;&nbsp;&nbsp;DDL_AssertHandler
<LI><a href="#[1e3]">&gt;&gt;</a>&nbsp;&nbsp;&nbsp;SPI_WaitStatus
</UL>
<BR>[Called By]<UL><LI><a href="#[1da]">&gt;&gt;</a>&nbsp;&nbsp;&nbsp;SPI_Trans
</UL>

<P><STRONG><a name="[1e3]"></a>SPI_WaitStatus</STRONG> (Thumb, 30 bytes, Stack size 12 bytes, hc32_ll_spi.o(i.SPI_WaitStatus))
<BR><BR>[Stack]<UL><LI>Max Depth = 12<LI>Call Chain = SPI_WaitStatus
</UL>
<BR>[Called By]<UL><LI><a href="#[1e2]">&gt;&gt;</a>&nbsp;&nbsp;&nbsp;SPI_TxRx
<LI><a href="#[1e1]">&gt;&gt;</a>&nbsp;&nbsp;&nbsp;SPI_Tx
</UL>

<P><STRONG><a name="[1a1]"></a>DA213_Read_Buffer</STRONG> (Thumb, 116 bytes, Stack size 32 bytes, da213.o(i.DA213_Read_Buffer))
<BR><BR>[Stack]<UL><LI>Max Depth = 96<LI>Call Chain = DA213_Read_Buffer &rArr; I2C_TransData &rArr; I2C_WaitStatus
</UL>
<BR>[Calls]<UL><LI><a href="#[1a4]">&gt;&gt;</a>&nbsp;&nbsp;&nbsp;I2C_TransData
<LI><a href="#[1a3]">&gt;&gt;</a>&nbsp;&nbsp;&nbsp;I2C_TransAddr
<LI><a href="#[1a7]">&gt;&gt;</a>&nbsp;&nbsp;&nbsp;I2C_Stop
<LI><a href="#[1a2]">&gt;&gt;</a>&nbsp;&nbsp;&nbsp;I2C_Start
<LI><a href="#[1a5]">&gt;&gt;</a>&nbsp;&nbsp;&nbsp;I2C_Restart
<LI><a href="#[1a6]">&gt;&gt;</a>&nbsp;&nbsp;&nbsp;I2C_MasterReceiveDataAndStop
</UL>
<BR>[Called By]<UL><LI><a href="#[1a0]">&gt;&gt;</a>&nbsp;&nbsp;&nbsp;DA213_ReadID
</UL>

<P><STRONG><a name="[19f]"></a>DA213_Write_Reg</STRONG> (Thumb, 72 bytes, Stack size 24 bytes, da213.o(i.DA213_Write_Reg))
<BR><BR>[Stack]<UL><LI>Max Depth = 88<LI>Call Chain = DA213_Write_Reg &rArr; I2C_TransData &rArr; I2C_WaitStatus
</UL>
<BR>[Calls]<UL><LI><a href="#[1a4]">&gt;&gt;</a>&nbsp;&nbsp;&nbsp;I2C_TransData
<LI><a href="#[1a3]">&gt;&gt;</a>&nbsp;&nbsp;&nbsp;I2C_TransAddr
<LI><a href="#[1a7]">&gt;&gt;</a>&nbsp;&nbsp;&nbsp;I2C_Stop
<LI><a href="#[1a2]">&gt;&gt;</a>&nbsp;&nbsp;&nbsp;I2C_Start
</UL>
<BR>[Called By]<UL><LI><a href="#[19c]">&gt;&gt;</a>&nbsp;&nbsp;&nbsp;DA213_Init
</UL>

<P><STRONG><a name="[19d]"></a>I2C_Hardware_Init</STRONG> (Thumb, 136 bytes, Stack size 40 bytes, da213.o(i.I2C_Hardware_Init))
<BR><BR>[Stack]<UL><LI>Max Depth = 172<LI>Call Chain = I2C_Hardware_Init &rArr; I2C_Init &rArr; I2C_BaudrateConfig &rArr; __aeabi_fsub &rArr; __aeabi_fadd &rArr; _float_epilogue
</UL>
<BR>[Calls]<UL><LI><a href="#[1c0]">&gt;&gt;</a>&nbsp;&nbsp;&nbsp;GPIO_StructInit
<LI><a href="#[1b0]">&gt;&gt;</a>&nbsp;&nbsp;&nbsp;GPIO_SetFunc
<LI><a href="#[1ac]">&gt;&gt;</a>&nbsp;&nbsp;&nbsp;GPIO_Init
<LI><a href="#[1ab]">&gt;&gt;</a>&nbsp;&nbsp;&nbsp;FCG_Fcg1PeriphClockCmd
<LI><a href="#[1c1]">&gt;&gt;</a>&nbsp;&nbsp;&nbsp;I2C_StructInit
<LI><a href="#[1c2]">&gt;&gt;</a>&nbsp;&nbsp;&nbsp;I2C_Init
<LI><a href="#[1bb]">&gt;&gt;</a>&nbsp;&nbsp;&nbsp;I2C_DeInit
<LI><a href="#[1ba]">&gt;&gt;</a>&nbsp;&nbsp;&nbsp;I2C_Cmd
<LI><a href="#[1b8]">&gt;&gt;</a>&nbsp;&nbsp;&nbsp;I2C_BusWaitCmd
</UL>
<BR>[Called By]<UL><LI><a href="#[19c]">&gt;&gt;</a>&nbsp;&nbsp;&nbsp;DA213_Init
</UL>
<P>
<H3>
Undefined Global Symbols
</H3><HR></body></html>
